################################################################################
#                                                                              #
#      IAR Universal Linker V4.60I/386                                         #
#                                                                              #
#           Link time     =  07/Jul/2010  13:09:32                             #
#           Target CPU    =  ARM                                               #
#           List file     =  C:\arm\splayer\Release_ELKA\List\SPlayer_ELKA.map #
#           Output file 1 =  C:\arm\splayer\Release_ELKA\Exe\SPlayer_ELKA.elf  #
#                            Format: elf, variant: -ynpra                      #
#           Command line  =  C:\arm\splayer\Release_ELKA\Obj\FM.r79            #
#                            C:\arm\splayer\Release_ELKA\Obj\ID3Tags.r79       #
#                            C:\arm\splayer\Release_ELKA\Obj\conf_loader.r79   #
#                            C:\arm\splayer\Release_ELKA\Obj\config_data.r79   #
#                            C:\arm\splayer\Release_ELKA\Obj\func.r79          #
#                            C:\arm\splayer\Release_ELKA\Obj\item_info.r79     #
#                            C:\arm\splayer\Release_ELKA\Obj\keys.r79          #
#                            C:\arm\splayer\Release_ELKA\Obj\klib.r79          #
#                            C:\arm\splayer\Release_ELKA\Obj\main.r79          #
#                            C:\arm\splayer\Release_ELKA\Obj\mainmenu.r79      #
#                            C:\arm\splayer\Release_ELKA\Obj\playlist.r79      #
#                            C:\arm\splayer\Release_ELKA\Obj\popup.r79         #
#                            C:\arm\splayer\Release_ELKA\Obj\sets_menu.r79     #
#                            -o                                                #
#                            C:\arm\splayer\Release_ELKA\Exe\SPlayer_ELKA.elf  #
#                            -Felf -l                                          #
#                            C:\arm\splayer\Release_ELKA\List\SPlayer_ELKA.map #
#                            -xmsnio -f C:\arm\splayer\test.xcl (-carm         #
#                            -V(CODE)CODE_AREA,12 -V(DATA)DATA_AREA,12         #
#                            -Z(CODE_AREA)ELFBEGIN,DATA_ID,START,CODE,DATA_C,I #
#                            NITTAB,DATA_Z,DATA_N,CONFIG_C=0-FFFFFFFF          #
#                            -Z(DATA_AREA)DATA_I=0-FFFFFFFF) -ynpra            #
#                            "C:\arm2\Embedded Workbench 4.0 Evaluation\ARM\LI #
#                            B\dl5tpainl8n.r79"                                #
#                            -s main                                           #
#                                                                              #
#                        Copyright 1987-2007 IAR Systems. All rights reserved. #
################################################################################





                ****************************************
                *                                      *
                *           CROSS REFERENCE            *
                *                                      *
                ****************************************

       Program entry at : CODE_AREA 00004B9C  Relocatable, from module : main




                ****************************************
                *                                      *
                *            RUNTIME MODEL             *
                *                                      *
                ****************************************

  StackAlign4  = USED
  __cpu_mode   = __pcs__interwork
  __data_model = absolute
  __endian     = little
  __rt_version = 6



                ****************************************
                *                                      *
                *              MODULE MAP              *
                *                                      *
                ****************************************


  DEFINED ABSOLUTE ENTRIES
    *************************************************************************

  DEFINED ABSOLUTE ENTRIES
    *************************************************************************

  FILE NAME : C:\arm\splayer\Release_ELKA\Obj\FM.r79
  PROGRAM MODULE, NAME : FM

  SEGMENTS IN THE MODULE
  ======================
DATA_Z
  Relative segment, address: CODE_AREA 0000958C - 0000998B (0x400 bytes), align: 2
  Segment part 16.            Intra module refs:   Segment part 43
           ENTRY                   ADDRESS         REF BY
           =====                   =======         ======
           Files                   0000958C 
    -------------------------------------------------------------------------
DATA_Z
  Relative segment, address: CODE_AREA 0000998C - 00009D8B (0x400 bytes), align: 2
  Segment part 17.            Intra module refs:   Segment part 62
           ENTRY                   ADDRESS         REF BY
           =====                   =======         ======
           MarkLines               0000998C 
    -------------------------------------------------------------------------
DATA_I
  Relative segment, address: DATA_AREA 00000000 - 00000003 (0x4 bytes), align: 2
  Segment part 18.            Intra module refs:   Segment part 46
           ENTRY                   ADDRESS         REF BY
           =====                   =======         ======
           CurFile                 00000000 
    -------------------------------------------------------------------------
DATA_Z
  Relative segment, address: CODE_AREA 00009D8C - 00009D8F (0x4 bytes), align: 2
  Segment part 20.            Intra module refs:   Segment part 42
           ENTRY                   ADDRESS         REF BY
           =====                   =======         ======
           TCFM                    00009D8C 
    -------------------------------------------------------------------------
DATA_Z
  Relative segment, address: CODE_AREA 00009D90 - 00009E0F (0x80 bytes), align: 2
  Segment part 21.            Intra module refs:   Segment part 61
           ENTRY                   ADDRESS         REF BY
           =====                   =======         ======
           nowpath                 00009D90 
    -------------------------------------------------------------------------
CODE
  Segment part 24. NOT NEEDED.
    -------------------------------------------------------------------------
CODE
  Relative segment, address: CODE_AREA 00000238 - 000002A7 (0x70 bytes), align: 2
  Segment part 25.            Intra module refs:   GO
                                                   LoadDaemonList
           ENTRY                   ADDRESS         REF BY
           =====                   =======         ======
           PastFile                00000238 
               stack 1 = 00000000 ( 00000014 )
    -------------------------------------------------------------------------
CODE
  Segment part 26. NOT NEEDED.
    -------------------------------------------------------------------------
CODE
  Relative segment, address: CODE_AREA 000002A8 - 000002F7 (0x50 bytes), align: 2
  Segment part 27.            Intra module refs:   FreeMemFM
                                                   GO
                                                   OnKeyFM
                                                   ShowFM
           ENTRY                   ADDRESS         REF BY
           =====                   =======         ======
           DeleteFiles             000002A8 
               stack 1 = 00000000 ( 00000014 )
    -------------------------------------------------------------------------
CODE
  Segment part 28. NOT NEEDED.
    -------------------------------------------------------------------------
CODE
  Relative segment, address: CODE_AREA 000002F8 - 000003EB (0xf4 bytes), align: 2
  Segment part 29.            Intra module refs:   CopyFName
                                                   LoadDaemonList
                                                   OnKeyFM
           ENTRY                   ADDRESS         REF BY
           =====                   =======         ======
           IsExt                   000002F8        LoadPlaylists (playlist)
               stack 1 = 00000000 ( 00000034 )
    -------------------------------------------------------------------------
CODE
  Segment part 30. NOT NEEDED.
    -------------------------------------------------------------------------
CODE
  Relative segment, address: CODE_AREA 000003EC - 000005BB (0x1d0 bytes), align: 2
  Segment part 31.            Intra module refs:   CopyFName
                                                   GO
                                                   OnKeyFM
                                                   ShowFM
           ENTRY                   ADDRESS         REF BY
           =====                   =======         ======
           LoadDaemonList          000003EC        LoadingPlaylist (playlist)
               stack 1 = 00000000 ( 00000464 )
    -------------------------------------------------------------------------
CODE
  Segment part 32. NOT NEEDED.
    -------------------------------------------------------------------------
CODE
  Segment part 33. NOT NEEDED.
           ENTRY                   ADDRESS         REF BY
           =====                   =======         ======
           LoadingDaemonList       
               not allocated function
    -------------------------------------------------------------------------
CODE
  Segment part 34. NOT NEEDED.
    -------------------------------------------------------------------------
CODE
  Relative segment, address: CODE_AREA 000005BC - 0000066F (0xb4 bytes), align: 2
  Segment part 35.            Intra module refs:   OnKeyFM
           ENTRY                   ADDRESS         REF BY
           =====                   =======         ======
           CopyFName               000005BC 
               stack 1 = 00000000 ( 0000011C )
    -------------------------------------------------------------------------
CODE
  Segment part 36. NOT NEEDED.
    -------------------------------------------------------------------------
CODE
  Relative segment, address: CODE_AREA 00000670 - 00000757 (0xe8 bytes), align: 2
  Segment part 37.            Intra module refs:   OnKeyFM
                                                   ShowFM
           ENTRY                   ADDRESS         REF BY
           =====                   =======         ======
           GO                      00000670 
               stack 1 = 00000000 ( 00000094 )
    -------------------------------------------------------------------------
CODE
  Segment part 38. NOT NEEDED.
    -------------------------------------------------------------------------
CODE
  Relative segment, address: CODE_AREA 00000758 - 00000847 (0xf0 bytes), align: 2
  Segment part 39.            Intra module refs:   Segment part 22
           LOCAL                   ADDRESS         
           =====                   =======         
           OnRedraw                00000758 
               stack 1 = 00000000 ( 00000124 )
    -------------------------------------------------------------------------
CODE
  Segment part 40. NOT NEEDED.
    -------------------------------------------------------------------------
CODE
  Relative segment, address: CODE_AREA 00000848 - 00000A87 (0x240 bytes), align: 2
  Segment part 41.            Intra module refs:   Segment part 22
           LOCAL                   ADDRESS         
           =====                   =======         
           OnKeyFM                 00000848 
               stack 1 = 00000000 ( 00000028 )
    -------------------------------------------------------------------------
CODE
  Relative segment, address: CODE_AREA 00000A88 - 00000A8B (0x4 bytes), align: 2
  Segment part 42.            Intra module refs:   DeleteFiles
                                                   OnKeyFM
                                                   OnRedraw
                                                   PastFile
    -------------------------------------------------------------------------
CODE
  Relative segment, address: CODE_AREA 00000A8C - 00000A8F (0x4 bytes), align: 2
  Segment part 43.            Intra module refs:   DeleteFiles
                                                   OnKeyFM
                                                   OnRedraw
                                                   PastFile
    -------------------------------------------------------------------------
CODE
  Segment part 44. NOT NEEDED.
    -------------------------------------------------------------------------
CODE
  Relative segment, address: CODE_AREA 00000A90 - 00000AD3 (0x44 bytes), align: 2
  Segment part 45.            Intra module refs:   OnKeyFM
           ENTRY                   ADDRESS         REF BY
           =====                   =======         ======
           FreeMemFM               00000A90 
               stack 1 = 00000000 ( 00000004 )
    -------------------------------------------------------------------------
CODE
  Relative segment, address: CODE_AREA 00000AD4 - 00000AD7 (0x4 bytes), align: 2
  Segment part 46.            Intra module refs:   DeleteFiles
                                                   FreeMemFM
                                                   OnKeyFM
                                                   OnRedraw
                                                   PastFile
    -------------------------------------------------------------------------
CODE
  Relative segment, address: CODE_AREA 00000AD8 - 00000ADB (0x4 bytes), align: 2
  Segment part 47.            Intra module refs:   FreeMemFM
                                                   OnRedraw
    -------------------------------------------------------------------------
CODE
  Segment part 48. NOT NEEDED.
    -------------------------------------------------------------------------
CODE
  Relative segment, address: CODE_AREA 00000ADC - 00000AE7 (0xc bytes), align: 2
  Segment part 49.            Intra module refs:   Segment part 22
           LOCAL                   ADDRESS         
           =====                   =======         
           OnCreate                00000ADC 
    -------------------------------------------------------------------------
CODE
  Segment part 50. NOT NEEDED.
    -------------------------------------------------------------------------
CODE
  Relative segment, address: CODE_AREA 00000AE8 - 00000AF3 (0xc bytes), align: 2
  Segment part 51.            Intra module refs:   Segment part 22
           LOCAL                   ADDRESS         
           =====                   =======         
           OnClose                 00000AE8 
    -------------------------------------------------------------------------
CODE
  Segment part 52. NOT NEEDED.
    -------------------------------------------------------------------------
CODE
  Relative segment, address: CODE_AREA 00000AF4 - 00000B0B (0x18 bytes), align: 2
  Segment part 53.            Intra module refs:   Segment part 22
           LOCAL                   ADDRESS         
           =====                   =======         
           OnFocus                 00000AF4 
               stack 1 = 00000000 ( 00000008 )
    -------------------------------------------------------------------------
CODE
  Segment part 54. NOT NEEDED.
    -------------------------------------------------------------------------
CODE
  Relative segment, address: CODE_AREA 00000B0C - 00000B1F (0x14 bytes), align: 2
  Segment part 55.            Intra module refs:   Segment part 22
           LOCAL                   ADDRESS         
           =====                   =======         
           OnUnfocus               00000B0C 
    -------------------------------------------------------------------------
CODE
  Segment part 56. NOT NEEDED.
    -------------------------------------------------------------------------
CODE
  Relative segment, address: CODE_AREA 00000B20 - 00000B27 (0x8 bytes), align: 2
  Segment part 57.            Intra module refs:   Segment part 22
           LOCAL                   ADDRESS         
           =====                   =======         
           met0                    00000B20 
    -------------------------------------------------------------------------
CODE
  Segment part 58. NOT NEEDED.
    -------------------------------------------------------------------------
DATA_C
  Relative segment, address: CODE_AREA 0000801C - 0000801F (0x4 bytes), align: 2
  Segment part 2.             Intra module refs:   Segment part 8
    -------------------------------------------------------------------------
DATA_C
  Relative segment, address: CODE_AREA 00008020 - 0000802B (0xc bytes), align: 2
  Segment part 3.             Intra module refs:   OnRedraw
    -------------------------------------------------------------------------
DATA_C
  Relative segment, address: CODE_AREA 0000802C - 0000802F (0x4 bytes), align: 2
  Segment part 4.             Intra module refs:   Segment part 8
    -------------------------------------------------------------------------
DATA_C
  Relative segment, address: CODE_AREA 00008030 - 00008033 (0x4 bytes), align: 2
  Segment part 5.             Intra module refs:   Segment part 8
    -------------------------------------------------------------------------
DATA_C
  Relative segment, address: CODE_AREA 00008034 - 00008037 (0x4 bytes), align: 2
  Segment part 6.             Intra module refs:   Segment part 8
    -------------------------------------------------------------------------
DATA_C
  Relative segment, address: CODE_AREA 00008038 - 0000803B (0x4 bytes), align: 2
  Segment part 7.             Intra module refs:   Segment part 8
    -------------------------------------------------------------------------
DATA_C
  Relative segment, address: CODE_AREA 0000803C - 0000804F (0x14 bytes), align: 2
  Segment part 8.             Intra module refs:   IsExt
    -------------------------------------------------------------------------
DATA_C
  Relative segment, address: CODE_AREA 00008050 - 00008053 (0x4 bytes), align: 2
  Segment part 9.             Intra module refs:   Segment part 11
    -------------------------------------------------------------------------
DATA_C
  Relative segment, address: CODE_AREA 00008054 - 00008057 (0x4 bytes), align: 2
  Segment part 10.            Intra module refs:   Segment part 11
    -------------------------------------------------------------------------
DATA_C
  Relative segment, address: CODE_AREA 00008058 - 0000805F (0x8 bytes), align: 2
  Segment part 11.            Intra module refs:   IsExt
    -------------------------------------------------------------------------
DATA_C
  Segment part 12. NOT NEEDED.
    -------------------------------------------------------------------------
DATA_C
  Segment part 13. NOT NEEDED.
    -------------------------------------------------------------------------
DATA_C
  Relative segment, address: CODE_AREA 00008060 - 00008067 (0x8 bytes), align: 2
  Segment part 14.            Intra module refs:   GO
    -------------------------------------------------------------------------
DATA_C
  Relative segment, address: CODE_AREA 00008068 - 0000806F (0x8 bytes), align: 2
  Segment part 15.            Intra module refs:   OnRedraw
    -------------------------------------------------------------------------
DATA_C
  Relative segment, address: CODE_AREA 00008070 - 0000809B (0x2c bytes), align: 2
  Segment part 22.            Intra module refs:   ShowFM
    -------------------------------------------------------------------------
CODE
  Relative segment, address: CODE_AREA 00000B28 - 00000C1B (0xf4 bytes), align: 2
  Segment part 59.
           ENTRY                   ADDRESS         REF BY
           =====                   =======         ======
           ShowFM                  00000B28        FM (mainmenu)
                                                   Segment part 77 (keys)
                                                   keyprocs (keys)
               stack 1 = 00000000 ( 00000010 )
    -------------------------------------------------------------------------
CODE
  Relative segment, address: CODE_AREA 00000C1C - 00000C1F (0x4 bytes), align: 2
  Segment part 60.            Intra module refs:   FreeMemFM
                                                   ShowFM
    -------------------------------------------------------------------------
CODE
  Relative segment, address: CODE_AREA 00000C20 - 00000C23 (0x4 bytes), align: 2
  Segment part 61.            Intra module refs:   GO
                                                   LoadDaemonList
                                                   OnKeyFM
                                                   OnRedraw
                                                   ShowFM
    -------------------------------------------------------------------------
CODE
  Relative segment, address: CODE_AREA 00000C24 - 00000C27 (0x4 bytes), align: 2
  Segment part 62.            Intra module refs:   FreeMemFM
                                                   GO
                                                   OnKeyFM
                                                   OnRedraw
                                                   ShowFM
    -------------------------------------------------------------------------
CODE
  Segment part 63. NOT NEEDED.Intra module refs:   DeleteFiles
    -------------------------------------------------------------------------
CODE
  Segment part 64. NOT NEEDED.Intra module refs:   IsExt
    -------------------------------------------------------------------------
CODE
  Segment part 65. NOT NEEDED.Intra module refs:   LoadDaemonList
    -------------------------------------------------------------------------
CODE
  Segment part 66. NOT NEEDED.Intra module refs:   CopyFName
                                                   LoadDaemonList
    -------------------------------------------------------------------------
CODE
  Segment part 67. NOT NEEDED.Intra module refs:   CopyFName
                                                   LoadDaemonList
    -------------------------------------------------------------------------
CODE
  Segment part 68. NOT NEEDED.Intra module refs:   OnRedraw
    -------------------------------------------------------------------------
CODE
  Segment part 69. NOT NEEDED.Intra module refs:   OnKeyFM
                                                   ShowFM
    -------------------------------------------------------------------------
CODE
  Segment part 70. NOT NEEDED.Intra module refs:   OnKeyFM
    -------------------------------------------------------------------------
CODE
  Segment part 71. NOT NEEDED.Intra module refs:   OnKeyFM
    -------------------------------------------------------------------------
CODE
  Segment part 72. NOT NEEDED.Intra module refs:   OnKeyFM
    -------------------------------------------------------------------------
DATA_C
  Relative segment, address: CODE_AREA 0000809C - 000080A3 (0x8 bytes), align: 2
  Segment part 23.            Intra module refs:   ShowFM
    -------------------------------------------------------------------------
CSTACK
  Segment part 1. NOT NEEDED.
    -------------------------------------------------------------------------
DATA_ID
  Relative segment, address: CODE_AREA 00000000 - 00000003 (0x4 bytes), align: 2
  Segment part 19.            Intra module refs:   CurFile
    -------------------------------------------------------------------------
DATA_ID
  Segment part 73. NOT NEEDED.
           ENTRY                   ADDRESS         REF BY
           =====                   =======         ======
           ?*?DATA_ID              
    -------------------------------------------------------------------------
INITTAB
  Relative segment, address: CODE_AREA 00009574 - 0000957F (0xc bytes), align: 2
  Segment part 74. ROOT.
           ENTRY                   ADDRESS         REF BY
           =====                   =======         ======
           ?init?tab?DATA_I        00009574 
    -------------------------------------------------------------------------
INITTAB
  Relative segment, address: CODE_AREA 00009580 - 0000958B (0xc bytes), align: 2
  Segment part 75. ROOT.
           ENTRY                   ADDRESS         REF BY
           =====                   =======         ======
           ?init?tab?DATA_Z        00009580 

    *************************************************************************

  FILE NAME : C:\arm\splayer\Release_ELKA\Obj\ID3Tags.r79
  PROGRAM MODULE, NAME : ID3Tags

  SEGMENTS IN THE MODULE
  ======================
CODE
  Segment part 2. NOT NEEDED.
    -------------------------------------------------------------------------
CODE
  Relative segment, address: CODE_AREA 00000C28 - 00000DEB (0x1c4 bytes), align: 2
  Segment part 3.
           ENTRY                   ADDRESS         REF BY
           =====                   =======         ======
           ReadID3v1               00000C28        PlayMP3File (main)
                                                   ShowID3 (mainmenu)
               stack 1 = 00000000 ( 00000048 )
    -------------------------------------------------------------------------
CSTACK
  Segment part 1. NOT NEEDED.

    *************************************************************************

  FILE NAME : C:\arm\splayer\Release_ELKA\Obj\conf_loader.r79
  PROGRAM MODULE, NAME : conf_loader

  SEGMENTS IN THE MODULE
  ======================
DATA_I
  Relative segment, address: DATA_AREA 00000004 - 00000007 (0x4 bytes), align: 2
  Segment part 5.             Intra module refs:   LoadConfigData
           ENTRY                   ADDRESS         REF BY
           =====                   =======         ======
           successed_config_filename
                                   00000004        Settings (mainmenu)
                                                   maincsm_onmessage (main)
    -------------------------------------------------------------------------
CODE
  Segment part 7. NOT NEEDED.
    -------------------------------------------------------------------------
CODE
  Relative segment, address: CODE_AREA 00000DEC - 00000F17 (0x12c bytes), align: 2
  Segment part 8.             Intra module refs:   InitConfig
           ENTRY                   ADDRESS         REF BY
           =====                   =======         ======
           LoadConfigData          00000DEC 
               stack 1 = 00000000 ( 00000030 )
    -------------------------------------------------------------------------
CODE
  Segment part 9. NOT NEEDED.
    -------------------------------------------------------------------------
CODE
  Relative segment, address: CODE_AREA 00000F18 - 00000F3F (0x28 bytes), align: 2
  Segment part 10.
           ENTRY                   ADDRESS         REF BY
           =====                   =======         ======
           InitConfig              00000F18        main (main)
                                                   maincsm_onmessage (main)
               stack 1 = 00000000 ( 00000004 )
    -------------------------------------------------------------------------
CSTACK
  Segment part 1. NOT NEEDED.
    -------------------------------------------------------------------------
DATA_ID
  Relative segment, address: CODE_AREA 00000004 - 00000007 (0x4 bytes), align: 2
  Segment part 6.             Intra module refs:   successed_config_filename
    -------------------------------------------------------------------------
DATA_ID
  Segment part 11. TENTATIVE. Used definition from FM
           ENTRY                   ADDRESS         REF BY
           =====                   =======         ======
           ?*?DATA_ID              
    -------------------------------------------------------------------------
INITTAB
  Segment part 12. TENTATIVE. Used definition from FM
           ENTRY                   ADDRESS         REF BY
           =====                   =======         ======
           ?init?tab?DATA_I        
    -------------------------------------------------------------------------
CONFIG_C
  Segment part 13. NOT NEEDED.
    -------------------------------------------------------------------------
DATA_C
  Relative segment, address: CODE_AREA 00009548 - 00009548 (0x1 bytes), align: 0
  Segment part 2.             Intra module refs:   Segment part 6
    -------------------------------------------------------------------------
DATA_C
  Relative segment, address: CODE_AREA 000080A4 - 000080BF (0x1c bytes), align: 2
  Segment part 3.             Intra module refs:   InitConfig
    -------------------------------------------------------------------------
DATA_C
  Relative segment, address: CODE_AREA 000080C0 - 000080DB (0x1c bytes), align: 2
  Segment part 4.             Intra module refs:   InitConfig

    *************************************************************************

  FILE NAME : C:\arm\splayer\Release_ELKA\Obj\config_data.r79
  PROGRAM MODULE, NAME : config_data

  SEGMENTS IN THE MODULE
  ======================
CONFIG_C
  Relative segment, address: CODE_AREA 0000D250 - 0000D27B (0x2c bytes), align: 2
  Segment part 2. ROOT.
           ENTRY                   ADDRESS         REF BY
           =====                   =======         ======
           cfghdr0                 0000D250        LoadConfigData (conf_loader)
    -------------------------------------------------------------------------
CONFIG_C
  Relative segment, address: CODE_AREA 0000D27C - 0000D2FB (0x80 bytes), align: 2
  Segment part 3. ROOT.
           ENTRY                   ADDRESS         REF BY
           =====                   =======         ======
           DEFAULT_PLAYLIST        0000D27C        Segment part 325 (main)
                                                   Segment part 405 (main)
    -------------------------------------------------------------------------
CONFIG_C
  Relative segment, address: CODE_AREA 0000D2FC - 0000D327 (0x2c bytes), align: 2
  Segment part 4. ROOT.
           ENTRY                   ADDRESS         REF BY
           =====                   =======         ======
           cfghdr01                0000D2FC 
    -------------------------------------------------------------------------
CONFIG_C
  Relative segment, address: CODE_AREA 0000D328 - 0000D3A7 (0x80 bytes), align: 2
  Segment part 5. ROOT.
           ENTRY                   ADDRESS         REF BY
           =====                   =======         ======
           DEFAULT_PLAYLIST1       0000D328        main (main)
    -------------------------------------------------------------------------
CONFIG_C
  Relative segment, address: CODE_AREA 0000D3A8 - 0000D3D3 (0x2c bytes), align: 2
  Segment part 6. ROOT.
           ENTRY                   ADDRESS         REF BY
           =====                   =======         ======
           cfghdr02                0000D3A8 
    -------------------------------------------------------------------------
CONFIG_C
  Relative segment, address: CODE_AREA 0000D3D4 - 0000D453 (0x80 bytes), align: 2
  Segment part 7. ROOT.
           ENTRY                   ADDRESS         REF BY
           =====                   =======         ======
           DEFAULT_PLAYLIST2       0000D3D4        main (main)
    -------------------------------------------------------------------------
CONFIG_C
  Relative segment, address: CODE_AREA 0000D454 - 0000D47F (0x2c bytes), align: 2
  Segment part 8. ROOT.
           ENTRY                   ADDRESS         REF BY
           =====                   =======         ======
           cfghdr03                0000D454 
    -------------------------------------------------------------------------
CONFIG_C
  Relative segment, address: CODE_AREA 0000D480 - 0000D483 (0x4 bytes), align: 2
  Segment part 9. ROOT.
           ENTRY                   ADDRESS         REF BY
           =====                   =======         ======
           IDLE_X                  0000D480        maincsm_onmessage (main)
    -------------------------------------------------------------------------
CONFIG_C
  Relative segment, address: CODE_AREA 0000D484 - 0000D487 (0x4 bytes), align: 2
  Segment part 10. ROOT.
           ENTRY                   ADDRESS         REF BY
           =====                   =======         ======
           IDLE_Y                  0000D484        maincsm_onmessage (main)
    -------------------------------------------------------------------------
CONFIG_C
  Relative segment, address: CODE_AREA 0000D488 - 0000D4B3 (0x2c bytes), align: 2
  Segment part 11. ROOT.
           ENTRY                   ADDRESS         REF BY
           =====                   =======         ======
           cfghdr04                0000D488 
    -------------------------------------------------------------------------
CONFIG_C
  Relative segment, address: CODE_AREA 0000D4B4 - 0000D4B7 (0x4 bytes), align: 2
  Segment part 12. ROOT.
           ENTRY                   ADDRESS         REF BY
           =====                   =======         ======
           AUTO_EXIT_MIN           0000D4B4        Segment part 239 (main)
                                                   Segment part 344 (main)
    -------------------------------------------------------------------------
CONFIG_C
  Relative segment, address: CODE_AREA 0000D4B8 - 0000D4E3 (0x2c bytes), align: 2
  Segment part 13. ROOT.
           ENTRY                   ADDRESS         REF BY
           =====                   =======         ======
           cfghdr_m11              0000D4B8 
    -------------------------------------------------------------------------
CONFIG_C
  Relative segment, address: CODE_AREA 0000D4E4 - 0000D50F (0x2c bytes), align: 2
  Segment part 14. ROOT.
           ENTRY                   ADDRESS         REF BY
           =====                   =======         ======
           cfghdr12                0000D4E4 
    -------------------------------------------------------------------------
CONFIG_C
  Relative segment, address: CODE_AREA 0000D510 - 0000D513 (0x4 bytes), align: 2
  Segment part 15. ROOT.
           ENTRY                   ADDRESS         REF BY
           =====                   =======         ======
           SHOW_NAMES              0000D510        FreeMemFM (FM)
                                                   Segment part 391 (main)
    -------------------------------------------------------------------------
CONFIG_C
  Relative segment, address: CODE_AREA 0000D514 - 0000D573 (0x60 bytes), align: 2
  Segment part 16. ROOT.
           ENTRY                   ADDRESS         REF BY
           =====                   =======         ======
           cfgcbox1                0000D514 
    -------------------------------------------------------------------------
CONFIG_C
  Relative segment, address: CODE_AREA 0000D574 - 0000D59F (0x2c bytes), align: 2
  Segment part 17. ROOT.
           ENTRY                   ADDRESS         REF BY
           =====                   =======         ======
           cfghdr13                0000D574 
    -------------------------------------------------------------------------
CONFIG_C
  Relative segment, address: CODE_AREA 0000D5A0 - 0000D5A3 (0x4 bytes), align: 2
  Segment part 18. ROOT.
           ENTRY                   ADDRESS         REF BY
           =====                   =======         ======
           GrafOn                  0000D5A0        PL_Redraw (playlist)
    -------------------------------------------------------------------------
CONFIG_C
  Relative segment, address: CODE_AREA 0000D5A4 - 0000D5CF (0x2c bytes), align: 2
  Segment part 19. ROOT.
           ENTRY                   ADDRESS         REF BY
           =====                   =======         ======
           cfghdr14                0000D5A4 
    -------------------------------------------------------------------------
CONFIG_C
  Relative segment, address: CODE_AREA 0000D5D0 - 0000D5D3 (0x4 bytes), align: 2
  Segment part 20. ROOT.
           ENTRY                   ADDRESS         REF BY
           =====                   =======         ======
           GrafOn1                 0000D5D0        Segment part 145 (playlist)
    -------------------------------------------------------------------------
CONFIG_C
  Relative segment, address: CODE_AREA 0000D5D4 - 0000D5FF (0x2c bytes), align: 2
  Segment part 21. ROOT.
           ENTRY                   ADDRESS         REF BY
           =====                   =======         ======
           cfghdr15                0000D5D4 
    -------------------------------------------------------------------------
CONFIG_C
  Relative segment, address: CODE_AREA 0000D600 - 0000D603 (0x4 bytes), align: 2
  Segment part 22. ROOT.
           ENTRY                   ADDRESS         REF BY
           =====                   =======         ======
           InfoOn                  0000D600        PL_Redraw (playlist)
    -------------------------------------------------------------------------
CONFIG_C
  Relative segment, address: CODE_AREA 0000D604 - 0000D62F (0x2c bytes), align: 2
  Segment part 23. ROOT.
           ENTRY                   ADDRESS         REF BY
           =====                   =======         ======
           cfghdr16                0000D604 
    -------------------------------------------------------------------------
CONFIG_C
  Relative segment, address: CODE_AREA 0000D630 - 0000D633 (0x4 bytes), align: 2
  Segment part 24. ROOT.
           ENTRY                   ADDRESS         REF BY
           =====                   =======         ======
           SHOW_POPUP              0000D630        EnumIni (klib)
                                                   ReadID3v1 (ID3Tags)
                                                   SavePlaylist (playlist)
                                                   Segment part 225 (main)
                                                   Segment part 320 (main)
                                                   Segment part 384 (main)
    -------------------------------------------------------------------------
CONFIG_C
  Relative segment, address: CODE_AREA 0000D634 - 0000D65F (0x2c bytes), align: 2
  Segment part 25. ROOT.
           ENTRY                   ADDRESS         REF BY
           =====                   =======         ======
           cfghdr16_0              0000D634 
    -------------------------------------------------------------------------
CONFIG_C
  Relative segment, address: CODE_AREA 0000D660 - 0000D663 (0x4 bytes), align: 2
  Segment part 26. ROOT.
           ENTRY                   ADDRESS         REF BY
           =====                   =======         ======
           SAVE_SETS               0000D660        Segment part 263 (playlist)
                                                   Segment part 394 (main)
    -------------------------------------------------------------------------
CONFIG_C
  Relative segment, address: CODE_AREA 0000D664 - 0000D68F (0x2c bytes), align: 2
  Segment part 27. ROOT.
           ENTRY                   ADDRESS         REF BY
           =====                   =======         ======
           cfghdr16_1              0000D664 
    -------------------------------------------------------------------------
CONFIG_C
  Relative segment, address: CODE_AREA 0000D690 - 0000D693 (0x4 bytes), align: 2
  Segment part 28. ROOT.
           ENTRY                   ADDRESS         REF BY
           =====                   =======         ======
           ALLTRACK                0000D690        PL_Redraw (playlist)
    -------------------------------------------------------------------------
CONFIG_C
  Relative segment, address: CODE_AREA 0000D694 - 0000D6BF (0x2c bytes), align: 2
  Segment part 29. ROOT.
           ENTRY                   ADDRESS         REF BY
           =====                   =======         ======
           cfghdr16_2              0000D694 
    -------------------------------------------------------------------------
CONFIG_C
  Relative segment, address: CODE_AREA 0000D6C0 - 0000D6C3 (0x4 bytes), align: 2
  Segment part 30. ROOT.
           ENTRY                   ADDRESS         REF BY
           =====                   =======         ======
           LOAD_KEYS               0000D6C0        LoadKeys (keys)
    -------------------------------------------------------------------------
CONFIG_C
  Relative segment, address: CODE_AREA 0000D6C4 - 0000D6EF (0x2c bytes), align: 2
  Segment part 31. ROOT.
           ENTRY                   ADDRESS         REF BY
           =====                   =======         ======
           cfghdr17                0000D6C4 
    -------------------------------------------------------------------------
CONFIG_C
  Relative segment, address: CODE_AREA 0000D6F0 - 0000D6F3 (0x4 bytes), align: 2
  Segment part 32. ROOT.
           ENTRY                   ADDRESS         REF BY
           =====                   =======         ======
           PlayMode                0000D6F0        main (main)
    -------------------------------------------------------------------------
CONFIG_C
  Relative segment, address: CODE_AREA 0000D6F4 - 0000D773 (0x80 bytes), align: 2
  Segment part 33. ROOT.
           ENTRY                   ADDRESS         REF BY
           =====                   =======         ======
           cfgcbox3                0000D6F4 
    -------------------------------------------------------------------------
CONFIG_C
  Relative segment, address: CODE_AREA 0000D774 - 0000D79F (0x2c bytes), align: 2
  Segment part 34. ROOT.
           ENTRY                   ADDRESS         REF BY
           =====                   =======         ======
           cfghdr18                0000D774 
    -------------------------------------------------------------------------
CONFIG_C
  Relative segment, address: CODE_AREA 0000D7A0 - 0000D7A3 (0x4 bytes), align: 2
  Segment part 35. ROOT.
           ENTRY                   ADDRESS         REF BY
           =====                   =======         ======
           EXT                     0000D7A0        SavePlaylist (playlist)
    -------------------------------------------------------------------------
CONFIG_C
  Relative segment, address: CODE_AREA 0000D7A4 - 0000D7E3 (0x40 bytes), align: 2
  Segment part 36. ROOT.
           ENTRY                   ADDRESS         REF BY
           =====                   =======         ======
           cfgcbox4                0000D7A4 
    -------------------------------------------------------------------------
CONFIG_C
  Relative segment, address: CODE_AREA 0000D7E4 - 0000D80F (0x2c bytes), align: 2
  Segment part 37. ROOT.
           ENTRY                   ADDRESS         REF BY
           =====                   =======         ======
           cfghdr19                0000D7E4 
    -------------------------------------------------------------------------
CONFIG_C
  Relative segment, address: CODE_AREA 0000D810 - 0000D813 (0x4 bytes), align: 2
  Segment part 38. ROOT.
           ENTRY                   ADDRESS         REF BY
           =====                   =======         ======
           soundvolume             0000D810        main (main)
    -------------------------------------------------------------------------
CONFIG_C
  Relative segment, address: CODE_AREA 0000D814 - 0000D83F (0x2c bytes), align: 2
  Segment part 39. ROOT.
           ENTRY                   ADDRESS         REF BY
           =====                   =======         ======
           cfghdr20                0000D814 
    -------------------------------------------------------------------------
CONFIG_C
  Relative segment, address: CODE_AREA 0000D840 - 0000D843 (0x4 bytes), align: 2
  Segment part 40. ROOT.
           ENTRY                   ADDRESS         REF BY
           =====                   =======         ======
           SizeOfFont              0000D840        PL_Redraw (playlist)
    -------------------------------------------------------------------------
CONFIG_C
  Relative segment, address: CODE_AREA 0000D844 - 0000D86F (0x2c bytes), align: 2
  Segment part 41. ROOT.
           ENTRY                   ADDRESS         REF BY
           =====                   =======         ======
           cfghdr21                0000D844 
    -------------------------------------------------------------------------
CONFIG_C
  Relative segment, address: CODE_AREA 0000D870 - 0000D873 (0x4 bytes), align: 2
  Segment part 42. ROOT.
           ENTRY                   ADDRESS         REF BY
           =====                   =======         ======
           FnameIPC                0000D870        Segment part 215 (main)
    -------------------------------------------------------------------------
CONFIG_C
  Relative segment, address: CODE_AREA 0000D874 - 0000D8D3 (0x60 bytes), align: 2
  Segment part 43. ROOT.
           ENTRY                   ADDRESS         REF BY
           =====                   =======         ======
           cfgcbox5                0000D874 
    -------------------------------------------------------------------------
CONFIG_C
  Relative segment, address: CODE_AREA 0000D8D4 - 0000D8FF (0x2c bytes), align: 2
  Segment part 44. ROOT.
           ENTRY                   ADDRESS         REF BY
           =====                   =======         ======
           cfghdr_m10              0000D8D4 
    -------------------------------------------------------------------------
CONFIG_C
  Relative segment, address: CODE_AREA 0000D900 - 0000D92B (0x2c bytes), align: 2
  Segment part 45. ROOT.
           ENTRY                   ADDRESS         REF BY
           =====                   =======         ======
           cfghdr_m21              0000D900 
    -------------------------------------------------------------------------
CONFIG_C
  Relative segment, address: CODE_AREA 0000D92C - 0000D957 (0x2c bytes), align: 2
  Segment part 46. ROOT.
           ENTRY                   ADDRESS         REF BY
           =====                   =======         ======
           cfghdr22                0000D92C 
    -------------------------------------------------------------------------
CONFIG_C
  Relative segment, address: CODE_AREA 0000D958 - 0000D9D7 (0x80 bytes), align: 2
  Segment part 47. ROOT.
           ENTRY                   ADDRESS         REF BY
           =====                   =======         ======
           PIC_DIR                 0000D958        MM_Show (mainmenu)
                                                   OnRedraw (FM)
                                                   PL_Redraw (playlist)
                                                   Segment part 171 (main)
                                                   Segment part 248 (main)
                                                   Segment part 376 (main)
                                                   Segment part 47 (sets_menu)
    -------------------------------------------------------------------------
CONFIG_C
  Relative segment, address: CODE_AREA 0000D9D8 - 0000DA03 (0x2c bytes), align: 2
  Segment part 48. ROOT.
           ENTRY                   ADDRESS         REF BY
           =====                   =======         ======
           cfghdr23                0000D9D8 
    -------------------------------------------------------------------------
CONFIG_C
  Relative segment, address: CODE_AREA 0000DA04 - 0000DA83 (0x80 bytes), align: 2
  Segment part 49. ROOT.
           ENTRY                   ADDRESS         REF BY
           =====                   =======         ======
           PLAYLISTS               0000DA04        PL_Redraw (playlist)
                                                   SavePL (main)
    -------------------------------------------------------------------------
CONFIG_C
  Relative segment, address: CODE_AREA 0000DA84 - 0000DAAF (0x2c bytes), align: 2
  Segment part 50. ROOT.
           ENTRY                   ADDRESS         REF BY
           =====                   =======         ======
           cfghdr24                0000DA84 
    -------------------------------------------------------------------------
CONFIG_C
  Relative segment, address: CODE_AREA 0000DAB0 - 0000DB2F (0x80 bytes), align: 2
  Segment part 51. ROOT.
           ENTRY                   ADDRESS         REF BY
           =====                   =======         ======
           MUSIC                   0000DAB0        ShowFM (FM)
    -------------------------------------------------------------------------
CONFIG_C
  Relative segment, address: CODE_AREA 0000DB30 - 0000DB5B (0x2c bytes), align: 2
  Segment part 52. ROOT.
           ENTRY                   ADDRESS         REF BY
           =====                   =======         ======
           cfghdr25                0000DB30 
    -------------------------------------------------------------------------
CONFIG_C
  Relative segment, address: CODE_AREA 0000DB5C - 0000DBDB (0x80 bytes), align: 2
  Segment part 53. ROOT.
           ENTRY                   ADDRESS         REF BY
           =====                   =======         ======
           EXENAME                 0000DB5C        Segment part 33 (sets_menu)
    -------------------------------------------------------------------------
CONFIG_C
  Relative segment, address: CODE_AREA 0000DBDC - 0000DC07 (0x2c bytes), align: 2
  Segment part 54. ROOT.
           ENTRY                   ADDRESS         REF BY
           =====                   =======         ======
           cfghdr26                0000DBDC 
    -------------------------------------------------------------------------
CONFIG_C
  Relative segment, address: CODE_AREA 0000DC08 - 0000DC87 (0x80 bytes), align: 2
  Segment part 55. ROOT.
           ENTRY                   ADDRESS         REF BY
           =====                   =======         ======
           LANGFILE                0000DC08        lgpInitLangPack (main)
    -------------------------------------------------------------------------
CONFIG_C
  Relative segment, address: CODE_AREA 0000DC88 - 0000DCB3 (0x2c bytes), align: 2
  Segment part 56. ROOT.
           ENTRY                   ADDRESS         REF BY
           =====                   =======         ======
           cfghdr27                0000DC88 
    -------------------------------------------------------------------------
CONFIG_C
  Relative segment, address: CODE_AREA 0000DCB4 - 0000DD33 (0x80 bytes), align: 2
  Segment part 57. ROOT.
           ENTRY                   ADDRESS         REF BY
           =====                   =======         ======
           SETS_PATH               0000DCB4        LoadKeys (keys)
                                                   Segment part 399 (main)
    -------------------------------------------------------------------------
CONFIG_C
  Relative segment, address: CODE_AREA 0000DD34 - 0000DD5F (0x2c bytes), align: 2
  Segment part 58. ROOT.
           ENTRY                   ADDRESS         REF BY
           =====                   =======         ======
           cfghdr_m20              0000DD34 
    -------------------------------------------------------------------------
CONFIG_C
  Relative segment, address: CODE_AREA 0000DD60 - 0000DD8B (0x2c bytes), align: 2
  Segment part 59. ROOT.
           ENTRY                   ADDRESS         REF BY
           =====                   =======         ======
           cfghdr_m31              0000DD60 
    -------------------------------------------------------------------------
CONFIG_C
  Relative segment, address: CODE_AREA 0000DD8C - 0000DDB7 (0x2c bytes), align: 2
  Segment part 60. ROOT.
           ENTRY                   ADDRESS         REF BY
           =====                   =======         ======
           cfghdr32                0000DD8C 
    -------------------------------------------------------------------------
CONFIG_C
  Relative segment, address: CODE_AREA 0000DDB8 - 0000DDBB (0x4 bytes), align: 2
  Segment part 61. ROOT.
           ENTRY                   ADDRESS         REF BY
           =====                   =======         ======
           SCROLL_MULT             0000DDB8        CTSpeed (playlist)
    -------------------------------------------------------------------------
CONFIG_C
  Relative segment, address: CODE_AREA 0000DDBC - 0000DDE7 (0x2c bytes), align: 2
  Segment part 62. ROOT.
           ENTRY                   ADDRESS         REF BY
           =====                   =======         ======
           cfghdr33                0000DDBC 
    -------------------------------------------------------------------------
CONFIG_C
  Relative segment, address: CODE_AREA 0000DDE8 - 0000DDEB (0x4 bytes), align: 2
  Segment part 63. ROOT.
           ENTRY                   ADDRESS         REF BY
           =====                   =======         ======
           STEP_SCROLL_MULT        0000DDE8        CTSpeed (playlist)
    -------------------------------------------------------------------------
CONFIG_C
  Relative segment, address: CODE_AREA 0000DDEC - 0000DE17 (0x2c bytes), align: 2
  Segment part 64. ROOT.
           ENTRY                   ADDRESS         REF BY
           =====                   =======         ======
           cfghdr34                0000DDEC 
    -------------------------------------------------------------------------
CONFIG_C
  Relative segment, address: CODE_AREA 0000DE18 - 0000DE1B (0x4 bytes), align: 2
  Segment part 65. ROOT.
           ENTRY                   ADDRESS         REF BY
           =====                   =======         ======
           SPEED_REW               0000DE18        DoRewinded (playlist)
    -------------------------------------------------------------------------
CONFIG_C
  Relative segment, address: CODE_AREA 0000DE1C - 0000DE47 (0x2c bytes), align: 2
  Segment part 66. ROOT.
           ENTRY                   ADDRESS         REF BY
           =====                   =======         ======
           cfghdr35                0000DE1C 
    -------------------------------------------------------------------------
CONFIG_C
  Relative segment, address: CODE_AREA 0000DE48 - 0000DE4B (0x4 bytes), align: 2
  Segment part 67. ROOT.
           ENTRY                   ADDRESS         REF BY
           =====                   =======         ======
           STEP_REW                0000DE48        DoRewinded (playlist)
    -------------------------------------------------------------------------
CONFIG_C
  Relative segment, address: CODE_AREA 0000DE4C - 0000DE77 (0x2c bytes), align: 2
  Segment part 68. ROOT.
           ENTRY                   ADDRESS         REF BY
           =====                   =======         ======
           cfghdr36                0000DE4C 
    -------------------------------------------------------------------------
CONFIG_C
  Relative segment, address: CODE_AREA 0000DE78 - 0000DE7B (0x4 bytes), align: 2
  Segment part 69. ROOT.
           ENTRY                   ADDRESS         REF BY
           =====                   =======         ======
           SPEED_MOVE              0000DE78        PL_mp (playlist)
    -------------------------------------------------------------------------
CONFIG_C
  Relative segment, address: CODE_AREA 0000DE7C - 0000DEA7 (0x2c bytes), align: 2
  Segment part 70. ROOT.
           ENTRY                   ADDRESS         REF BY
           =====                   =======         ======
           cfghdr37                0000DE7C 
    -------------------------------------------------------------------------
CONFIG_C
  Relative segment, address: CODE_AREA 0000DEA8 - 0000DEAB (0x4 bytes), align: 2
  Segment part 71. ROOT.
           ENTRY                   ADDRESS         REF BY
           =====                   =======         ======
           SPEED_OPEN_MOVE         0000DEA8        OpenAnim (playlist)
    -------------------------------------------------------------------------
CONFIG_C
  Relative segment, address: CODE_AREA 0000DEAC - 0000DED7 (0x2c bytes), align: 2
  Segment part 72. ROOT.
           ENTRY                   ADDRESS         REF BY
           =====                   =======         ======
           cfghdr_m30              0000DEAC 
    -------------------------------------------------------------------------
CSTACK
  Segment part 1. NOT NEEDED.

    *************************************************************************

  FILE NAME : C:\arm\splayer\Release_ELKA\Obj\func.r79
  PROGRAM MODULE, NAME : func

  SEGMENTS IN THE MODULE
  ======================
ELFBEGIN
  Relative segment, address: CODE_AREA 00000000, align: 0
  Segment part 0. ROOT.
           ENTRY                   ADDRESS         REF BY
           =====                   =======         ======
           ELF_BEGIN               00000000        ElfKiller (main)
    -------------------------------------------------------------------------
CODE
  Relative segment, address: CODE_AREA 00000F40 - 00000F47 (0x8 bytes), align: 2
  Segment part 1. ROOT.
           ENTRY                   ADDRESS         REF BY
           =====                   =======         ======
           kill_data               00000F40        ElfKiller (main)
                                                   Segment part 22 (FM)
                                                   gui_methods (main)
           seqkill                 00000F44 

    *************************************************************************

  FILE NAME : C:\arm\splayer\Release_ELKA\Obj\item_info.r79
  PROGRAM MODULE, NAME : item_info

  SEGMENTS IN THE MODULE
  ======================
DATA_C
  Relative segment, address: CODE_AREA 000080DC - 000080DF (0x4 bytes), align: 2
  Segment part 2.             Intra module refs:   Segment part 153
    -------------------------------------------------------------------------
DATA_C
  Relative segment, address: CODE_AREA 000080E0 - 000080E7 (0x8 bytes), align: 2
  Segment part 3.             Intra module refs:   Segment part 153
    -------------------------------------------------------------------------
DATA_C
  Relative segment, address: CODE_AREA 000080E8 - 000080EF (0x8 bytes), align: 2
  Segment part 4.             Intra module refs:   Segment part 153
    -------------------------------------------------------------------------
DATA_C
  Relative segment, address: CODE_AREA 000080F0 - 000080FB (0xc bytes), align: 2
  Segment part 5.             Intra module refs:   Segment part 153
    -------------------------------------------------------------------------
DATA_C
  Segment part 6. NOT NEEDED.
    -------------------------------------------------------------------------
DATA_C
  Segment part 7. NOT NEEDED.
    -------------------------------------------------------------------------
DATA_C
  Relative segment, address: CODE_AREA 000080FC - 00008103 (0x8 bytes), align: 2
  Segment part 8.             Intra module refs:   Segment part 153
    -------------------------------------------------------------------------
DATA_C
  Relative segment, address: CODE_AREA 00008104 - 00008113 (0x10 bytes), align: 2
  Segment part 9.             Intra module refs:   Segment part 153
    -------------------------------------------------------------------------
DATA_C
  Relative segment, address: CODE_AREA 00008114 - 0000811B (0x8 bytes), align: 2
  Segment part 10.            Intra module refs:   Segment part 153
    -------------------------------------------------------------------------
DATA_C
  Relative segment, address: CODE_AREA 0000811C - 00008123 (0x8 bytes), align: 2
  Segment part 11.            Intra module refs:   Segment part 153
    -------------------------------------------------------------------------
DATA_C
  Relative segment, address: CODE_AREA 00008124 - 0000812B (0x8 bytes), align: 2
  Segment part 12.            Intra module refs:   Segment part 153
    -------------------------------------------------------------------------
DATA_C
  Relative segment, address: CODE_AREA 0000812C - 00008133 (0x8 bytes), align: 2
  Segment part 13.            Intra module refs:   Segment part 153
    -------------------------------------------------------------------------
DATA_C
  Relative segment, address: CODE_AREA 00008134 - 0000813B (0x8 bytes), align: 2
  Segment part 14.            Intra module refs:   Segment part 153
    -------------------------------------------------------------------------
DATA_C
  Relative segment, address: CODE_AREA 0000813C - 00008143 (0x8 bytes), align: 2
  Segment part 15.            Intra module refs:   Segment part 153
    -------------------------------------------------------------------------
DATA_C
  Relative segment, address: CODE_AREA 00008144 - 0000814B (0x8 bytes), align: 2
  Segment part 16.            Intra module refs:   Segment part 153
    -------------------------------------------------------------------------
DATA_C
  Relative segment, address: CODE_AREA 0000814C - 00008153 (0x8 bytes), align: 2
  Segment part 17.            Intra module refs:   Segment part 153
    -------------------------------------------------------------------------
DATA_C
  Relative segment, address: CODE_AREA 00008154 - 0000815B (0x8 bytes), align: 2
  Segment part 18.            Intra module refs:   Segment part 153
    -------------------------------------------------------------------------
DATA_C
  Relative segment, address: CODE_AREA 0000815C - 00008163 (0x8 bytes), align: 2
  Segment part 19.            Intra module refs:   Segment part 153
    -------------------------------------------------------------------------
DATA_C
  Relative segment, address: CODE_AREA 00008164 - 0000816B (0x8 bytes), align: 2
  Segment part 20.            Intra module refs:   Segment part 153
    -------------------------------------------------------------------------
DATA_C
  Relative segment, address: CODE_AREA 0000816C - 00008177 (0xc bytes), align: 2
  Segment part 21.            Intra module refs:   Segment part 153
    -------------------------------------------------------------------------
DATA_C
  Relative segment, address: CODE_AREA 00008178 - 0000817B (0x4 bytes), align: 2
  Segment part 22.            Intra module refs:   Segment part 153
    -------------------------------------------------------------------------
DATA_C
  Relative segment, address: CODE_AREA 0000817C - 0000817F (0x4 bytes), align: 2
  Segment part 23.            Intra module refs:   Segment part 153
    -------------------------------------------------------------------------
DATA_C
  Relative segment, address: CODE_AREA 00008180 - 00008187 (0x8 bytes), align: 2
  Segment part 24.            Intra module refs:   Segment part 153
    -------------------------------------------------------------------------
DATA_C
  Relative segment, address: CODE_AREA 00008188 - 0000818F (0x8 bytes), align: 2
  Segment part 25.            Intra module refs:   Segment part 153
    -------------------------------------------------------------------------
DATA_C
  Relative segment, address: CODE_AREA 00008190 - 00008197 (0x8 bytes), align: 2
  Segment part 26.            Intra module refs:   Segment part 153
    -------------------------------------------------------------------------
DATA_C
  Relative segment, address: CODE_AREA 00008198 - 000081A3 (0xc bytes), align: 2
  Segment part 27.            Intra module refs:   Segment part 153
    -------------------------------------------------------------------------
DATA_C
  Relative segment, address: CODE_AREA 000081A4 - 000081AF (0xc bytes), align: 2
  Segment part 28.            Intra module refs:   Segment part 153
    -------------------------------------------------------------------------
DATA_C
  Relative segment, address: CODE_AREA 000081B0 - 000081B3 (0x4 bytes), align: 2
  Segment part 29.            Intra module refs:   Segment part 153
    -------------------------------------------------------------------------
DATA_C
  Relative segment, address: CODE_AREA 000081B4 - 000081BF (0xc bytes), align: 2
  Segment part 30.            Intra module refs:   Segment part 153
    -------------------------------------------------------------------------
DATA_C
  Relative segment, address: CODE_AREA 000081C0 - 000081C7 (0x8 bytes), align: 2
  Segment part 31.            Intra module refs:   Segment part 153
    -------------------------------------------------------------------------
DATA_C
  Relative segment, address: CODE_AREA 000081C8 - 000081D3 (0xc bytes), align: 2
  Segment part 32.            Intra module refs:   Segment part 153
    -------------------------------------------------------------------------
DATA_C
  Relative segment, address: CODE_AREA 000081D4 - 000081DF (0xc bytes), align: 2
  Segment part 33.            Intra module refs:   Segment part 153
    -------------------------------------------------------------------------
DATA_C
  Relative segment, address: CODE_AREA 000081E0 - 000081E7 (0x8 bytes), align: 2
  Segment part 34.            Intra module refs:   Segment part 153
    -------------------------------------------------------------------------
DATA_C
  Relative segment, address: CODE_AREA 000081E8 - 000081F3 (0xc bytes), align: 2
  Segment part 35.            Intra module refs:   Segment part 153
    -------------------------------------------------------------------------
DATA_C
  Relative segment, address: CODE_AREA 000081F4 - 000081FB (0x8 bytes), align: 2
  Segment part 36.            Intra module refs:   Segment part 153
    -------------------------------------------------------------------------
DATA_C
  Relative segment, address: CODE_AREA 000081FC - 00008207 (0xc bytes), align: 2
  Segment part 37.            Intra module refs:   Segment part 153
    -------------------------------------------------------------------------
DATA_C
  Relative segment, address: CODE_AREA 00008208 - 0000820F (0x8 bytes), align: 2
  Segment part 38.            Intra module refs:   Segment part 153
    -------------------------------------------------------------------------
DATA_C
  Relative segment, address: CODE_AREA 00008210 - 00008217 (0x8 bytes), align: 2
  Segment part 39.            Intra module refs:   Segment part 153
    -------------------------------------------------------------------------
DATA_C
  Segment part 40. NOT NEEDED.
    -------------------------------------------------------------------------
DATA_C
  Relative segment, address: CODE_AREA 00008218 - 00008227 (0x10 bytes), align: 2
  Segment part 41.            Intra module refs:   Segment part 153
    -------------------------------------------------------------------------
DATA_C
  Relative segment, address: CODE_AREA 00008228 - 0000822F (0x8 bytes), align: 2
  Segment part 42.            Intra module refs:   Segment part 153
    -------------------------------------------------------------------------
DATA_C
  Relative segment, address: CODE_AREA 00008230 - 00008237 (0x8 bytes), align: 2
  Segment part 43.            Intra module refs:   Segment part 153
    -------------------------------------------------------------------------
DATA_C
  Relative segment, address: CODE_AREA 00008238 - 0000823F (0x8 bytes), align: 2
  Segment part 44.            Intra module refs:   Segment part 153
    -------------------------------------------------------------------------
DATA_C
  Relative segment, address: CODE_AREA 00008240 - 0000824B (0xc bytes), align: 2
  Segment part 45.            Intra module refs:   Segment part 153
    -------------------------------------------------------------------------
DATA_C
  Relative segment, address: CODE_AREA 0000824C - 00008253 (0x8 bytes), align: 2
  Segment part 46.            Intra module refs:   Segment part 153
    -------------------------------------------------------------------------
DATA_C
  Relative segment, address: CODE_AREA 00008254 - 0000825B (0x8 bytes), align: 2
  Segment part 47.            Intra module refs:   Segment part 153
    -------------------------------------------------------------------------
DATA_C
  Relative segment, address: CODE_AREA 0000825C - 0000826F (0x14 bytes), align: 2
  Segment part 48.            Intra module refs:   Segment part 153
    -------------------------------------------------------------------------
DATA_C
  Relative segment, address: CODE_AREA 00008270 - 00008277 (0x8 bytes), align: 2
  Segment part 49.            Intra module refs:   Segment part 153
    -------------------------------------------------------------------------
DATA_C
  Relative segment, address: CODE_AREA 00008278 - 0000827F (0x8 bytes), align: 2
  Segment part 50.            Intra module refs:   Segment part 153
    -------------------------------------------------------------------------
DATA_C
  Relative segment, address: CODE_AREA 00008280 - 00008287 (0x8 bytes), align: 2
  Segment part 51.            Intra module refs:   Segment part 153
    -------------------------------------------------------------------------
DATA_C
  Relative segment, address: CODE_AREA 00008288 - 0000828F (0x8 bytes), align: 2
  Segment part 52.            Intra module refs:   Segment part 153
    -------------------------------------------------------------------------
DATA_C
  Relative segment, address: CODE_AREA 00008290 - 0000829B (0xc bytes), align: 2
  Segment part 53.            Intra module refs:   Segment part 153
    -------------------------------------------------------------------------
DATA_C
  Relative segment, address: CODE_AREA 0000829C - 000082AF (0x14 bytes), align: 2
  Segment part 54.            Intra module refs:   Segment part 153
    -------------------------------------------------------------------------
DATA_C
  Relative segment, address: CODE_AREA 000082B0 - 000082C3 (0x14 bytes), align: 2
  Segment part 55.            Intra module refs:   Segment part 153
    -------------------------------------------------------------------------
DATA_C
  Relative segment, address: CODE_AREA 000082C4 - 000082CB (0x8 bytes), align: 2
  Segment part 56.            Intra module refs:   Segment part 153
    -------------------------------------------------------------------------
DATA_C
  Relative segment, address: CODE_AREA 000082CC - 000082D3 (0x8 bytes), align: 2
  Segment part 57.            Intra module refs:   Segment part 153
    -------------------------------------------------------------------------
DATA_C
  Relative segment, address: CODE_AREA 000082D4 - 000082DF (0xc bytes), align: 2
  Segment part 58.            Intra module refs:   Segment part 153
    -------------------------------------------------------------------------
DATA_C
  Relative segment, address: CODE_AREA 000082E0 - 000082F3 (0x14 bytes), align: 2
  Segment part 59.            Intra module refs:   Segment part 153
    -------------------------------------------------------------------------
DATA_C
  Relative segment, address: CODE_AREA 000082F4 - 000082FF (0xc bytes), align: 2
  Segment part 60.            Intra module refs:   Segment part 153
    -------------------------------------------------------------------------
DATA_C
  Relative segment, address: CODE_AREA 00008300 - 0000830B (0xc bytes), align: 2
  Segment part 61.            Intra module refs:   Segment part 153
    -------------------------------------------------------------------------
DATA_C
  Relative segment, address: CODE_AREA 0000830C - 00008317 (0xc bytes), align: 2
  Segment part 62.            Intra module refs:   Segment part 153
    -------------------------------------------------------------------------
DATA_C
  Relative segment, address: CODE_AREA 00008318 - 0000831F (0x8 bytes), align: 2
  Segment part 63.            Intra module refs:   Segment part 153
    -------------------------------------------------------------------------
DATA_C
  Relative segment, address: CODE_AREA 00008320 - 0000832F (0x10 bytes), align: 2
  Segment part 64.            Intra module refs:   Segment part 153
    -------------------------------------------------------------------------
DATA_C
  Relative segment, address: CODE_AREA 00008330 - 00008337 (0x8 bytes), align: 2
  Segment part 65.            Intra module refs:   Segment part 153
    -------------------------------------------------------------------------
DATA_C
  Relative segment, address: CODE_AREA 00008338 - 0000833F (0x8 bytes), align: 2
  Segment part 66.            Intra module refs:   Segment part 153
    -------------------------------------------------------------------------
DATA_C
  Relative segment, address: CODE_AREA 00008340 - 00008347 (0x8 bytes), align: 2
  Segment part 67.            Intra module refs:   Segment part 153
    -------------------------------------------------------------------------
DATA_C
  Relative segment, address: CODE_AREA 00008348 - 0000834F (0x8 bytes), align: 2
  Segment part 68.            Intra module refs:   Segment part 153
    -------------------------------------------------------------------------
DATA_C
  Relative segment, address: CODE_AREA 00008350 - 0000835F (0x10 bytes), align: 2
  Segment part 69.            Intra module refs:   Segment part 153
    -------------------------------------------------------------------------
DATA_C
  Relative segment, address: CODE_AREA 00008360 - 0000836B (0xc bytes), align: 2
  Segment part 70.            Intra module refs:   Segment part 153
    -------------------------------------------------------------------------
DATA_C
  Relative segment, address: CODE_AREA 0000836C - 00008373 (0x8 bytes), align: 2
  Segment part 71.            Intra module refs:   Segment part 153
    -------------------------------------------------------------------------
DATA_C
  Relative segment, address: CODE_AREA 00008374 - 00008383 (0x10 bytes), align: 2
  Segment part 72.            Intra module refs:   Segment part 153
    -------------------------------------------------------------------------
DATA_C
  Relative segment, address: CODE_AREA 00008384 - 0000838B (0x8 bytes), align: 2
  Segment part 73.            Intra module refs:   Segment part 153
    -------------------------------------------------------------------------
DATA_C
  Relative segment, address: CODE_AREA 0000838C - 00008397 (0xc bytes), align: 2
  Segment part 74.            Intra module refs:   Segment part 153
    -------------------------------------------------------------------------
DATA_C
  Relative segment, address: CODE_AREA 00008398 - 000083A3 (0xc bytes), align: 2
  Segment part 75.            Intra module refs:   Segment part 153
    -------------------------------------------------------------------------
DATA_C
  Relative segment, address: CODE_AREA 000083A4 - 000083AB (0x8 bytes), align: 2
  Segment part 76.            Intra module refs:   Segment part 153
    -------------------------------------------------------------------------
DATA_C
  Relative segment, address: CODE_AREA 000083AC - 000083B7 (0xc bytes), align: 2
  Segment part 77.            Intra module refs:   Segment part 153
    -------------------------------------------------------------------------
DATA_C
  Relative segment, address: CODE_AREA 000083B8 - 000083BF (0x8 bytes), align: 2
  Segment part 78.            Intra module refs:   Segment part 153
    -------------------------------------------------------------------------
DATA_C
  Relative segment, address: CODE_AREA 000083C0 - 000083C7 (0x8 bytes), align: 2
  Segment part 79.            Intra module refs:   Segment part 153
    -------------------------------------------------------------------------
DATA_C
  Relative segment, address: CODE_AREA 000083C8 - 000083CF (0x8 bytes), align: 2
  Segment part 80.            Intra module refs:   Segment part 153
    -------------------------------------------------------------------------
DATA_C
  Relative segment, address: CODE_AREA 000083D0 - 000083DB (0xc bytes), align: 2
  Segment part 81.            Intra module refs:   Segment part 153
    -------------------------------------------------------------------------
DATA_C
  Relative segment, address: CODE_AREA 000083DC - 000083E7 (0xc bytes), align: 2
  Segment part 82.            Intra module refs:   Segment part 153
    -------------------------------------------------------------------------
DATA_C
  Relative segment, address: CODE_AREA 000083E8 - 000083EF (0x8 bytes), align: 2
  Segment part 83.            Intra module refs:   Segment part 153
    -------------------------------------------------------------------------
DATA_C
  Relative segment, address: CODE_AREA 000083F0 - 000083F7 (0x8 bytes), align: 2
  Segment part 84.            Intra module refs:   Segment part 153
    -------------------------------------------------------------------------
DATA_C
  Relative segment, address: CODE_AREA 000083F8 - 000083FF (0x8 bytes), align: 2
  Segment part 85.            Intra module refs:   Segment part 153
    -------------------------------------------------------------------------
DATA_C
  Relative segment, address: CODE_AREA 00008400 - 0000840B (0xc bytes), align: 2
  Segment part 86.            Intra module refs:   Segment part 153
    -------------------------------------------------------------------------
DATA_C
  Relative segment, address: CODE_AREA 0000840C - 00008417 (0xc bytes), align: 2
  Segment part 87.            Intra module refs:   Segment part 153
    -------------------------------------------------------------------------
DATA_C
  Relative segment, address: CODE_AREA 00008418 - 0000841F (0x8 bytes), align: 2
  Segment part 88.            Intra module refs:   Segment part 153
    -------------------------------------------------------------------------
DATA_C
  Relative segment, address: CODE_AREA 00008420 - 0000842B (0xc bytes), align: 2
  Segment part 89.            Intra module refs:   Segment part 153
    -------------------------------------------------------------------------
DATA_C
  Relative segment, address: CODE_AREA 0000842C - 0000843B (0x10 bytes), align: 2
  Segment part 90.            Intra module refs:   Segment part 153
    -------------------------------------------------------------------------
DATA_C
  Relative segment, address: CODE_AREA 0000843C - 00008443 (0x8 bytes), align: 2
  Segment part 91.            Intra module refs:   Segment part 153
[...]
  01  strtolower
      | Stack used (prev) :  00000868
      | + function block  :  00000010
  <-Sub-tree of type: Function tree
    | Stack used          :  00000878


  ->Sub-tree of type: Function tree
                             CSTACK
    | Stack used (prev) :  00000878
  01  EnumIni
      | Stack used (prev) :  00000878
      | + function block  :  00000030
  <-Sub-tree of type: Function tree
    | Stack used          :  000008A8


  ->Sub-tree of type: Function tree
                             CSTACK
    | Stack used (prev) :  000008A8
  01  InitLangPack
      | Stack used (prev) :  000008A8
      | + function block  :  00000004
  <-Sub-tree of type: Function tree
    | Stack used          :  000008AC


  ->Sub-tree of type: Function tree
                             CSTACK
    | Stack used (prev) :  000008AC
  01  lgpInitLangPack
      | Stack used (prev) :  000008AC
      | + function block  :  000000CC
  <-Sub-tree of type: Function tree
    | Stack used          :  00000978


  ->Sub-tree of type: Function tree
                             CSTACK
    | Stack used (prev) :  00000978
  01  lgpFreeLangPack
      | Stack used (prev) :  00000978
      | + function block  :  00000008
  <-Sub-tree of type: Function tree
    | Stack used          :  00000980


  ->Sub-tree of type: Function tree
                             CSTACK
    | Stack used (prev) :  00000980
  01  StopTMR
      | Stack used (prev) :  00000980
      | + function block  :  00000008
  <-Sub-tree of type: Function tree
    | Stack used          :  00000988


  ->Sub-tree of type: Function tree
                             CSTACK
    | Stack used (prev) :  00000988
  01  KillObj
      | Stack used (prev) :  00000988
      | + function block  :  00000008
  <-Sub-tree of type: Function tree
    | Stack used          :  00000990


  ->Sub-tree of type: Function tree
                             CSTACK
    | Stack used (prev) :  00000990
  01  PlayMP3File
      | Stack used (prev) :  00000990
      | + function block  :  00000068
  <-Sub-tree of type: Function tree
    | Stack used          :  000009F8


  ->Sub-tree of type: Function tree
                             CSTACK
    | Stack used (prev) :  000009F8
  01  load_skin
      | Stack used (prev) :  000009F8
      | + function block  :  00000050
  <-Sub-tree of type: Function tree
    | Stack used          :  00000A48


  ->Sub-tree of type: Function tree
                             CSTACK
    | Stack used (prev) :  00000A48
  01  save_sets
      | Stack used (prev) :  00000A48
      | + function block  :  0000001C
  <-Sub-tree of type: Function tree
    | Stack used          :  00000A64


  ->Sub-tree of type: Function tree
                             CSTACK
    | Stack used (prev) :  00000A64
  01  SendNULL
      | Stack used (prev) :  00000A64
      | + function block  :  00000004
  <-Sub-tree of type: Function tree
    | Stack used          :  00000A68


  ->Sub-tree of type: Function tree
                             CSTACK
    | Stack used (prev) :  00000A68
  01  ToDevelop
      | Stack used (prev) :  00000A68
      | + function block  :  00000004
  <-Sub-tree of type: Function tree
    | Stack used          :  00000A6C


  ->Sub-tree of type: Function tree
                             CSTACK
    | Stack used (prev) :  00000A6C
  01  Refresh
      | Stack used (prev) :  00000A6C
      | + function block  :  0000010C
  <-Sub-tree of type: Function tree
    | Stack used          :  00000B78


  ->Sub-tree of type: Function tree
                             CSTACK
    | Stack used (prev) :  00000B78
  01  WriteSPerr
      | Stack used (prev) :  00000B78
      | + function block  :  0000000C
  <-Sub-tree of type: Function tree
    | Stack used          :  00000B84


  ->Sub-tree of type: Function tree
                             CSTACK
    | Stack used (prev) :  00000B84
  01  ShowLongTXT
      | Stack used (prev) :  00000B84
      | + function block  :  00000044
  <-Sub-tree of type: Function tree
    | Stack used          :  00000BC8


  ->Sub-tree of type: Function tree
                             CSTACK
    | Stack used (prev) :  00000BC8
  01  UpdateCSMname
      | Stack used (prev) :  00000BC8
      | + function block  :  00000004
  <-Sub-tree of type: Function tree
    | Stack used          :  00000BCC


  ->Sub-tree of type: Function tree
                             CSTACK
    | Stack used (prev) :  00000BCC
  01  main
      | Stack used (prev) :  00000BCC
      | + function block  :  00000078
  <-Sub-tree of type: Function tree
    | Stack used          :  00000C44


  ->Sub-tree of type: Function tree
                             CSTACK
    | Stack used (prev) :  00000C44
  01  patch_header
      | Stack used (prev) :  00000C44
      | + function block  :  00000008
  <-Sub-tree of type: Function tree
    | Stack used          :  00000C4C


  ->Sub-tree of type: Function tree
                             CSTACK
    | Stack used (prev) :  00000C4C
  01  patch_input
      | Stack used (prev) :  00000C4C
      | + function block  :  0000000C
  <-Sub-tree of type: Function tree
    | Stack used          :  00000C58


  ->Sub-tree of type: Function tree
                             CSTACK
    | Stack used (prev) :  00000C58
  01  initMainMenuLangPack
      | Stack used (prev) :  00000C58
      | + function block  :  00000000
  <-Sub-tree of type: Function tree
    | Stack used          :  00000C58


  ->Sub-tree of type: Function tree
                             CSTACK
    | Stack used (prev) :  00000C58
  01  DisableScroll
      | Stack used (prev) :  00000C58
      | + function block  :  00000004
  <-Sub-tree of type: Function tree
    | Stack used          :  00000C5C


  ->Sub-tree of type: Function tree
                             CSTACK
    | Stack used (prev) :  00000C5C
  01  random
      | Stack used (prev) :  00000C5C
      | + function block  :  0000001C
  <-Sub-tree of type: Function tree
    | Stack used          :  00000C78


  ->Sub-tree of type: Function tree
                             CSTACK
    | Stack used (prev) :  00000C78
  01  RandTrack
      | Stack used (prev) :  00000C78
      | + function block  :  00000010
  <-Sub-tree of type: Function tree
    | Stack used          :  00000C88


  ->Sub-tree of type: Function tree
                             CSTACK
    | Stack used (prev) :  00000C88
  01  RepeatTrack
      | Stack used (prev) :  00000C88
      | + function block  :  00000008
  <-Sub-tree of type: Function tree
    | Stack used          :  00000C90


  ->Sub-tree of type: Function tree
                             CSTACK
    | Stack used (prev) :  00000C90
  01  NextTrackX
      | Stack used (prev) :  00000C90
      | + function block  :  0000000C
  <-Sub-tree of type: Function tree
    | Stack used          :  00000C9C


  ->Sub-tree of type: Function tree
                             CSTACK
    | Stack used (prev) :  00000C9C
  01  NextTrack
      | Stack used (prev) :  00000C9C
      | + function block  :  0000000C
  <-Sub-tree of type: Function tree
    | Stack used          :  00000CA8


  ->Sub-tree of type: Function tree
                             CSTACK
    | Stack used (prev) :  00000CA8
  01  PreviousTrack
      | Stack used (prev) :  00000CA8
      | + function block  :  00000008
  <-Sub-tree of type: Function tree
    | Stack used          :  00000CB0


  ->Sub-tree of type: Function tree
                             CSTACK
    | Stack used (prev) :  00000CB0
  01  StopRewind
      | Stack used (prev) :  00000CB0
      | + function block  :  00000010
  <-Sub-tree of type: Function tree
    | Stack used          :  00000CC0


  ->Sub-tree of type: Function tree
                             CSTACK
    | Stack used (prev) :  00000CC0
  01  StartRewind
      | Stack used (prev) :  00000CC0
      | + function block  :  00000004
  <-Sub-tree of type: Function tree
    | Stack used          :  00000CC4


  ->Sub-tree of type: Function tree
                             CSTACK
    | Stack used (prev) :  00000CC4
  01  PlaySetTrack
      | Stack used (prev) :  00000CC4
      | + function block  :  00000000
  <-Sub-tree of type: Function tree
    | Stack used          :  00000CC4


  ->Sub-tree of type: Function tree
                             CSTACK
    | Stack used (prev) :  00000CC4
  01  Disable_OpenAnim
      | Stack used (prev) :  00000CC4
      | + function block  :  00000008
  <-Sub-tree of type: Function tree
    | Stack used          :  00000CCC


  ->Sub-tree of type: Function tree
                             CSTACK
    | Stack used (prev) :  00000CCC
  01  Disable_PL_mp
      | Stack used (prev) :  00000CCC
      | + function block  :  00000004
  <-Sub-tree of type: Function tree
    | Stack used          :  00000CD0


  ->Sub-tree of type: Function tree
                             CSTACK
    | Stack used (prev) :  00000CD0
  01  MovePL
      | Stack used (prev) :  00000CD0
      | + function block  :  00000004
  <-Sub-tree of type: Function tree
    | Stack used          :  00000CD4


  ->Sub-tree of type: Function tree
                             CSTACK
    | Stack used (prev) :  00000CD4
  01  CTtoFirst
      | Stack used (prev) :  00000CD4
      | + function block  :  00000000
  <-Sub-tree of type: Function tree
    | Stack used          :  00000CD4


  ->Sub-tree of type: Function tree
                             CSTACK
    | Stack used (prev) :  00000CD4
  01  PTtoFirst
      | Stack used (prev) :  00000CD4
      | + function block  :  00000000
  <-Sub-tree of type: Function tree
    | Stack used          :  00000CD4


  ->Sub-tree of type: Function tree
                             CSTACK
    | Stack used (prev) :  00000CD4
  01  Disable_PL
      | Stack used (prev) :  00000CD4
      | + function block  :  00000008
  <-Sub-tree of type: Function tree
    | Stack used          :  00000CDC


  ->Sub-tree of type: Function tree
                             CSTACK
    | Stack used (prev) :  00000CDC
  01  Disable_CTSpeed
      | Stack used (prev) :  00000CDC
      | + function block  :  00000004
  <-Sub-tree of type: Function tree
    | Stack used          :  00000CE0


  ->Sub-tree of type: Function tree
                             CSTACK
    | Stack used (prev) :  00000CE0
  01  GetPlayingStatus
      | Stack used (prev) :  00000CE0
      | + function block  :  00000000
  <-Sub-tree of type: Function tree
    | Stack used          :  00000CE0


  ->Sub-tree of type: Function tree
                             CSTACK
    | Stack used (prev) :  00000CE0
  01  GetVolLevel
      | Stack used (prev) :  00000CE0
      | + function block  :  00000000
  <-Sub-tree of type: Function tree
    | Stack used          :  00000CE0


  ->Sub-tree of type: Function tree
                             CSTACK
    | Stack used (prev) :  00000CE0
  01  SetPlayingStatus
      | Stack used (prev) :  00000CE0
      | + function block  :  00000000
  <-Sub-tree of type: Function tree
    | Stack used          :  00000CE0


  ->Sub-tree of type: Function tree
                             CSTACK
    | Stack used (prev) :  00000CE0
  01  FreePlaylist
      | Stack used (prev) :  00000CE0
      | + function block  :  0000000C
  <-Sub-tree of type: Function tree
    | Stack used          :  00000CEC


  ->Sub-tree of type: Function tree
                             CSTACK
    | Stack used (prev) :  00000CEC
  01  SavePlaylist
      | Stack used (prev) :  00000CEC
      | + function block  :  00000154
  <-Sub-tree of type: Function tree
    | Stack used          :  00000E40


  ->Sub-tree of type: Function tree
                             CSTACK
    | Stack used (prev) :  00000E40
  01  PastLine
      | Stack used (prev) :  00000E40
      | + function block  :  00000014
  <-Sub-tree of type: Function tree
    | Stack used          :  00000E54


  ->Sub-tree of type: Function tree
                             CSTACK
    | Stack used (prev) :  00000E54
  01  CopyLine
      | Stack used (prev) :  00000E54
      | + function block  :  0000001C
  <-Sub-tree of type: Function tree
    | Stack used          :  00000E70


  ->Sub-tree of type: Function tree
                             CSTACK
    | Stack used (prev) :  00000E70
  01  DeleteLine
      | Stack used (prev) :  00000E70
      | + function block  :  00000018
  <-Sub-tree of type: Function tree
    | Stack used          :  00000E88


  ->Sub-tree of type: Function tree
                             CSTACK
    | Stack used (prev) :  00000E88
  01  MoveLineUp
      | Stack used (prev) :  00000E88
      | + function block  :  0000001C
  <-Sub-tree of type: Function tree
    | Stack used          :  00000EA4


  ->Sub-tree of type: Function tree
                             CSTACK
    | Stack used (prev) :  00000EA4
  01  MoveLineDown
      | Stack used (prev) :  00000EA4
      | + function block  :  00000020
  <-Sub-tree of type: Function tree
    | Stack used          :  00000EC4


  ->Sub-tree of type: Function tree
                             CSTACK
    | Stack used (prev) :  00000EC4
  01  MoveLineRight
      | Stack used (prev) :  00000EC4
      | + function block  :  00000008
  <-Sub-tree of type: Function tree
    | Stack used          :  00000ECC


  ->Sub-tree of type: Function tree
                             CSTACK
    | Stack used (prev) :  00000ECC
  01  MoveLineLeft
      | Stack used (prev) :  00000ECC
      | + function block  :  00000008
  <-Sub-tree of type: Function tree
    | Stack used          :  00000ED4


  ->Sub-tree of type: Function tree
                             CSTACK
    | Stack used (prev) :  00000ED4
  01  FullpathToFilename
      | Stack used (prev) :  00000ED4
      | + function block  :  00000014
  <-Sub-tree of type: Function tree
    | Stack used          :  00000EE8


  ->Sub-tree of type: Function tree
                             CSTACK
    | Stack used (prev) :  00000EE8
  01  FullpathToFile
      | Stack used (prev) :  00000EE8
      | + function block  :  00000018
  <-Sub-tree of type: Function tree
    | Stack used          :  00000F00


  ->Sub-tree of type: Function tree
                             CSTACK
    | Stack used (prev) :  00000F00
  01  fix
      | Stack used (prev) :  00000F00
      | + function block  :  00000010
  <-Sub-tree of type: Function tree
    | Stack used          :  00000F10


  ->Sub-tree of type: Function tree
                             CSTACK
    | Stack used (prev) :  00000F10
  01  GetCurrentTrack
      | Stack used (prev) :  00000F10
      | + function block  :  00000000
  <-Sub-tree of type: Function tree
    | Stack used          :  00000F10


  ->Sub-tree of type: Function tree
                             CSTACK
    | Stack used (prev) :  00000F10
  01  GetPlayedTrack
      | Stack used (prev) :  00000F10
      | + function block  :  00000000
  <-Sub-tree of type: Function tree
    | Stack used          :  00000F10


  ->Sub-tree of type: Function tree
                             CSTACK
    | Stack used (prev) :  00000F10
  01  PL_Redraw
      | Stack used (prev) :  00000F10
      | + function block  :  000001A0
  <-Sub-tree of type: Function tree
    | Stack used          :  000010B0


  ->Sub-tree of type: Function tree
                             CSTACK
    | Stack used (prev) :  000010B0
  01  BandRoll
      | Stack used (prev) :  000010B0
      | + function block  :  00000040
  <-Sub-tree of type: Function tree
    | Stack used          :  000010F0


  ->Sub-tree of type: Function tree
                             CSTACK
    | Stack used (prev) :  000010F0
  01  LoadPlaylist
      | Stack used (prev) :  000010F0
      | + function block  :  00000050
  <-Sub-tree of type: Function tree
    | Stack used          :  00001140


  ->Sub-tree of type: Function tree
                             CSTACK
    | Stack used (prev) :  00001140
  01  LoadingPlaylist
      | Stack used (prev) :  00001140
      | + function block  :  00000010
  <-Sub-tree of type: Function tree
    | Stack used          :  00001150


  ->Sub-tree of type: Function tree
                             CSTACK
    | Stack used (prev) :  00001150
  01  LoadPlaylists
      | Stack used (prev) :  00001150
      | + function block  :  00000458
  <-Sub-tree of type: Function tree
    | Stack used          :  000015A8


  ->Sub-tree of type: Function tree
                             CSTACK
    | Stack used (prev) :  000015A8
  01  Disable_An
      | Stack used (prev) :  000015A8
      | + function block  :  00000018
  <-Sub-tree of type: Function tree
    | Stack used          :  000015C0


  ->Sub-tree of type: Function tree
                             CSTACK
    | Stack used (prev) :  000015C0
  01  MemoryFree
      | Stack used (prev) :  000015C0
      | + function block  :  00000004
  <-Sub-tree of type: Function tree
    | Stack used          :  000015C4


  ->Sub-tree of type: Function tree
                             CSTACK
    | Stack used (prev) :  000015C4
  01  CrPopup
      | Stack used (prev) :  000015C4
      | + function block  :  00000044
  <-Sub-tree of type: Function tree
    | Stack used          :  00001608


  ->Sub-tree of type: Function tree
                             CSTACK
    | Stack used (prev) :  00001608
  01  Disp_Sets_Menu
      | Stack used (prev) :  00001608
      | + function block  :  0000001C
  <-Sub-tree of type: Function tree
    | Stack used          :  00001624


  ->Sub-tree of type: Function tree
                             CSTACK
    | Stack used (prev) :  00001624
  01  initSetsMenuLangPack
      | Stack used (prev) :  00001624
      | + function block  :  00000000
  <-Sub-tree of type: Function tree
    | Stack used          :  00001624




                ****************************************
                *                                      *
                *      SEGMENTS IN ADDRESS ORDER       *
                *                                      *
                ****************************************


SEGMENT              SPACE    START ADDRESS   END ADDRESS     SIZE  TYPE  ALIGN
=======              =====    =============   ===========     ====  ====  =====
ELFBEGIN             CODE_AREA           00000000                     rel    0
DATA_ID              CODE_AREA      00000000 - 00000236         237   rel    2
START                CODE_AREA           00000237                     dse    0
CODE                 CODE_AREA      00000238 - 0000801B        7DE4   rel    2
DATA_C               CODE_AREA      0000801C - 00009573        1558   rel    2
INITTAB              CODE_AREA      00009574 - 0000958B          18   rel    2
DATA_Z               CODE_AREA      0000958C - 0000D24D        3CC2   rel    2
DATA_N               CODE_AREA           0000D24E                     dse    0
CONFIG_C             CODE_AREA      0000D250 - 0000DED7         C88   rel    2
DATA_I               DATA_AREA      00000000 - 00000236         237   rel    2

                ****************************************
                *                                      *
                *        END OF CROSS REFERENCE        *
                *                                      *
                ****************************************

 57 045 bytes of CODE memory
    567 bytes of DATA memory

Errors: none
Warnings: none

