################################################################################
#                                                                              #
#      IAR Universal Linker V4.60I/386                                         #
#                                                                              #
#           Link time     =  04/Oct/2009  12:37:56                             #
#           Target CPU    =  ARM                                               #
#           List file     =  C:\arm\CBN\Flash\Release\List\TED.map             #
#           Output file 1 =  C:\arm\CBN\Flash\Release\Exe\TED.elf              #
#                            Format: elf, variant: -ynpraw                     #
#           Command line  =  C:\arm\CBN\Flash\Release\Obj\FUNC.r79             #
#                            C:\arm\CBN\Flash\Release\Obj\Main.r79 -o          #
#                            C:\arm\CBN\Flash\Release\Exe\TED.elf -Felf -l     #
#                            C:\arm\CBN\Flash\Release\List\TED.map -xmsnio     #
#                            -f C:\arm\ElfLibraryInfo\test.xcl (-carm          #
#                            -V(CODE)CODE_AREA,12 -V(DATA)DATA_AREA,12         #
#                            -Z(CODE_AREA)ELFBEGIN,DATA_ID,START,CODE,DATA_C,I #
#                            NITTAB,DATA_Z,DATA_N,CONFIG_C=0-FFFFFFFF          #
#                            -Z(DATA_AREA)DATA_I=0-FFFFFFFF) -ynpraw -s main   #
#                                                                              #
#                        Copyright 1987-2007 IAR Systems. All rights reserved. #
################################################################################





                ****************************************
                *                                      *
                *           CROSS REFERENCE            *
                *                                      *
                ****************************************

       Program entry at : CODE_AREA 000000CC  Relocatable, from module : Main




                ****************************************
                *                                      *
                *            RUNTIME MODEL             *
                *                                      *
                ****************************************

  StackAlign4  = USED
  __cpu_mode   = __pcs__interwork
  __data_model = absolute
  __endian     = little
  __rt_version = 6



                ****************************************
                *                                      *
                *              MODULE MAP              *
                *                                      *
                ****************************************


  DEFINED ABSOLUTE ENTRIES
    *************************************************************************

  DEFINED ABSOLUTE ENTRIES
    *************************************************************************

  FILE NAME : C:\arm\CBN\Flash\Release\Obj\FUNC.r79
  PROGRAM MODULE, NAME : FUNC

  SEGMENTS IN THE MODULE
  ======================
ELFBEGIN
  Relative segment, address: CODE_AREA 00000000, align: 0
  Segment part 0. ROOT.
           ENTRY                   ADDRESS         REF BY
           =====                   =======         ======
           ELF_BEGIN               00000000 
    -------------------------------------------------------------------------
CODE
  Relative segment, address: CODE_AREA 00000000 - 00000003 (0x4 bytes), align: 2
  Segment part 1. ROOT.
           ENTRY                   ADDRESS         REF BY
           =====                   =======         ======
           kill_data               00000000 

    *************************************************************************

  FILE NAME : C:\arm\CBN\Flash\Release\Obj\Main.r79
  PROGRAM MODULE, NAME : Main

  SEGMENTS IN THE MODULE
  ======================
CODE
  Segment part 3. NOT NEEDED.
    -------------------------------------------------------------------------
CODE
  Segment part 4. NOT NEEDED.
           ENTRY                   ADDRESS         REF BY
           =====                   =======         ======
           Exit                    
               not allocated function
    -------------------------------------------------------------------------
CODE
  Segment part 5. NOT NEEDED.
    -------------------------------------------------------------------------
CODE
  Relative segment, address: CODE_AREA 00000004 - 0000006B (0x68 bytes), align: 2
  Segment part 6.             Intra module refs:   main
           ENTRY                   ADDRESS         REF BY
           =====                   =======         ======
           fwrite                  00000004 
               stack 1 = 00000000 ( 0000001C )
    -------------------------------------------------------------------------
CODE
  Segment part 7. NOT NEEDED.
    -------------------------------------------------------------------------
CODE
  Relative segment, address: CODE_AREA 0000006C - 000000CB (0x60 bytes), align: 2
  Segment part 8.             Intra module refs:   main
           ENTRY                   ADDRESS         REF BY
           =====                   =======         ======
           getval                  0000006C 
    -------------------------------------------------------------------------
CODE
  Segment part 9. NOT NEEDED.
    -------------------------------------------------------------------------
CODE
  Relative segment, address: CODE_AREA 000000CC - 0000019B (0xd0 bytes), align: 2
  Segment part 10.
           ENTRY                   ADDRESS         REF BY
           =====                   =======         ======
           main                    000000CC        Absolute parts (?ABS_ENTRY_MOD)
               stack 1 = 00000000 ( 00000094 )
    -------------------------------------------------------------------------
CSTACK
  Segment part 1. NOT NEEDED.
    -------------------------------------------------------------------------
DATA_C
  Relative segment, address: CODE_AREA 0000019C - 000001B3 (0x18 bytes), align: 2
  Segment part 2.             Intra module refs:   main




                ****************************************
                *                                      *
                *            MODULE SUMMARY            *
                *                                      *
                ****************************************

Module   CODE
------   ----
        (Rel)
FUNC        4
Main      432
------    ---
Total:    436


                ****************************************
                *                                      *
                *              CALL GRAPH              *
                *                                      *
                ****************************************

  ->Sub-tree of type: Function tree
                             CSTACK
    | Stack used (prev) :  00000000
  01  fwrite
      | Stack used (prev) :  00000000
      | + function block  :  0000001C
  <-Sub-tree of type: Function tree
    | Stack used          :  0000001C


  ->Sub-tree of type: Function tree
                             CSTACK
    | Stack used (prev) :  0000001C
  01  getval
      | Stack used (prev) :  0000001C
      | + function block  :  00000000
  <-Sub-tree of type: Function tree
    | Stack used          :  0000001C


  ->Sub-tree of type: Function tree
                             CSTACK
    | Stack used (prev) :  0000001C
  01  main
      | Stack used (prev) :  0000001C
      | + function block  :  00000094
  <-Sub-tree of type: Function tree
    | Stack used          :  000000B0




                ****************************************
                *                                      *
                *      SEGMENTS IN ADDRESS ORDER       *
                *                                      *
                ****************************************


SEGMENT              SPACE    START ADDRESS   END ADDRESS     SIZE  TYPE  ALIGN
=======              =====    =============   ===========     ====  ====  =====
DATA_ID              CODE_AREA           00000000                     dse    0
START                CODE_AREA           00000000                     dse    0
ELFBEGIN             CODE_AREA           00000000                     rel    0
CODE                 CODE_AREA      00000000 - 0000019B         19C   rel    2
DATA_C               CODE_AREA      0000019C - 000001B3          18   rel    2

                ****************************************
                *                                      *
                *        END OF CROSS REFERENCE        *
                *                                      *
                ****************************************

 436 bytes of CODE memory

Errors: none
Warnings: none

