################################################################################
#                                                                              #
#      IAR Universal Linker V4.60E/386                                         #
#                                                                              #
#           Link time     =  05/Nov/2007  22:35:33                             #
#           Target CPU    =  ARM                                               #
#           List file     =  D:\Pasha\elf\XShed_src\XShed\Release\List\XShed.m #
#                            ap                                                #
#           Output file 1 =  D:\Pasha\elf\XShed_src\XShed\Release\Exe\XShed.el #
#                            f                                                 #
#                            Format: elf, variant: -ynpra                      #
#           Command line  =  D:\Pasha\elf\XShed_src\XShed\Release\Obj\conf_loa #
#                            der.r79                                           #
#                            D:\Pasha\elf\XShed_src\XShed\Release\Obj\config_d #
#                            ata.r79                                           #
#                            D:\Pasha\elf\XShed_src\XShed\Release\Obj\func.r79 #
#                            D:\Pasha\elf\XShed_src\XShed\Release\Obj\main.r79 #
#                            D:\Pasha\elf\XShed_src\XShed\div.r79 -o           #
#                            D:\Pasha\elf\XShed_src\XShed\Release\Exe\XShed.el #
#                            f                                                 #
#                            -Felf -l                                          #
#                            D:\Pasha\elf\XShed_src\XShed\Release\List\XShed.m #
#                            ap                                                #
#                            -xmsnio -f D:\Pasha\elf\test.xcl (-carm           #
#                            -V(CODE)CODE_AREA,12 -V(DATA)DATA_AREA,12         #
#                            -Z(CODE_AREA)ELFBEGIN,DATA_ID,START,CODE,DATA_C,I #
#                            NITTAB,DATA_Z,DATA_N,CONFIG_C=0-FFFFFFFF          #
#                            -Z(DATA_AREA)DATA_I=0-FFFFFFFF) -ynpra -s main    #
#                                                                              #
#                        Copyright 1987-2006 IAR Systems. All rights reserved. #
################################################################################





                ****************************************
                *                                      *
                *           CROSS REFERENCE            *
                *                                      *
                ****************************************

       Program entry at : CODE_AREA 00000F88  Relocatable, from module : main




                ****************************************
                *                                      *
                *            RUNTIME MODEL             *
                *                                      *
                ****************************************

  StackAlign4  = USED
  __cpu_mode   = __pcs__interwork
  __data_model = absolute
  __endian     = little
  __rt_version = 6



                ****************************************
                *                                      *
                *              MODULE MAP              *
                *                                      *
                ****************************************


  DEFINED ABSOLUTE ENTRIES
    *************************************************************************

  DEFINED ABSOLUTE ENTRIES
    *************************************************************************

  FILE NAME : D:\Pasha\elf\XShed_src\XShed\Release\Obj\conf_loader.r79
  PROGRAM MODULE, NAME : conf_loader

  SEGMENTS IN THE MODULE
  ======================
DATA_I
  Relative segment, address: DATA_AREA 00000000 - 00000003 (0x4 bytes), align: 2
  Segment part 4.             Intra module refs:   LoadConfigData
           ENTRY                   ADDRESS         REF BY
           =====                   =======         ======
           successed_config_filename
                                   00000000        Segment part 52 (main)
    -------------------------------------------------------------------------
CODE
  Segment part 6. NOT NEEDED.
    -------------------------------------------------------------------------
CODE
  Relative segment, address: CODE_AREA 00000004 - 0000012F (0x12c bytes), align: 2
  Segment part 7.             Intra module refs:   InitConfig
           ENTRY                   ADDRESS         REF BY
           =====                   =======         ======
           LoadConfigData          00000004 
               stack 1 = 00000000 ( 00000030 )
    -------------------------------------------------------------------------
CODE
  Segment part 8. NOT NEEDED.
    -------------------------------------------------------------------------
CODE
  Relative segment, address: CODE_AREA 00000130 - 00000157 (0x28 bytes), align: 2
  Segment part 9.
           ENTRY                   ADDRESS         REF BY
           =====                   =======         ======
           InitConfig              00000130        FillData (main)
               stack 1 = 00000000 ( 00000008 )
    -------------------------------------------------------------------------
CSTACK
  Segment part 1. NOT NEEDED.
    -------------------------------------------------------------------------
DATA_ID
  Relative segment, address: CODE_AREA 00000000 - 00000003 (0x4 bytes), align: 2
  Segment part 5.             Intra module refs:   successed_config_filename
    -------------------------------------------------------------------------
DATA_ID
  Segment part 10. NOT NEEDED.
           ENTRY                   ADDRESS         REF BY
           =====                   =======         ======
           ?*?DATA_ID              
    -------------------------------------------------------------------------
INITTAB
  Relative segment, address: CODE_AREA 0000118C - 00001197 (0xc bytes), align: 2
  Segment part 11. ROOT.
           ENTRY                   ADDRESS         REF BY
           =====                   =======         ======
           ?init?tab?DATA_I        0000118C 
    -------------------------------------------------------------------------
CONFIG_C
  Segment part 12. NOT NEEDED.
    -------------------------------------------------------------------------
DATA_C
  Relative segment, address: CODE_AREA 00001188 - 00001188 (0x1 bytes), align: 0
  Segment part 2.             Intra module refs:   Segment part 5
    -------------------------------------------------------------------------
DATA_C
  Relative segment, address: CODE_AREA 00001060 - 0000108F (0x30 bytes), align: 2
  Segment part 3.             Intra module refs:   InitConfig

    *************************************************************************

  FILE NAME : D:\Pasha\elf\XShed_src\XShed\Release\Obj\config_data.r79
  PROGRAM MODULE, NAME : config_data

  SEGMENTS IN THE MODULE
  ======================
CONFIG_C
  Relative segment, address: CODE_AREA 000016D4 - 000016FF (0x2c bytes), align: 2
  Segment part 2. ROOT.
           ENTRY                   ADDRESS         REF BY
           =====                   =======         ======
           cfghdr0                 000016D4        LoadConfigData (conf_loader)
    -------------------------------------------------------------------------
CONFIG_C
  Relative segment, address: CODE_AREA 00001700 - 00001703 (0x4 bytes), align: 2
  Segment part 3. ROOT.
           ENTRY                   ADDRESS         REF BY
           =====                   =======         ======
           Button                  00001700        my_keyhook (main)
    -------------------------------------------------------------------------
CONFIG_C
  Relative segment, address: CODE_AREA 00001704 - 0000172F (0x2c bytes), align: 2
  Segment part 4. ROOT.
           ENTRY                   ADDRESS         REF BY
           =====                   =======         ======
           cfghdr1                 00001704 
    -------------------------------------------------------------------------
CONFIG_C
  Relative segment, address: CODE_AREA 00001730 - 0000175B (0x2c bytes), align: 2
  Segment part 5. ROOT.
           ENTRY                   ADDRESS         REF BY
           =====                   =======         ======
           cfghdr1_1               00001730 
    -------------------------------------------------------------------------
CONFIG_C
  Relative segment, address: CODE_AREA 0000175C - 0000175F (0x4 bytes), align: 2
  Segment part 6. ROOT.
           ENTRY                   ADDRESS         REF BY
           =====                   =======         ======
           fontcolor               0000175C        Segment part 55 (main)
    -------------------------------------------------------------------------
CONFIG_C
  Relative segment, address: CODE_AREA 00001760 - 0000178B (0x2c bytes), align: 2
  Segment part 7. ROOT.
           ENTRY                   ADDRESS         REF BY
           =====                   =======         ======
           cfghdr1_2               00001760 
    -------------------------------------------------------------------------
CONFIG_C
  Relative segment, address: CODE_AREA 0000178C - 0000178F (0x4 bytes), align: 2
  Segment part 8. ROOT.
           ENTRY                   ADDRESS         REF BY
           =====                   =======         ======
           outline                 0000178C        Segment part 54 (main)
    -------------------------------------------------------------------------
CONFIG_C
  Relative segment, address: CODE_AREA 00001790 - 000017BB (0x2c bytes), align: 2
  Segment part 9. ROOT.
           ENTRY                   ADDRESS         REF BY
           =====                   =======         ======
           cfghdr1_3               00001790 
    -------------------------------------------------------------------------
CONFIG_C
  Relative segment, address: CODE_AREA 000017BC - 000017BF (0x4 bytes), align: 2
  Segment part 10. ROOT.
           ENTRY                   ADDRESS         REF BY
           =====                   =======         ======
           x                       000017BC        MyIDLECSM_onMessage (main)
    -------------------------------------------------------------------------
CONFIG_C
  Relative segment, address: CODE_AREA 000017C0 - 000017C3 (0x4 bytes), align: 2
  Segment part 11. ROOT.
           ENTRY                   ADDRESS         REF BY
           =====                   =======         ======
           y                       000017C0        MyIDLECSM_onMessage (main)
    -------------------------------------------------------------------------
CONFIG_C
  Relative segment, address: CODE_AREA 000017C4 - 000017EF (0x2c bytes), align: 2
  Segment part 12. ROOT.
           ENTRY                   ADDRESS         REF BY
           =====                   =======         ======
           cfghdr1_4               000017C4 
    -------------------------------------------------------------------------
CONFIG_C
  Relative segment, address: CODE_AREA 000017F0 - 000017F3 (0x4 bytes), align: 2
  Segment part 13. ROOT.
           ENTRY                   ADDRESS         REF BY
           =====                   =======         ======
           font                    000017F0        Segment part 53 (main)
    -------------------------------------------------------------------------
CONFIG_C
  Relative segment, address: CODE_AREA 000017F4 - 0000181F (0x2c bytes), align: 2
  Segment part 14. ROOT.
           ENTRY                   ADDRESS         REF BY
           =====                   =======         ======
           cfghdr1_5               000017F4 
    -------------------------------------------------------------------------
CONFIG_C
  Relative segment, address: CODE_AREA 00001820 - 00001823 (0x4 bytes), align: 2
  Segment part 15. ROOT.
           ENTRY                   ADDRESS         REF BY
           =====                   =======         ======
           backcolor               00001820        onRedraw (main)
    -------------------------------------------------------------------------
CONFIG_C
  Relative segment, address: CODE_AREA 00001824 - 0000184F (0x2c bytes), align: 2
  Segment part 16. ROOT.
           ENTRY                   ADDRESS         REF BY
           =====                   =======         ======
           cfghdr1_6               00001824 
    -------------------------------------------------------------------------
CONFIG_C
  Relative segment, address: CODE_AREA 00001850 - 00001853 (0x4 bytes), align: 2
  Segment part 17. ROOT.
           ENTRY                   ADDRESS         REF BY
           =====                   =======         ======
           linecolor               00001850        onRedraw (main)
    -------------------------------------------------------------------------
CONFIG_C
  Relative segment, address: CODE_AREA 00001854 - 0000187F (0x2c bytes), align: 2
  Segment part 18. ROOT.
           ENTRY                   ADDRESS         REF BY
           =====                   =======         ======
           cfghdr1_7               00001854 
    -------------------------------------------------------------------------
CONFIG_C
  Relative segment, address: CODE_AREA 00001880 - 000018FF (0x80 bytes), align: 2
  Segment part 19. ROOT.
           ENTRY                   ADDRESS         REF BY
           =====                   =======         ======
           description             00001880        onRedraw (main)
    -------------------------------------------------------------------------
CONFIG_C
  Relative segment, address: CODE_AREA 00001900 - 0000192B (0x2c bytes), align: 2
  Segment part 20. ROOT.
           ENTRY                   ADDRESS         REF BY
           =====                   =======         ======
           cfghdr1_0               00001900 
    -------------------------------------------------------------------------
CONFIG_C
  Relative segment, address: CODE_AREA 0000192C - 00001957 (0x2c bytes), align: 2
  Segment part 21. ROOT.
           ENTRY                   ADDRESS         REF BY
           =====                   =======         ======
           cfghdr2                 0000192C 
    -------------------------------------------------------------------------
CONFIG_C
  Relative segment, address: CODE_AREA 00001958 - 00001983 (0x2c bytes), align: 2
  Segment part 22. ROOT.
           ENTRY                   ADDRESS         REF BY
           =====                   =======         ======
           cfghdr2_1               00001958 
    -------------------------------------------------------------------------
CONFIG_C
  Relative segment, address: CODE_AREA 00001984 - 000019AF (0x2c bytes), align: 2
  Segment part 23. ROOT.
           ENTRY                   ADDRESS         REF BY
           =====                   =======         ======
           cfghdr10_1              00001984 
    -------------------------------------------------------------------------
CONFIG_C
  Relative segment, address: CODE_AREA 000019B0 - 00001A2F (0x80 bytes), align: 2
  Segment part 24. ROOT.
           ENTRY                   ADDRESS         REF BY
           =====                   =======         ======
           Pon11                   000019B0        FillData (main)
    -------------------------------------------------------------------------
CONFIG_C
  Relative segment, address: CODE_AREA 00001A30 - 00001A5B (0x2c bytes), align: 2
  Segment part 25. ROOT.
           ENTRY                   ADDRESS         REF BY
           =====                   =======         ======
           cfghdr10_2              00001A30 
    -------------------------------------------------------------------------
CONFIG_C
  Relative segment, address: CODE_AREA 00001A5C - 00001ADB (0x80 bytes), align: 2
  Segment part 26. ROOT.
           ENTRY                   ADDRESS         REF BY
           =====                   =======         ======
           Pon12                   00001A5C        FillData (main)
    -------------------------------------------------------------------------
CONFIG_C
  Relative segment, address: CODE_AREA 00001ADC - 00001B07 (0x2c bytes), align: 2
  Segment part 27. ROOT.
           ENTRY                   ADDRESS         REF BY
           =====                   =======         ======
           cfghdr10_3              00001ADC 
    -------------------------------------------------------------------------
CONFIG_C
  Relative segment, address: CODE_AREA 00001B08 - 00001B87 (0x80 bytes), align: 2
  Segment part 28. ROOT.
           ENTRY                   ADDRESS         REF BY
           =====                   =======         ======
           Pon13                   00001B08        FillData (main)
    -------------------------------------------------------------------------
CONFIG_C
  Relative segment, address: CODE_AREA 00001B88 - 00001BB3 (0x2c bytes), align: 2
  Segment part 29. ROOT.
           ENTRY                   ADDRESS         REF BY
           =====                   =======         ======
           cfghdr10_4              00001B88 
    -------------------------------------------------------------------------
CONFIG_C
  Relative segment, address: CODE_AREA 00001BB4 - 00001C33 (0x80 bytes), align: 2
  Segment part 30. ROOT.
           ENTRY                   ADDRESS         REF BY
           =====                   =======         ======
           Pon14                   00001BB4        FillData (main)
    -------------------------------------------------------------------------
CONFIG_C
  Relative segment, address: CODE_AREA 00001C34 - 00001C5F (0x2c bytes), align: 2
  Segment part 31. ROOT.
           ENTRY                   ADDRESS         REF BY
           =====                   =======         ======
           cfghdr10_5              00001C34 
    -------------------------------------------------------------------------
CONFIG_C
  Relative segment, address: CODE_AREA 00001C60 - 00001CDF (0x80 bytes), align: 2
  Segment part 32. ROOT.
           ENTRY                   ADDRESS         REF BY
           =====                   =======         ======
           Pon15                   00001C60        FillData (main)
    -------------------------------------------------------------------------
CONFIG_C
  Relative segment, address: CODE_AREA 00001CE0 - 00001D0B (0x2c bytes), align: 2
  Segment part 33. ROOT.
           ENTRY                   ADDRESS         REF BY
           =====                   =======         ======
           cfghdr10_6              00001CE0 
    -------------------------------------------------------------------------
CONFIG_C
  Relative segment, address: CODE_AREA 00001D0C - 00001D8B (0x80 bytes), align: 2
  Segment part 34. ROOT.
           ENTRY                   ADDRESS         REF BY
           =====                   =======         ======
           Pon16                   00001D0C        FillData (main)
    -------------------------------------------------------------------------
CONFIG_C
  Relative segment, address: CODE_AREA 00001D8C - 00001DB7 (0x2c bytes), align: 2
  Segment part 35. ROOT.
           ENTRY                   ADDRESS         REF BY
           =====                   =======         ======
           cfghdr10_7              00001D8C 
    -------------------------------------------------------------------------
CONFIG_C
  Relative segment, address: CODE_AREA 00001DB8 - 00001E37 (0x80 bytes), align: 2
  Segment part 36. ROOT.
           ENTRY                   ADDRESS         REF BY
           =====                   =======         ======
           Pon17                   00001DB8        FillData (main)
    -------------------------------------------------------------------------
CONFIG_C
  Relative segment, address: CODE_AREA 00001E38 - 00001E63 (0x2c bytes), align: 2
  Segment part 37. ROOT.
           ENTRY                   ADDRESS         REF BY
           =====                   =======         ======
           cfghdr2_1_0             00001E38 
    -------------------------------------------------------------------------
CONFIG_C
  Relative segment, address: CODE_AREA 00001E64 - 00001E8F (0x2c bytes), align: 2
  Segment part 38. ROOT.
           ENTRY                   ADDRESS         REF BY
           =====                   =======         ======
           cfghdr2_2               00001E64 
    -------------------------------------------------------------------------
CONFIG_C
  Relative segment, address: CODE_AREA 00001E90 - 00001EBB (0x2c bytes), align: 2
  Segment part 39. ROOT.
           ENTRY                   ADDRESS         REF BY
           =====                   =======         ======
           cfghdr11_1              00001E90 
    -------------------------------------------------------------------------
CONFIG_C
  Relative segment, address: CODE_AREA 00001EBC - 00001F3B (0x80 bytes), align: 2
  Segment part 40. ROOT.
           ENTRY                   ADDRESS         REF BY
           =====                   =======         ======
           Vt11                    00001EBC        FillData (main)
    -------------------------------------------------------------------------
CONFIG_C
  Relative segment, address: CODE_AREA 00001F3C - 00001F67 (0x2c bytes), align: 2
  Segment part 41. ROOT.
           ENTRY                   ADDRESS         REF BY
           =====                   =======         ======
           cfghdr11_2              00001F3C 
    -------------------------------------------------------------------------
CONFIG_C
  Relative segment, address: CODE_AREA 00001F68 - 00001FE7 (0x80 bytes), align: 2
  Segment part 42. ROOT.
           ENTRY                   ADDRESS         REF BY
           =====                   =======         ======
           Vt12                    00001F68        FillData (main)
    -------------------------------------------------------------------------
CONFIG_C
  Relative segment, address: CODE_AREA 00001FE8 - 00002013 (0x2c bytes), align: 2
  Segment part 43. ROOT.
           ENTRY                   ADDRESS         REF BY
           =====                   =======         ======
           cfghdr11_3              00001FE8 
    -------------------------------------------------------------------------
CONFIG_C
  Relative segment, address: CODE_AREA 00002014 - 00002093 (0x80 bytes), align: 2
  Segment part 44. ROOT.
           ENTRY                   ADDRESS         REF BY
           =====                   =======         ======
           Vt13                    00002014        FillData (main)
    -------------------------------------------------------------------------
CONFIG_C
  Relative segment, address: CODE_AREA 00002094 - 000020BF (0x2c bytes), align: 2
  Segment part 45. ROOT.
           ENTRY                   ADDRESS         REF BY
           =====                   =======         ======
           cfghdr11_4              00002094 
    -------------------------------------------------------------------------
CONFIG_C
  Relative segment, address: CODE_AREA 000020C0 - 0000213F (0x80 bytes), align: 2
  Segment part 46. ROOT.
           ENTRY                   ADDRESS         REF BY
           =====                   =======         ======
           Vt14                    000020C0        FillData (main)
    -------------------------------------------------------------------------
CONFIG_C
  Relative segment, address: CODE_AREA 00002140 - 0000216B (0x2c bytes), align: 2
  Segment part 47. ROOT.
           ENTRY                   ADDRESS         REF BY
           =====                   =======         ======
           cfghdr11_5              00002140 
    -------------------------------------------------------------------------
CONFIG_C
  Relative segment, address: CODE_AREA 0000216C - 000021EB (0x80 bytes), align: 2
  Segment part 48. ROOT.
           ENTRY                   ADDRESS         REF BY
           =====                   =======         ======
           Vt15                    0000216C        FillData (main)
    -------------------------------------------------------------------------
CONFIG_C
  Relative segment, address: CODE_AREA 000021EC - 00002217 (0x2c bytes), align: 2
  Segment part 49. ROOT.
           ENTRY                   ADDRESS         REF BY
           =====                   =======         ======
           cfghdr11_6              000021EC 
    -------------------------------------------------------------------------
CONFIG_C
  Relative segment, address: CODE_AREA 00002218 - 00002297 (0x80 bytes), align: 2
  Segment part 50. ROOT.
           ENTRY                   ADDRESS         REF BY
           =====                   =======         ======
           Vt16                    00002218        FillData (main)
    -------------------------------------------------------------------------
CONFIG_C
  Relative segment, address: CODE_AREA 00002298 - 000022C3 (0x2c bytes), align: 2
  Segment part 51. ROOT.
           ENTRY                   ADDRESS         REF BY
           =====                   =======         ======
           cfghdr11_7              00002298 
    -------------------------------------------------------------------------
CONFIG_C
  Relative segment, address: CODE_AREA 000022C4 - 00002343 (0x80 bytes), align: 2
  Segment part 52. ROOT.
           ENTRY                   ADDRESS         REF BY
           =====                   =======         ======
           Vt17                    000022C4        FillData (main)
    -------------------------------------------------------------------------
CONFIG_C
  Relative segment, address: CODE_AREA 00002344 - 0000236F (0x2c bytes), align: 2
  Segment part 53. ROOT.
           ENTRY                   ADDRESS         REF BY
           =====                   =======         ======
           cfghdr2_2_0             00002344 
    -------------------------------------------------------------------------
CONFIG_C
  Relative segment, address: CODE_AREA 00002370 - 0000239B (0x2c bytes), align: 2
  Segment part 54. ROOT.
           ENTRY                   ADDRESS         REF BY
           =====                   =======         ======
           cfghdr2_3               00002370 
    -------------------------------------------------------------------------
CONFIG_C
  Relative segment, address: CODE_AREA 0000239C - 000023C7 (0x2c bytes), align: 2
  Segment part 55. ROOT.
           ENTRY                   ADDRESS         REF BY
           =====                   =======         ======
           cfghdr12_1              0000239C 
    -------------------------------------------------------------------------
CONFIG_C
  Relative segment, address: CODE_AREA 000023C8 - 00002447 (0x80 bytes), align: 2
  Segment part 56. ROOT.
           ENTRY                   ADDRESS         REF BY
           =====                   =======         ======
           Sr11                    000023C8        FillData (main)
    -------------------------------------------------------------------------
CONFIG_C
  Relative segment, address: CODE_AREA 00002448 - 00002473 (0x2c bytes), align: 2
  Segment part 57. ROOT.
           ENTRY                   ADDRESS         REF BY
           =====                   =======         ======
           cfghdr12_2              00002448 
    -------------------------------------------------------------------------
CONFIG_C
  Relative segment, address: CODE_AREA 00002474 - 000024F3 (0x80 bytes), align: 2
  Segment part 58. ROOT.
           ENTRY                   ADDRESS         REF BY
           =====                   =======         ======
           Sr12                    00002474        FillData (main)
    -------------------------------------------------------------------------
CONFIG_C
  Relative segment, address: CODE_AREA 000024F4 - 0000251F (0x2c bytes), align: 2
  Segment part 59. ROOT.
           ENTRY                   ADDRESS         REF BY
           =====                   =======         ======
           cfghdr12_3              000024F4 
    -------------------------------------------------------------------------
CONFIG_C
  Relative segment, address: CODE_AREA 00002520 - 0000259F (0x80 bytes), align: 2
  Segment part 60. ROOT.
           ENTRY                   ADDRESS         REF BY
           =====                   =======         ======
           Sr13                    00002520        FillData (main)
    -------------------------------------------------------------------------
CONFIG_C
  Relative segment, address: CODE_AREA 000025A0 - 000025CB (0x2c bytes), align: 2
  Segment part 61. ROOT.
           ENTRY                   ADDRESS         REF BY
           =====                   =======         ======
           cfghdr12_4              000025A0 
    -------------------------------------------------------------------------
CONFIG_C
  Relative segment, address: CODE_AREA 000025CC - 0000264B (0x80 bytes), align: 2
  Segment part 62. ROOT.
           ENTRY                   ADDRESS         REF BY
           =====                   =======         ======
           Sr14                    000025CC        FillData (main)
    -------------------------------------------------------------------------
CONFIG_C
  Relative segment, address: CODE_AREA 0000264C - 00002677 (0x2c bytes), align: 2
  Segment part 63. ROOT.
           ENTRY                   ADDRESS         REF BY
           =====                   =======         ======
           cfghdr12_5              0000264C 
    -------------------------------------------------------------------------
CONFIG_C
  Relative segment, address: CODE_AREA 00002678 - 000026F7 (0x80 bytes), align: 2
  Segment part 64. ROOT.
           ENTRY                   ADDRESS         REF BY
           =====                   =======         ======
           Sr15                    00002678        FillData (main)
    -------------------------------------------------------------------------
CONFIG_C
  Relative segment, address: CODE_AREA 000026F8 - 00002723 (0x2c bytes), align: 2
  Segment part 65. ROOT.
           ENTRY                   ADDRESS         REF BY
           =====                   =======         ======
           cfghdr12_6              000026F8 
    -------------------------------------------------------------------------
CONFIG_C
  Relative segment, address: CODE_AREA 00002724 - 000027A3 (0x80 bytes), align: 2
  Segment part 66. ROOT.
           ENTRY                   ADDRESS         REF BY
           =====                   =======         ======
           Sr16                    00002724        FillData (main)
    -------------------------------------------------------------------------
CONFIG_C
  Relative segment, address: CODE_AREA 000027A4 - 000027CF (0x2c bytes), align: 2
  Segment part 67. ROOT.
           ENTRY                   ADDRESS         REF BY
           =====                   =======         ======
           cfghdr12_7              000027A4 
    -------------------------------------------------------------------------
CONFIG_C
  Relative segment, address: CODE_AREA 000027D0 - 0000284F (0x80 bytes), align: 2
  Segment part 68. ROOT.
           ENTRY                   ADDRESS         REF BY
           =====                   =======         ======
           Sr17                    000027D0        FillData (main)
    -------------------------------------------------------------------------
CONFIG_C
  Relative segment, address: CODE_AREA 00002850 - 0000287B (0x2c bytes), align: 2
  Segment part 69. ROOT.
           ENTRY                   ADDRESS         REF BY
           =====                   =======         ======
           cfghdr2_3_0             00002850 
    -------------------------------------------------------------------------
CONFIG_C
  Relative segment, address: CODE_AREA 0000287C - 000028A7 (0x2c bytes), align: 2
  Segment part 70. ROOT.
           ENTRY                   ADDRESS         REF BY
           =====                   =======         ======
           cfghdr2_4               0000287C 
    -------------------------------------------------------------------------
CONFIG_C
  Relative segment, address: CODE_AREA 000028A8 - 000028D3 (0x2c bytes), align: 2
  Segment part 71. ROOT.
           ENTRY                   ADDRESS         REF BY
           =====                   =======         ======
           cfghdr13_1              000028A8 
    -------------------------------------------------------------------------
CONFIG_C
  Relative segment, address: CODE_AREA 000028D4 - 00002953 (0x80 bytes), align: 2
  Segment part 72. ROOT.
           ENTRY                   ADDRESS         REF BY
           =====                   =======         ======
           Ch11                    000028D4        FillData (main)
    -------------------------------------------------------------------------
CONFIG_C
  Relative segment, address: CODE_AREA 00002954 - 0000297F (0x2c bytes), align: 2
  Segment part 73. ROOT.
           ENTRY                   ADDRESS         REF BY
           =====                   =======         ======
           cfghdr13_2              00002954 
    -------------------------------------------------------------------------
CONFIG_C
  Relative segment, address: CODE_AREA 00002980 - 000029FF (0x80 bytes), align: 2
  Segment part 74. ROOT.
           ENTRY                   ADDRESS         REF BY
           =====                   =======         ======
           Ch12                    00002980        FillData (main)
    -------------------------------------------------------------------------
CONFIG_C
  Relative segment, address: CODE_AREA 00002A00 - 00002A2B (0x2c bytes), align: 2
  Segment part 75. ROOT.
           ENTRY                   ADDRESS         REF BY
           =====                   =======         ======
           cfghdr13_3              00002A00 
    -------------------------------------------------------------------------
CONFIG_C
  Relative segment, address: CODE_AREA 00002A2C - 00002AAB (0x80 bytes), align: 2
  Segment part 76. ROOT.
           ENTRY                   ADDRESS         REF BY
           =====                   =======         ======
           Ch13                    00002A2C        FillData (main)
    -------------------------------------------------------------------------
CONFIG_C
  Relative segment, address: CODE_AREA 00002AAC - 00002AD7 (0x2c bytes), align: 2
  Segment part 77. ROOT.
           ENTRY                   ADDRESS         REF BY
           =====                   =======         ======
           cfghdr13_4              00002AAC 
    -------------------------------------------------------------------------
CONFIG_C
  Relative segment, address: CODE_AREA 00002AD8 - 00002B57 (0x80 bytes), align: 2
  Segment part 78. ROOT.
           ENTRY                   ADDRESS         REF BY
           =====                   =======         ======
           Ch14                    00002AD8        FillData (main)
    -------------------------------------------------------------------------
CONFIG_C
  Relative segment, address: CODE_AREA 00002B58 - 00002B83 (0x2c bytes), align: 2
  Segment part 79. ROOT.
           ENTRY                   ADDRESS         REF BY
           =====                   =======         ======
           cfghdr13_5              00002B58 
    -------------------------------------------------------------------------
CONFIG_C
  Relative segment, address: CODE_AREA 00002B84 - 00002C03 (0x80 bytes), align: 2
  Segment part 80. ROOT.
           ENTRY                   ADDRESS         REF BY
           =====                   =======         ======
           Ch15                    00002B84        FillData (main)
    -------------------------------------------------------------------------
CONFIG_C
  Relative segment, address: CODE_AREA 00002C04 - 00002C2F (0x2c bytes), align: 2
  Segment part 81. ROOT.
           ENTRY                   ADDRESS         REF BY
           =====                   =======         ======
           cfghdr13_6              00002C04 
    -------------------------------------------------------------------------
CONFIG_C
  Relative segment, address: CODE_AREA 00002C30 - 00002CAF (0x80 bytes), align: 2
  Segment part 82. ROOT.
           ENTRY                   ADDRESS         REF BY
           =====                   =======         ======
           Ch16                    00002C30        FillData (main)
    -------------------------------------------------------------------------
CONFIG_C
  Relative segment, address: CODE_AREA 00002CB0 - 00002CDB (0x2c bytes), align: 2
  Segment part 83. ROOT.
           ENTRY                   ADDRESS         REF BY
           =====                   =======         ======
           cfghdr13_7              00002CB0 
    -------------------------------------------------------------------------
CONFIG_C
  Relative segment, address: CODE_AREA 00002CDC - 00002D5B (0x80 bytes), align: 2
  Segment part 84. ROOT.
           ENTRY                   ADDRESS         REF BY
           =====                   =======         ======
           Ch17                    00002CDC        FillData (main)
    -------------------------------------------------------------------------
CONFIG_C
  Relative segment, address: CODE_AREA 00002D5C - 00002D87 (0x2c bytes), align: 2
  Segment part 85. ROOT.
           ENTRY                   ADDRESS         REF BY
           =====                   =======         ======
           cfghdr2_4_0             00002D5C 
    -------------------------------------------------------------------------
CONFIG_C
  Relative segment, address: CODE_AREA 00002D88 - 00002DB3 (0x2c bytes), align: 2
  Segment part 86. ROOT.
           ENTRY                   ADDRESS         REF BY
           =====                   =======         ======
           cfghdr2_5               00002D88 
    -------------------------------------------------------------------------
CONFIG_C
  Relative segment, address: CODE_AREA 00002DB4 - 00002DDF (0x2c bytes), align: 2
  Segment part 87. ROOT.
           ENTRY                   ADDRESS         REF BY
           =====                   =======         ======
           cfghdr14_1              00002DB4 
    -------------------------------------------------------------------------
CONFIG_C
  Relative segment, address: CODE_AREA 00002DE0 - 00002E5F (0x80 bytes), align: 2
  Segment part 88. ROOT.
           ENTRY                   ADDRESS         REF BY
           =====                   =======         ======
           Pt11                    00002DE0        FillData (main)
    -------------------------------------------------------------------------
CONFIG_C
  Relative segment, address: CODE_AREA 00002E60 - 00002E8B (0x2c bytes), align: 2
  Segment part 89. ROOT.
           ENTRY                   ADDRESS         REF BY
           =====                   =======         ======
           cfghdr14_2              00002E60 
    -------------------------------------------------------------------------
CONFIG_C
  Relative segment, address: CODE_AREA 00002E8C - 00002F0B (0x80 bytes), align: 2
  Segment part 90. ROOT.
           ENTRY                   ADDRESS         REF BY
           =====                   =======         ======
           Pt12                    00002E8C        FillData (main)
    -------------------------------------------------------------------------
CONFIG_C
  Relative segment, address: CODE_AREA 00002F0C - 00002F37 (0x2c bytes), align: 2
  Segment part 91. ROOT.
           ENTRY                   ADDRESS         REF BY
           =====                   =======         ======
           cfghdr14_3              00002F0C 
    -------------------------------------------------------------------------
CONFIG_C
  Relative segment, address: CODE_AREA 00002F38 - 00002FB7 (0x80 bytes), align: 2
  Segment part 92. ROOT.
           ENTRY                   ADDRESS         REF BY
           =====                   =======         ======
           Pt13                    00002F38        FillData (main)
    -------------------------------------------------------------------------
CONFIG_C
  Relative segment, address: CODE_AREA 00002FB8 - 00002FE3 (0x2c bytes), align: 2
  Segment part 93. ROOT.
           ENTRY                   ADDRESS         REF BY
           =====                   =======         ======
           cfghdr14_4              00002FB8 
    -------------------------------------------------------------------------
CONFIG_C
  Relative segment, address: CODE_AREA 00002FE4 - 00003063 (0x80 bytes), align: 2
  Segment part 94. ROOT.
           ENTRY                   ADDRESS         REF BY
           =====                   =======         ======
           Pt14                    00002FE4        FillData (main)
    -------------------------------------------------------------------------
CONFIG_C
  Relative segment, address: CODE_AREA 00003064 - 0000308F (0x2c bytes), align: 2
  Segment part 95. ROOT.
           ENTRY                   ADDRESS         REF BY
           =====                   =======         ======
           cfghdr14_5              00003064 
    -------------------------------------------------------------------------
CONFIG_C
  Relative segment, address: CODE_AREA 00003090 - 0000310F (0x80 bytes), align: 2
  Segment part 96. ROOT.
           ENTRY                   ADDRESS         REF BY
           =====                   =======         ======
           Pt15                    00003090        FillData (main)
    -------------------------------------------------------------------------
CONFIG_C
  Relative segment, address: CODE_AREA 00003110 - 0000313B (0x2c bytes), align: 2
  Segment part 97. ROOT.
           ENTRY                   ADDRESS         REF BY
           =====                   =======         ======
           cfghdr14_6              00003110 
    -------------------------------------------------------------------------
CONFIG_C
  Relative segment, address: CODE_AREA 0000313C - 000031BB (0x80 bytes), align: 2
  Segment part 98. ROOT.
           ENTRY                   ADDRESS         REF BY
           =====                   =======         ======
           Pt16                    0000313C        FillData (main)
    -------------------------------------------------------------------------
CONFIG_C
  Relative segment, address: CODE_AREA 000031BC - 000031E7 (0x2c bytes), align: 2
  Segment part 99. ROOT.
           ENTRY                   ADDRESS         REF BY
           =====                   =======         ======
           cfghdr14_7              000031BC 
    -------------------------------------------------------------------------
CONFIG_C
  Relative segment, address: CODE_AREA 000031E8 - 00003267 (0x80 bytes), align: 2
  Segment part 100. ROOT.
           ENTRY                   ADDRESS         REF BY
           =====                   =======         ======
           Pt17                    000031E8        FillData (main)
    -------------------------------------------------------------------------
CONFIG_C
  Relative segment, address: CODE_AREA 00003268 - 00003293 (0x2c bytes), align: 2
  Segment part 101. ROOT.
           ENTRY                   ADDRESS         REF BY
           =====                   =======         ======
           cfghdr2_5_0             00003268 
    -------------------------------------------------------------------------
CONFIG_C
  Relative segment, address: CODE_AREA 00003294 - 000032BF (0x2c bytes), align: 2
  Segment part 102. ROOT.
           ENTRY                   ADDRESS         REF BY
           =====                   =======         ======
           cfghdr2_6               00003294 
    -------------------------------------------------------------------------
CONFIG_C
  Relative segment, address: CODE_AREA 000032C0 - 000032EB (0x2c bytes), align: 2
  Segment part 103. ROOT.
           ENTRY                   ADDRESS         REF BY
           =====                   =======         ======
           cfghdr15_1              000032C0 
    -------------------------------------------------------------------------
CONFIG_C
  Relative segment, address: CODE_AREA 000032EC - 0000336B (0x80 bytes), align: 2
  Segment part 104. ROOT.
           ENTRY                   ADDRESS         REF BY
           =====                   =======         ======
           Su11                    000032EC        FillData (main)
    -------------------------------------------------------------------------
CONFIG_C
  Relative segment, address: CODE_AREA 0000336C - 00003397 (0x2c bytes), align: 2
  Segment part 105. ROOT.
           ENTRY                   ADDRESS         REF BY
           =====                   =======         ======
           cfghdr15_2              0000336C 
    -------------------------------------------------------------------------
CONFIG_C
  Relative segment, address: CODE_AREA 00003398 - 00003417 (0x80 bytes), align: 2
  Segment part 106. ROOT.
           ENTRY                   ADDRESS         REF BY
           =====                   =======         ======
           Su12                    00003398        FillData (main)
    -------------------------------------------------------------------------
CONFIG_C
  Relative segment, address: CODE_AREA 00003418 - 00003443 (0x2c bytes), align: 2
  Segment part 107. ROOT.
           ENTRY                   ADDRESS         REF BY
           =====                   =======         ======
           cfghdr15_3              00003418 
    -------------------------------------------------------------------------
CONFIG_C
  Relative segment, address: CODE_AREA 00003444 - 000034C3 (0x80 bytes), align: 2
  Segment part 108. ROOT.
           ENTRY                   ADDRESS         REF BY
           =====                   =======         ======
           Su13                    00003444        FillData (main)
    -------------------------------------------------------------------------
CONFIG_C
  Relative segment, address: CODE_AREA 000034C4 - 000034EF (0x2c bytes), align: 2
  Segment part 109. ROOT.
           ENTRY                   ADDRESS         REF BY
           =====                   =======         ======
           cfghdr15_4              000034C4 
    -------------------------------------------------------------------------
CONFIG_C
  Relative segment, address: CODE_AREA 000034F0 - 0000356F (0x80 bytes), align: 2
  Segment part 110. ROOT.
           ENTRY                   ADDRESS         REF BY
           =====                   =======         ======
           Su14                    000034F0        FillData (main)
    -------------------------------------------------------------------------
CONFIG_C
  Relative segment, address: CODE_AREA 00003570 - 0000359B (0x2c bytes), align: 2
  Segment part 111. ROOT.
           ENTRY                   ADDRESS         REF BY
           =====                   =======         ======
           cfghdr15_5              00003570 
    -------------------------------------------------------------------------
CONFIG_C
  Relative segment, address: CODE_AREA 0000359C - 0000361B (0x80 bytes), align: 2
  Segment part 112. ROOT.
           ENTRY                   ADDRESS         REF BY
           =====                   =======         ======
           Su15                    0000359C        FillData (main)
    -------------------------------------------------------------------------
CONFIG_C
  Relative segment, address: CODE_AREA 0000361C - 00003647 (0x2c bytes), align: 2
  Segment part 113. ROOT.
           ENTRY                   ADDRESS         REF BY
           =====                   =======         ======
           cfghdr15_6              0000361C 
    -------------------------------------------------------------------------
CONFIG_C
  Relative segment, address: CODE_AREA 00003648 - 000036C7 (0x80 bytes), align: 2
  Segment part 114. ROOT.
           ENTRY                   ADDRESS         REF BY
           =====                   =======         ======
           Su16                    00003648        FillData (main)
    -------------------------------------------------------------------------
CONFIG_C
  Relative segment, address: CODE_AREA 000036C8 - 000036F3 (0x2c bytes), align: 2
  Segment part 115. ROOT.
           ENTRY                   ADDRESS         REF BY
           =====                   =======         ======
           cfghdr15_7              000036C8 
    -------------------------------------------------------------------------
CONFIG_C
  Relative segment, address: CODE_AREA 000036F4 - 00003773 (0x80 bytes), align: 2
  Segment part 116. ROOT.
           ENTRY                   ADDRESS         REF BY
           =====                   =======         ======
           Su17                    000036F4        FillData (main)
    -------------------------------------------------------------------------
CONFIG_C
  Relative segment, address: CODE_AREA 00003774 - 0000379F (0x2c bytes), align: 2
  Segment part 117. ROOT.
           ENTRY                   ADDRESS         REF BY
           =====                   =======         ======
           cfghdr2_6_0             00003774 
    -------------------------------------------------------------------------
CONFIG_C
  Relative segment, address: CODE_AREA 000037A0 - 000037CB (0x2c bytes), align: 2
  Segment part 118. ROOT.
           ENTRY                   ADDRESS         REF BY
           =====                   =======         ======
           cfghdr2_0               000037A0 
    -------------------------------------------------------------------------
CONFIG_C
  Relative segment, address: CODE_AREA 000037CC - 000037F7 (0x2c bytes), align: 2
  Segment part 119. ROOT.
           ENTRY                   ADDRESS         REF BY
           =====                   =======         ======
           cfghdr3                 000037CC 
    -------------------------------------------------------------------------
CONFIG_C
  Relative segment, address: CODE_AREA 000037F8 - 00003823 (0x2c bytes), align: 2
  Segment part 120. ROOT.
           ENTRY                   ADDRESS         REF BY
           =====                   =======         ======
           cfghdr3_1               000037F8 
    -------------------------------------------------------------------------
CONFIG_C
  Relative segment, address: CODE_AREA 00003824 - 0000384F (0x2c bytes), align: 2
  Segment part 121. ROOT.
           ENTRY                   ADDRESS         REF BY
           =====                   =======         ======
           cfghdr21_1              00003824 
    -------------------------------------------------------------------------
CONFIG_C
  Relative segment, address: CODE_AREA 00003850 - 000038CF (0x80 bytes), align: 2
  Segment part 122. ROOT.
           ENTRY                   ADDRESS         REF BY
           =====                   =======         ======
           Pon21                   00003850        FillData (main)
    -------------------------------------------------------------------------
CONFIG_C
  Relative segment, address: CODE_AREA 000038D0 - 000038FB (0x2c bytes), align: 2
  Segment part 123. ROOT.
           ENTRY                   ADDRESS         REF BY
           =====                   =======         ======
           cfghdr21_2              000038D0 
    -------------------------------------------------------------------------
CONFIG_C
  Relative segment, address: CODE_AREA 000038FC - 0000397B (0x80 bytes), align: 2
  Segment part 124. ROOT.
           ENTRY                   ADDRESS         REF BY
           =====                   =======         ======
           Pon22                   000038FC        FillData (main)
    -------------------------------------------------------------------------
CONFIG_C
  Relative segment, address: CODE_AREA 0000397C - 000039A7 (0x2c bytes), align: 2
  Segment part 125. ROOT.
           ENTRY                   ADDRESS         REF BY
           =====                   =======         ======
           cfghdr21_3              0000397C 
    -------------------------------------------------------------------------
CONFIG_C
  Relative segment, address: CODE_AREA 000039A8 - 00003A27 (0x80 bytes), align: 2
  Segment part 126. ROOT.
           ENTRY                   ADDRESS         REF BY
           =====                   =======         ======
           Pon23                   000039A8        FillData (main)
    -------------------------------------------------------------------------
CONFIG_C
  Relative segment, address: CODE_AREA 00003A28 - 00003A53 (0x2c bytes), align: 2
  Segment part 127. ROOT.
           ENTRY                   ADDRESS         REF BY
           =====                   =======         ======
           cfghdr21_4              00003A28 
    -------------------------------------------------------------------------
CONFIG_C
  Relative segment, address: CODE_AREA 00003A54 - 00003AD3 (0x80 bytes), align: 2
  Segment part 128. ROOT.
           ENTRY                   ADDRESS         REF BY
           =====                   =======         ======
           Pon24                   00003A54        FillData (main)
    -------------------------------------------------------------------------
CONFIG_C
  Relative segment, address: CODE_AREA 00003AD4 - 00003AFF (0x2c bytes), align: 2
  Segment part 129. ROOT.
           ENTRY                   ADDRESS         REF BY
           =====                   =======         ======
           cfghdr21_5              00003AD4 
    -------------------------------------------------------------------------
CONFIG_C
  Relative segment, address: CODE_AREA 00003B00 - 00003B7F (0x80 bytes), align: 2
  Segment part 130. ROOT.
           ENTRY                   ADDRESS         REF BY
           =====                   =======         ======
           Pon25                   00003B00        FillData (main)
    -------------------------------------------------------------------------
CONFIG_C
  Relative segment, address: CODE_AREA 00003B80 - 00003BAB (0x2c bytes), align: 2
  Segment part 131. ROOT.
           ENTRY                   ADDRESS         REF BY
           =====                   =======         ======
           cfghdr21_6              00003B80 
    -------------------------------------------------------------------------
CONFIG_C
  Relative segment, address: CODE_AREA 00003BAC - 00003C2B (0x80 bytes), align: 2
  Segment part 132. ROOT.
           ENTRY                   ADDRESS         REF BY
           =====                   =======         ======
           Pon26                   00003BAC        FillData (main)
    -------------------------------------------------------------------------
CONFIG_C
  Relative segment, address: CODE_AREA 00003C2C - 00003C57 (0x2c bytes), align: 2
  Segment part 133. ROOT.
           ENTRY                   ADDRESS         REF BY
           =====                   =======         ======
           cfghdr21_7              00003C2C 
    -------------------------------------------------------------------------
CONFIG_C
  Relative segment, address: CODE_AREA 00003C58 - 00003CD7 (0x80 bytes), align: 2
  Segment part 134. ROOT.
           ENTRY                   ADDRESS         REF BY
           =====                   =======         ======
           Pon27                   00003C58        FillData (main)
    -------------------------------------------------------------------------
CONFIG_C
  Relative segment, address: CODE_AREA 00003CD8 - 00003D03 (0x2c bytes), align: 2
  Segment part 135. ROOT.
           ENTRY                   ADDRESS         REF BY
           =====                   =======         ======
           cfghdr3_1_0             00003CD8 
    -------------------------------------------------------------------------
CONFIG_C
  Relative segment, address: CODE_AREA 00003D04 - 00003D2F (0x2c bytes), align: 2
  Segment part 136. ROOT.
           ENTRY                   ADDRESS         REF BY
           =====                   =======         ======
           cfghdr3_2               00003D04 
    -------------------------------------------------------------------------
CONFIG_C
  Relative segment, address: CODE_AREA 00003D30 - 00003D5B (0x2c bytes), align: 2
  Segment part 137. ROOT.
           ENTRY                   ADDRESS         REF BY
           =====                   =======         ======
           cfghdr22_1              00003D30 
    -------------------------------------------------------------------------
CONFIG_C
  Relative segment, address: CODE_AREA 00003D5C - 00003DDB (0x80 bytes), align: 2
  Segment part 138. ROOT.
           ENTRY                   ADDRESS         REF BY
           =====                   =======         ======
           Vt21                    00003D5C        FillData (main)
    -------------------------------------------------------------------------
CONFIG_C
  Relative segment, address: CODE_AREA 00003DDC - 00003E07 (0x2c bytes), align: 2
  Segment part 139. ROOT.
           ENTRY                   ADDRESS         REF BY
           =====                   =======         ======
           cfghdr22_2              00003DDC 
    -------------------------------------------------------------------------
CONFIG_C
  Relative segment, address: CODE_AREA 00003E08 - 00003E87 (0x80 bytes), align: 2
  Segment part 140. ROOT.
           ENTRY                   ADDRESS         REF BY
           =====                   =======         ======
           Vt22                    00003E08        FillData (main)
    -------------------------------------------------------------------------
CONFIG_C
  Relative segment, address: CODE_AREA 00003E88 - 00003EB3 (0x2c bytes), align: 2
  Segment part 141. ROOT.
           ENTRY                   ADDRESS         REF BY
           =====                   =======         ======
           cfghdr22_3              00003E88 
    -------------------------------------------------------------------------
CONFIG_C
  Relative segment, address: CODE_AREA 00003EB4 - 00003F33 (0x80 bytes), align: 2
  Segment part 142. ROOT.
           ENTRY                   ADDRESS         REF BY
           =====                   =======         ======
           Vt23                    00003EB4        FillData (main)
    -------------------------------------------------------------------------
CONFIG_C
  Relative segment, address: CODE_AREA 00003F34 - 00003F5F (0x2c bytes), align: 2
  Segment part 143. ROOT.
           ENTRY                   ADDRESS         REF BY
           =====                   =======         ======
           cfghdr22_4              00003F34 
    -------------------------------------------------------------------------
CONFIG_C
  Relative segment, address: CODE_AREA 00003F60 - 00003FDF (0x80 bytes), align: 2
  Segment part 144. ROOT.
           ENTRY                   ADDRESS         REF BY
           =====                   =======         ======
           Vt24                    00003F60        FillData (main)
    -------------------------------------------------------------------------
CONFIG_C
  Relative segment, address: CODE_AREA 00003FE0 - 0000400B (0x2c bytes), align: 2
  Segment part 145. ROOT.
           ENTRY                   ADDRESS         REF BY
           =====                   =======         ======
           cfghdr22_5              00003FE0 
    -------------------------------------------------------------------------
CONFIG_C
  Relative segment, address: CODE_AREA 0000400C - 0000408B (0x80 bytes), align: 2
  Segment part 146. ROOT.
           ENTRY                   ADDRESS         REF BY
           =====                   =======         ======
           Vt25                    0000400C        FillData (main)
    -------------------------------------------------------------------------
CONFIG_C
  Relative segment, address: CODE_AREA 0000408C - 000040B7 (0x2c bytes), align: 2
  Segment part 147. ROOT.
           ENTRY                   ADDRESS         REF BY
           =====                   =======         ======
           cfghdr22_6              0000408C 
    -------------------------------------------------------------------------
CONFIG_C
  Relative segment, address: CODE_AREA 000040B8 - 00004137 (0x80 bytes), align: 2
  Segment part 148. ROOT.
           ENTRY                   ADDRESS         REF BY
           =====                   =======         ======
           Vt26                    000040B8        FillData (main)
    -------------------------------------------------------------------------
CONFIG_C
  Relative segment, address: CODE_AREA 00004138 - 00004163 (0x2c bytes), align: 2
  Segment part 149. ROOT.
           ENTRY                   ADDRESS         REF BY
           =====                   =======         ======
           cfghdr22_7              00004138 
    -------------------------------------------------------------------------
CONFIG_C
  Relative segment, address: CODE_AREA 00004164 - 000041E3 (0x80 bytes), align: 2
  Segment part 150. ROOT.
           ENTRY                   ADDRESS         REF BY
           =====                   =======         ======
           Vt27                    00004164        FillData (main)
    -------------------------------------------------------------------------
CONFIG_C
  Relative segment, address: CODE_AREA 000041E4 - 0000420F (0x2c bytes), align: 2
  Segment part 151. ROOT.
           ENTRY                   ADDRESS         REF BY
           =====                   =======         ======
           cfghdr3_2_0             000041E4 
    -------------------------------------------------------------------------
CONFIG_C
  Relative segment, address: CODE_AREA 00004210 - 0000423B (0x2c bytes), align: 2
  Segment part 152. ROOT.
           ENTRY                   ADDRESS         REF BY
           =====                   =======         ======
           cfghdr3_3               00004210 
    -------------------------------------------------------------------------
CONFIG_C
  Relative segment, address: CODE_AREA 0000423C - 00004267 (0x2c bytes), align: 2
  Segment part 153. ROOT.
           ENTRY                   ADDRESS         REF BY
           =====                   =======         ======
           cfghdr23_1              0000423C 
    -------------------------------------------------------------------------
CONFIG_C
  Relative segment, address: CODE_AREA 00004268 - 000042E7 (0x80 bytes), align: 2
  Segment part 154. ROOT.
           ENTRY                   ADDRESS         REF BY
           =====                   =======         ======
           Sr21                    00004268        FillData (main)
    -------------------------------------------------------------------------
CONFIG_C
  Relative segment, address: CODE_AREA 000042E8 - 00004313 (0x2c bytes), align: 2
  Segment part 155. ROOT.
           ENTRY                   ADDRESS         REF BY
           =====                   =======         ======
           cfghdr23_2              000042E8 
    -------------------------------------------------------------------------
CONFIG_C
  Relative segment, address: CODE_AREA 00004314 - 00004393 (0x80 bytes), align: 2
  Segment part 156. ROOT.
           ENTRY                   ADDRESS         REF BY
           =====                   =======         ======
           Sr22                    00004314        FillData (main)
    -------------------------------------------------------------------------
CONFIG_C
  Relative segment, address: CODE_AREA 00004394 - 000043BF (0x2c bytes), align: 2
  Segment part 157. ROOT.
           ENTRY                   ADDRESS         REF BY
           =====                   =======         ======
           cfghdr23_3              00004394 
    -------------------------------------------------------------------------
CONFIG_C
  Relative segment, address: CODE_AREA 000043C0 - 0000443F (0x80 bytes), align: 2
  Segment part 158. ROOT.
           ENTRY                   ADDRESS         REF BY
           =====                   =======         ======
           Sr23                    000043C0        FillData (main)
    -------------------------------------------------------------------------
CONFIG_C
  Relative segment, address: CODE_AREA 00004440 - 0000446B (0x2c bytes), align: 2
  Segment part 159. ROOT.
           ENTRY                   ADDRESS         REF BY
           =====                   =======         ======
           cfghdr23_4              00004440 
    -------------------------------------------------------------------------
CONFIG_C
  Relative segment, address: CODE_AREA 0000446C - 000044EB (0x80 bytes), align: 2
  Segment part 160. ROOT.
           ENTRY                   ADDRESS         REF BY
           =====                   =======         ======
           Sr24                    0000446C        FillData (main)
    -------------------------------------------------------------------------
CONFIG_C
  Relative segment, address: CODE_AREA 000044EC - 00004517 (0x2c bytes), align: 2
  Segment part 161. ROOT.
           ENTRY                   ADDRESS         REF BY
           =====                   =======         ======
           cfghdr23_5              000044EC 
    -------------------------------------------------------------------------
CONFIG_C
  Relative segment, address: CODE_AREA 00004518 - 00004597 (0x80 bytes), align: 2
  Segment part 162. ROOT.
           ENTRY                   ADDRESS         REF BY
           =====                   =======         ======
           Sr25                    00004518        FillData (main)
    -------------------------------------------------------------------------
CONFIG_C
  Relative segment, address: CODE_AREA 00004598 - 000045C3 (0x2c bytes), align: 2
  Segment part 163. ROOT.
           ENTRY                   ADDRESS         REF BY
           =====                   =======         ======
           cfghdr23_6              00004598 
    -------------------------------------------------------------------------
CONFIG_C
  Relative segment, address: CODE_AREA 000045C4 - 00004643 (0x80 bytes), align: 2
  Segment part 164. ROOT.
           ENTRY                   ADDRESS         REF BY
           =====                   =======         ======
           Sr26                    000045C4        FillData (main)
    -------------------------------------------------------------------------
CONFIG_C
  Relative segment, address: CODE_AREA 00004644 - 0000466F (0x2c bytes), align: 2
  Segment part 165. ROOT.
           ENTRY                   ADDRESS         REF BY
           =====                   =======         ======
           cfghdr23_7              00004644 
    -------------------------------------------------------------------------
CONFIG_C
  Relative segment, address: CODE_AREA 00004670 - 000046EF (0x80 bytes), align: 2
  Segment part 166. ROOT.
           ENTRY                   ADDRESS         REF BY
           =====                   =======         ======
           Sr27                    00004670        FillData (main)
    -------------------------------------------------------------------------
CONFIG_C
  Relative segment, address: CODE_AREA 000046F0 - 0000471B (0x2c bytes), align: 2
  Segment part 167. ROOT.
           ENTRY                   ADDRESS         REF BY
           =====                   =======         ======
           cfghdr3_3_0             000046F0 
    -------------------------------------------------------------------------
CONFIG_C
  Relative segment, address: CODE_AREA 0000471C - 00004747 (0x2c bytes), align: 2
  Segment part 168. ROOT.
           ENTRY                   ADDRESS         REF BY
           =====                   =======         ======
           cfghdr3_4               0000471C 
    -------------------------------------------------------------------------
CONFIG_C
  Relative segment, address: CODE_AREA 00004748 - 00004773 (0x2c bytes), align: 2
  Segment part 169. ROOT.
           ENTRY                   ADDRESS         REF BY
           =====                   =======         ======
           cfghdr24_1              00004748 
    -------------------------------------------------------------------------
CONFIG_C
  Relative segment, address: CODE_AREA 00004774 - 000047F3 (0x80 bytes), align: 2
  Segment part 170. ROOT.
           ENTRY                   ADDRESS         REF BY
           =====                   =======         ======
           Ch21                    00004774        FillData (main)
    -------------------------------------------------------------------------
CONFIG_C
  Relative segment, address: CODE_AREA 000047F4 - 0000481F (0x2c bytes), align: 2
  Segment part 171. ROOT.
           ENTRY                   ADDRESS         REF BY
           =====                   =======         ======
           cfghdr24_2              000047F4 
    -------------------------------------------------------------------------
CONFIG_C
  Relative segment, address: CODE_AREA 00004820 - 0000489F (0x80 bytes), align: 2
  Segment part 172. ROOT.
           ENTRY                   ADDRESS         REF BY
           =====                   =======         ======
           Ch22                    00004820        FillData (main)
    -------------------------------------------------------------------------
CONFIG_C
  Relative segment, address: CODE_AREA 000048A0 - 000048CB (0x2c bytes), align: 2
  Segment part 173. ROOT.
           ENTRY                   ADDRESS         REF BY
           =====                   =======         ======
           cfghdr24_3              000048A0 
    -------------------------------------------------------------------------
CONFIG_C
  Relative segment, address: CODE_AREA 000048CC - 0000494B (0x80 bytes), align: 2
  Segment part 174. ROOT.
           ENTRY                   ADDRESS         REF BY
           =====                   =======         ======
           Ch23                    000048CC        FillData (main)
    -------------------------------------------------------------------------
CONFIG_C
  Relative segment, address: CODE_AREA 0000494C - 00004977 (0x2c bytes), align: 2
  Segment part 175. ROOT.
           ENTRY                   ADDRESS         REF BY
           =====                   =======         ======
           cfghdr24_4              0000494C 
    -------------------------------------------------------------------------
CONFIG_C
  Relative segment, address: CODE_AREA 00004978 - 000049F7 (0x80 bytes), align: 2
  Segment part 176. ROOT.
           ENTRY                   ADDRESS         REF BY
           =====                   =======         ======
           Ch24                    00004978        FillData (main)
    -------------------------------------------------------------------------
CONFIG_C
  Relative segment, address: CODE_AREA 000049F8 - 00004A23 (0x2c bytes), align: 2
  Segment part 177. ROOT.
           ENTRY                   ADDRESS         REF BY
           =====                   =======         ======
           cfghdr24_5              000049F8 
    -------------------------------------------------------------------------
CONFIG_C
  Relative segment, address: CODE_AREA 00004A24 - 00004AA3 (0x80 bytes), align: 2
  Segment part 178. ROOT.
           ENTRY                   ADDRESS         REF BY
           =====                   =======         ======
           Ch25                    00004A24        FillData (main)
    -------------------------------------------------------------------------
CONFIG_C
  Relative segment, address: CODE_AREA 00004AA4 - 00004ACF (0x2c bytes), align: 2
  Segment part 179. ROOT.
           ENTRY                   ADDRESS         REF BY
           =====                   =======         ======
           cfghdr24_6              00004AA4 
    -------------------------------------------------------------------------
CONFIG_C
  Relative segment, address: CODE_AREA 00004AD0 - 00004B4F (0x80 bytes), align: 2
  Segment part 180. ROOT.
           ENTRY                   ADDRESS         REF BY
           =====                   =======         ======
           Ch26                    00004AD0        FillData (main)
    -------------------------------------------------------------------------
CONFIG_C
  Relative segment, address: CODE_AREA 00004B50 - 00004B7B (0x2c bytes), align: 2
  Segment part 181. ROOT.
           ENTRY                   ADDRESS         REF BY
           =====                   =======         ======
           cfghdr24_7              00004B50 
    -------------------------------------------------------------------------
CONFIG_C
  Relative segment, address: CODE_AREA 00004B7C - 00004BFB (0x80 bytes), align: 2
  Segment part 182. ROOT.
           ENTRY                   ADDRESS         REF BY
           =====                   =======         ======
           Ch27                    00004B7C        FillData (main)
    -------------------------------------------------------------------------
CONFIG_C
  Relative segment, address: CODE_AREA 00004BFC - 00004C27 (0x2c bytes), align: 2
  Segment part 183. ROOT.
           ENTRY                   ADDRESS         REF BY
           =====                   =======         ======
           cfghdr3_4_0             00004BFC 
    -------------------------------------------------------------------------
CONFIG_C
  Relative segment, address: CODE_AREA 00004C28 - 00004C53 (0x2c bytes), align: 2
  Segment part 184. ROOT.
           ENTRY                   ADDRESS         REF BY
           =====                   =======         ======
           cfghdr3_5               00004C28 
    -------------------------------------------------------------------------
CONFIG_C
  Relative segment, address: CODE_AREA 00004C54 - 00004C7F (0x2c bytes), align: 2
  Segment part 185. ROOT.
           ENTRY                   ADDRESS         REF BY
           =====                   =======         ======
           cfghdr25_1              00004C54 
    -------------------------------------------------------------------------
CONFIG_C
  Relative segment, address: CODE_AREA 00004C80 - 00004CFF (0x80 bytes), align: 2
  Segment part 186. ROOT.
           ENTRY                   ADDRESS         REF BY
           =====                   =======         ======
           Pt21                    00004C80        FillData (main)
    -------------------------------------------------------------------------
CONFIG_C
  Relative segment, address: CODE_AREA 00004D00 - 00004D2B (0x2c bytes), align: 2
  Segment part 187. ROOT.
           ENTRY                   ADDRESS         REF BY
           =====                   =======         ======
           cfghdr25_2              00004D00 
    -------------------------------------------------------------------------
CONFIG_C
  Relative segment, address: CODE_AREA 00004D2C - 00004DAB (0x80 bytes), align: 2
  Segment part 188. ROOT.
           ENTRY                   ADDRESS         REF BY
           =====                   =======         ======
           Pt22                    00004D2C        FillData (main)
    -------------------------------------------------------------------------
CONFIG_C
  Relative segment, address: CODE_AREA 00004DAC - 00004DD7 (0x2c bytes), align: 2
  Segment part 189. ROOT.
           ENTRY                   ADDRESS         REF BY
           =====                   =======         ======
           cfghdr25_3              00004DAC 
    -------------------------------------------------------------------------
CONFIG_C
  Relative segment, address: CODE_AREA 00004DD8 - 00004E57 (0x80 bytes), align: 2
  Segment part 190. ROOT.
           ENTRY                   ADDRESS         REF BY
           =====                   =======         ======
           Pt23                    00004DD8        FillData (main)
    -------------------------------------------------------------------------
CONFIG_C
  Relative segment, address: CODE_AREA 00004E58 - 00004E83 (0x2c bytes), align: 2
  Segment part 191. ROOT.
           ENTRY                   ADDRESS         REF BY
           =====                   =======         ======
           cfghdr25_4              00004E58 
    -------------------------------------------------------------------------
CONFIG_C
  Relative segment, address: CODE_AREA 00004E84 - 00004F03 (0x80 bytes), align: 2
  Segment part 192. ROOT.
           ENTRY                   ADDRESS         REF BY
           =====                   =======         ======
           Pt24                    00004E84        FillData (main)
    -------------------------------------------------------------------------
CONFIG_C
  Relative segment, address: CODE_AREA 00004F04 - 00004F2F (0x2c bytes), align: 2
  Segment part 193. ROOT.
           ENTRY                   ADDRESS         REF BY
           =====                   =======         ======
           cfghdr25_5              00004F04 
    -------------------------------------------------------------------------
CONFIG_C
  Relative segment, address: CODE_AREA 00004F30 - 00004FAF (0x80 bytes), align: 2
  Segment part 194. ROOT.
           ENTRY                   ADDRESS         REF BY
           =====                   =======         ======
           Pt25                    00004F30        FillData (main)
    -------------------------------------------------------------------------
CONFIG_C
  Relative segment, address: CODE_AREA 00004FB0 - 00004FDB (0x2c bytes), align: 2
  Segment part 195. ROOT.
           ENTRY                   ADDRESS         REF BY
           =====                   =======         ======
           cfghdr25_6              00004FB0 
    -------------------------------------------------------------------------
CONFIG_C
  Relative segment, address: CODE_AREA 00004FDC - 0000505B (0x80 bytes), align: 2
  Segment part 196. ROOT.
           ENTRY                   ADDRESS         REF BY
           =====                   =======         ======
           Pt26                    00004FDC        FillData (main)
    -------------------------------------------------------------------------
CONFIG_C
[...]
  Segment part 9.             Intra module refs:   onRedraw
    -------------------------------------------------------------------------
DATA_C
  Segment part 10. NOT NEEDED.
    -------------------------------------------------------------------------
DATA_C
  Relative segment, address: CODE_AREA 000010EC - 000010FB (0x10 bytes), align: 2
  Segment part 11.            Intra module refs:   onKey
    -------------------------------------------------------------------------
DATA_C
  Relative segment, address: CODE_AREA 000010FC - 0000112F (0x34 bytes), align: 2
  Segment part 12.            Intra module refs:   UpdateCSMname
                                                   main
           ENTRY                   ADDRESS         REF BY
           =====                   =======         ======
           MAINCSM                 00001104 
    -------------------------------------------------------------------------
DATA_C
  Relative segment, address: CODE_AREA 00001130 - 0000114F (0x20 bytes), align: 2
  Segment part 13.            Intra module refs:   MyIDLECSM_onMessage
    -------------------------------------------------------------------------
DATA_C
  Relative segment, address: CODE_AREA 00001150 - 00001153 (0x4 bytes), align: 2
  Segment part 16.            Intra module refs:   MAINCSM
           ENTRY                   ADDRESS         REF BY
           =====                   =======         ======
           minus11                 00001150 
    -------------------------------------------------------------------------
DATA_C
  Relative segment, address: CODE_AREA 00001154 - 00001187 (0x34 bytes), align: 2
  Segment part 17.            Intra module refs:   maincsm_oncreate
           ENTRY                   ADDRESS         REF BY
           =====                   =======         ======
           Canvas                  00001180 
           gui_methods             00001154 
    -------------------------------------------------------------------------
CODE
  Relative segment, address: CODE_AREA 00000C58 - 00000C73 (0x1c bytes), align: 2
  Segment part 45.            Intra module refs:   main
           ENTRY                   ADDRESS         REF BY
           =====                   =======         ======
           UpdateCSMname           00000C58 
               stack 1 = 00000000 ( 00000004 )
    -------------------------------------------------------------------------
CODE
  Segment part 46. NOT NEEDED.
    -------------------------------------------------------------------------
CODE
  Relative segment, address: CODE_AREA 00000C74 - 00000C9F (0x2c bytes), align: 2
  Segment part 47.            Intra module refs:   main
           ENTRY                   ADDRESS         REF BY
           =====                   =======         ======
           MyIDLECSM_onClose       00000C74 
               stack 1 = 00000000 ( 00000008 )
    -------------------------------------------------------------------------
CODE
  Relative segment, address: CODE_AREA 00000CA0 - 00000CA3 (0x4 bytes), align: 2
  Segment part 48.            Intra module refs:   MyIDLECSM_onClose
    -------------------------------------------------------------------------
CODE
  Segment part 49. NOT NEEDED.
    -------------------------------------------------------------------------
CODE
  Relative segment, address: CODE_AREA 00000CA4 - 00000EDB (0x238 bytes), align: 2
  Segment part 50.            Intra module refs:   main
           ENTRY                   ADDRESS         REF BY
           =====                   =======         ======
           MyIDLECSM_onMessage     00000CA4 
               stack 1 = 00000000 ( 00000050 )
    -------------------------------------------------------------------------
CODE
  Relative segment, address: CODE_AREA 00000EDC - 00000EDF (0x4 bytes), align: 2
  Segment part 51.            Intra module refs:   FillData
                                                   MyIDLECSM_onMessage
                                                   onRedraw
    -------------------------------------------------------------------------
CODE
  Relative segment, address: CODE_AREA 00000EE0 - 00000EE3 (0x4 bytes), align: 2
  Segment part 52.            Intra module refs:   MyIDLECSM_onMessage
                                                   onKey
    -------------------------------------------------------------------------
CODE
  Relative segment, address: CODE_AREA 00000EE4 - 00000EE7 (0x4 bytes), align: 2
  Segment part 53.            Intra module refs:   MyIDLECSM_onMessage
                                                   onRedraw
    -------------------------------------------------------------------------
CODE
  Relative segment, address: CODE_AREA 00000EE8 - 00000EEB (0x4 bytes), align: 2
  Segment part 54.            Intra module refs:   MyIDLECSM_onMessage
                                                   onRedraw
    -------------------------------------------------------------------------
CODE
  Relative segment, address: CODE_AREA 00000EEC - 00000EEF (0x4 bytes), align: 2
  Segment part 55.            Intra module refs:   MyIDLECSM_onMessage
                                                   onRedraw
    -------------------------------------------------------------------------
CODE
  Segment part 56. NOT NEEDED.
    -------------------------------------------------------------------------
CODE
  Relative segment, address: CODE_AREA 00000EF0 - 00000F87 (0x98 bytes), align: 2
  Segment part 57.            Intra module refs:   main
           ENTRY                   ADDRESS         REF BY
           =====                   =======         ======
           my_keyhook              00000EF0 
               stack 1 = 00000000 ( 0000001C )
    -------------------------------------------------------------------------
CODE
  Segment part 58. NOT NEEDED.
    -------------------------------------------------------------------------
CODE
  Relative segment, address: CODE_AREA 00000F88 - 0000105B (0xd4 bytes), align: 2
  Segment part 59.
           ENTRY                   ADDRESS         REF BY
           =====                   =======         ======
           main                    00000F88        Absolute parts (?ABS_ENTRY_MOD)
               stack 1 = 00000000 ( 0000003C )
    -------------------------------------------------------------------------
CODE
  Relative segment, address: CODE_AREA 0000105C - 0000105F (0x4 bytes), align: 2
  Segment part 60.            Intra module refs:   main
                                                   onKey
    -------------------------------------------------------------------------
CODE
  Segment part 61. NOT NEEDED.Intra module refs:   FillData
    -------------------------------------------------------------------------
CODE
  Segment part 62. NOT NEEDED.
    -------------------------------------------------------------------------
CODE
  Segment part 63. NOT NEEDED.Intra module refs:   MyIDLECSM_onClose
    -------------------------------------------------------------------------
CSTACK
  Segment part 1. NOT NEEDED.
    -------------------------------------------------------------------------
INITTAB
  Relative segment, address: CODE_AREA 00001198 - 000011A3 (0xc bytes), align: 2
  Segment part 64. ROOT.
           ENTRY                   ADDRESS         REF BY
           =====                   =======         ======
           ?init?tab?DATA_Z        00001198 




                ****************************************
                *                                      *
                *            MODULE SUMMARY            *
                *                                      *
                ****************************************

Module         CODE   DATA
------         ----   ----
              (Rel)  (Rel)
conf_loader     405      4
config_data  16 392
func              8
main          5 428
------       ------      -
Total:       22 233      4


                ****************************************
                *                                      *
                *              CALL GRAPH              *
                *                                      *
                ****************************************

  ->Sub-tree of type: Indirectly called function tree that does not make
                    : indirect calls (Is not an interrupt and is not flagged
                    : as not overlayable)
                             CSTACK
    | Stack used (prev) :  00000000
  01  onRedraw
      | Stack used (prev) :  00000000
      | + function block  :  00000084
  <-Sub-tree of type: Indirectly called function tree that does not make
                    : indirect calls (Is not an interrupt and is not flagged
                    : as not overlayable)
    | Stack used          :  00000084


  ->Sub-tree of type: Indirectly called function tree that does not make
                    : indirect calls (Is not an interrupt and is not flagged
                    : as not overlayable)
                             CSTACK
    | Stack used (prev) :  00000000
  01  onCreate
      | Stack used (prev) :  00000000
      | + function block  :  00000000
  <-Sub-tree of type: Indirectly called function tree that does not make
                    : indirect calls (Is not an interrupt and is not flagged
                    : as not overlayable)
    | Stack used          :  00000000


  ->Sub-tree of type: Indirectly called function tree that does not make
                    : indirect calls (Is not an interrupt and is not flagged
                    : as not overlayable)
                             CSTACK
    | Stack used (prev) :  00000000
  01  onClose
      | Stack used (prev) :  00000000
      | + function block  :  00000000
  <-Sub-tree of type: Indirectly called function tree that does not make
                    : indirect calls (Is not an interrupt and is not flagged
                    : as not overlayable)
    | Stack used          :  00000000


  ->Sub-tree of type: Indirectly called function tree that does not make
                    : indirect calls (Is not an interrupt and is not flagged
                    : as not overlayable)
                             CSTACK
    | Stack used (prev) :  00000000
  01  onFocus
      | Stack used (prev) :  00000000
      | + function block  :  00000000
  <-Sub-tree of type: Indirectly called function tree that does not make
                    : indirect calls (Is not an interrupt and is not flagged
                    : as not overlayable)
    | Stack used          :  00000000


  ->Sub-tree of type: Indirectly called function tree that does not make
                    : indirect calls (Is not an interrupt and is not flagged
                    : as not overlayable)
                             CSTACK
    | Stack used (prev) :  00000000
  01  onUnfocus
      | Stack used (prev) :  00000000
      | + function block  :  00000000
  <-Sub-tree of type: Indirectly called function tree that does not make
                    : indirect calls (Is not an interrupt and is not flagged
                    : as not overlayable)
    | Stack used          :  00000000


  ->Sub-tree of type: Indirectly called function tree that does not make
                    : indirect calls (Is not an interrupt and is not flagged
                    : as not overlayable)
                             CSTACK
    | Stack used (prev) :  00000000
  01  onKey
      | Stack used (prev) :  00000000
      | + function block  :  00000008
  <-Sub-tree of type: Indirectly called function tree that does not make
                    : indirect calls (Is not an interrupt and is not flagged
                    : as not overlayable)
    | Stack used          :  00000008


  ->Sub-tree of type: Indirectly called function tree that does not make
                    : indirect calls (Is not an interrupt and is not flagged
                    : as not overlayable)
                             CSTACK
    | Stack used (prev) :  00000000
  01  method8
      | Stack used (prev) :  00000000
      | + function block  :  00000000
  <-Sub-tree of type: Indirectly called function tree that does not make
                    : indirect calls (Is not an interrupt and is not flagged
                    : as not overlayable)
    | Stack used          :  00000000


  ->Sub-tree of type: Indirectly called function tree that does not make
                    : indirect calls (Is not an interrupt and is not flagged
                    : as not overlayable)
                             CSTACK
    | Stack used (prev) :  00000000
  01  method9
      | Stack used (prev) :  00000000
      | + function block  :  00000000
  <-Sub-tree of type: Indirectly called function tree that does not make
                    : indirect calls (Is not an interrupt and is not flagged
                    : as not overlayable)
    | Stack used          :  00000000


  ->Sub-tree of type: Indirectly called function tree that does not make
                    : indirect calls (Is not an interrupt and is not flagged
                    : as not overlayable)
                             CSTACK
    | Stack used (prev) :  00000000
  01  maincsm_oncreate
      | Stack used (prev) :  00000000
      | + function block  :  0000000C
  <-Sub-tree of type: Indirectly called function tree that does not make
                    : indirect calls (Is not an interrupt and is not flagged
                    : as not overlayable)
    | Stack used          :  0000000C


  ->Sub-tree of type: Indirectly called function tree that does not make
                    : indirect calls (Is not an interrupt and is not flagged
                    : as not overlayable)
                             CSTACK
    | Stack used (prev) :  00000000
  01  maincsm_onclose
      | Stack used (prev) :  00000000
      | + function block  :  00000000
  <-Sub-tree of type: Indirectly called function tree that does not make
                    : indirect calls (Is not an interrupt and is not flagged
                    : as not overlayable)
    | Stack used          :  00000000


  ->Sub-tree of type: Indirectly called function tree that does not make
                    : indirect calls (Is not an interrupt and is not flagged
                    : as not overlayable)
                             CSTACK
    | Stack used (prev) :  00000000
  01  maincsm_onmessage
      | Stack used (prev) :  00000000
      | + function block  :  00000000
  <-Sub-tree of type: Indirectly called function tree that does not make
                    : indirect calls (Is not an interrupt and is not flagged
                    : as not overlayable)
    | Stack used          :  00000000


  ->Sub-tree of type: Indirectly called function tree that does not make
                    : indirect calls (Is not an interrupt and is not flagged
                    : as not overlayable)
                             CSTACK
    | Stack used (prev) :  00000000
  01  MyIDLECSM_onClose
      | Stack used (prev) :  00000000
      | + function block  :  00000008
  <-Sub-tree of type: Indirectly called function tree that does not make
                    : indirect calls (Is not an interrupt and is not flagged
                    : as not overlayable)
    | Stack used          :  00000008


  ->Sub-tree of type: Indirectly called function tree that does not make
                    : indirect calls (Is not an interrupt and is not flagged
                    : as not overlayable)
                             CSTACK
    | Stack used (prev) :  00000000
  01  MyIDLECSM_onMessage
      | Stack used (prev) :  00000000
      | + function block  :  00000050
  <-Sub-tree of type: Indirectly called function tree that does not make
                    : indirect calls (Is not an interrupt and is not flagged
                    : as not overlayable)
    | Stack used          :  00000050


  ->Sub-tree of type: Indirectly called function tree that does not make
                    : indirect calls (Is not an interrupt and is not flagged
                    : as not overlayable)
                             CSTACK
    | Stack used (prev) :  00000000
  01  my_keyhook
      | Stack used (prev) :  00000000
      | + function block  :  0000001C
  <-Sub-tree of type: Indirectly called function tree that does not make
                    : indirect calls (Is not an interrupt and is not flagged
                    : as not overlayable)
    | Stack used          :  0000001C


  ->Sub-tree of type: Function tree
                             CSTACK
    | Stack used (prev) :  00000084
  01  LoadConfigData
      | Stack used (prev) :  00000084
      | + function block  :  00000030
  <-Sub-tree of type: Function tree
    | Stack used          :  000000B4


  ->Sub-tree of type: Function tree
                             CSTACK
    | Stack used (prev) :  000000B4
  01  InitConfig
      | Stack used (prev) :  000000B4
      | + function block  :  00000008
  <-Sub-tree of type: Function tree
    | Stack used          :  000000BC


  ->Sub-tree of type: Function tree
                             CSTACK
    | Stack used (prev) :  000000BC
  01  FillData
      | Stack used (prev) :  000000BC
      | + function block  :  00000004
  <-Sub-tree of type: Function tree
    | Stack used          :  000000C0


  ->Sub-tree of type: Function tree
                             CSTACK
    | Stack used (prev) :  000000C0
  01  UpdateCSMname
      | Stack used (prev) :  000000C0
      | + function block  :  00000004
  <-Sub-tree of type: Function tree
    | Stack used          :  000000C4


  ->Sub-tree of type: Function tree
                             CSTACK
    | Stack used (prev) :  000000C4
  01  main
      | Stack used (prev) :  000000C4
      | + function block  :  0000003C
  <-Sub-tree of type: Function tree
    | Stack used          :  00000100




                ****************************************
                *                                      *
                *      SEGMENTS IN ADDRESS ORDER       *
                *                                      *
                ****************************************


SEGMENT              SPACE    START ADDRESS   END ADDRESS     SIZE  TYPE  ALIGN
=======              =====    =============   ===========     ====  ====  =====
ELFBEGIN             CODE_AREA           00000000                     rel    0
DATA_ID              CODE_AREA      00000000 - 00000003           4   rel    2
START                CODE_AREA           00000004                     dse    0
CODE                 CODE_AREA      00000004 - 0000105F        105C   rel    2
DATA_C               CODE_AREA      00001060 - 00001188         129   rel    2
INITTAB              CODE_AREA      0000118C - 000011A3          18   rel    2
DATA_Z               CODE_AREA      000011A4 - 000016D3         530   rel    2
DATA_N               CODE_AREA           000016D4                     dse    0
CONFIG_C             CODE_AREA      000016D4 - 000056DB        4008   rel    2
DATA_I               DATA_AREA      00000000 - 00000003           4   rel    2

                ****************************************
                *                                      *
                *        END OF CROSS REFERENCE        *
                *                                      *
                ****************************************

 22 233 bytes of CODE memory
      4 bytes of DATA memory

Errors: none
Warnings: none

