################################################################################
#                                                                              #
#      IAR Universal Linker V4.60I/386                                         #
#                                                                              #
#           Link time     =  29/Apr/2011  23:24:49                             #
#           Target CPU    =  ARM                                               #
#           List file     =  C:\arm\text_gps\Release_ELKA\List\plg.map         #
#           Output file 1 =  C:\arm\text_gps\Release_ELKA\Exe\plg.elf          #
#                            Format: elf, variant: -ynpra                      #
#           Command line  =  C:\arm\text_gps\Release_ELKA\Obj\conf_loader.r79  #
#                            C:\arm\text_gps\Release_ELKA\Obj\config_data.r79  #
#                            C:\arm\text_gps\Release_ELKA\Obj\func.r79         #
#                            C:\arm\text_gps\Release_ELKA\Obj\main.r79         #
#                            C:\arm\text_gps\Release_ELKA\Obj\string_works.r79 #
#                            -o C:\arm\text_gps\Release_ELKA\Exe\plg.elf       #
#                            -Felf -l                                          #
#                            C:\arm\text_gps\Release_ELKA\List\plg.map         #
#                            -xmsnio -f C:\arm\CPUD\test.xcl (-carm            #
#                            -V(CODE)CODE_AREA,12 -V(DATA)DATA_AREA,12         #
#                            -Z(CODE_AREA)ELFBEGIN,DATA_ID,START,CODE,DATA_C,I #
#                            NITTAB,DATA_Z,DATA_N,CONFIG_C=0-FFFFFFFF          #
#                            -Z(DATA_AREA)DATA_I=0-FFFFFFFF) -ynpra -s main    #
#                                                                              #
#                        Copyright 1987-2007 IAR Systems. All rights reserved. #
################################################################################





                ****************************************
                *                                      *
                *           CROSS REFERENCE            *
                *                                      *
                ****************************************

       Program entry at : CODE_AREA 000003E0  Relocatable, from module : main




                ****************************************
                *                                      *
                *            RUNTIME MODEL             *
                *                                      *
                ****************************************

  StackAlign4  = USED
  __cpu_mode   = __pcs__interwork
  __data_model = absolute
  __endian     = little
  __rt_version = 6



                ****************************************
                *                                      *
                *              MODULE MAP              *
                *                                      *
                ****************************************


  DEFINED ABSOLUTE ENTRIES
    *************************************************************************

  DEFINED ABSOLUTE ENTRIES
    *************************************************************************

  FILE NAME : C:\arm\text_gps\Release_ELKA\Obj\conf_loader.r79
  PROGRAM MODULE, NAME : conf_loader

  SEGMENTS IN THE MODULE
  ======================
DATA_I
  Relative segment, address: DATA_AREA 00000000 - 00000003 (0x4 bytes), align: 2
  Segment part 5.             Intra module refs:   LoadConfigData
           ENTRY                   ADDRESS         REF BY
           =====                   =======         ======
           successed_config_filename
                                   00000000        maincsm_onmessage (main)
    -------------------------------------------------------------------------
CODE
  Segment part 7. NOT NEEDED.
    -------------------------------------------------------------------------
CODE
  Relative segment, address: CODE_AREA 00000004 - 00000133 (0x130 bytes), align: 2
  Segment part 8.             Intra module refs:   InitConfig
           ENTRY                   ADDRESS         REF BY
           =====                   =======         ======
           LoadConfigData          00000004 
               stack 1 = 00000000 ( 00000030 )
    -------------------------------------------------------------------------
CODE
  Segment part 9. NOT NEEDED.
    -------------------------------------------------------------------------
CODE
  Relative segment, address: CODE_AREA 00000134 - 0000015B (0x28 bytes), align: 2
  Segment part 10.
           ENTRY                   ADDRESS         REF BY
           =====                   =======         ======
           InitConfig              00000134        main (main)
                                                   maincsm_onmessage (main)
               stack 1 = 00000000 ( 00000004 )
    -------------------------------------------------------------------------
CSTACK
  Segment part 1. NOT NEEDED.
    -------------------------------------------------------------------------
DATA_ID
  Relative segment, address: CODE_AREA 00000000 - 00000003 (0x4 bytes), align: 2
  Segment part 6.             Intra module refs:   successed_config_filename
    -------------------------------------------------------------------------
DATA_ID
  Segment part 11. NOT NEEDED.
           ENTRY                   ADDRESS         REF BY
           =====                   =======         ======
           ?*?DATA_ID              
    -------------------------------------------------------------------------
INITTAB
  Relative segment, address: CODE_AREA 000007BC - 000007C7 (0xc bytes), align: 2
  Segment part 12. ROOT.
           ENTRY                   ADDRESS         REF BY
           =====                   =======         ======
           ?init?tab?DATA_I        000007BC 
    -------------------------------------------------------------------------
CONFIG_C
  Segment part 13. NOT NEEDED.
    -------------------------------------------------------------------------
DATA_C
  Relative segment, address: CODE_AREA 000007B8 - 000007B8 (0x1 bytes), align: 0
  Segment part 2.             Intra module refs:   Segment part 6
    -------------------------------------------------------------------------
DATA_C
  Relative segment, address: CODE_AREA 00000558 - 00000573 (0x1c bytes), align: 2
  Segment part 3.             Intra module refs:   InitConfig
    -------------------------------------------------------------------------
DATA_C
  Relative segment, address: CODE_AREA 00000574 - 0000058F (0x1c bytes), align: 2
  Segment part 4.             Intra module refs:   InitConfig

    *************************************************************************

  FILE NAME : C:\arm\text_gps\Release_ELKA\Obj\config_data.r79
  PROGRAM MODULE, NAME : config_data

  SEGMENTS IN THE MODULE
  ======================
CONFIG_C
  Relative segment, address: CODE_AREA 000009C0 - 000009EB (0x2c bytes), align: 2
  Segment part 2. ROOT.
           ENTRY                   ADDRESS         REF BY
           =====                   =======         ======
           cfghdr0                 000009C0 
    -------------------------------------------------------------------------
CONFIG_C
  Relative segment, address: CODE_AREA 000009EC - 000009F3 (0x8 bytes), align: 2
  Segment part 3. ROOT.
           ENTRY                   ADDRESS         REF BY
           =====                   =======         ======
           DATA_AREA               000009EC        maincsm_onmessage (main)
    -------------------------------------------------------------------------
CONFIG_C
  Relative segment, address: CODE_AREA 000009F4 - 00000A1F (0x2c bytes), align: 2
  Segment part 4. ROOT.
           ENTRY                   ADDRESS         REF BY
           =====                   =======         ======
           cfghdr61                000009F4 
    -------------------------------------------------------------------------
CONFIG_C
  Relative segment, address: CODE_AREA 00000A20 - 00000A23 (0x4 bytes), align: 2
  Segment part 5. ROOT.
           ENTRY                   ADDRESS         REF BY
           =====                   =======         ======
           SHOW_CITY               00000A20        GenerateString (main)
    -------------------------------------------------------------------------
CONFIG_C
  Relative segment, address: CODE_AREA 00000A24 - 00000A4F (0x2c bytes), align: 2
  Segment part 6. ROOT.
           ENTRY                   ADDRESS         REF BY
           =====                   =======         ======
           cfghdr62                00000A24 
    -------------------------------------------------------------------------
CONFIG_C
  Relative segment, address: CODE_AREA 00000A50 - 00000A53 (0x4 bytes), align: 2
  Segment part 7. ROOT.
           ENTRY                   ADDRESS         REF BY
           =====                   =======         ======
           SHOW_AREA               00000A50        GenerateString (main)
    -------------------------------------------------------------------------
CONFIG_C
  Relative segment, address: CODE_AREA 00000A54 - 00000A7F (0x2c bytes), align: 2
  Segment part 8. ROOT.
           ENTRY                   ADDRESS         REF BY
           =====                   =======         ======
           cfghdr66                00000A54 
    -------------------------------------------------------------------------
CONFIG_C
  Relative segment, address: CODE_AREA 00000A80 - 00000A83 (0x4 bytes), align: 2
  Segment part 9. ROOT.
           ENTRY                   ADDRESS         REF BY
           =====                   =======         ======
           SHOW_COUNTRY            00000A80        GenerateString (main)
    -------------------------------------------------------------------------
CONFIG_C
  Relative segment, address: CODE_AREA 00000A84 - 00000AAF (0x2c bytes), align: 2
  Segment part 10. ROOT.
           ENTRY                   ADDRESS         REF BY
           =====                   =======         ======
           cfghdr68                00000A84 
    -------------------------------------------------------------------------
CONFIG_C
  Relative segment, address: CODE_AREA 00000AB0 - 00000AB3 (0x4 bytes), align: 2
  Segment part 11. ROOT.
           ENTRY                   ADDRESS         REF BY
           =====                   =======         ======
           SHOW_LAT                00000AB0        GenerateString (main)
    -------------------------------------------------------------------------
CONFIG_C
  Relative segment, address: CODE_AREA 00000AB4 - 00000ADF (0x2c bytes), align: 2
  Segment part 12. ROOT.
           ENTRY                   ADDRESS         REF BY
           =====                   =======         ======
           cfghdr69                00000AB4 
    -------------------------------------------------------------------------
CONFIG_C
  Relative segment, address: CODE_AREA 00000AE0 - 00000AE3 (0x4 bytes), align: 2
  Segment part 13. ROOT.
           ENTRY                   ADDRESS         REF BY
           =====                   =======         ======
           SHOW_LON                00000AE0        GenerateString (main)
    -------------------------------------------------------------------------
CSTACK
  Segment part 1. NOT NEEDED.

    *************************************************************************

  FILE NAME : C:\arm\text_gps\Release_ELKA\Obj\func.r79
  PROGRAM MODULE, NAME : func

  SEGMENTS IN THE MODULE
  ======================
ELFBEGIN
  Relative segment, address: CODE_AREA 00000000, align: 0
  Segment part 0. ROOT.
           ENTRY                   ADDRESS         REF BY
           =====                   =======         ======
           ELF_BEGIN               00000000        Killer (main)
    -------------------------------------------------------------------------
CODE
  Relative segment, address: CODE_AREA 0000015C - 00000163 (0x8 bytes), align: 2
  Segment part 1. ROOT.
           ENTRY                   ADDRESS         REF BY
           =====                   =======         ======
           kill_data               0000015C        Killer (main)
           seqkill                 00000160 

    *************************************************************************

  FILE NAME : C:\arm\text_gps\Release_ELKA\Obj\main.r79
  PROGRAM MODULE, NAME : main

  SEGMENTS IN THE MODULE
  ======================
DATA_Z
  Relative segment, address: CODE_AREA 000007D4 - 000007D7 (0x4 bytes), align: 2
  Segment part 9.             Intra module refs:   maincsm_onmessage
           ENTRY                   ADDRESS         REF BY
           =====                   =======         ======
           ipc_recv                000007D4 
    -------------------------------------------------------------------------
DATA_Z
  Relative segment, address: CODE_AREA 000007D8 - 000007E3 (0xc bytes), align: 2
  Segment part 10.            Intra module refs:   main
           ENTRY                   ADDRESS         REF BY
           =====                   =======         ======
           ipc_send                000007D8 
    -------------------------------------------------------------------------
DATA_Z
  Relative segment, address: CODE_AREA 000007E4 - 000008A3 (0xc0 bytes), align: 2
  Segment part 11.            Intra module refs:   Segment part 20
           ENTRY                   ADDRESS         REF BY
           =====                   =======         ======
           locate                  000007E4 
    -------------------------------------------------------------------------
DATA_Z
  Relative segment, address: CODE_AREA 000008A4 - 000008A7 (0x4 bytes), align: 2
  Segment part 12.            Intra module refs:   Segment part 27
           ENTRY                   ADDRESS         REF BY
           =====                   =======         ======
           ews                     000008A4 
    -------------------------------------------------------------------------
CODE
  Segment part 16. NOT NEEDED.
    -------------------------------------------------------------------------
CODE
  Relative segment, address: CODE_AREA 00000164 - 0000023F (0xdc bytes), align: 2
  Segment part 17.            Intra module refs:   maincsm_onmessage
           ENTRY                   ADDRESS         REF BY
           =====                   =======         ======
           GenerateString          00000164 
               stack 1 = 00000000 ( 00000120 )
    -------------------------------------------------------------------------
CODE
  Segment part 18. NOT NEEDED.
    -------------------------------------------------------------------------
DATA_C
  Relative segment, address: CODE_AREA 00000590 - 000005AB (0x1c bytes), align: 2
  Segment part 2.             Intra module refs:   GenerateString
    -------------------------------------------------------------------------
DATA_C
  Segment part 3. NOT NEEDED.
    -------------------------------------------------------------------------
DATA_C
  Segment part 4. NOT NEEDED.
    -------------------------------------------------------------------------
DATA_C
  Relative segment, address: CODE_AREA 000005AC - 000005C7 (0x1c bytes), align: 2
  Segment part 5.             Intra module refs:   maincsm_onmessage
    -------------------------------------------------------------------------
DATA_C
  Relative segment, address: CODE_AREA 000005C8 - 000005D7 (0x10 bytes), align: 2
  Segment part 6.             Intra module refs:   Segment part 30
    -------------------------------------------------------------------------
DATA_C
  Relative segment, address: CODE_AREA 000005D8 - 000005EB (0x14 bytes), align: 2
  Segment part 7.             Intra module refs:   main
    -------------------------------------------------------------------------
DATA_C
  Relative segment, address: CODE_AREA 000005EC - 000005F7 (0xc bytes), align: 2
  Segment part 8.             Intra module refs:   main
    -------------------------------------------------------------------------
DATA_C
  Relative segment, address: CODE_AREA 000005F8 - 000005FB (0x4 bytes), align: 2
  Segment part 13.            Intra module refs:   Segment part 15
           ENTRY                   ADDRESS         REF BY
           =====                   =======         ======
           minus11                 000005F8 
    -------------------------------------------------------------------------
CODE
  Relative segment, address: CODE_AREA 00000240 - 00000383 (0x144 bytes), align: 2
  Segment part 19.            Intra module refs:   Segment part 15
           ENTRY                   ADDRESS         REF BY
           =====                   =======         ======
           maincsm_onmessage       00000240 
               stack 1 = 00000000 ( 00000020 )
    -------------------------------------------------------------------------
CODE
  Relative segment, address: CODE_AREA 00000384 - 00000387 (0x4 bytes), align: 2
  Segment part 20.            Intra module refs:   GenerateString
                                                   maincsm_onmessage
    -------------------------------------------------------------------------
CODE
  Segment part 21. NOT NEEDED.
    -------------------------------------------------------------------------
CODE
  Relative segment, address: CODE_AREA 00000388 - 0000039F (0x18 bytes), align: 2
  Segment part 22.            Intra module refs:   Segment part 15
           LOCAL                   ADDRESS         
           =====                   =======         
           maincsm_oncreate        00000388 
               stack 1 = 00000000 ( 00000004 )
    -------------------------------------------------------------------------
CODE
  Segment part 23. NOT NEEDED.
    -------------------------------------------------------------------------
CODE
  Relative segment, address: CODE_AREA 000003A0 - 000003BB (0x1c bytes), align: 2
  Segment part 24.            Intra module refs:   maincsm_onclose
           LOCAL                   ADDRESS         
           =====                   =======         
           Killer                  000003A0 
               stack 1 = 00000000 ( 00000004 )
    -------------------------------------------------------------------------
CODE
  Segment part 25. NOT NEEDED.
    -------------------------------------------------------------------------
CODE
  Relative segment, address: CODE_AREA 000003BC - 000003DB (0x20 bytes), align: 2
  Segment part 26.            Intra module refs:   Segment part 15
           LOCAL                   ADDRESS         
           =====                   =======         
           maincsm_onclose         000003BC 
               stack 1 = 00000000 ( 00000004 )
    -------------------------------------------------------------------------
CODE
  Relative segment, address: CODE_AREA 000003DC - 000003DF (0x4 bytes), align: 2
  Segment part 27.            Intra module refs:   GenerateString
                                                   maincsm_onclose
                                                   maincsm_oncreate
                                                   maincsm_onmessage
    -------------------------------------------------------------------------
CODE
  Segment part 28. NOT NEEDED.
    -------------------------------------------------------------------------
DATA_Z
  Relative segment, address: CODE_AREA 000008A8 - 000009BF (0x118 bytes), align: 2
  Segment part 14.            Intra module refs:   Segment part 15
    -------------------------------------------------------------------------
DATA_C
  Relative segment, address: CODE_AREA 000005FC - 00000637 (0x3c bytes), align: 2
  Segment part 15.            Intra module refs:   main
    -------------------------------------------------------------------------
CODE
  Relative segment, address: CODE_AREA 000003E0 - 00000497 (0xb8 bytes), align: 2
  Segment part 29.
           ENTRY                   ADDRESS         REF BY
           =====                   =======         ======
           main                    000003E0        Absolute parts (?ABS_ENTRY_MOD)
               stack 1 = 00000000 ( 00000038 )
    -------------------------------------------------------------------------
CODE
  Relative segment, address: CODE_AREA 00000498 - 0000049B (0x4 bytes), align: 2
  Segment part 30.            Intra module refs:   main
                                                   maincsm_onmessage
    -------------------------------------------------------------------------
CODE
  Segment part 31. NOT NEEDED.Intra module refs:   GenerateString
    -------------------------------------------------------------------------
CODE
  Segment part 32. NOT NEEDED.Intra module refs:   maincsm_onmessage
    -------------------------------------------------------------------------
CODE
  Segment part 33. NOT NEEDED.Intra module refs:   main
                                                   maincsm_onmessage
    -------------------------------------------------------------------------
CODE
  Segment part 34. NOT NEEDED.Intra module refs:   Killer
    -------------------------------------------------------------------------
CSTACK
  Segment part 1. NOT NEEDED.
    -------------------------------------------------------------------------
INITTAB
  Relative segment, address: CODE_AREA 000007C8 - 000007D3 (0xc bytes), align: 2
  Segment part 35. ROOT.
           ENTRY                   ADDRESS         REF BY
           =====                   =======         ======
           ?init?tab?DATA_Z        000007C8 

    *************************************************************************

  FILE NAME : C:\arm\text_gps\Release_ELKA\Obj\string_works.r79
  PROGRAM MODULE, NAME : string_works

  SEGMENTS IN THE MODULE
  ======================
CODE
  Segment part 4. NOT NEEDED.
    -------------------------------------------------------------------------
CODE
  Relative segment, address: CODE_AREA 0000049C - 000004E7 (0x4c bytes), align: 2
  Segment part 5.
           ENTRY                   ADDRESS         REF BY
           =====                   =======         ======
           strcmp_nocase           0000049C        maincsm_onmessage (main)
    -------------------------------------------------------------------------
CODE
  Segment part 6. NOT NEEDED.
    -------------------------------------------------------------------------
CODE
  Segment part 7. NOT NEEDED.
           ENTRY                   ADDRESS         REF BY
           =====                   =======         ======
           MakeGlobalString        
               not allocated function
    -------------------------------------------------------------------------
CODE
  Segment part 8. NOT NEEDED.
    -------------------------------------------------------------------------
DATA_C
  Relative segment, address: CODE_AREA 00000638 - 000006B7 (0x80 bytes), align: 2
  Segment part 2.             Intra module refs:   char8to16
           ENTRY                   ADDRESS         REF BY
           =====                   =======         ======
           wintranslation          00000638 
    -------------------------------------------------------------------------
DATA_C
  Relative segment, address: CODE_AREA 000006B8 - 000007B7 (0x100 bytes), align: 2
  Segment part 3.             Intra module refs:   char8to16
           ENTRY                   ADDRESS         REF BY
           =====                   =======         ======
           dos2unicode             000006B8 
    -------------------------------------------------------------------------
CODE
  Relative segment, address: CODE_AREA 000004E8 - 0000051F (0x38 bytes), align: 2
  Segment part 9.             Intra module refs:   ascii2ws
           ENTRY                   ADDRESS         REF BY
           =====                   =======         ======
           char8to16               000004E8 
    -------------------------------------------------------------------------
CODE
  Segment part 10. NOT NEEDED.
    -------------------------------------------------------------------------
CODE
  Relative segment, address: CODE_AREA 00000520 - 00000557 (0x38 bytes), align: 2
  Segment part 11.
           ENTRY                   ADDRESS         REF BY
           =====                   =======         ======
           ascii2ws                00000520        GenerateString (main)
               stack 1 = 00000000 ( 0000000C )
    -------------------------------------------------------------------------
CODE
  Segment part 12. NOT NEEDED.
    -------------------------------------------------------------------------
CODE
  Segment part 13. NOT NEEDED.
           ENTRY                   ADDRESS         REF BY
           =====                   =======         ======
           char16to8               
               not allocated function
    -------------------------------------------------------------------------
CODE
  Segment part 14. NOT NEEDED.
    -------------------------------------------------------------------------
CODE
  Segment part 15. NOT NEEDED.
           ENTRY                   ADDRESS         REF BY
           =====                   =======         ======
           utf82win                
               not allocated function
    -------------------------------------------------------------------------
CODE
  Segment part 16. NOT NEEDED.
    -------------------------------------------------------------------------
CODE
  Segment part 17. NOT NEEDED.
           ENTRY                   ADDRESS         REF BY
           =====                   =======         ======
           atoi                    
               not allocated function
    -------------------------------------------------------------------------
CSTACK
  Segment part 1. NOT NEEDED.




                ****************************************
                *                                      *
                *            MODULE SUMMARY            *
                *                                      *
                ****************************************

Module         CODE   DATA
------         ----   ----
              (Rel)  (Rel)
conf_loader     417      4
config_data     292
func              8
main          1 496
string_works    572
------        -----      -
Total:        2 785      4


                ****************************************
                *                                      *
                *              CALL GRAPH              *
                *                                      *
                ****************************************

  ->Sub-tree of type: Indirectly called function tree that does not make
                    : indirect calls (Is not an interrupt and is not flagged
                    : as not overlayable)
                             CSTACK
    | Stack used (prev) :  00000000
  01  maincsm_onmessage
      | Stack used (prev) :  00000000
      | + function block  :  00000020
  <-Sub-tree of type: Indirectly called function tree that does not make
                    : indirect calls (Is not an interrupt and is not flagged
                    : as not overlayable)
    | Stack used          :  00000020


  ->Sub-tree of type: Indirectly called function tree that does not make
                    : indirect calls (Is not an interrupt and is not flagged
                    : as not overlayable)
                             CSTACK
    | Stack used (prev) :  00000000
  01  maincsm_oncreate
      | Stack used (prev) :  00000000
      | + function block  :  00000004
  <-Sub-tree of type: Indirectly called function tree that does not make
                    : indirect calls (Is not an interrupt and is not flagged
                    : as not overlayable)
    | Stack used          :  00000004


  ->Sub-tree of type: Indirectly called function tree that does not make
                    : indirect calls (Is not an interrupt and is not flagged
                    : as not overlayable)
                             CSTACK
    | Stack used (prev) :  00000000
  01  Killer
      | Stack used (prev) :  00000000
      | + function block  :  00000004
  <-Sub-tree of type: Indirectly called function tree that does not make
                    : indirect calls (Is not an interrupt and is not flagged
                    : as not overlayable)
    | Stack used          :  00000004


  ->Sub-tree of type: Indirectly called function tree that does not make
                    : indirect calls (Is not an interrupt and is not flagged
                    : as not overlayable)
                             CSTACK
    | Stack used (prev) :  00000000
  01  maincsm_onclose
      | Stack used (prev) :  00000000
      | + function block  :  00000004
  <-Sub-tree of type: Indirectly called function tree that does not make
                    : indirect calls (Is not an interrupt and is not flagged
                    : as not overlayable)
    | Stack used          :  00000004


  ->Sub-tree of type: Function tree
                             CSTACK
    | Stack used (prev) :  00000020
  01  LoadConfigData
      | Stack used (prev) :  00000020
      | + function block  :  00000030
  <-Sub-tree of type: Function tree
    | Stack used          :  00000050


  ->Sub-tree of type: Function tree
                             CSTACK
    | Stack used (prev) :  00000050
  01  InitConfig
      | Stack used (prev) :  00000050
      | + function block  :  00000004
  <-Sub-tree of type: Function tree
    | Stack used          :  00000054


  ->Sub-tree of type: Function tree
                             CSTACK
    | Stack used (prev) :  00000054
  01  GenerateString
      | Stack used (prev) :  00000054
      | + function block  :  00000120
  <-Sub-tree of type: Function tree
    | Stack used          :  00000174


  ->Sub-tree of type: Function tree
                             CSTACK
    | Stack used (prev) :  00000174
  01  main
      | Stack used (prev) :  00000174
      | + function block  :  00000038
  <-Sub-tree of type: Function tree
    | Stack used          :  000001AC


  ->Sub-tree of type: Function tree
                             CSTACK
    | Stack used (prev) :  000001AC
  01  strcmp_nocase
      | Stack used (prev) :  000001AC
      | + function block  :  00000000
  <-Sub-tree of type: Function tree
    | Stack used          :  000001AC


  ->Sub-tree of type: Function tree
                             CSTACK
    | Stack used (prev) :  000001AC
  01  char8to16
      | Stack used (prev) :  000001AC
      | + function block  :  00000000
  <-Sub-tree of type: Function tree
    | Stack used          :  000001AC


  ->Sub-tree of type: Function tree
                             CSTACK
    | Stack used (prev) :  000001AC
  01  ascii2ws
      | Stack used (prev) :  000001AC
      | + function block  :  0000000C
  <-Sub-tree of type: Function tree
    | Stack used          :  000001B8




                ****************************************
                *                                      *
                *      SEGMENTS IN ADDRESS ORDER       *
                *                                      *
                ****************************************


SEGMENT              SPACE    START ADDRESS   END ADDRESS     SIZE  TYPE  ALIGN
=======              =====    =============   ===========     ====  ====  =====
ELFBEGIN             CODE_AREA           00000000                     rel    0
DATA_ID              CODE_AREA      00000000 - 00000003           4   rel    2
START                CODE_AREA           00000004                     dse    0
CODE                 CODE_AREA      00000004 - 00000557         554   rel    2
DATA_C               CODE_AREA      00000558 - 000007B8         261   rel    2
INITTAB              CODE_AREA      000007BC - 000007D3          18   rel    2
DATA_Z               CODE_AREA      000007D4 - 000009BF         1EC   rel    2
DATA_N               CODE_AREA           000009C0                     dse    0
CONFIG_C             CODE_AREA      000009C0 - 00000AE3         124   rel    2
DATA_I               DATA_AREA      00000000 - 00000003           4   rel    2

                ****************************************
                *                                      *
                *        END OF CROSS REFERENCE        *
                *                                      *
                ****************************************

 2 785 bytes of CODE memory
     4 bytes of DATA memory

Errors: none
Warnings: none

