###############################################################################
#                                                                             #
#     IAR Systems ARM Assembler V4.42A/W32 04/Jun/2011  02:32:05              #
#     Copyright 1999-2007 IAR Systems. All rights reserved.                   #
#                                                                             #
#           Source file   =  C:\arm\elfloader\rets_E71sw45.asm                #
#           List file     =  C:\arm\elfloader\E71sw45\List\rets_E71sw45.lst   #
#           Object file   =  C:\arm\elfloader\E71sw45\Obj\rets_E71sw45.r79    #
#           Command line  =  C:\arm\elfloader\rets_E71sw45.asm                #
#                            -OC:\arm\elfloader\E71sw45\Obj\ -s+ -M<> -w+     #
#                            -DNEWSGOLD -DELKA                                #
#                            -LC:\arm\elfloader\E71sw45\List\ -cE -t8 --cpu   #
#                            ARM926EJ-S --fpu None                            #
#                            -IC:\arm2\Embedded Workbench 4.0 Evaluation\ARM\INC\ #
#                                                                             #
###############################################################################

    1    00000000                      RSEG    DATA_N
    2    00000000                      RSEG    SWILIB_FUNC1B8_1BB:CODE
    3    00000000                      EXTERN  EXT2_AREA
    4    00000000                      EXTERN  pngtop
    5    00000000                      EXTERN  pLIB_TOP
    6    00000000 ........             DCD     EXT2_AREA
    7    00000004 ........             DCD     pngtop
    8    00000008 ........             DCD     pLIB_TOP
    9    0000000C ........             DCD     SFE(DATA_N)
   10    00000010              
   15    00000010              
   16    00000000                      RSEG    CODE:CODE
   17    00000000              
   18    00000000                     
   19    00000000              
   20    00000000                      PUBLIC  OldOnClose
   21    00000000              OldOnClose:
   22    00000000 B9D366A0             DCD     0xA066D3B8+1
   23    00000004                              
   24    00000000                              PUBLIC  OldOnCreate
   25    00000004              OldOnCreate:
   26    00000004 79D166A0             DCD     0xA066D178+1           
                                                                         
   27    00000008                              
   28    00000000                      PUBLIC  OldShowMsg
   29    00000008              OldShowMsg:
   30    00000008 79EA94A0             DCD     0xA094EA78+1
   31    0000000C              
   32    00000000                      PUBLIC  PITgetN
   33    0000000C              PITgetN:
   34    0000000C 8422A3A0             DCD     0xA0A32284
   35    00000010                      
   36    00000000                      PUBLIC  PITret
   37    00000010              PITret:
   38    00000010 A5CE94A0             DCD     0xA094CEA4+1
   39    00000014                      
   40    00000014              
   41    00000014              
   42    00000014                      END
##############################
#          CRC:23C3          #
#        Errors:   0         #
#        Warnings: 0         #
#         Bytes: 36          #
##############################



