##############################################################################
#                                                                            #
# IAR ARM ANSI C/C++ Compiler V4.41A/W32 EVALUATION    15/Jul/2008  14:41:19 #
# Copyright 1999-2005 IAR Systems. All rights reserved.                      #
#                                                                            #
#    Cpu mode        =  interwork                                            #
#    Endian          =  little                                               #
#    Stack alignment =  4                                                    #
#    Source file     =  E:\cd\e71\Develop\Eraser\Menu\config_data.c          #
#    Command line    =  E:\cd\e71\Develop\Eraser\Menu\config_data.c -D       #
#                       NEWSGOLD -D ELKA -lC E:\cd\e71\Develop\Eraser\Menu\R #
#                       elease_ELKA\List\ -o E:\cd\e71\Develop\Eraser\Menu\R #
#                       elease_ELKA\Obj\ -s9 --no_unroll --no_clustering     #
#                       --cpu_mode arm --endian little --cpu ARM926EJ-S      #
#                       --stack_align 4 --interwork -e --fpu None            #
#                       --dlib_config "E:\cd\e71\Develop\Embedded Workbench  #
#                       4.0 Evaluation\ARM\LIB\dl5tpainl8n.h" --segment      #
#                       code=CONFIG --segment data=CONFIG -I                 #
#                       "E:\cd\e71\Develop\Embedded Workbench 4.0            #
#                       Evaluation\ARM\INC\" --inline_threshold=2            #
#    List file       =  E:\cd\e71\Develop\Eraser\Menu\Release_ELKA\List\conf #
#                       ig_data.lst                                          #
#    Object file     =  E:\cd\e71\Develop\Eraser\Menu\Release_ELKA\Obj\confi #
#                       g_data.r79                                           #
#                                                                            #
#                                                                            #
##############################################################################

E:\cd\e71\Develop\Eraser\Menu\config_data.c
      1          #include "..\inc\cfg_items.h"
      2          #include "main.h"
      3          
      4          //Конфигурация
      5          
      6          #ifdef NEWSGOLD
      7          #define DEFAULT_DISK "4"
      8          #else
      9          #define DEFAULT_DISK "0"
     10          #endif
     11          

   \                                 In segment CONFIG_C, align 4, align-sorted, root
     12          __root const CFG_HDR cfghdr0={CFG_CBOX,"Приветствие",0,2};
   \                     cfghdr0:
   \   00000000   05000000           DC32 5
   \   00000004   CFF0E8E2E5F2       DC8 "\317\360\350\342\345\362\361\362\342\350\345"
   \              F1F2E2E8E500
   \   00000010   000000000000       DC8 0, 0, 0, 0, 0, 0, 0, 0, 0, 0, 0, 0, 0, 0, 0, 0, 0, 0, 0, 0
   \              000000000000
   \              000000000000
   \              0000        
   \   00000024   000000000200       DC32 0, 2
   \              0000        

   \                                 In segment CONFIG_C, align 4, align-sorted, root
     13          __root const int ENA_HELLO_MSG=1;
   \                     ENA_HELLO_MSG:
   \   00000000   01000000           DC32 1

   \                                 In segment CONFIG_C, align 4, align-sorted, root
     14          __root const CFG_CBOX_ITEM cfgcbox1[2]={"Да","Нет"};
   \                     cfgcbox1:
   \   00000000   C4E000             DC8 "\304\340"
   \   00000003   000000000000       DC8 0, 0, 0, 0, 0, 0, 0, 0, 0, 0, 0, 0, 0, 0, 0, 0
   \              000000000000
   \              00000000    
   \   00000013   000000000000       DC8 0, 0, 0, 0, 0, 0, 0, 0, 0, 0, 0, 0, 0
   \              000000000000
   \              00          
   \   00000020   CDE5F200           DC8 "\315\345\362"
   \   00000024   000000000000       DC8 0, 0, 0, 0, 0, 0, 0, 0, 0, 0, 0, 0, 0, 0, 0, 0
   \              000000000000
   \              00000000    
   \   00000034   000000000000       DC8 0, 0, 0, 0, 0, 0, 0, 0, 0, 0, 0, 0
   \              000000000000
     15          
     16          // -------------------------------------------------------------------------- //
     17          

   \                                 In segment CONFIG_C, align 4, align-sorted, root
     18            __root const CFG_HDR cfghdr1_4 = {CFG_UINT, "Rows", 0, 5};
   \                     cfghdr1_4:
   \   00000000   01000000           DC32 1
   \   00000004   526F777300         DC8 "Rows"
   \   00000009   000000000000       DC8 0, 0, 0, 0, 0, 0, 0, 0, 0, 0, 0, 0, 0, 0, 0, 0
   \              000000000000
   \              00000000    
   \   00000019   000000000000       DC8 0, 0, 0, 0, 0, 0, 0, 0, 0, 0, 0
   \              0000000000  
   \   00000024   000000000500       DC32 0, 5
   \              0000        

   \                                 In segment CONFIG_C, align 4, align-sorted, root
     19            __root const unsigned int Rows = 4;
   \                     Rows:
   \   00000000   04000000           DC32 4
     20          

   \                                 In segment CONFIG_C, align 4, align-sorted, root
     21            __root const CFG_HDR cfghdr1_5 = {CFG_UINT, "Colunms", 0, 5};
   \                     cfghdr1_5:
   \   00000000   01000000           DC32 1
   \   00000004   436F6C756E6D       DC8 "Colunms"
   \              7300        
   \   0000000C   000000000000       DC8 0, 0, 0, 0, 0, 0, 0, 0, 0, 0, 0, 0, 0, 0, 0, 0
   \              000000000000
   \              00000000    
   \   0000001C   000000000000       DC8 0, 0, 0, 0, 0, 0, 0, 0
   \              0000        
   \   00000024   000000000500       DC32 0, 5
   \              0000        

   \                                 In segment CONFIG_C, align 4, align-sorted, root
     22            __root const unsigned int Columns = 3;
   \                     Columns:
   \   00000000   03000000           DC32 3
     23          

   \                                 In segment CONFIG_C, align 4, align-sorted, root
     24            __root const CFG_HDR cfghdr1_6 = {CFG_UINT, "OffsetX", 0, 5};
   \                     cfghdr1_6:
   \   00000000   01000000           DC32 1
   \   00000004   4F6666736574       DC8 "OffsetX"
   \              5800        
   \   0000000C   000000000000       DC8 0, 0, 0, 0, 0, 0, 0, 0, 0, 0, 0, 0, 0, 0, 0, 0
   \              000000000000
   \              00000000    
   \   0000001C   000000000000       DC8 0, 0, 0, 0, 0, 0, 0, 0
   \              0000        
   \   00000024   000000000500       DC32 0, 5
   \              0000        

   \                                 In segment CONFIG_C, align 4, align-sorted, root
     25            __root const unsigned int OffsetX = 3;
   \                     OffsetX:
   \   00000000   03000000           DC32 3
     26          

   \                                 In segment CONFIG_C, align 4, align-sorted, root
     27            __root const CFG_HDR cfghdr1_7 = {CFG_UINT, "OffsetY", 0, 5};
   \                     cfghdr1_7:
   \   00000000   01000000           DC32 1
   \   00000004   4F6666736574       DC8 "OffsetY"
   \              5900        
   \   0000000C   000000000000       DC8 0, 0, 0, 0, 0, 0, 0, 0, 0, 0, 0, 0, 0, 0, 0, 0
   \              000000000000
   \              00000000    
   \   0000001C   000000000000       DC8 0, 0, 0, 0, 0, 0, 0, 0
   \              0000        
   \   00000024   000000000500       DC32 0, 5
   \              0000        

   \                                 In segment CONFIG_C, align 4, align-sorted, root
     28            __root const unsigned int OffsetY = 3;
   \                     OffsetY:
   \   00000000   03000000           DC32 3
     29            

   \                                 In segment CONFIG_C, align 4, align-sorted, root
     30            __root const CFG_HDR cfghdr2_2={CFG_STR_UTF8,"PAth menu",0,63};
   \                     cfghdr2_2:
   \   00000000   02000000           DC32 2
   \   00000004   50417468206D       DC8 "PAth menu"
   \              656E7500    
   \   0000000E   000000000000       DC8 0, 0, 0, 0, 0, 0, 0, 0, 0, 0, 0, 0, 0, 0, 0, 0, 0, 0, 0, 0, 0, 0
   \              000000000000
   \              000000000000
   \              00000000    
   \   00000024   000000003F00       DC32 0, 63
   \              0000        

   \                                 In segment CONFIG_C, align 4, align-sorted, root
     31            __root const char MENU_PATH[128]=DEFAULT_DISK ":\\ZBin\\Menu\\Menu.cfg";
   \                     MENU_PATH:
   \   00000000   343A5C5A4269       DC8 "4:\\ZBin\\Menu\\Menu.cfg"
   \              6E5C4D656E75
   \              5C4D656E752E
   \              63666700    
   \   00000016   000000000000       DC8 0, 0, 0, 0, 0, 0, 0, 0, 0, 0, 0, 0, 0, 0, 0, 0
   \              000000000000
   \              00000000    
   \   00000026   000000000000       DC8 0, 0, 0, 0, 0, 0, 0, 0, 0, 0, 0, 0, 0, 0, 0, 0
   \              000000000000
   \              00000000    
   \   00000036   000000000000       DC8 0, 0, 0, 0, 0, 0, 0, 0, 0, 0, 0, 0, 0, 0, 0, 0
   \              000000000000
   \              00000000    
   \   00000046   000000000000       DC8 0, 0, 0, 0, 0, 0, 0, 0, 0, 0, 0, 0, 0, 0, 0, 0
   \              000000000000
   \              00000000    
   \   00000056   000000000000       DC8 0, 0, 0, 0, 0, 0, 0, 0, 0, 0, 0, 0, 0, 0, 0, 0
   \              000000000000
   \              00000000    
   \   00000066   000000000000       DC8 0, 0, 0, 0, 0, 0, 0, 0, 0, 0, 0, 0, 0, 0, 0, 0
   \              000000000000
   \              00000000    
   \   00000076   000000000000       DC8 0, 0, 0, 0, 0, 0, 0, 0, 0, 0
   \              00000000    
     32            

   \                                 In segment CONFIG_C, align 4, align-sorted, root
     33            __root const CFG_HDR cfghdr2_3={CFG_STR_UTF8,"PAth cursor",0,63};
   \                     cfghdr2_3:
   \   00000000   02000000           DC32 2
   \   00000004   504174682063       DC8 "PAth cursor"
   \              7572736F7200
   \   00000010   000000000000       DC8 0, 0, 0, 0, 0, 0, 0, 0, 0, 0, 0, 0, 0, 0, 0, 0, 0, 0, 0, 0
   \              000000000000
   \              000000000000
   \              0000        
   \   00000024   000000003F00       DC32 0, 63
   \              0000        

   \                                 In segment CONFIG_C, align 4, align-sorted, root
     34            __root const char CURSOR_PATH[128]=DEFAULT_DISK ":\\ZBin\\Menu\\cursor.png";
   \                     CURSOR_PATH:
   \   00000000   343A5C5A4269       DC8 "4:\\ZBin\\Menu\\cursor.png"
   \              6E5C4D656E75
   \              5C637572736F
   \              722E706E6700
   \   00000018   000000000000       DC8 0, 0, 0, 0, 0, 0, 0, 0, 0, 0, 0, 0, 0, 0, 0, 0
   \              000000000000
   \              00000000    
   \   00000028   000000000000       DC8 0, 0, 0, 0, 0, 0, 0, 0, 0, 0, 0, 0, 0, 0, 0, 0
   \              000000000000
   \              00000000    
   \   00000038   000000000000       DC8 0, 0, 0, 0, 0, 0, 0, 0, 0, 0, 0, 0, 0, 0, 0, 0
   \              000000000000
   \              00000000    
   \   00000048   000000000000       DC8 0, 0, 0, 0, 0, 0, 0, 0, 0, 0, 0, 0, 0, 0, 0, 0
   \              000000000000
   \              00000000    
   \   00000058   000000000000       DC8 0, 0, 0, 0, 0, 0, 0, 0, 0, 0, 0, 0, 0, 0, 0, 0
   \              000000000000
   \              00000000    
   \   00000068   000000000000       DC8 0, 0, 0, 0, 0, 0, 0, 0, 0, 0, 0, 0, 0, 0, 0, 0
   \              000000000000
   \              00000000    
   \   00000078   000000000000       DC8 0, 0, 0, 0, 0, 0, 0, 0
   \              0000        
     35          
     36          
     37          
     38          
     39          
     40          
     41          
     42          


   Segment part sizes:

     Function/Label Bytes
     -------------- -----
     cfghdr0          44
     ENA_HELLO_MSG     4
     cfgcbox1         64
     cfghdr1_4        44
     Rows              4
     cfghdr1_5        44
     Columns           4
     cfghdr1_6        44
     OffsetX           4
     cfghdr1_7        44
     OffsetY           4
     cfghdr2_2        44
     MENU_PATH       128
     cfghdr2_3        44
     CURSOR_PATH     128

 
 648 bytes in segment CONFIG_C
 
 648 bytes of CONST memory

Errors: none
Warnings: none
