################################################################################
#                                                                              #
#      IAR Universal Linker V4.60I/386                                         #
#                                                                              #
#           Link time     =  25/Jan/2011  13:22:01                             #
#           Target CPU    =  ARM                                               #
#           List file     =  C:\arm\flamee_m\Release_ELKA\List\f.map           #
#           Output file 1 =  C:\arm\flamee_m\Release_ELKA\Exe\f.elf            #
#                            Format: elf, variant: -ynpra                      #
#           Command line  =  C:\arm\CBN\DIV.R79                                #
#                            C:\arm\flamee_m\Release_ELKA\Obj\func.r79         #
#                            C:\arm\flamee_m\Release_ELKA\Obj\main.r79 -o      #
#                            C:\arm\flamee_m\Release_ELKA\Exe\f.elf -Felf -l   #
#                            C:\arm\flamee_m\Release_ELKA\List\f.map -xmsnio   #
#                            -f C:\arm\AkkuD\test.xcl (-carm                   #
#                            -V(CODE)CODE_AREA,12 -V(DATA)DATA_AREA,12         #
#                            -Z(CODE_AREA)ELFBEGIN,DATA_ID,START,CODE,DATA_C,I #
#                            NITTAB,DATA_Z,DATA_N,CONFIG_C=0-FFFFFFFF          #
#                            -Z(DATA_AREA)DATA_I=0-FFFFFFFF                    #
#                            -Z(DATA_AREA)HEAP=0-FFFFFFFF) -ynpra -s main      #
#                                                                              #
#                        Copyright 1987-2007 IAR Systems. All rights reserved. #
################################################################################





                ****************************************
                *                                      *
                *           CROSS REFERENCE            *
                *                                      *
                ****************************************

       Program entry at : CODE_AREA 0000053C  Relocatable, from module : main




                ****************************************
                *                                      *
                *            RUNTIME MODEL             *
                *                                      *
                ****************************************

  StackAlign4  = USED
  __cpu_mode   = __pcs__interwork
  __data_model = absolute
  __endian     = little
  __rt_version = 6



                ****************************************
                *                                      *
                *              MODULE MAP              *
                *                                      *
                ****************************************


  DEFINED ABSOLUTE ENTRIES
    *************************************************************************

  DEFINED ABSOLUTE ENTRIES
    *************************************************************************

  FILE NAME : C:\arm\CBN\DIV.R79
  LIBRARY MODULE, NAME : ?div_module

  SEGMENTS IN THE MODULE
  ======================
CODE
  Segment part 0. NOT NEEDED.
           ENTRY                   ADDRESS         REF BY
           =====                   =======         ======
           ??divu8_t               
    -------------------------------------------------------------------------
CODE
  Segment part 1. NOT NEEDED.
           ENTRY                   ADDRESS         REF BY
           =====                   =======         ======
           ??divu8_a               
    -------------------------------------------------------------------------
CODE
  Segment part 2. NOT NEEDED.
           ENTRY                   ADDRESS         REF BY
           =====                   =======         ======
           ??divu16_t              
    -------------------------------------------------------------------------
CODE
  Segment part 3. NOT NEEDED.
           ENTRY                   ADDRESS         REF BY
           =====                   =======         ======
           ??divu16_a              
    -------------------------------------------------------------------------
CODE
  Segment part 4. NOT NEEDED.
           ENTRY                   ADDRESS         REF BY
           =====                   =======         ======
           ??divu32_t              
    -------------------------------------------------------------------------
CODE
  Segment part 5. NOT NEEDED.
           ENTRY                   ADDRESS         REF BY
           =====                   =======         ======
           ??divu32_a              
    -------------------------------------------------------------------------
CODE
  Segment part 6. NOT NEEDED.
           ENTRY                   ADDRESS         REF BY
           =====                   =======         ======
           ??div8_t                
    -------------------------------------------------------------------------
CODE
  Segment part 7. NOT NEEDED.
           ENTRY                   ADDRESS         REF BY
           =====                   =======         ======
           ??div8_a                
    -------------------------------------------------------------------------
CODE
  Segment part 8. NOT NEEDED.
           ENTRY                   ADDRESS         REF BY
           =====                   =======         ======
           ??div16_t               
    -------------------------------------------------------------------------
CODE
  Segment part 9. NOT NEEDED.
           ENTRY                   ADDRESS         REF BY
           =====                   =======         ======
           ??div16_a               
    -------------------------------------------------------------------------
CODE
  Segment part 10. NOT NEEDED.
           ENTRY                   ADDRESS         REF BY
           =====                   =======         ======
           ??div32_t               
    -------------------------------------------------------------------------
CODE
  Segment part 11. NOT NEEDED.
           ENTRY                   ADDRESS         REF BY
           =====                   =======         ======
           ??div32_a               
    -------------------------------------------------------------------------
CODE
  Segment part 12. NOT NEEDED.

    *************************************************************************

  FILE NAME : C:\arm\flamee_m\Release_ELKA\Obj\func.r79
  PROGRAM MODULE, NAME : func

  SEGMENTS IN THE MODULE
  ======================
ELFBEGIN
  Relative segment, address: CODE_AREA 00000000, align: 0
  Segment part 0. ROOT.
           ENTRY                   ADDRESS         REF BY
           =====                   =======         ======
           ELF_BEGIN               00000000        ElfKiller (main)
    -------------------------------------------------------------------------
CODE
  Relative segment, address: CODE_AREA 00000004 - 00000007 (0x4 bytes), align: 2
  Segment part 1. ROOT.
           ENTRY                   ADDRESS         REF BY
           =====                   =======         ======
           kill_data               00000004        ElfKiller (main)
                                                   onDestroy (main)

    *************************************************************************

  FILE NAME : C:\arm\flamee_m\Release_ELKA\Obj\main.r79
  PROGRAM MODULE, NAME : main

  SEGMENTS IN THE MODULE
  ======================
DATA_Z
  Relative segment, address: CODE_AREA 0000068C - 000007A3 (0x118 bytes), align: 2
  Segment part 4.             Intra module refs:   MAINCSM
           ENTRY                   ADDRESS         REF BY
           =====                   =======         ======
           maincsm_name_body       0000068C 
    -------------------------------------------------------------------------
DATA_Z
  Relative segment, address: CODE_AREA 000007A4 - 000007A7 (0x4 bytes), align: 2
  Segment part 5.             Intra module refs:   main
           ENTRY                   ADDRESS         REF BY
           =====                   =======         ======
           MAINCSM_ID              000007A4 
    -------------------------------------------------------------------------
DATA_Z
  Relative segment, address: CODE_AREA 000007A8 - 000007AB (0x4 bytes), align: 2
  Segment part 6.             Intra module refs:   maincsm_oncreate
           ENTRY                   ADDRESS         REF BY
           =====                   =======         ======
           MAINGUI_ID              000007A8 
    -------------------------------------------------------------------------
DATA_I
  Relative segment, address: DATA_AREA 00000000 - 00000003 (0x4 bytes), align: 2
  Segment part 7.             Intra module refs:   OnKey
           ENTRY                   ADDRESS         REF BY
           =====                   =======         ======
           maxx                    00000000 
    -------------------------------------------------------------------------
DATA_Z
  Relative segment, address: CODE_AREA 000007AC - 00025FAB (0x25800 bytes), align: 2
  Segment part 9.             Intra module refs:   Init
                                                   Segment part 31
           ENTRY                   ADDRESS         REF BY
           =====                   =======         ======
           screen                  000007AC 
    -------------------------------------------------------------------------
DATA_Z
  Relative segment, address: CODE_AREA 00025FAC - 0004B7AB (0x25800 bytes), align: 2
  Segment part 10.            Intra module refs:   Segment part 35
           ENTRY                   ADDRESS         REF BY
           =====                   =======         ======
           screen2                 00025FAC 
    -------------------------------------------------------------------------
DATA_Z
  Relative segment, address: CODE_AREA 0004B7AC - 0004BBBB (0x410 bytes), align: 2
  Segment part 11.            Intra module refs:   createpallet
                                                   filtr
           ENTRY                   ADDRESS         REF BY
           =====                   =======         ======
           Bc                      0004B7B4 
           Gc                      0004B7B0 
           Rc                      0004B7AC 
           countpallet             0004B7B8 
           palletka                0004B7BC 
    -------------------------------------------------------------------------
CODE
  Segment part 16. NOT NEEDED.
    -------------------------------------------------------------------------
CODE
  Segment part 17. NOT NEEDED.
           ENTRY                   ADDRESS         REF BY
           =====                   =======         ======
           rgb2bitmap16            
               not allocated function
    -------------------------------------------------------------------------
CODE
  Segment part 18. NOT NEEDED.
    -------------------------------------------------------------------------
CODE
  Relative segment, address: CODE_AREA 00000008 - 0000010F (0x108 bytes), align: 2
  Segment part 19.            Intra module refs:   onCreate
           ENTRY                   ADDRESS         REF BY
           =====                   =======         ======
           createpallet            00000008 
               stack 1 = 00000000 ( 0000000C )
    -------------------------------------------------------------------------
CODE
  Segment part 20. NOT NEEDED.
    -------------------------------------------------------------------------
CODE
  Relative segment, address: CODE_AREA 00000110 - 0000014B (0x3c bytes), align: 2
  Segment part 21.            Intra module refs:   OnRedraw
           ENTRY                   ADDRESS         REF BY
           =====                   =======         ======
           filtr                   00000110 
    -------------------------------------------------------------------------
CODE
  Segment part 22. NOT NEEDED.
    -------------------------------------------------------------------------
DATA_Z
  Relative segment, address: CODE_AREA 0004BBBC - 0004BBBF (0x4 bytes), align: 2
  Segment part 12.            Intra module refs:   Init
                                                   Segment part 26
           ENTRY                   ADDRESS         REF BY
           =====                   =======         ======
           randseed                0004BBBC 
    -------------------------------------------------------------------------
CODE
  Segment part 23. NOT NEEDED.
           ENTRY                   ADDRESS         REF BY
           =====                   =======         ======
           randint                 
               not allocated function
    -------------------------------------------------------------------------
CODE
  Segment part 24. NOT NEEDED.
    -------------------------------------------------------------------------
CODE
  Relative segment, address: CODE_AREA 0000014C - 00000177 (0x2c bytes), align: 2
  Segment part 25.            Intra module refs:   main
           ENTRY                   ADDRESS         REF BY
           =====                   =======         ======
           Randomize               0000014C 
               stack 1 = 00000000 ( 00000014 )
    -------------------------------------------------------------------------
CODE
  Relative segment, address: CODE_AREA 00000178 - 0000017B (0x4 bytes), align: 2
  Segment part 26.            Intra module refs:   Randomize
    -------------------------------------------------------------------------
CODE
  Segment part 27. NOT NEEDED.
    -------------------------------------------------------------------------
CODE
  Relative segment, address: CODE_AREA 0000017C - 0000019B (0x20 bytes), align: 2
  Segment part 28.            Intra module refs:   onCreate
           ENTRY                   ADDRESS         REF BY
           =====                   =======         ======
           timer_proc              0000017C 
               stack 1 = 00000000 ( 00000004 )
    -------------------------------------------------------------------------
CODE
  Segment part 29. NOT NEEDED.
    -------------------------------------------------------------------------
DATA_Z
  Relative segment, address: CODE_AREA 0004BBC0 - 0004BBCF (0x10 bytes), align: 2
  Segment part 13.            Intra module refs:   Segment part 34
           ENTRY                   ADDRESS         REF BY
           =====                   =======         ======
           clor                    0004BBCC 
           img                     0004BBC0 
    -------------------------------------------------------------------------
DATA_Z
  Relative segment, address: CODE_AREA 0004BBD0 - 0004BBDF (0x10 bytes), align: 2
  Segment part 14.            Intra module refs:   Segment part 38
           ENTRY                   ADDRESS         REF BY
           =====                   =======         ======
           timer                   0004BBD0 
    -------------------------------------------------------------------------
CODE
  Relative segment, address: CODE_AREA 0000019C - 0000032B (0x190 bytes), align: 2
  Segment part 30.            Intra module refs:   Segment part 15
           ENTRY                   ADDRESS         REF BY
           =====                   =======         ======
           OnRedraw                0000019C 
               stack 1 = 00000000 ( 00000038 )
    -------------------------------------------------------------------------
CODE
  Relative segment, address: CODE_AREA 0000032C - 0000032F (0x4 bytes), align: 2
  Segment part 31.            Intra module refs:   OnRedraw
                                                   filtr
    -------------------------------------------------------------------------
CODE
  Segment part 32. NOT NEEDED.
    -------------------------------------------------------------------------
CODE
  Relative segment, address: CODE_AREA 00000330 - 0000037B (0x4c bytes), align: 2
  Segment part 33.            Intra module refs:   Segment part 15
           ENTRY                   ADDRESS         REF BY
           =====                   =======         ======
           onCreate                00000330 
               stack 1 = 00000000 ( 00000008 )
    -------------------------------------------------------------------------
CODE
  Relative segment, address: CODE_AREA 0000037C - 0000037F (0x4 bytes), align: 2
  Segment part 34.            Intra module refs:   OnRedraw
                                                   onCreate
    -------------------------------------------------------------------------
CODE
  Relative segment, address: CODE_AREA 00000380 - 00000383 (0x4 bytes), align: 2
  Segment part 35.            Intra module refs:   filtr
                                                   onCreate
    -------------------------------------------------------------------------
CODE
  Segment part 36. NOT NEEDED.
    -------------------------------------------------------------------------
CODE
  Relative segment, address: CODE_AREA 00000384 - 0000039B (0x18 bytes), align: 2
  Segment part 37.            Intra module refs:   Segment part 15
           ENTRY                   ADDRESS         REF BY
           =====                   =======         ======
           onClose                 00000384 
               stack 1 = 00000000 ( 00000004 )
    -------------------------------------------------------------------------
CODE
  Relative segment, address: CODE_AREA 0000039C - 0000039F (0x4 bytes), align: 2
  Segment part 38.            Intra module refs:   onClose
                                                   timer_proc
    -------------------------------------------------------------------------
CODE
  Segment part 39. NOT NEEDED.
    -------------------------------------------------------------------------
CODE
  Relative segment, address: CODE_AREA 000003A0 - 000003B3 (0x14 bytes), align: 2
  Segment part 40.            Intra module refs:   Segment part 15
           ENTRY                   ADDRESS         REF BY
           =====                   =======         ======
           onFocus                 000003A0 
               stack 1 = 00000000 ( 00000004 )
    -------------------------------------------------------------------------
CODE
  Segment part 41. NOT NEEDED.
    -------------------------------------------------------------------------
CODE
  Relative segment, address: CODE_AREA 000003B4 - 000003C7 (0x14 bytes), align: 2
  Segment part 42.            Intra module refs:   Segment part 15
           ENTRY                   ADDRESS         REF BY
           =====                   =======         ======
           onUnfocus               000003B4 
    -------------------------------------------------------------------------
CODE
  Segment part 43. NOT NEEDED.
    -------------------------------------------------------------------------
CODE
  Relative segment, address: CODE_AREA 000003C8 - 0000042B (0x64 bytes), align: 2
  Segment part 44.            Intra module refs:   Segment part 15
           ENTRY                   ADDRESS         REF BY
           =====                   =======         ======
           OnKey                   000003C8 
    -------------------------------------------------------------------------
CODE
  Segment part 45. NOT NEEDED.
    -------------------------------------------------------------------------
CODE
  Relative segment, address: CODE_AREA 0000042C - 0000042F (0x4 bytes), align: 2
  Segment part 46.            Intra module refs:   Segment part 15
           ENTRY                   ADDRESS         REF BY
           =====                   =======         ======
           onDestroy               0000042C 
               stack 1 = 00000000 ( 00000004 )
    -------------------------------------------------------------------------
CODE
  Segment part 47. NOT NEEDED.
    -------------------------------------------------------------------------
CODE
  Relative segment, address: CODE_AREA 00000430 - 00000437 (0x8 bytes), align: 2
  Segment part 48.            Intra module refs:   Segment part 15
           ENTRY                   ADDRESS         REF BY
           =====                   =======         ======
           method8                 00000430 
    -------------------------------------------------------------------------
CODE
  Segment part 49. NOT NEEDED.
    -------------------------------------------------------------------------
CODE
  Relative segment, address: CODE_AREA 00000438 - 0000043F (0x8 bytes), align: 2
  Segment part 50.            Intra module refs:   Segment part 15
           ENTRY                   ADDRESS         REF BY
           =====                   =======         ======
           method9                 00000438 
    -------------------------------------------------------------------------
CODE
  Segment part 51. NOT NEEDED.
    -------------------------------------------------------------------------
CODE
  Relative segment, address: CODE_AREA 00000440 - 000004AB (0x6c bytes), align: 2
  Segment part 52.            Intra module refs:   MAINCSM
           ENTRY                   ADDRESS         REF BY
           =====                   =======         ======
           maincsm_oncreate        00000440 
               stack 1 = 00000000 ( 0000000C )
    -------------------------------------------------------------------------
CODE
  Segment part 53. NOT NEEDED.
    -------------------------------------------------------------------------
CODE
  Relative segment, address: CODE_AREA 000004AC - 000004C7 (0x1c bytes), align: 2
  Segment part 54.            Intra module refs:   maincsm_onclose
           ENTRY                   ADDRESS         REF BY
           =====                   =======         ======
           ElfKiller               000004AC 
               stack 1 = 00000000 ( 00000004 )
    -------------------------------------------------------------------------
CODE
  Segment part 55. NOT NEEDED.
    -------------------------------------------------------------------------
CODE
  Relative segment, address: CODE_AREA 000004C8 - 000004DB (0x14 bytes), align: 2
  Segment part 56.            Intra module refs:   MAINCSM
           ENTRY                   ADDRESS         REF BY
           =====                   =======         ======
           maincsm_onclose         000004C8 
               stack 1 = 00000000 ( 00000004 )
    -------------------------------------------------------------------------
CODE
  Segment part 57. NOT NEEDED.
    -------------------------------------------------------------------------
CODE
  Relative segment, address: CODE_AREA 000004DC - 0000050B (0x30 bytes), align: 2
  Segment part 58.            Intra module refs:   MAINCSM
           ENTRY                   ADDRESS         REF BY
           =====                   =======         ======
           maincsm_onmessage       000004DC 
    -------------------------------------------------------------------------
CODE
  Segment part 59. NOT NEEDED.
    -------------------------------------------------------------------------
DATA_C
  Relative segment, address: CODE_AREA 000005F8 - 0000063B (0x44 bytes), align: 2
  Segment part 2.             Intra module refs:   UpdateCSMname
                                                   main
           ENTRY                   ADDRESS         REF BY
           =====                   =======         ======
           MAINCSM                 00000600 
    -------------------------------------------------------------------------
DATA_C
  Relative segment, address: CODE_AREA 0000063C - 0000063F (0x4 bytes), align: 2
  Segment part 3.             Intra module refs:   MAINCSM
           ENTRY                   ADDRESS         REF BY
           =====                   =======         ======
           minus11                 0000063C 
    -------------------------------------------------------------------------
DATA_C
  Relative segment, address: CODE_AREA 00000640 - 00000673 (0x34 bytes), align: 2
  Segment part 15.            Intra module refs:   maincsm_oncreate
           ENTRY                   ADDRESS         REF BY
           =====                   =======         ======
           Canvas                  0000066C 
           gui_methods             00000640 
    -------------------------------------------------------------------------
CODE
  Relative segment, address: CODE_AREA 0000050C - 0000053B (0x30 bytes), align: 2
  Segment part 60.            Intra module refs:   main
           ENTRY                   ADDRESS         REF BY
           =====                   =======         ======
           UpdateCSMname           0000050C 
               stack 1 = 00000000 ( 00000008 )
    -------------------------------------------------------------------------
CODE
  Segment part 61. NOT NEEDED.
    -------------------------------------------------------------------------
CODE
  Relative segment, address: CODE_AREA 0000053C - 00000577 (0x3c bytes), align: 2
  Segment part 62.
           ENTRY                   ADDRESS         REF BY
           =====                   =======         ======
           main                    0000053C        Absolute parts (?ABS_ENTRY_MOD)
               stack 1 = 00000000 ( 00000030 )
    -------------------------------------------------------------------------
CODE
  Segment part 63. NOT NEEDED.
    -------------------------------------------------------------------------
CODE
  Segment part 64. NOT NEEDED.Intra module refs:   OnRedraw
                                                   onCreate
    -------------------------------------------------------------------------
CODE
  Segment part 65. NOT NEEDED.Intra module refs:   ElfKiller
                                                   onDestroy
    -------------------------------------------------------------------------
CODE
  Relative segment, address: CODE_AREA 00000578 - 000005F7 (0x80 bytes), align: 2
  Segment part 66.            Intra module refs:   OnRedraw
                                                   onCreate
           ENTRY                   ADDRESS         REF BY
           =====                   =======         ======
           Init                    00000578 
    -------------------------------------------------------------------------
CSTACK
  Segment part 1. NOT NEEDED.
    -------------------------------------------------------------------------
DATA_ID
  Relative segment, address: CODE_AREA 00000000 - 00000003 (0x4 bytes), align: 2
  Segment part 8.             Intra module refs:   maxx
    -------------------------------------------------------------------------
DATA_ID
  Segment part 67. NOT NEEDED.
           ENTRY                   ADDRESS         REF BY
           =====                   =======         ======
           ?*?DATA_ID              
    -------------------------------------------------------------------------
INITTAB
  Relative segment, address: CODE_AREA 00000674 - 0000067F (0xc bytes), align: 2
  Segment part 68. ROOT.
           ENTRY                   ADDRESS         REF BY
           =====                   =======         ======
           ?init?tab?DATA_I        00000674 
    -------------------------------------------------------------------------
INITTAB
  Relative segment, address: CODE_AREA 00000680 - 0000068B (0xc bytes), align: 2
  Segment part 69. ROOT.
           ENTRY                   ADDRESS         REF BY
           =====                   =======         ======
           ?init?tab?DATA_Z        00000680 




                ****************************************
                *                                      *
                *            MODULE SUMMARY            *
                *                                      *
                ****************************************

Module     CODE   DATA
------     ----   ----
          (Rel)  (Rel)
func          4
main    310 236      4
------  -------      -
Total:  310 240      4


                ****************************************
                *                                      *
                *              CALL GRAPH              *
                *                                      *
                ****************************************

  ->Sub-tree of type: Indirectly called function tree that does not make
                    : indirect calls (Is not an interrupt and is not flagged
                    : as not overlayable)
                             CSTACK
    | Stack used (prev) :  00000000
  01  timer_proc
      | Stack used (prev) :  00000000
      | + function block  :  00000004
  <-Sub-tree of type: Indirectly called function tree that does not make
                    : indirect calls (Is not an interrupt and is not flagged
                    : as not overlayable)
    | Stack used          :  00000004


  ->Sub-tree of type: Indirectly called function tree that does not make
                    : indirect calls (Is not an interrupt and is not flagged
                    : as not overlayable)
                             CSTACK
    | Stack used (prev) :  00000000
  01  OnRedraw
      | Stack used (prev) :  00000000
      | + function block  :  00000038
  <-Sub-tree of type: Indirectly called function tree that does not make
                    : indirect calls (Is not an interrupt and is not flagged
                    : as not overlayable)
    | Stack used          :  00000038


  ->Sub-tree of type: Indirectly called function tree that does not make
                    : indirect calls (Is not an interrupt and is not flagged
                    : as not overlayable)
                             CSTACK
    | Stack used (prev) :  00000000
  01  onCreate
      | Stack used (prev) :  00000000
      | + function block  :  00000008
  <-Sub-tree of type: Indirectly called function tree that does not make
                    : indirect calls (Is not an interrupt and is not flagged
                    : as not overlayable)
    | Stack used          :  00000008


  ->Sub-tree of type: Indirectly called function tree that does not make
                    : indirect calls (Is not an interrupt and is not flagged
                    : as not overlayable)
                             CSTACK
    | Stack used (prev) :  00000000
  01  onClose
      | Stack used (prev) :  00000000
      | + function block  :  00000004
  <-Sub-tree of type: Indirectly called function tree that does not make
                    : indirect calls (Is not an interrupt and is not flagged
                    : as not overlayable)
    | Stack used          :  00000004


  ->Sub-tree of type: Indirectly called function tree that does not make
                    : indirect calls (Is not an interrupt and is not flagged
                    : as not overlayable)
                             CSTACK
    | Stack used (prev) :  00000000
  01  onFocus
      | Stack used (prev) :  00000000
      | + function block  :  00000004
  <-Sub-tree of type: Indirectly called function tree that does not make
                    : indirect calls (Is not an interrupt and is not flagged
                    : as not overlayable)
    | Stack used          :  00000004


  ->Sub-tree of type: Indirectly called function tree that does not make
                    : indirect calls (Is not an interrupt and is not flagged
                    : as not overlayable)
                             CSTACK
    | Stack used (prev) :  00000000
  01  onUnfocus
      | Stack used (prev) :  00000000
      | + function block  :  00000000
  <-Sub-tree of type: Indirectly called function tree that does not make
                    : indirect calls (Is not an interrupt and is not flagged
                    : as not overlayable)
    | Stack used          :  00000000


  ->Sub-tree of type: Indirectly called function tree that does not make
                    : indirect calls (Is not an interrupt and is not flagged
                    : as not overlayable)
                             CSTACK
    | Stack used (prev) :  00000000
  01  OnKey
      | Stack used (prev) :  00000000
      | + function block  :  00000000
  <-Sub-tree of type: Indirectly called function tree that does not make
                    : indirect calls (Is not an interrupt and is not flagged
                    : as not overlayable)
    | Stack used          :  00000000


  ->Sub-tree of type: Indirectly called function tree that does not make
                    : indirect calls (Is not an interrupt and is not flagged
                    : as not overlayable)
                             CSTACK
    | Stack used (prev) :  00000000
  01  onDestroy
      | Stack used (prev) :  00000000
      | + function block  :  00000004
  <-Sub-tree of type: Indirectly called function tree that does not make
                    : indirect calls (Is not an interrupt and is not flagged
                    : as not overlayable)
    | Stack used          :  00000004


  ->Sub-tree of type: Indirectly called function tree that does not make
                    : indirect calls (Is not an interrupt and is not flagged
                    : as not overlayable)
                             CSTACK
    | Stack used (prev) :  00000000
  01  method8
      | Stack used (prev) :  00000000
      | + function block  :  00000000
  <-Sub-tree of type: Indirectly called function tree that does not make
                    : indirect calls (Is not an interrupt and is not flagged
                    : as not overlayable)
    | Stack used          :  00000000


  ->Sub-tree of type: Indirectly called function tree that does not make
                    : indirect calls (Is not an interrupt and is not flagged
                    : as not overlayable)
                             CSTACK
    | Stack used (prev) :  00000000
  01  method9
      | Stack used (prev) :  00000000
      | + function block  :  00000000
  <-Sub-tree of type: Indirectly called function tree that does not make
                    : indirect calls (Is not an interrupt and is not flagged
                    : as not overlayable)
    | Stack used          :  00000000


  ->Sub-tree of type: Indirectly called function tree that does not make
                    : indirect calls (Is not an interrupt and is not flagged
                    : as not overlayable)
                             CSTACK
    | Stack used (prev) :  00000000
  01  maincsm_oncreate
      | Stack used (prev) :  00000000
      | + function block  :  0000000C
  <-Sub-tree of type: Indirectly called function tree that does not make
                    : indirect calls (Is not an interrupt and is not flagged
                    : as not overlayable)
    | Stack used          :  0000000C


  ->Sub-tree of type: Indirectly called function tree that does not make
                    : indirect calls (Is not an interrupt and is not flagged
                    : as not overlayable)
                             CSTACK
    | Stack used (prev) :  00000000
  01  ElfKiller
      | Stack used (prev) :  00000000
      | + function block  :  00000004
  <-Sub-tree of type: Indirectly called function tree that does not make
                    : indirect calls (Is not an interrupt and is not flagged
                    : as not overlayable)
    | Stack used          :  00000004


  ->Sub-tree of type: Indirectly called function tree that does not make
                    : indirect calls (Is not an interrupt and is not flagged
                    : as not overlayable)
                             CSTACK
    | Stack used (prev) :  00000000
  01  maincsm_onclose
      | Stack used (prev) :  00000000
      | + function block  :  00000004
  <-Sub-tree of type: Indirectly called function tree that does not make
                    : indirect calls (Is not an interrupt and is not flagged
                    : as not overlayable)
    | Stack used          :  00000004


  ->Sub-tree of type: Indirectly called function tree that does not make
                    : indirect calls (Is not an interrupt and is not flagged
                    : as not overlayable)
                             CSTACK
    | Stack used (prev) :  00000000
  01  maincsm_onmessage
      | Stack used (prev) :  00000000
      | + function block  :  00000000
  <-Sub-tree of type: Indirectly called function tree that does not make
                    : indirect calls (Is not an interrupt and is not flagged
                    : as not overlayable)
    | Stack used          :  00000000


  ->Sub-tree of type: Function tree
                             CSTACK
    | Stack used (prev) :  00000038
  01  createpallet
      | Stack used (prev) :  00000038
      | + function block  :  0000000C
  <-Sub-tree of type: Function tree
    | Stack used          :  00000044


  ->Sub-tree of type: Function tree
                             CSTACK
    | Stack used (prev) :  00000044
  01  filtr
      | Stack used (prev) :  00000044
      | + function block  :  00000000
  <-Sub-tree of type: Function tree
    | Stack used          :  00000044


  ->Sub-tree of type: Function tree
                             CSTACK
    | Stack used (prev) :  00000044
  01  Randomize
      | Stack used (prev) :  00000044
      | + function block  :  00000014
  <-Sub-tree of type: Function tree
    | Stack used          :  00000058


  ->Sub-tree of type: Function tree
                             CSTACK
    | Stack used (prev) :  00000058
  01  UpdateCSMname
      | Stack used (prev) :  00000058
      | + function block  :  00000008
  <-Sub-tree of type: Function tree
    | Stack used          :  00000060


  ->Sub-tree of type: Function tree
                             CSTACK
    | Stack used (prev) :  00000060
  01  main
      | Stack used (prev) :  00000060
      | + function block  :  00000030
  <-Sub-tree of type: Function tree
    | Stack used          :  00000090


  ->Sub-tree of type: Function tree
                             CSTACK
    | Stack used (prev) :  00000090
  01  Init
      | Stack used (prev) :  00000090
      | + function block  :  00000000
  <-Sub-tree of type: Function tree
    | Stack used          :  00000090




                ****************************************
                *                                      *
                *      SEGMENTS IN ADDRESS ORDER       *
                *                                      *
                ****************************************


SEGMENT              SPACE    START ADDRESS   END ADDRESS     SIZE  TYPE  ALIGN
=======              =====    =============   ===========     ====  ====  =====
ELFBEGIN             CODE_AREA           00000000                     rel    0
DATA_ID              CODE_AREA      00000000 - 00000003           4   rel    2
START                CODE_AREA           00000004                     dse    0
CODE                 CODE_AREA      00000004 - 000005F7         5F4   rel    2
DATA_C               CODE_AREA      000005F8 - 00000673          7C   rel    2
INITTAB              CODE_AREA      00000674 - 0000068B          18   rel    2
DATA_Z               CODE_AREA      0000068C - 0004BBDF       4B554   rel    2
DATA_I               DATA_AREA      00000000 - 00000003           4   rel    2

                ****************************************
                *                                      *
                *        END OF CROSS REFERENCE        *
                *                                      *
                ****************************************

 310 240 bytes of CODE memory
       4 bytes of DATA memory

Errors: none
Warnings: none

