################################################################################
#                                                                              #
#      IAR Universal Linker V4.60I/386                                         #
#                                                                              #
#           Link time     =  14/Jan/2009  11:42:37                             #
#           Target CPU    =  ARM                                               #
#           List file     =  K:\Pasha\elf\SieELF\Un7z\Release\List\Un7z.map    #
#           Output file 1 =  K:\Pasha\elf\SieELF\Un7z\Release\Exe\Un7z.elf     #
#                            Format: elf, variant: -ynpra                      #
#           Command line  =  K:\Pasha\elf\SieELF\Un7z\Release\Obj\LzmaDecode.r #
#                            79                                                #
#                            K:\Pasha\elf\SieELF\Un7z\Release\Obj\func.r79     #
#                            K:\Pasha\elf\SieELF\Un7z\Release\Obj\main.r79     #
#                            -o                                                #
#                            K:\Pasha\elf\SieELF\Un7z\Release\Exe\Un7z.elf     #
#                            -Felf -l                                          #
#                            K:\Pasha\elf\SieELF\Un7z\Release\List\Un7z.map    #
#                            -xmsnio -f K:\Pasha\elf\SieELF\Un7z\test.xcl      #
#                            (-carm -V(CODE)CODE_AREA,12                       #
#                            -V(DATA)DATA_AREA,12                              #
#                            -Z(CODE_AREA)ELFBEGIN,DATA_ID,START,CODE,DATA_C,I #
#                            NITTAB,DATA_Z,DATA_N,CONFIG_C=0-FFFFFFFF          #
#                            -Z(DATA_AREA)DATA_I=0-FFFFFFFF) -ynpra            #
#                            "K:\Pasha\Embedded Workbench 4.0 Evaluation2\ARM\ #
#                            LIB\dl5tpainl8n.r79"                              #
#                            -s main                                           #
#                                                                              #
#                        Copyright 1987-2007 IAR Systems. All rights reserved. #
################################################################################





                ****************************************
                *                                      *
                *           CROSS REFERENCE            *
                *                                      *
                ****************************************

       Program entry at : CODE_AREA 00000DD0  Relocatable, from module : main




                ****************************************
                *                                      *
                *            RUNTIME MODEL             *
                *                                      *
                ****************************************

  StackAlign4  = USED
  __cpu_mode   = __pcs__interwork
  __data_model = absolute
  __endian     = little
  __rt_version = 6



                ****************************************
                *                                      *
                *              MODULE MAP              *
                *                                      *
                ****************************************


  DEFINED ABSOLUTE ENTRIES
    *************************************************************************

  DEFINED ABSOLUTE ENTRIES
    *************************************************************************

  FILE NAME : K:\Pasha\elf\SieELF\Un7z\Release\Obj\LzmaDecode.r79
  PROGRAM MODULE, NAME : LzmaDecode

  SEGMENTS IN THE MODULE
  ======================
CODE
  Segment part 2. NOT NEEDED.
    -------------------------------------------------------------------------
CODE
  Relative segment, address: CODE_AREA 00000124 - 0000019F (0x7c bytes), align: 2
  Segment part 3.
           ENTRY                   ADDRESS         REF BY
           =====                   =======         ======
           LzmaDecodeProperties    00000124        un7z (main)
    -------------------------------------------------------------------------
CODE
  Segment part 4. NOT NEEDED.
    -------------------------------------------------------------------------
CODE
  Relative segment, address: CODE_AREA 000001A0 - 00000A93 (0x8f4 bytes), align: 2
  Segment part 5.
           ENTRY                   ADDRESS         REF BY
           =====                   =======         ======
           LzmaDecode              000001A0        un7z (main)
               stack 1 = 00000000 ( 00000050 )
    -------------------------------------------------------------------------
CSTACK
  Segment part 1. NOT NEEDED.

    *************************************************************************

  FILE NAME : K:\Pasha\elf\SieELF\Un7z\Release\Obj\func.r79
  PROGRAM MODULE, NAME : func

  SEGMENTS IN THE MODULE
  ======================
ELFBEGIN
  Relative segment, address: CODE_AREA 00000000, align: 0
  Segment part 0. ROOT.
           ENTRY                   ADDRESS         REF BY
           =====                   =======         ======
           ELF_BEGIN               00000000        ElfKiller (main)
    -------------------------------------------------------------------------
CODE
  Relative segment, address: CODE_AREA 00000A94 - 00000A9B (0x8 bytes), align: 2
  Segment part 1. ROOT.
           ENTRY                   ADDRESS         REF BY
           =====                   =======         ======
           kill_data               00000A94        ElfKiller (main)
           seqkill                 00000A98 

    *************************************************************************

  FILE NAME : K:\Pasha\elf\SieELF\Un7z\Release\Obj\main.r79
  PROGRAM MODULE, NAME : main

  SEGMENTS IN THE MODULE
  ======================
DATA_C
  Segment part 2. NOT NEEDED.
           ENTRY                   ADDRESS         REF BY
           =====                   =======         ======
           waitEOS                 
    -------------------------------------------------------------------------
DATA_C
  Segment part 3. NOT NEEDED.
           ENTRY                   ADDRESS         REF BY
           =====                   =======         ======
           maxdirsize              
    -------------------------------------------------------------------------
DATA_C
  Segment part 4. NOT NEEDED.
           ENTRY                   ADDRESS         REF BY
           =====                   =======         ======
           hsize                   
    -------------------------------------------------------------------------
DATA_I
  Relative segment, address: DATA_AREA 00000000 - 00000123 (0x124 bytes), align: 2
  Segment part 5.             Intra module refs:   Segment part 27
                                                   prepname
                                                   un7z
           ENTRY                   ADDRESS         REF BY
           =====                   =======         ======
           err                     00000120 
           filename                00000020 
           getpos                  00000010 
           outProcessed            0000001C 
           properties              00000014 
           state                   00000000 
    -------------------------------------------------------------------------
CODE
  Segment part 7. NOT NEEDED.
    -------------------------------------------------------------------------
CODE
  Relative segment, address: CODE_AREA 00000A9C - 00000B03 (0x68 bytes), align: 2
  Segment part 8.             Intra module refs:   main
                                                   un7z
           ENTRY                   ADDRESS         REF BY
           =====                   =======         ======
           fread32                 00000A9C 
               stack 1 = 00000000 ( 0000001C )
    -------------------------------------------------------------------------
CODE
  Segment part 9. NOT NEEDED.
    -------------------------------------------------------------------------
CODE
  Relative segment, address: CODE_AREA 00000B04 - 00000B6B (0x68 bytes), align: 2
  Segment part 10.            Intra module refs:   main
           ENTRY                   ADDRESS         REF BY
           =====                   =======         ======
           fwrite32                00000B04 
               stack 1 = 00000000 ( 0000001C )
    -------------------------------------------------------------------------
CODE
  Segment part 11. NOT NEEDED.
    -------------------------------------------------------------------------
CODE
  Relative segment, address: CODE_AREA 00000B6C - 00000B87 (0x1c bytes), align: 2
  Segment part 12.            Intra module refs:   main
           ENTRY                   ADDRESS         REF BY
           =====                   =======         ======
           ElfKiller               00000B6C 
               stack 1 = 00000000 ( 00000004 )
    -------------------------------------------------------------------------
CODE
  Segment part 13. NOT NEEDED.
    -------------------------------------------------------------------------
CODE
  Segment part 14. NOT NEEDED.
           ENTRY                   ADDRESS         REF BY
           =====                   =======         ======
           getint                  
               not allocated function
    -------------------------------------------------------------------------
CODE
  Segment part 15. NOT NEEDED.
    -------------------------------------------------------------------------
CODE
  Relative segment, address: CODE_AREA 00000B88 - 00000BCF (0x48 bytes), align: 2
  Segment part 16.            Intra module refs:   main
           ENTRY                   ADDRESS         REF BY
           =====                   =======         ======
           prepname                00000B88 
               stack 1 = 00000000 ( 0000000C )
    -------------------------------------------------------------------------
CODE
  Segment part 17. NOT NEEDED.
    -------------------------------------------------------------------------
CODE
  Segment part 18. NOT NEEDED.
           ENTRY                   ADDRESS         REF BY
           =====                   =======         ======
           strcmp2                 
               not allocated function
    -------------------------------------------------------------------------
CODE
  Segment part 19. NOT NEEDED.
    -------------------------------------------------------------------------
CODE
  Relative segment, address: CODE_AREA 00000BD0 - 00000C07 (0x38 bytes), align: 2
  Segment part 20.            Intra module refs:   main
           ENTRY                   ADDRESS         REF BY
           =====                   =======         ======
           getempty                00000BD0 
    -------------------------------------------------------------------------
CODE
  Segment part 21. NOT NEEDED.
    -------------------------------------------------------------------------
CODE
  Relative segment, address: CODE_AREA 00000C08 - 00000D07 (0x100 bytes), align: 2
  Segment part 22.            Intra module refs:   main
           ENTRY                   ADDRESS         REF BY
           =====                   =======         ======
           un7z                    00000C08 
               stack 1 = 00000000 ( 00000030 )
    -------------------------------------------------------------------------
CODE
  Segment part 23. NOT NEEDED.
    -------------------------------------------------------------------------
CODE
  Relative segment, address: CODE_AREA 00000D08 - 00000DCF (0xc8 bytes), align: 2
  Segment part 24.            Intra module refs:   main
           ENTRY                   ADDRESS         REF BY
           =====                   =======         ======
           get8b                   00000D08 
               stack 1 = 00000000 ( 00000004 )
    -------------------------------------------------------------------------
CODE
  Segment part 25. NOT NEEDED.
    -------------------------------------------------------------------------
CODE
  Relative segment, address: CODE_AREA 00000DD0 - 000013F7 (0x628 bytes), align: 2
  Segment part 26.
           ENTRY                   ADDRESS         REF BY
           =====                   =======         ======
           main                    00000DD0        Absolute parts (?ABS_ENTRY_MOD)
               stack 1 = 00000000 ( 00000068 )
    -------------------------------------------------------------------------
CODE
  Relative segment, address: CODE_AREA 000013F8 - 000013FB (0x4 bytes), align: 2
  Segment part 27.            Intra module refs:   get8b
                                                   main
    -------------------------------------------------------------------------
CODE
  Segment part 28. NOT NEEDED.Intra module refs:   ElfKiller
    -------------------------------------------------------------------------
CODE
  Segment part 29. NOT NEEDED.Intra module refs:   un7z
    -------------------------------------------------------------------------
CODE
  Segment part 30. NOT NEEDED.Intra module refs:   un7z
    -------------------------------------------------------------------------
CSTACK
  Segment part 1. NOT NEEDED.
    -------------------------------------------------------------------------
DATA_ID
  Relative segment, address: CODE_AREA 00000000 - 00000123 (0x124 bytes), align: 2
  Segment part 6.             Intra module refs:   Segment part 5
    -------------------------------------------------------------------------
DATA_ID
  Segment part 31. NOT NEEDED.
           ENTRY                   ADDRESS         REF BY
           =====                   =======         ======
           ?*?DATA_ID              
    -------------------------------------------------------------------------
INITTAB
  Relative segment, address: CODE_AREA 000013FC - 00001407 (0xc bytes), align: 2
  Segment part 32. ROOT.
           ENTRY                   ADDRESS         REF BY
           =====                   =======         ======
           ?init?tab?DATA_I        000013FC 




                ****************************************
                *                                      *
                *            MODULE SUMMARY            *
                *                                      *
                ****************************************

Module       CODE   DATA
------       ----   ----
            (Rel)  (Rel)
LzmaDecode  2 416
func            8
main        2 704    292
------      -----    ---
Total:      5 128    292


                ****************************************
                *                                      *
                *              CALL GRAPH              *
                *                                      *
                ****************************************

  ->Sub-tree of type: Indirectly called function tree that does not make
                    : indirect calls (Is not an interrupt and is not flagged
                    : as not overlayable)
                             CSTACK
    | Stack used (prev) :  00000000
  01  ElfKiller
      | Stack used (prev) :  00000000
      | + function block  :  00000004
  <-Sub-tree of type: Indirectly called function tree that does not make
                    : indirect calls (Is not an interrupt and is not flagged
                    : as not overlayable)
    | Stack used          :  00000004


  ->Sub-tree of type: Function tree
                             CSTACK
    | Stack used (prev) :  00000004
  01  LzmaDecodeProperties
      | Stack used (prev) :  00000004
      | + function block  :  00000000
  <-Sub-tree of type: Function tree
    | Stack used          :  00000004


  ->Sub-tree of type: Function tree
                             CSTACK
    | Stack used (prev) :  00000004
  01  LzmaDecode
      | Stack used (prev) :  00000004
      | + function block  :  00000050
  <-Sub-tree of type: Function tree
    | Stack used          :  00000054


  ->Sub-tree of type: Function tree
                             CSTACK
    | Stack used (prev) :  00000054
  01  fread32
      | Stack used (prev) :  00000054
      | + function block  :  0000001C
  <-Sub-tree of type: Function tree
    | Stack used          :  00000070


  ->Sub-tree of type: Function tree
                             CSTACK
    | Stack used (prev) :  00000070
  01  fwrite32
      | Stack used (prev) :  00000070
      | + function block  :  0000001C
  <-Sub-tree of type: Function tree
    | Stack used          :  0000008C


  ->Sub-tree of type: Function tree
                             CSTACK
    | Stack used (prev) :  0000008C
  01  prepname
      | Stack used (prev) :  0000008C
      | + function block  :  0000000C
  <-Sub-tree of type: Function tree
    | Stack used          :  00000098


  ->Sub-tree of type: Function tree
                             CSTACK
    | Stack used (prev) :  00000098
  01  getempty
      | Stack used (prev) :  00000098
      | + function block  :  00000000
  <-Sub-tree of type: Function tree
    | Stack used          :  00000098


  ->Sub-tree of type: Function tree
                             CSTACK
    | Stack used (prev) :  00000098
  01  un7z
      | Stack used (prev) :  00000098
      | + function block  :  00000030
  <-Sub-tree of type: Function tree
    | Stack used          :  000000C8


  ->Sub-tree of type: Function tree
                             CSTACK
    | Stack used (prev) :  000000C8
  01  get8b
      | Stack used (prev) :  000000C8
      | + function block  :  00000004
  <-Sub-tree of type: Function tree
    | Stack used          :  000000CC


  ->Sub-tree of type: Function tree
                             CSTACK
    | Stack used (prev) :  000000CC
  01  main
      | Stack used (prev) :  000000CC
      | + function block  :  00000068
  <-Sub-tree of type: Function tree
    | Stack used          :  00000134




                ****************************************
                *                                      *
                *      SEGMENTS IN ADDRESS ORDER       *
                *                                      *
                ****************************************


SEGMENT              SPACE    START ADDRESS   END ADDRESS     SIZE  TYPE  ALIGN
=======              =====    =============   ===========     ====  ====  =====
ELFBEGIN             CODE_AREA           00000000                     rel    0
DATA_ID              CODE_AREA      00000000 - 00000123         124   rel    2
START                CODE_AREA           00000124                     dse    0
CODE                 CODE_AREA      00000124 - 000013FB        12D8   rel    2
DATA_C               CODE_AREA           000013FC                     dse    0
INITTAB              CODE_AREA      000013FC - 00001407           C   rel    2
DATA_I               DATA_AREA      00000000 - 00000123         124   rel    2

                ****************************************
                *                                      *
                *        END OF CROSS REFERENCE        *
                *                                      *
                ****************************************

 5 128 bytes of CODE memory
   292 bytes of DATA memory

Errors: none
Warnings: none

