################################################################################
#                                                                              #
#      IAR Universal Linker V4.60I/386                                         #
#                                                                              #
#           Link time     =  27/Aug/2009  10:53:49                             #
#           Target CPU    =  ARM                                               #
#           List file     =  C:\arm\nsd\Release\List\NSD.map                   #
#           Output file 1 =  C:\arm\nsd\Release\Exe\NSD.elf                    #
#                            Format: elf, variant: -ynpra                      #
#           Command line  =  C:\arm\nsd\Release\Obj\conf_loader.r79            #
#                            C:\arm\nsd\Release\Obj\config_data.r79            #
#                            C:\arm\nsd\Release\Obj\func.r79                   #
#                            C:\arm\nsd\Release\Obj\main.r79 -o                #
#                            C:\arm\nsd\Release\Exe\NSD.elf -Felf -l           #
#                            C:\arm\nsd\Release\List\NSD.map -xmsnio -f        #
#                            C:\arm\nsd\test.xcl (-carm -V(CODE)CODE_AREA,12   #
#                            -V(DATA)DATA_AREA,12                              #
#                            -Z(CODE_AREA)ELFBEGIN,DATA_ID,START,CODE,DATA_C,I #
#                            NITTAB,DATA_Z,DATA_N,CONFIG_C=0-FFFFFFFF          #
#                            -Z(DATA_AREA)DATA_I=0-FFFFFFFF) -ynpra -s main    #
#                                                                              #
#                        Copyright 1987-2007 IAR Systems. All rights reserved. #
################################################################################





                ****************************************
                *                                      *
                *           CROSS REFERENCE            *
                *                                      *
                ****************************************

       Program entry at : CODE_AREA 0000044C  Relocatable, from module : main




                ****************************************
                *                                      *
                *            RUNTIME MODEL             *
                *                                      *
                ****************************************

  StackAlign4  = USED
  __cpu_mode   = __pcs__interwork
  __data_model = absolute
  __endian     = little
  __rt_version = 6



                ****************************************
                *                                      *
                *              MODULE MAP              *
                *                                      *
                ****************************************


  DEFINED ABSOLUTE ENTRIES
    *************************************************************************

  DEFINED ABSOLUTE ENTRIES
    *************************************************************************

  FILE NAME : C:\arm\nsd\Release\Obj\conf_loader.r79
  PROGRAM MODULE, NAME : conf_loader

  SEGMENTS IN THE MODULE
  ======================
DATA_I
  Relative segment, address: DATA_AREA 00000000 - 00000003 (0x4 bytes), align: 2
  Segment part 5.             Intra module refs:   LoadConfigData
           ENTRY                   ADDRESS         REF BY
           =====                   =======         ======
           successed_config_filename
                                   00000000        maincsm_onmessage (main)
    -------------------------------------------------------------------------
CODE
  Segment part 7. NOT NEEDED.
    -------------------------------------------------------------------------
CODE
  Relative segment, address: CODE_AREA 00000020 - 0000014B (0x12c bytes), align: 2
  Segment part 8.             Intra module refs:   InitConfig
           ENTRY                   ADDRESS         REF BY
           =====                   =======         ======
           LoadConfigData          00000020 
               stack 1 = 00000000 ( 00000030 )
    -------------------------------------------------------------------------
CODE
  Segment part 9. NOT NEEDED.
    -------------------------------------------------------------------------
CODE
  Relative segment, address: CODE_AREA 0000014C - 00000173 (0x28 bytes), align: 2
  Segment part 10.
           ENTRY                   ADDRESS         REF BY
           =====                   =======         ======
           InitConfig              0000014C        main (main)
                                                   maincsm_onmessage (main)
               stack 1 = 00000000 ( 00000004 )
    -------------------------------------------------------------------------
CSTACK
  Segment part 1. NOT NEEDED.
    -------------------------------------------------------------------------
DATA_ID
  Relative segment, address: CODE_AREA 00000000 - 00000003 (0x4 bytes), align: 2
  Segment part 6.             Intra module refs:   successed_config_filename
    -------------------------------------------------------------------------
DATA_ID
  Segment part 11. NOT NEEDED.
           ENTRY                   ADDRESS         REF BY
           =====                   =======         ======
           ?*?DATA_ID              
    -------------------------------------------------------------------------
INITTAB
  Relative segment, address: CODE_AREA 000005B4 - 000005BF (0xc bytes), align: 2
  Segment part 12. ROOT.
           ENTRY                   ADDRESS         REF BY
           =====                   =======         ======
           ?init?tab?DATA_I        000005B4 
    -------------------------------------------------------------------------
CONFIG_C
  Segment part 13. NOT NEEDED.
    -------------------------------------------------------------------------
DATA_C
  Relative segment, address: CODE_AREA 000005B0 - 000005B0 (0x1 bytes), align: 0
  Segment part 2.             Intra module refs:   Segment part 6
    -------------------------------------------------------------------------
DATA_C
  Relative segment, address: CODE_AREA 000004C8 - 000004E3 (0x1c bytes), align: 2
  Segment part 3.             Intra module refs:   InitConfig
    -------------------------------------------------------------------------
DATA_C
  Relative segment, address: CODE_AREA 000004E4 - 000004FF (0x1c bytes), align: 2
  Segment part 4.             Intra module refs:   InitConfig

    *************************************************************************

  FILE NAME : C:\arm\nsd\Release\Obj\config_data.r79
  PROGRAM MODULE, NAME : config_data

  SEGMENTS IN THE MODULE
  ======================
CONFIG_C
  Relative segment, address: CODE_AREA 00000734 - 0000075F (0x2c bytes), align: 2
  Segment part 2. ROOT.
           ENTRY                   ADDRESS         REF BY
           =====                   =======         ======
           cfghdr0                 00000734        LoadConfigData (conf_loader)
    -------------------------------------------------------------------------
CONFIG_C
  Relative segment, address: CODE_AREA 00000760 - 000007DF (0x80 bytes), align: 2
  Segment part 3. ROOT.
           ENTRY                   ADDRESS         REF BY
           =====                   =======         ======
           folder                  00000760        tmethod0 (main)
    -------------------------------------------------------------------------
CSTACK
  Segment part 1. NOT NEEDED.

    *************************************************************************

  FILE NAME : C:\arm\nsd\Release\Obj\func.r79
  PROGRAM MODULE, NAME : func

  SEGMENTS IN THE MODULE
  ======================
ELFBEGIN
  Relative segment, address: CODE_AREA 00000000, align: 0
  Segment part 0. ROOT.
           ENTRY                   ADDRESS         REF BY
           =====                   =======         ======
           ELF_BEGIN               00000000        Killer (main)
    -------------------------------------------------------------------------
CODE
  Relative segment, address: CODE_AREA 00000174 - 0000017B (0x8 bytes), align: 2
  Segment part 1. ROOT.
           ENTRY                   ADDRESS         REF BY
           =====                   =======         ======
           kill_data               00000174        Killer (main)
                                                   Segment part 13 (main)
           seqkill                 00000178 

    *************************************************************************

  FILE NAME : C:\arm\nsd\Release\Obj\main.r79
  PROGRAM MODULE, NAME : main

  SEGMENTS IN THE MODULE
  ======================
DATA_C
  Relative segment, address: CODE_AREA 00000500 - 00000507 (0x8 bytes), align: 2
  Segment part 2.             Intra module refs:   tmethod0
    -------------------------------------------------------------------------
DATA_C
  Relative segment, address: CODE_AREA 00000508 - 00000513 (0xc bytes), align: 2
  Segment part 3.             Intra module refs:   tmethod0
    -------------------------------------------------------------------------
DATA_C
  Relative segment, address: CODE_AREA 00000514 - 0000052F (0x1c bytes), align: 2
  Segment part 4.             Intra module refs:   maincsm_onmessage
    -------------------------------------------------------------------------
DATA_C
  Relative segment, address: CODE_AREA 00000530 - 0000053B (0xc bytes), align: 2
  Segment part 5.             Intra module refs:   main
    -------------------------------------------------------------------------
DATA_C
  Relative segment, address: CODE_AREA 0000053C - 0000053F (0x4 bytes), align: 2
  Segment part 6.             Intra module refs:   Segment part 16
           ENTRY                   ADDRESS         REF BY
           =====                   =======         ======
           minus11                 0000053C 
    -------------------------------------------------------------------------
DATA_Z
  Segment part 7. NOT NEEDED.
           ENTRY                   ADDRESS         REF BY
           =====                   =======         ======
           under_idle              
    -------------------------------------------------------------------------
DATA_Z
  Relative segment, address: CODE_AREA 000005CC - 0000060B (0x40 bytes), align: 2
  Segment part 8.             Intra module refs:   tmethod0
           ENTRY                   ADDRESS         REF BY
           =====                   =======         ======
           path                    000005CC 
    -------------------------------------------------------------------------
DATA_Z
  Segment part 9. NOT NEEDED.
           ENTRY                   ADDRESS         REF BY
           =====                   =======         ======
           name                    
    -------------------------------------------------------------------------
DATA_Z
  Relative segment, address: CODE_AREA 0000060C - 0000061B (0x10 bytes), align: 2
  Segment part 10.            Intra module refs:   Segment part 27
           ENTRY                   ADDRESS         REF BY
           =====                   =======         ======
           tmr                     0000060C 
    -------------------------------------------------------------------------
DATA_I
  Relative segment, address: DATA_AREA 00000004 - 0000001F (0x1c bytes), align: 2
  Segment part 11.            Intra module refs:   bar
           ENTRY                   ADDRESS         REF BY
           =====                   =======         ======
           color_frame             00000004 
    -------------------------------------------------------------------------
CODE
  Segment part 17. NOT NEEDED.
    -------------------------------------------------------------------------
CODE
  Relative segment, address: CODE_AREA 0000017C - 000001C3 (0x48 bytes), align: 2
  Segment part 18.            Intra module refs:   bar
           ENTRY                   ADDRESS         REF BY
           =====                   =======         ======
           DRE                     0000017C 
               stack 1 = 00000000 ( 00000018 )
    -------------------------------------------------------------------------
CODE
  Segment part 19. NOT NEEDED.
    -------------------------------------------------------------------------
CODE
  Relative segment, address: CODE_AREA 000001C4 - 00000233 (0x70 bytes), align: 2
  Segment part 20.            Intra module refs:   tmethod0
           ENTRY                   ADDRESS         REF BY
           =====                   =======         ======
           bar                     000001C4 
               stack 1 = 00000000 ( 00000008 )
    -------------------------------------------------------------------------
CODE
  Segment part 21. NOT NEEDED.
    -------------------------------------------------------------------------
CODE
  Relative segment, address: CODE_AREA 00000234 - 0000028B (0x58 bytes), align: 2
  Segment part 22.            Intra module refs:   Segment part 13
           LOCAL                   ADDRESS         
           =====                   =======         
           tmethod0                00000234 
               stack 1 = 00000000 ( 0000000C )
    -------------------------------------------------------------------------
CODE
  Segment part 23. NOT NEEDED.
    -------------------------------------------------------------------------
CODE
  Relative segment, address: CODE_AREA 0000028C - 00000297 (0xc bytes), align: 2
  Segment part 24.            Intra module refs:   Segment part 13
           LOCAL                   ADDRESS         
           =====                   =======         
           tmethod1                0000028C 
    -------------------------------------------------------------------------
CODE
  Segment part 25. NOT NEEDED.
    -------------------------------------------------------------------------
CODE
  Relative segment, address: CODE_AREA 00000298 - 000002B3 (0x1c bytes), align: 2
  Segment part 26.            Intra module refs:   Segment part 13
           LOCAL                   ADDRESS         
           =====                   =======         
           tmethod2                00000298 
               stack 1 = 00000000 ( 00000008 )
    -------------------------------------------------------------------------
CODE
  Relative segment, address: CODE_AREA 000002B4 - 000002B7 (0x4 bytes), align: 2
  Segment part 27.            Intra module refs:   bar
                                                   tmethod2
    -------------------------------------------------------------------------
CODE
  Segment part 28. NOT NEEDED.
    -------------------------------------------------------------------------
CODE
  Relative segment, address: CODE_AREA 000002B8 - 000002CF (0x18 bytes), align: 2
  Segment part 29.            Intra module refs:   Segment part 13
           LOCAL                   ADDRESS         
           =====                   =======         
           tmethod3                000002B8 
               stack 1 = 00000000 ( 00000008 )
    -------------------------------------------------------------------------
CODE
  Segment part 30. NOT NEEDED.
    -------------------------------------------------------------------------
CODE
  Relative segment, address: CODE_AREA 000002D0 - 000002E3 (0x14 bytes), align: 2
  Segment part 31.            Intra module refs:   Segment part 13
           LOCAL                   ADDRESS         
           =====                   =======         
           tmethod4                000002D0 
    -------------------------------------------------------------------------
CODE
  Segment part 32. NOT NEEDED.
    -------------------------------------------------------------------------
CODE
  Relative segment, address: CODE_AREA 000002E4 - 0000031F (0x3c bytes), align: 2
  Segment part 33.            Intra module refs:   Segment part 13
           LOCAL                   ADDRESS         
           =====                   =======         
           tmethod5                000002E4 
    -------------------------------------------------------------------------
CODE
  Segment part 34. NOT NEEDED.
    -------------------------------------------------------------------------
CODE
  Relative segment, address: CODE_AREA 00000320 - 00000327 (0x8 bytes), align: 2
  Segment part 35.            Intra module refs:   Segment part 13
           LOCAL                   ADDRESS         
           =====                   =======         
           tmethod8                00000320 
    -------------------------------------------------------------------------
CODE
  Segment part 36. NOT NEEDED.
    -------------------------------------------------------------------------
CODE
  Relative segment, address: CODE_AREA 00000328 - 0000032F (0x8 bytes), align: 2
  Segment part 37.            Intra module refs:   Segment part 13
           LOCAL                   ADDRESS         
           =====                   =======         
           tmethod9                00000328 
    -------------------------------------------------------------------------
CODE
  Segment part 38. NOT NEEDED.
    -------------------------------------------------------------------------
DATA_C
  Relative segment, address: CODE_AREA 00000540 - 0000056B (0x2c bytes), align: 2
  Segment part 13.            Intra module refs:   load
    -------------------------------------------------------------------------
DATA_C
  Relative segment, address: CODE_AREA 0000056C - 00000573 (0x8 bytes), align: 2
  Segment part 14.            Intra module refs:   load
           ENTRY                   ADDRESS         REF BY
           =====                   =======         ======
           Canvt                   0000056C 
    -------------------------------------------------------------------------
CODE
  Relative segment, address: CODE_AREA 00000330 - 0000037B (0x4c bytes), align: 2
  Segment part 39.            Intra module refs:   maincsm_oncreate
           ENTRY                   ADDRESS         REF BY
           =====                   =======         ======
           load                    00000330 
               stack 1 = 00000000 ( 00000008 )
    -------------------------------------------------------------------------
CODE
  Segment part 40. NOT NEEDED.
    -------------------------------------------------------------------------
CODE
  Relative segment, address: CODE_AREA 0000037C - 000003C7 (0x4c bytes), align: 2
  Segment part 41.            Intra module refs:   maincsm_onmessage
           ENTRY                   ADDRESS         REF BY
           =====                   =======         ======
           strcmp_nocase           0000037C 
    -------------------------------------------------------------------------
CODE
  Segment part 42. NOT NEEDED.
    -------------------------------------------------------------------------
CODE
  Relative segment, address: CODE_AREA 000003C8 - 00000417 (0x50 bytes), align: 2
  Segment part 43.            Intra module refs:   Segment part 16
           ENTRY                   ADDRESS         REF BY
           =====                   =======         ======
           maincsm_onmessage       000003C8 
               stack 1 = 00000000 ( 00000004 )
    -------------------------------------------------------------------------
CODE
  Segment part 44. NOT NEEDED.
    -------------------------------------------------------------------------
CODE
  Relative segment, address: CODE_AREA 00000418 - 0000041B (0x4 bytes), align: 2
  Segment part 45.            Intra module refs:   Segment part 16
           LOCAL                   ADDRESS         
           =====                   =======         
           maincsm_oncreate        00000418 
               stack 1 = 00000000 ( 00000004 )
    -------------------------------------------------------------------------
CODE
  Segment part 46. NOT NEEDED.
    -------------------------------------------------------------------------
CODE
  Relative segment, address: CODE_AREA 0000041C - 00000437 (0x1c bytes), align: 2
  Segment part 47.            Intra module refs:   maincsm_onclose
           LOCAL                   ADDRESS         
           =====                   =======         
           Killer                  0000041C 
               stack 1 = 00000000 ( 00000004 )
    -------------------------------------------------------------------------
CODE
  Segment part 48. NOT NEEDED.
    -------------------------------------------------------------------------
CODE
  Relative segment, address: CODE_AREA 00000438 - 0000044B (0x14 bytes), align: 2
  Segment part 49.            Intra module refs:   Segment part 16
           LOCAL                   ADDRESS         
           =====                   =======         
           maincsm_onclose         00000438 
               stack 1 = 00000000 ( 00000004 )
    -------------------------------------------------------------------------
CODE
  Segment part 50. NOT NEEDED.
    -------------------------------------------------------------------------
DATA_Z
  Relative segment, address: CODE_AREA 0000061C - 00000733 (0x118 bytes), align: 2
  Segment part 15.            Intra module refs:   Segment part 16
    -------------------------------------------------------------------------
DATA_C
  Relative segment, address: CODE_AREA 00000574 - 000005AF (0x3c bytes), align: 2
  Segment part 16.            Intra module refs:   main
    -------------------------------------------------------------------------
CODE
  Relative segment, address: CODE_AREA 0000044C - 000004C7 (0x7c bytes), align: 2
  Segment part 51.
           ENTRY                   ADDRESS         REF BY
           =====                   =======         ======
           main                    0000044C        Absolute parts (?ABS_ENTRY_MOD)
               stack 1 = 00000000 ( 00000038 )
    -------------------------------------------------------------------------
CODE
  Segment part 52. NOT NEEDED.Intra module refs:   main
                                                   maincsm_onmessage
    -------------------------------------------------------------------------
CODE
  Segment part 53. NOT NEEDED.Intra module refs:   Killer
    -------------------------------------------------------------------------
CSTACK
  Segment part 1. NOT NEEDED.
    -------------------------------------------------------------------------
DATA_ID
  Relative segment, address: CODE_AREA 00000004 - 0000001F (0x1c bytes), align: 2
  Segment part 12.            Intra module refs:   color_frame
    -------------------------------------------------------------------------
DATA_ID
  Segment part 54. TENTATIVE. Used definition from conf_loader
           ENTRY                   ADDRESS         REF BY
           =====                   =======         ======
           ?*?DATA_ID              
    -------------------------------------------------------------------------
INITTAB
  Segment part 55. TENTATIVE. Used definition from conf_loader
           ENTRY                   ADDRESS         REF BY
           =====                   =======         ======
           ?init?tab?DATA_I        
    -------------------------------------------------------------------------
INITTAB
  Relative segment, address: CODE_AREA 000005C0 - 000005CB (0xc bytes), align: 2
  Segment part 56. ROOT.
           ENTRY                   ADDRESS         REF BY
           =====                   =======         ======
           ?init?tab?DATA_Z        000005C0 




                ****************************************
                *                                      *
                *            MODULE SUMMARY            *
                *                                      *
                ****************************************

Module            CODE   DATA
------            ----   ----
                 (Rel)  (Rel)
conf_loader        401      4
  + shared          12
config_data        172
func                 8
main             1 420     28
N/A (alignment)
------           -----     --
Total:           2 013     32


                ****************************************
                *                                      *
                *              CALL GRAPH              *
                *                                      *
                ****************************************

  ->Sub-tree of type: Indirectly called function tree that does not make
                    : indirect calls (Is not an interrupt and is not flagged
                    : as not overlayable)
                             CSTACK
    | Stack used (prev) :  00000000
  01  bar
      | Stack used (prev) :  00000000
      | + function block  :  00000008
  <-Sub-tree of type: Indirectly called function tree that does not make
                    : indirect calls (Is not an interrupt and is not flagged
                    : as not overlayable)
    | Stack used          :  00000008


  ->Sub-tree of type: Indirectly called function tree that does not make
                    : indirect calls (Is not an interrupt and is not flagged
                    : as not overlayable)
                             CSTACK
    | Stack used (prev) :  00000000
  01  tmethod0
      | Stack used (prev) :  00000000
      | + function block  :  0000000C
  <-Sub-tree of type: Indirectly called function tree that does not make
                    : indirect calls (Is not an interrupt and is not flagged
                    : as not overlayable)
    | Stack used          :  0000000C


  ->Sub-tree of type: Indirectly called function tree that does not make
                    : indirect calls (Is not an interrupt and is not flagged
                    : as not overlayable)
                             CSTACK
    | Stack used (prev) :  00000000
  01  tmethod1
      | Stack used (prev) :  00000000
      | + function block  :  00000000
  <-Sub-tree of type: Indirectly called function tree that does not make
                    : indirect calls (Is not an interrupt and is not flagged
                    : as not overlayable)
    | Stack used          :  00000000


  ->Sub-tree of type: Indirectly called function tree that does not make
                    : indirect calls (Is not an interrupt and is not flagged
                    : as not overlayable)
                             CSTACK
    | Stack used (prev) :  00000000
  01  tmethod2
      | Stack used (prev) :  00000000
      | + function block  :  00000008
  <-Sub-tree of type: Indirectly called function tree that does not make
                    : indirect calls (Is not an interrupt and is not flagged
                    : as not overlayable)
    | Stack used          :  00000008


  ->Sub-tree of type: Indirectly called function tree that does not make
                    : indirect calls (Is not an interrupt and is not flagged
                    : as not overlayable)
                             CSTACK
    | Stack used (prev) :  00000000
  01  tmethod3
      | Stack used (prev) :  00000000
      | + function block  :  00000008
  <-Sub-tree of type: Indirectly called function tree that does not make
                    : indirect calls (Is not an interrupt and is not flagged
                    : as not overlayable)
    | Stack used          :  00000008


  ->Sub-tree of type: Indirectly called function tree that does not make
                    : indirect calls (Is not an interrupt and is not flagged
                    : as not overlayable)
                             CSTACK
    | Stack used (prev) :  00000000
  01  tmethod4
      | Stack used (prev) :  00000000
      | + function block  :  00000000
  <-Sub-tree of type: Indirectly called function tree that does not make
                    : indirect calls (Is not an interrupt and is not flagged
                    : as not overlayable)
    | Stack used          :  00000000


  ->Sub-tree of type: Indirectly called function tree that does not make
                    : indirect calls (Is not an interrupt and is not flagged
                    : as not overlayable)
                             CSTACK
    | Stack used (prev) :  00000000
  01  tmethod5
      | Stack used (prev) :  00000000
      | + function block  :  00000000
  <-Sub-tree of type: Indirectly called function tree that does not make
                    : indirect calls (Is not an interrupt and is not flagged
                    : as not overlayable)
    | Stack used          :  00000000


  ->Sub-tree of type: Indirectly called function tree that does not make
                    : indirect calls (Is not an interrupt and is not flagged
                    : as not overlayable)
                             CSTACK
    | Stack used (prev) :  00000000
  01  tmethod8
      | Stack used (prev) :  00000000
      | + function block  :  00000000
  <-Sub-tree of type: Indirectly called function tree that does not make
                    : indirect calls (Is not an interrupt and is not flagged
                    : as not overlayable)
    | Stack used          :  00000000


  ->Sub-tree of type: Indirectly called function tree that does not make
                    : indirect calls (Is not an interrupt and is not flagged
                    : as not overlayable)
                             CSTACK
    | Stack used (prev) :  00000000
  01  tmethod9
      | Stack used (prev) :  00000000
      | + function block  :  00000000
  <-Sub-tree of type: Indirectly called function tree that does not make
                    : indirect calls (Is not an interrupt and is not flagged
                    : as not overlayable)
    | Stack used          :  00000000


  ->Sub-tree of type: Indirectly called function tree that does not make
                    : indirect calls (Is not an interrupt and is not flagged
                    : as not overlayable)
                             CSTACK
    | Stack used (prev) :  00000000
  01  maincsm_onmessage
      | Stack used (prev) :  00000000
      | + function block  :  00000004
  <-Sub-tree of type: Indirectly called function tree that does not make
                    : indirect calls (Is not an interrupt and is not flagged
                    : as not overlayable)
    | Stack used          :  00000004


  ->Sub-tree of type: Indirectly called function tree that does not make
                    : indirect calls (Is not an interrupt and is not flagged
                    : as not overlayable)
                             CSTACK
    | Stack used (prev) :  00000000
  01  maincsm_oncreate
      | Stack used (prev) :  00000000
      | + function block  :  00000004
  <-Sub-tree of type: Indirectly called function tree that does not make
                    : indirect calls (Is not an interrupt and is not flagged
                    : as not overlayable)
    | Stack used          :  00000004


  ->Sub-tree of type: Indirectly called function tree that does not make
                    : indirect calls (Is not an interrupt and is not flagged
                    : as not overlayable)
                             CSTACK
    | Stack used (prev) :  00000000
  01  Killer
      | Stack used (prev) :  00000000
      | + function block  :  00000004
  <-Sub-tree of type: Indirectly called function tree that does not make
                    : indirect calls (Is not an interrupt and is not flagged
                    : as not overlayable)
    | Stack used          :  00000004


  ->Sub-tree of type: Indirectly called function tree that does not make
                    : indirect calls (Is not an interrupt and is not flagged
                    : as not overlayable)
                             CSTACK
    | Stack used (prev) :  00000000
  01  maincsm_onclose
      | Stack used (prev) :  00000000
      | + function block  :  00000004
  <-Sub-tree of type: Indirectly called function tree that does not make
                    : indirect calls (Is not an interrupt and is not flagged
                    : as not overlayable)
    | Stack used          :  00000004


  ->Sub-tree of type: Function tree
                             CSTACK
    | Stack used (prev) :  0000000C
  01  LoadConfigData
      | Stack used (prev) :  0000000C
      | + function block  :  00000030
  <-Sub-tree of type: Function tree
    | Stack used          :  0000003C


  ->Sub-tree of type: Function tree
                             CSTACK
    | Stack used (prev) :  0000003C
  01  InitConfig
      | Stack used (prev) :  0000003C
      | + function block  :  00000004
  <-Sub-tree of type: Function tree
    | Stack used          :  00000040


  ->Sub-tree of type: Function tree
                             CSTACK
    | Stack used (prev) :  00000040
  01  DRE
      | Stack used (prev) :  00000040
      | + function block  :  00000018
  <-Sub-tree of type: Function tree
    | Stack used          :  00000058


  ->Sub-tree of type: Function tree
                             CSTACK
    | Stack used (prev) :  00000058
  01  load
      | Stack used (prev) :  00000058
      | + function block  :  00000008
  <-Sub-tree of type: Function tree
    | Stack used          :  00000060


  ->Sub-tree of type: Function tree
                             CSTACK
    | Stack used (prev) :  00000060
  01  strcmp_nocase
      | Stack used (prev) :  00000060
      | + function block  :  00000000
  <-Sub-tree of type: Function tree
    | Stack used          :  00000060


  ->Sub-tree of type: Function tree
                             CSTACK
    | Stack used (prev) :  00000060
  01  main
      | Stack used (prev) :  00000060
      | + function block  :  00000038
  <-Sub-tree of type: Function tree
    | Stack used          :  00000098




                ****************************************
                *                                      *
                *      SEGMENTS IN ADDRESS ORDER       *
                *                                      *
                ****************************************


SEGMENT              SPACE    START ADDRESS   END ADDRESS     SIZE  TYPE  ALIGN
=======              =====    =============   ===========     ====  ====  =====
ELFBEGIN             CODE_AREA           00000000                     rel    0
DATA_ID              CODE_AREA      00000000 - 0000001F          20   rel    2
START                CODE_AREA           00000020                     dse    0
CODE                 CODE_AREA      00000020 - 000004C7         4A8   rel    2
DATA_C               CODE_AREA      000004C8 - 000005B0          E9   rel    2
INITTAB              CODE_AREA      000005B4 - 000005CB          18   rel    2
DATA_Z               CODE_AREA      000005CC - 00000733         168   rel    2
DATA_N               CODE_AREA           00000734                     dse    0
CONFIG_C             CODE_AREA      00000734 - 000007DF          AC   rel    2
DATA_I               DATA_AREA      00000000 - 0000001F          20   rel    2

                ****************************************
                *                                      *
                *        END OF CROSS REFERENCE        *
                *                                      *
                ****************************************

 2 013 bytes of CODE memory
    32 bytes of DATA memory

Errors: none
Warnings: none

