################################################################################
#                                                                              #
#      IAR Universal Linker V4.60I/386                                         #
#                                                                              #
#           Link time     =  28/Mar/2011  22:51:06                             #
#           Target CPU    =  ARM                                               #
#           List file     =  C:\arm\111111\Release_ELKA\List\Players_Control_E #
#                            LKA.map                                           #
#           Output file 1 =  C:\arm\111111\Release_ELKA\Exe\Players_Control_EL #
#                            KA.elf                                            #
#                            Format: elf, variant: -ynpra                      #
#           Command line  =  C:\arm\111111\Release_ELKA\Obj\conf_loader.r79    #
#                            C:\arm\111111\Release_ELKA\Obj\config_data.r79    #
#                            C:\arm\111111\Release_ELKA\Obj\func.r79           #
#                            C:\arm\111111\Release_ELKA\Obj\main.r79 -o        #
#                            C:\arm\111111\Release_ELKA\Exe\Players_Control_EL #
#                            KA.elf                                            #
#                            -Felf -l                                          #
#                            C:\arm\111111\Release_ELKA\List\Players_Control_E #
#                            LKA.map                                           #
#                            -xmsnio -f C:\arm\111111\test.xcl (-carm          #
#                            -V(CODE)CODE_AREA,12 -V(DATA)DATA_AREA,12         #
#                            -Z(CODE_AREA)ELFBEGIN,DATA_ID,START,CODE,DATA_C,I #
#                            NITTAB,DATA_Z,DATA_N,CONFIG_C=0-FFFFFFFF          #
#                            -Z(DATA_AREA)DATA_I=0-FFFFFFFF) -ynpra            #
#                            "C:\arm2\Embedded Workbench 4.0 Evaluation\ARM\LI #
#                            B\dl5tpainl8f.r79"                                #
#                            -s main                                           #
#                                                                              #
#                        Copyright 1987-2007 IAR Systems. All rights reserved. #
################################################################################





                ****************************************
                *                                      *
                *           CROSS REFERENCE            *
                *                                      *
                ****************************************

       Program entry at : CODE_AREA 00001688  Relocatable, from module : main




                ****************************************
                *                                      *
                *            RUNTIME MODEL             *
                *                                      *
                ****************************************

  StackAlign4  = USED
  __cpu_mode   = __pcs__interwork
  __data_model = absolute
  __endian     = little
  __rt_version = 6



                ****************************************
                *                                      *
                *              MODULE MAP              *
                *                                      *
                ****************************************


  DEFINED ABSOLUTE ENTRIES
    *************************************************************************

  DEFINED ABSOLUTE ENTRIES
    *************************************************************************

  FILE NAME : C:\arm\111111\Release_ELKA\Obj\conf_loader.r79
  PROGRAM MODULE, NAME : conf_loader

  SEGMENTS IN THE MODULE
  ======================
DATA_I
  Relative segment, address: DATA_AREA 00000000 - 00000003 (0x4 bytes), align: 2
  Segment part 4.             Intra module refs:   LoadConfigData
           ENTRY                   ADDRESS         REF BY
           =====                   =======         ======
           successed_config_filename
                                   00000000        maincsm_onmessage (main)
    -------------------------------------------------------------------------
CODE
  Segment part 6. NOT NEEDED.
    -------------------------------------------------------------------------
CODE
  Relative segment, address: CODE_AREA 00000074 - 00000177 (0x104 bytes), align: 2
  Segment part 7.             Intra module refs:   InitConfig
           ENTRY                   ADDRESS         REF BY
           =====                   =======         ======
           LoadConfigData          00000074 
               stack 1 = 00000000 ( 00000024 )
    -------------------------------------------------------------------------
CODE
  Segment part 8. NOT NEEDED.
    -------------------------------------------------------------------------
CODE
  Relative segment, address: CODE_AREA 00000178 - 0000019F (0x28 bytes), align: 2
  Segment part 9.
           ENTRY                   ADDRESS         REF BY
           =====                   =======         ======
           InitConfig              00000178        main (main)
                                                   maincsm_onmessage (main)
               stack 1 = 00000000 ( 00000008 )
    -------------------------------------------------------------------------
CSTACK
  Segment part 1. NOT NEEDED.
    -------------------------------------------------------------------------
DATA_ID
  Relative segment, address: CODE_AREA 00000000 - 00000003 (0x4 bytes), align: 2
  Segment part 5.             Intra module refs:   successed_config_filename
    -------------------------------------------------------------------------
DATA_ID
  Segment part 10. NOT NEEDED.
           ENTRY                   ADDRESS         REF BY
           =====                   =======         ======
           ?*?DATA_ID              
    -------------------------------------------------------------------------
INITTAB
  Relative segment, address: CODE_AREA 0000187C - 00001887 (0xc bytes), align: 2
  Segment part 11. ROOT.
           ENTRY                   ADDRESS         REF BY
           =====                   =======         ======
           ?init?tab?DATA_I        0000187C 
    -------------------------------------------------------------------------
CONFIG_C
  Segment part 12. NOT NEEDED.
    -------------------------------------------------------------------------
DATA_C
  Relative segment, address: CODE_AREA 00001878 - 00001878 (0x1 bytes), align: 0
  Segment part 2.             Intra module refs:   Segment part 5
    -------------------------------------------------------------------------
DATA_C
  Relative segment, address: CODE_AREA 00001790 - 000017CF (0x40 bytes), align: 2
  Segment part 3.             Intra module refs:   InitConfig

    *************************************************************************

  FILE NAME : C:\arm\111111\Release_ELKA\Obj\config_data.r79
  PROGRAM MODULE, NAME : config_data

  SEGMENTS IN THE MODULE
  ======================
CONFIG_C
  Relative segment, address: CODE_AREA 000019DC - 00001A07 (0x2c bytes), align: 2
  Segment part 2. ROOT.
           ENTRY                   ADDRESS         REF BY
           =====                   =======         ======
           cfghdr0_0               000019DC        LoadConfigData (conf_loader)
    -------------------------------------------------------------------------
CONFIG_C
  Relative segment, address: CODE_AREA 00001A08 - 00001A0B (0x4 bytes), align: 2
  Segment part 3. ROOT.
           ENTRY                   ADDRESS         REF BY
           =====                   =======         ======
           MainType                00001A08        my_keyhook (main)
    -------------------------------------------------------------------------
CONFIG_C
  Relative segment, address: CODE_AREA 00001A0C - 00001A6B (0x60 bytes), align: 2
  Segment part 4. ROOT.
           ENTRY                   ADDRESS         REF BY
           =====                   =======         ======
           cfgcbox0_0              00001A0C 
    -------------------------------------------------------------------------
CONFIG_C
  Relative segment, address: CODE_AREA 00001A6C - 00001A97 (0x2c bytes), align: 2
  Segment part 5. ROOT.
           ENTRY                   ADDRESS         REF BY
           =====                   =======         ======
           cfghdr_m11              00001A6C 
    -------------------------------------------------------------------------
CONFIG_C
  Relative segment, address: CODE_AREA 00001A98 - 00001AC3 (0x2c bytes), align: 2
  Segment part 6. ROOT.
           ENTRY                   ADDRESS         REF BY
           =====                   =======         ======
           cfghdr0                 00001A98 
    -------------------------------------------------------------------------
CONFIG_C
  Relative segment, address: CODE_AREA 00001AC4 - 00001BC3 (0x100 bytes), align: 2
  Segment part 7. ROOT.
           ENTRY                   ADDRESS         REF BY
           =====                   =======         ======
           PATH_IVO                00001AC4        Start (main)
    -------------------------------------------------------------------------
CONFIG_C
  Relative segment, address: CODE_AREA 00001BC4 - 00001BEF (0x2c bytes), align: 2
  Segment part 8. ROOT.
           ENTRY                   ADDRESS         REF BY
           =====                   =======         ======
           cfghdr1                 00001BC4 
    -------------------------------------------------------------------------
CONFIG_C
  Relative segment, address: CODE_AREA 00001BF0 - 00001CEF (0x100 bytes), align: 2
  Segment part 9. ROOT.
           ENTRY                   ADDRESS         REF BY
           =====                   =======         ======
           PATH_MAPLAYER           00001BF0        Start (main)
    -------------------------------------------------------------------------
CONFIG_C
  Relative segment, address: CODE_AREA 00001CF0 - 00001D1B (0x2c bytes), align: 2
  Segment part 10. ROOT.
           ENTRY                   ADDRESS         REF BY
           =====                   =======         ======
           cfghdr2                 00001CF0 
    -------------------------------------------------------------------------
CONFIG_C
  Relative segment, address: CODE_AREA 00001D1C - 00001E1B (0x100 bytes), align: 2
  Segment part 11. ROOT.
           ENTRY                   ADDRESS         REF BY
           =====                   =======         ======
           PATH_SPLAYER            00001D1C        Start (main)
    -------------------------------------------------------------------------
CONFIG_C
  Relative segment, address: CODE_AREA 00001E1C - 00001E47 (0x2c bytes), align: 2
  Segment part 12. ROOT.
           ENTRY                   ADDRESS         REF BY
           =====                   =======         ======
           cfghdr1_1               00001E1C 
    -------------------------------------------------------------------------
CONFIG_C
  Relative segment, address: CODE_AREA 00001E48 - 00001E4B (0x4 bytes), align: 2
  Segment part 13. ROOT.
           ENTRY                   ADDRESS         REF BY
           =====                   =======         ======
           player0                 00001E48        Segment part 41 (main)
    -------------------------------------------------------------------------
CONFIG_C
  Relative segment, address: CODE_AREA 00001E4C - 00001E77 (0x2c bytes), align: 2
  Segment part 14. ROOT.
           ENTRY                   ADDRESS         REF BY
           =====                   =======         ======
           cfghdr1_2               00001E4C 
    -------------------------------------------------------------------------
CONFIG_C
  Relative segment, address: CODE_AREA 00001E78 - 00001E7B (0x4 bytes), align: 2
  Segment part 15. ROOT.
           ENTRY                   ADDRESS         REF BY
           =====                   =======         ======
           player1                 00001E78        Segment part 42 (main)
    -------------------------------------------------------------------------
CONFIG_C
  Relative segment, address: CODE_AREA 00001E7C - 00001EA7 (0x2c bytes), align: 2
  Segment part 16. ROOT.
           ENTRY                   ADDRESS         REF BY
           =====                   =======         ======
           cfghdr1_3               00001E7C 
    -------------------------------------------------------------------------
CONFIG_C
  Relative segment, address: CODE_AREA 00001EA8 - 00001EAB (0x4 bytes), align: 2
  Segment part 17. ROOT.
           ENTRY                   ADDRESS         REF BY
           =====                   =======         ======
           player2                 00001EA8        Segment part 38 (main)
    -------------------------------------------------------------------------
CONFIG_C
  Relative segment, address: CODE_AREA 00001EAC - 00001ED7 (0x2c bytes), align: 2
  Segment part 18. ROOT.
           ENTRY                   ADDRESS         REF BY
           =====                   =======         ======
           cfghdr1_4               00001EAC 
    -------------------------------------------------------------------------
CONFIG_C
  Relative segment, address: CODE_AREA 00001ED8 - 00001EDB (0x4 bytes), align: 2
  Segment part 19. ROOT.
           ENTRY                   ADDRESS         REF BY
           =====                   =======         ======
           player3                 00001ED8        Segment part 32 (main)
    -------------------------------------------------------------------------
CONFIG_C
  Relative segment, address: CODE_AREA 00001EDC - 00001F07 (0x2c bytes), align: 2
  Segment part 20. ROOT.
           ENTRY                   ADDRESS         REF BY
           =====                   =======         ======
           cfghdr1_5               00001EDC 
    -------------------------------------------------------------------------
CONFIG_C
  Relative segment, address: CODE_AREA 00001F08 - 00001F0B (0x4 bytes), align: 2
  Segment part 21. ROOT.
           ENTRY                   ADDRESS         REF BY
           =====                   =======         ======
           ena_lock                00001F08        Start (main)
    -------------------------------------------------------------------------
CONFIG_C
  Relative segment, address: CODE_AREA 00001F0C - 00001F37 (0x2c bytes), align: 2
  Segment part 22. ROOT.
           ENTRY                   ADDRESS         REF BY
           =====                   =======         ======
           cfghdr_m10              00001F0C 
    -------------------------------------------------------------------------
CONFIG_C
  Relative segment, address: CODE_AREA 00001F38 - 00001F63 (0x2c bytes), align: 2
  Segment part 23. ROOT.
           ENTRY                   ADDRESS         REF BY
           =====                   =======         ======
           cfghdr_m21              00001F38 
    -------------------------------------------------------------------------
CONFIG_C
  Relative segment, address: CODE_AREA 00001F64 - 00001F8F (0x2c bytes), align: 2
  Segment part 24. ROOT.
           ENTRY                   ADDRESS         REF BY
           =====                   =======         ======
           cfghdr_m21_11           00001F64 
    -------------------------------------------------------------------------
CONFIG_C
  Relative segment, address: CODE_AREA 00001F90 - 00001FBB (0x2c bytes), align: 2
  Segment part 25. ROOT.
           ENTRY                   ADDRESS         REF BY
           =====                   =======         ======
           cfghdr_m21_1_0          00001F90 
    -------------------------------------------------------------------------
CONFIG_C
  Relative segment, address: CODE_AREA 00001FBC - 00001FBF (0x4 bytes), align: 2
  Segment part 26. ROOT.
           ENTRY                   ADDRESS         REF BY
           =====                   =======         ======
           StartKey1_1             00001FBC        my_keyhook (main)
    -------------------------------------------------------------------------
CONFIG_C
  Relative segment, address: CODE_AREA 00001FC0 - 00001FEB (0x2c bytes), align: 2
  Segment part 27. ROOT.
           ENTRY                   ADDRESS         REF BY
           =====                   =======         ======
           cfghdr_m21_1_0_1        00001FC0 
    -------------------------------------------------------------------------
CONFIG_C
  Relative segment, address: CODE_AREA 00001FEC - 00001FEF (0x4 bytes), align: 2
  Segment part 28. ROOT.
           ENTRY                   ADDRESS         REF BY
           =====                   =======         ======
           StartKey1_1Type         00001FEC        my_keyhook (main)
    -------------------------------------------------------------------------
CONFIG_C
  Relative segment, address: CODE_AREA 00001FF0 - 0000208F (0xa0 bytes), align: 2
  Segment part 29. ROOT.
           ENTRY                   ADDRESS         REF BY
           =====                   =======         ======
           cfgcbox_m21_1_0_1       00001FF0 
    -------------------------------------------------------------------------
CONFIG_C
  Relative segment, address: CODE_AREA 00002090 - 000020BB (0x2c bytes), align: 2
  Segment part 30. ROOT.
           ENTRY                   ADDRESS         REF BY
           =====                   =======         ======
           cfghdr_m21_1_1          00002090 
    -------------------------------------------------------------------------
CONFIG_C
  Relative segment, address: CODE_AREA 000020BC - 000020BF (0x4 bytes), align: 2
  Segment part 31. ROOT.
           ENTRY                   ADDRESS         REF BY
           =====                   =======         ======
           StartKey1_2             000020BC        my_keyhook (main)
    -------------------------------------------------------------------------
CONFIG_C
  Relative segment, address: CODE_AREA 000020C0 - 000020EB (0x2c bytes), align: 2
  Segment part 32. ROOT.
           ENTRY                   ADDRESS         REF BY
           =====                   =======         ======
           cfghdr_m21_1_1_1        000020C0 
    -------------------------------------------------------------------------
CONFIG_C
  Relative segment, address: CODE_AREA 000020EC - 000020EF (0x4 bytes), align: 2
  Segment part 33. ROOT.
           ENTRY                   ADDRESS         REF BY
           =====                   =======         ======
           StartKey1_2Type         000020EC        my_keyhook (main)
    -------------------------------------------------------------------------
CONFIG_C
  Relative segment, address: CODE_AREA 000020F0 - 0000218F (0xa0 bytes), align: 2
  Segment part 34. ROOT.
           ENTRY                   ADDRESS         REF BY
           =====                   =======         ======
           cfgcbox_m21_1_1_1       000020F0 
    -------------------------------------------------------------------------
CONFIG_C
  Relative segment, address: CODE_AREA 00002190 - 000021BB (0x2c bytes), align: 2
  Segment part 35. ROOT.
           ENTRY                   ADDRESS         REF BY
           =====                   =======         ======
           cfghdr_m21_10           00002190 
    -------------------------------------------------------------------------
CONFIG_C
  Relative segment, address: CODE_AREA 000021BC - 000021E7 (0x2c bytes), align: 2
  Segment part 36. ROOT.
           ENTRY                   ADDRESS         REF BY
           =====                   =======         ======
           cfghdr_m21_21           000021BC 
    -------------------------------------------------------------------------
CONFIG_C
  Relative segment, address: CODE_AREA 000021E8 - 00002213 (0x2c bytes), align: 2
  Segment part 37. ROOT.
           ENTRY                   ADDRESS         REF BY
           =====                   =======         ======
           cfghdr_m21_2_0          000021E8 
    -------------------------------------------------------------------------
CONFIG_C
  Relative segment, address: CODE_AREA 00002214 - 00002217 (0x4 bytes), align: 2
  Segment part 38. ROOT.
           ENTRY                   ADDRESS         REF BY
           =====                   =======         ======
           StartKey2_1             00002214        my_keyhook (main)
    -------------------------------------------------------------------------
CONFIG_C
  Relative segment, address: CODE_AREA 00002218 - 00002243 (0x2c bytes), align: 2
  Segment part 39. ROOT.
           ENTRY                   ADDRESS         REF BY
           =====                   =======         ======
           cfghdr_m21_2_0_1        00002218 
    -------------------------------------------------------------------------
CONFIG_C
  Relative segment, address: CODE_AREA 00002244 - 00002247 (0x4 bytes), align: 2
  Segment part 40. ROOT.
           ENTRY                   ADDRESS         REF BY
           =====                   =======         ======
           StartKey2_1Type         00002244        my_keyhook (main)
    -------------------------------------------------------------------------
CONFIG_C
  Relative segment, address: CODE_AREA 00002248 - 000022E7 (0xa0 bytes), align: 2
  Segment part 41. ROOT.
           ENTRY                   ADDRESS         REF BY
           =====                   =======         ======
           cfgcbox_m21_2_0_1       00002248 
    -------------------------------------------------------------------------
CONFIG_C
  Relative segment, address: CODE_AREA 000022E8 - 00002313 (0x2c bytes), align: 2
  Segment part 42. ROOT.
           ENTRY                   ADDRESS         REF BY
           =====                   =======         ======
           cfghdr_m21_2_1          000022E8 
    -------------------------------------------------------------------------
CONFIG_C
  Relative segment, address: CODE_AREA 00002314 - 00002317 (0x4 bytes), align: 2
  Segment part 43. ROOT.
           ENTRY                   ADDRESS         REF BY
           =====                   =======         ======
           StartKey2_2             00002314        my_keyhook (main)
    -------------------------------------------------------------------------
CONFIG_C
  Relative segment, address: CODE_AREA 00002318 - 00002343 (0x2c bytes), align: 2
  Segment part 44. ROOT.
           ENTRY                   ADDRESS         REF BY
           =====                   =======         ======
           cfghdr_m21_2_1_1        00002318 
    -------------------------------------------------------------------------
CONFIG_C
  Relative segment, address: CODE_AREA 00002344 - 00002347 (0x4 bytes), align: 2
  Segment part 45. ROOT.
           ENTRY                   ADDRESS         REF BY
           =====                   =======         ======
           StartKey2_2Type         00002344        my_keyhook (main)
    -------------------------------------------------------------------------
CONFIG_C
  Relative segment, address: CODE_AREA 00002348 - 000023E7 (0xa0 bytes), align: 2
  Segment part 46. ROOT.
           ENTRY                   ADDRESS         REF BY
           =====                   =======         ======
           cfgcbox_m21_2_1_1       00002348 
    -------------------------------------------------------------------------
CONFIG_C
  Relative segment, address: CODE_AREA 000023E8 - 00002413 (0x2c bytes), align: 2
  Segment part 47. ROOT.
           ENTRY                   ADDRESS         REF BY
           =====                   =======         ======
           cfghdr_m21_20           000023E8 
    -------------------------------------------------------------------------
CONFIG_C
  Relative segment, address: CODE_AREA 00002414 - 0000243F (0x2c bytes), align: 2
  Segment part 48. ROOT.
           ENTRY                   ADDRESS         REF BY
           =====                   =======         ======
           cfghdr_m21_31           00002414 
    -------------------------------------------------------------------------
CONFIG_C
  Relative segment, address: CODE_AREA 00002440 - 0000246B (0x2c bytes), align: 2
  Segment part 49. ROOT.
           ENTRY                   ADDRESS         REF BY
           =====                   =======         ======
           cfghdr_m21_3_0          00002440 
    -------------------------------------------------------------------------
CONFIG_C
  Relative segment, address: CODE_AREA 0000246C - 0000246F (0x4 bytes), align: 2
  Segment part 50. ROOT.
           ENTRY                   ADDRESS         REF BY
           =====                   =======         ======
           StartKey3_1             0000246C        my_keyhook (main)
    -------------------------------------------------------------------------
CONFIG_C
  Relative segment, address: CODE_AREA 00002470 - 0000249B (0x2c bytes), align: 2
  Segment part 51. ROOT.
           ENTRY                   ADDRESS         REF BY
           =====                   =======         ======
           cfghdr_m21_3_0_1        00002470 
    -------------------------------------------------------------------------
CONFIG_C
  Relative segment, address: CODE_AREA 0000249C - 0000249F (0x4 bytes), align: 2
  Segment part 52. ROOT.
           ENTRY                   ADDRESS         REF BY
           =====                   =======         ======
           StartKey3_1Type         0000249C        my_keyhook (main)
    -------------------------------------------------------------------------
CONFIG_C
  Relative segment, address: CODE_AREA 000024A0 - 0000253F (0xa0 bytes), align: 2
  Segment part 53. ROOT.
           ENTRY                   ADDRESS         REF BY
           =====                   =======         ======
           cfgcbox_m21_3_0_1       000024A0 
    -------------------------------------------------------------------------
CONFIG_C
  Relative segment, address: CODE_AREA 00002540 - 0000256B (0x2c bytes), align: 2
  Segment part 54. ROOT.
           ENTRY                   ADDRESS         REF BY
           =====                   =======         ======
           cfghdr_m21_3_1          00002540 
    -------------------------------------------------------------------------
CONFIG_C
  Relative segment, address: CODE_AREA 0000256C - 0000256F (0x4 bytes), align: 2
  Segment part 55. ROOT.
           ENTRY                   ADDRESS         REF BY
           =====                   =======         ======
           StartKey3_2             0000256C        my_keyhook (main)
    -------------------------------------------------------------------------
CONFIG_C
  Relative segment, address: CODE_AREA 00002570 - 0000259B (0x2c bytes), align: 2
  Segment part 56. ROOT.
           ENTRY                   ADDRESS         REF BY
           =====                   =======         ======
           cfghdr_m21_3_1_1        00002570 
    -------------------------------------------------------------------------
CONFIG_C
  Relative segment, address: CODE_AREA 0000259C - 0000259F (0x4 bytes), align: 2
  Segment part 57. ROOT.
           ENTRY                   ADDRESS         REF BY
           =====                   =======         ======
           StartKey3_2Type         0000259C        my_keyhook (main)
    -------------------------------------------------------------------------
CONFIG_C
  Relative segment, address: CODE_AREA 000025A0 - 0000263F (0xa0 bytes), align: 2
  Segment part 58. ROOT.
           ENTRY                   ADDRESS         REF BY
           =====                   =======         ======
           cfgcbox_m21_3_1_1       000025A0 
    -------------------------------------------------------------------------
CONFIG_C
  Relative segment, address: CODE_AREA 00002640 - 0000266B (0x2c bytes), align: 2
  Segment part 59. ROOT.
           ENTRY                   ADDRESS         REF BY
           =====                   =======         ======
           cfghdr_m21_30           00002640 
    -------------------------------------------------------------------------
CONFIG_C
  Relative segment, address: CODE_AREA 0000266C - 00002697 (0x2c bytes), align: 2
  Segment part 60. ROOT.
           ENTRY                   ADDRESS         REF BY
           =====                   =======         ======
           cfghdr_m21_131          0000266C 
    -------------------------------------------------------------------------
CONFIG_C
  Relative segment, address: CODE_AREA 00002698 - 000026C3 (0x2c bytes), align: 2
  Segment part 61. ROOT.
           ENTRY                   ADDRESS         REF BY
           =====                   =======         ======
           cfghdr_m21_13_0         00002698 
    -------------------------------------------------------------------------
CONFIG_C
  Relative segment, address: CODE_AREA 000026C4 - 000026C7 (0x4 bytes), align: 2
  Segment part 62. ROOT.
           ENTRY                   ADDRESS         REF BY
           =====                   =======         ======
           StartKey4_1             000026C4        my_keyhook (main)
    -------------------------------------------------------------------------
CONFIG_C
  Relative segment, address: CODE_AREA 000026C8 - 000026F3 (0x2c bytes), align: 2
  Segment part 63. ROOT.
           ENTRY                   ADDRESS         REF BY
           =====                   =======         ======
           cfghdr_m21_13_0_1       000026C8 
    -------------------------------------------------------------------------
CONFIG_C
  Relative segment, address: CODE_AREA 000026F4 - 000026F7 (0x4 bytes), align: 2
  Segment part 64. ROOT.
           ENTRY                   ADDRESS         REF BY
           =====                   =======         ======
           StartKey4_1Type         000026F4        my_keyhook (main)
    -------------------------------------------------------------------------
CONFIG_C
  Relative segment, address: CODE_AREA 000026F8 - 00002797 (0xa0 bytes), align: 2
  Segment part 65. ROOT.
           ENTRY                   ADDRESS         REF BY
           =====                   =======         ======
           cfgcbox_m21_13_0_1      000026F8 
    -------------------------------------------------------------------------
CONFIG_C
  Relative segment, address: CODE_AREA 00002798 - 000027C3 (0x2c bytes), align: 2
  Segment part 66. ROOT.
           ENTRY                   ADDRESS         REF BY
           =====                   =======         ======
           cfghdr_m21_13_1         00002798 
    -------------------------------------------------------------------------
CONFIG_C
  Relative segment, address: CODE_AREA 000027C4 - 000027C7 (0x4 bytes), align: 2
  Segment part 67. ROOT.
           ENTRY                   ADDRESS         REF BY
           =====                   =======         ======
           StartKey4_2             000027C4        my_keyhook (main)
    -------------------------------------------------------------------------
CONFIG_C
  Relative segment, address: CODE_AREA 000027C8 - 000027F3 (0x2c bytes), align: 2
  Segment part 68. ROOT.
           ENTRY                   ADDRESS         REF BY
           =====                   =======         ======
           cfghdr_m21_13_1_1       000027C8 
    -------------------------------------------------------------------------
CONFIG_C
  Relative segment, address: CODE_AREA 000027F4 - 000027F7 (0x4 bytes), align: 2
  Segment part 69. ROOT.
           ENTRY                   ADDRESS         REF BY
           =====                   =======         ======
           StartKey4_2Type         000027F4        my_keyhook (main)
    -------------------------------------------------------------------------
CONFIG_C
  Relative segment, address: CODE_AREA 000027F8 - 00002897 (0xa0 bytes), align: 2
  Segment part 70. ROOT.
           ENTRY                   ADDRESS         REF BY
           =====                   =======         ======
           cfgcbox_m21_13_1_1      000027F8 
    -------------------------------------------------------------------------
CONFIG_C
  Relative segment, address: CODE_AREA 00002898 - 000028C3 (0x2c bytes), align: 2
  Segment part 71. ROOT.
           ENTRY                   ADDRESS         REF BY
           =====                   =======         ======
           cfghdr_m21_130          00002898 
    -------------------------------------------------------------------------
CONFIG_C
  Relative segment, address: CODE_AREA 000028C4 - 000028EF (0x2c bytes), align: 2
  Segment part 72. ROOT.
           ENTRY                   ADDRESS         REF BY
           =====                   =======         ======
           cfghdr_m21_41           000028C4 
    -------------------------------------------------------------------------
CONFIG_C
  Relative segment, address: CODE_AREA 000028F0 - 0000291B (0x2c bytes), align: 2
  Segment part 73. ROOT.
           ENTRY                   ADDRESS         REF BY
           =====                   =======         ======
           cfghdr_m21_4_0          000028F0 
    -------------------------------------------------------------------------
CONFIG_C
  Relative segment, address: CODE_AREA 0000291C - 0000291F (0x4 bytes), align: 2
  Segment part 74. ROOT.
           ENTRY                   ADDRESS         REF BY
           =====                   =======         ======
           CloseKey_1              0000291C        my_keyhook (main)
    -------------------------------------------------------------------------
CONFIG_C
  Relative segment, address: CODE_AREA 00002920 - 0000294B (0x2c bytes), align: 2
  Segment part 75. ROOT.
           ENTRY                   ADDRESS         REF BY
           =====                   =======         ======
           cfghdr_m21_4_0_1        00002920 
    -------------------------------------------------------------------------
CONFIG_C
  Relative segment, address: CODE_AREA 0000294C - 0000294F (0x4 bytes), align: 2
  Segment part 76. ROOT.
           ENTRY                   ADDRESS         REF BY
           =====                   =======         ======
           CloseKey_1Type          0000294C        my_keyhook (main)
    -------------------------------------------------------------------------
CONFIG_C
  Relative segment, address: CODE_AREA 00002950 - 000029EF (0xa0 bytes), align: 2
  Segment part 77. ROOT.
           ENTRY                   ADDRESS         REF BY
           =====                   =======         ======
           cfgcbox_m21_4_0_1       00002950 
    -------------------------------------------------------------------------
CONFIG_C
  Relative segment, address: CODE_AREA 000029F0 - 00002A1B (0x2c bytes), align: 2
  Segment part 78. ROOT.
           ENTRY                   ADDRESS         REF BY
           =====                   =======         ======
           cfghdr_m21_4_1          000029F0 
    -------------------------------------------------------------------------
CONFIG_C
  Relative segment, address: CODE_AREA 00002A1C - 00002A1F (0x4 bytes), align: 2
  Segment part 79. ROOT.
           ENTRY                   ADDRESS         REF BY
           =====                   =======         ======
           CloseKey_2              00002A1C        my_keyhook (main)
    -------------------------------------------------------------------------
CONFIG_C
  Relative segment, address: CODE_AREA 00002A20 - 00002A4B (0x2c bytes), align: 2
  Segment part 80. ROOT.
           ENTRY                   ADDRESS         REF BY
           =====                   =======         ======
           cfghdr_m21_4_1_1        00002A20 
    -------------------------------------------------------------------------
CONFIG_C
  Relative segment, address: CODE_AREA 00002A4C - 00002A4F (0x4 bytes), align: 2
  Segment part 81. ROOT.
           ENTRY                   ADDRESS         REF BY
           =====                   =======         ======
           CloseKey_2Type          00002A4C        my_keyhook (main)
    -------------------------------------------------------------------------
CONFIG_C
  Relative segment, address: CODE_AREA 00002A50 - 00002AEF (0xa0 bytes), align: 2
  Segment part 82. ROOT.
           ENTRY                   ADDRESS         REF BY
           =====                   =======         ======
           cfgcbox_m21_4_1_1       00002A50 
    -------------------------------------------------------------------------
CONFIG_C
  Relative segment, address: CODE_AREA 00002AF0 - 00002B1B (0x2c bytes), align: 2
  Segment part 83. ROOT.
           ENTRY                   ADDRESS         REF BY
           =====                   =======         ======
           cfghdr_m21_40           00002AF0 
    -------------------------------------------------------------------------
CONFIG_C
  Relative segment, address: CODE_AREA 00002B1C - 00002B47 (0x2c bytes), align: 2
  Segment part 84. ROOT.
           ENTRY                   ADDRESS         REF BY
           =====                   =======         ======
           cfghdr_m21_51           00002B1C 
    -------------------------------------------------------------------------
CONFIG_C
  Relative segment, address: CODE_AREA 00002B48 - 00002B73 (0x2c bytes), align: 2
  Segment part 85. ROOT.
           ENTRY                   ADDRESS         REF BY
           =====                   =======         ======
           cfghdr_m21_5_0          00002B48 
    -------------------------------------------------------------------------
CONFIG_C
  Relative segment, address: CODE_AREA 00002B74 - 00002B77 (0x4 bytes), align: 2
  Segment part 86. ROOT.
           ENTRY                   ADDRESS         REF BY
           =====                   =======         ======
           PlayPauseKey_1          00002B74        my_keyhook (main)
    -------------------------------------------------------------------------
CONFIG_C
  Relative segment, address: CODE_AREA 00002B78 - 00002BA3 (0x2c bytes), align: 2
  Segment part 87. ROOT.
           ENTRY                   ADDRESS         REF BY
           =====                   =======         ======
           cfghdr_m21_5_0_1        00002B78 
    -------------------------------------------------------------------------
CONFIG_C
  Relative segment, address: CODE_AREA 00002BA4 - 00002BA7 (0x4 bytes), align: 2
  Segment part 88. ROOT.
           ENTRY                   ADDRESS         REF BY
           =====                   =======         ======
           PlayPauseKey_1Type      00002BA4        my_keyhook (main)
    -------------------------------------------------------------------------
CONFIG_C
  Relative segment, address: CODE_AREA 00002BA8 - 00002C47 (0xa0 bytes), align: 2
  Segment part 89. ROOT.
           ENTRY                   ADDRESS         REF BY
           =====                   =======         ======
           cfgcbox_m21_5_0_1       00002BA8 
    -------------------------------------------------------------------------
CONFIG_C
  Relative segment, address: CODE_AREA 00002C48 - 00002C73 (0x2c bytes), align: 2
  Segment part 90. ROOT.
           ENTRY                   ADDRESS         REF BY
           =====                   =======         ======
           cfghdr_m21_5_1          00002C48 
    -------------------------------------------------------------------------
CONFIG_C
  Relative segment, address: CODE_AREA 00002C74 - 00002C77 (0x4 bytes), align: 2
  Segment part 91. ROOT.
           ENTRY                   ADDRESS         REF BY
           =====                   =======         ======
           PlayPauseKey_2          00002C74        my_keyhook (main)
    -------------------------------------------------------------------------
CONFIG_C
  Relative segment, address: CODE_AREA 00002C78 - 00002CA3 (0x2c bytes), align: 2
  Segment part 92. ROOT.
           ENTRY                   ADDRESS         REF BY
           =====                   =======         ======
           cfghdr_m21_5_1_1        00002C78 
    -------------------------------------------------------------------------
CONFIG_C
  Relative segment, address: CODE_AREA 00002CA4 - 00002CA7 (0x4 bytes), align: 2
  Segment part 93. ROOT.
           ENTRY                   ADDRESS         REF BY
           =====                   =======         ======
           PlayPauseKey_2Type      00002CA4        my_keyhook (main)
    -------------------------------------------------------------------------
CONFIG_C
  Relative segment, address: CODE_AREA 00002CA8 - 00002D47 (0xa0 bytes), align: 2
  Segment part 94. ROOT.
           ENTRY                   ADDRESS         REF BY
           =====                   =======         ======
           cfgcbox_m21_5_1_1       00002CA8 
    -------------------------------------------------------------------------
CONFIG_C
  Relative segment, address: CODE_AREA 00002D48 - 00002D73 (0x2c bytes), align: 2
  Segment part 95. ROOT.
           ENTRY                   ADDRESS         REF BY
           =====                   =======         ======
           cfghdr_m21_50           00002D48 
    -------------------------------------------------------------------------
CONFIG_C
  Relative segment, address: CODE_AREA 00002D74 - 00002D9F (0x2c bytes), align: 2
  Segment part 96. ROOT.
           ENTRY                   ADDRESS         REF BY
           =====                   =======         ======
           cfghdr_m21_61           00002D74 
    -------------------------------------------------------------------------
CONFIG_C
  Relative segment, address: CODE_AREA 00002DA0 - 00002DCB (0x2c bytes), align: 2
  Segment part 97. ROOT.
           ENTRY                   ADDRESS         REF BY
           =====                   =======         ======
           cfghdr_m21_6_0          00002DA0 
    -------------------------------------------------------------------------
CONFIG_C
  Relative segment, address: CODE_AREA 00002DCC - 00002DCF (0x4 bytes), align: 2
  Segment part 98. ROOT.
           ENTRY                   ADDRESS         REF BY
           =====                   =======         ======
           StopKey_1               00002DCC        my_keyhook (main)
    -------------------------------------------------------------------------
CONFIG_C
  Relative segment, address: CODE_AREA 00002DD0 - 00002DFB (0x2c bytes), align: 2
  Segment part 99. ROOT.
           ENTRY                   ADDRESS         REF BY
           =====                   =======         ======
           cfghdr_m21_6_0_1        00002DD0 
    -------------------------------------------------------------------------
CONFIG_C
  Relative segment, address: CODE_AREA 00002DFC - 00002DFF (0x4 bytes), align: 2
  Segment part 100. ROOT.
           ENTRY                   ADDRESS         REF BY
           =====                   =======         ======
           StopKey_1Type           00002DFC        my_keyhook (main)
    -------------------------------------------------------------------------
CONFIG_C
  Relative segment, address: CODE_AREA 00002E00 - 00002E9F (0xa0 bytes), align: 2
  Segment part 101. ROOT.
           ENTRY                   ADDRESS         REF BY
           =====                   =======         ======
           cfgcbox_m21_6_0_1       00002E00 
    -------------------------------------------------------------------------
CONFIG_C
  Relative segment, address: CODE_AREA 00002EA0 - 00002ECB (0x2c bytes), align: 2
  Segment part 102. ROOT.
           ENTRY                   ADDRESS         REF BY
           =====                   =======         ======
           cfghdr_m21_6_1          00002EA0 
    -------------------------------------------------------------------------
CONFIG_C
  Relative segment, address: CODE_AREA 00002ECC - 00002ECF (0x4 bytes), align: 2
  Segment part 103. ROOT.
           ENTRY                   ADDRESS         REF BY
           =====                   =======         ======
           StopKey_2               00002ECC        my_keyhook (main)
    -------------------------------------------------------------------------
CONFIG_C
  Relative segment, address: CODE_AREA 00002ED0 - 00002EFB (0x2c bytes), align: 2
  Segment part 104. ROOT.
           ENTRY                   ADDRESS         REF BY
           =====                   =======         ======
           cfghdr_m21_6_1_1        00002ED0 
    -------------------------------------------------------------------------
CONFIG_C
  Relative segment, address: CODE_AREA 00002EFC - 00002EFF (0x4 bytes), align: 2
  Segment part 105. ROOT.
           ENTRY                   ADDRESS         REF BY
           =====                   =======         ======
           StopKey_2Type           00002EFC        my_keyhook (main)
    -------------------------------------------------------------------------
CONFIG_C
  Relative segment, address: CODE_AREA 00002F00 - 00002F9F (0xa0 bytes), align: 2
  Segment part 106. ROOT.
           ENTRY                   ADDRESS         REF BY
           =====                   =======         ======
           cfgcbox_m21_6_1_1       00002F00 
    -------------------------------------------------------------------------
CONFIG_C
  Relative segment, address: CODE_AREA 00002FA0 - 00002FCB (0x2c bytes), align: 2
  Segment part 107. ROOT.
           ENTRY                   ADDRESS         REF BY
           =====                   =======         ======
           cfghdr_m21_60           00002FA0 
    -------------------------------------------------------------------------
CONFIG_C
  Relative segment, address: CODE_AREA 00002FCC - 00002FF7 (0x2c bytes), align: 2
  Segment part 108. ROOT.
           ENTRY                   ADDRESS         REF BY
           =====                   =======         ======
           cfghdr_m21_71           00002FCC 
    -------------------------------------------------------------------------
CONFIG_C
  Relative segment, address: CODE_AREA 00002FF8 - 00003023 (0x2c bytes), align: 2
  Segment part 109. ROOT.
           ENTRY                   ADDRESS         REF BY
           =====                   =======         ======
           cfghdr_m21_7_0          00002FF8 
    -------------------------------------------------------------------------
CONFIG_C
  Relative segment, address: CODE_AREA 00003024 - 00003027 (0x4 bytes), align: 2
  Segment part 110. ROOT.
           ENTRY                   ADDRESS         REF BY
           =====                   =======         ======
           NextKey_1               00003024        my_keyhook (main)
    -------------------------------------------------------------------------
CONFIG_C
  Relative segment, address: CODE_AREA 00003028 - 00003053 (0x2c bytes), align: 2
  Segment part 111. ROOT.
           ENTRY                   ADDRESS         REF BY
           =====                   =======         ======
           cfghdr_m21_7_0_1        00003028 
    -------------------------------------------------------------------------
CONFIG_C
  Relative segment, address: CODE_AREA 00003054 - 00003057 (0x4 bytes), align: 2
  Segment part 112. ROOT.
           ENTRY                   ADDRESS         REF BY
           =====                   =======         ======
           NextKey_1Type           00003054        my_keyhook (main)
    -------------------------------------------------------------------------
CONFIG_C
  Relative segment, address: CODE_AREA 00003058 - 000030F7 (0xa0 bytes), align: 2
  Segment part 113. ROOT.
           ENTRY                   ADDRESS         REF BY
           =====                   =======         ======
           cfgcbox_m21_7_0_1       00003058 
    -------------------------------------------------------------------------
CONFIG_C
  Relative segment, address: CODE_AREA 000030F8 - 00003123 (0x2c bytes), align: 2
  Segment part 114. ROOT.
           ENTRY                   ADDRESS         REF BY
           =====                   =======         ======
           cfghdr_m21_7_1          000030F8 
    -------------------------------------------------------------------------
CONFIG_C
  Relative segment, address: CODE_AREA 00003124 - 00003127 (0x4 bytes), align: 2
  Segment part 115. ROOT.
           ENTRY                   ADDRESS         REF BY
           =====                   =======         ======
           NextKey_2               00003124        my_keyhook (main)
    -------------------------------------------------------------------------
CONFIG_C
  Relative segment, address: CODE_AREA 00003128 - 00003153 (0x2c bytes), align: 2
  Segment part 116. ROOT.
           ENTRY                   ADDRESS         REF BY
           =====                   =======         ======
           cfghdr_m21_7_1_1        00003128 
    -------------------------------------------------------------------------
CONFIG_C
  Relative segment, address: CODE_AREA 00003154 - 00003157 (0x4 bytes), align: 2
  Segment part 117. ROOT.
           ENTRY                   ADDRESS         REF BY
           =====                   =======         ======
           NextKey_2Type           00003154        my_keyhook (main)
    -------------------------------------------------------------------------
CONFIG_C
  Relative segment, address: CODE_AREA 00003158 - 000031F7 (0xa0 bytes), align: 2
  Segment part 118. ROOT.
           ENTRY                   ADDRESS         REF BY
           =====                   =======         ======
           cfgcbox_m21_7_1_1       00003158 
    -------------------------------------------------------------------------
CONFIG_C
  Relative segment, address: CODE_AREA 000031F8 - 00003223 (0x2c bytes), align: 2
  Segment part 119. ROOT.
           ENTRY                   ADDRESS         REF BY
           =====                   =======         ======
           cfghdr_m21_70           000031F8 
    -------------------------------------------------------------------------
CONFIG_C
  Relative segment, address: CODE_AREA 00003224 - 0000324F (0x2c bytes), align: 2
  Segment part 120. ROOT.
           ENTRY                   ADDRESS         REF BY
           =====                   =======         ======
           cfghdr_m21_81           00003224 
    -------------------------------------------------------------------------
CONFIG_C
  Relative segment, address: CODE_AREA 00003250 - 0000327B (0x2c bytes), align: 2
  Segment part 121. ROOT.
           ENTRY                   ADDRESS         REF BY
           =====                   =======         ======
           cfghdr_m21_8_0          00003250 
    -------------------------------------------------------------------------
CONFIG_C
  Relative segment, address: CODE_AREA 0000327C - 0000327F (0x4 bytes), align: 2
  Segment part 122. ROOT.
           ENTRY                   ADDRESS         REF BY
           =====                   =======         ======
           PrevKey_1               0000327C        my_keyhook (main)
    -------------------------------------------------------------------------
CONFIG_C
  Relative segment, address: CODE_AREA 00003280 - 000032AB (0x2c bytes), align: 2
  Segment part 123. ROOT.
           ENTRY                   ADDRESS         REF BY
           =====                   =======         ======
           cfghdr_m21_8_0_1        00003280 
    -------------------------------------------------------------------------
CONFIG_C
  Relative segment, address: CODE_AREA 000032AC - 000032AF (0x4 bytes), align: 2
  Segment part 124. ROOT.
           ENTRY                   ADDRESS         REF BY
           =====                   =======         ======
           PrevKey_1Type           000032AC        my_keyhook (main)
    -------------------------------------------------------------------------
CONFIG_C
  Relative segment, address: CODE_AREA 000032B0 - 0000334F (0xa0 bytes), align: 2
  Segment part 125. ROOT.
           ENTRY                   ADDRESS         REF BY
           =====                   =======         ======
           cfgcbox_m21_8_0_1       000032B0 
    -------------------------------------------------------------------------
CONFIG_C
  Relative segment, address: CODE_AREA 00003350 - 0000337B (0x2c bytes), align: 2
  Segment part 126. ROOT.
           ENTRY                   ADDRESS         REF BY
           =====                   =======         ======
           cfghdr_m21_8_1          00003350 
    -------------------------------------------------------------------------
CONFIG_C
  Relative segment, address: CODE_AREA 0000337C - 0000337F (0x4 bytes), align: 2
  Segment part 127. ROOT.
           ENTRY                   ADDRESS         REF BY
           =====                   =======         ======
           PrevKey_2               0000337C        my_keyhook (main)
    -------------------------------------------------------------------------
CONFIG_C
  Relative segment, address: CODE_AREA 00003380 - 000033AB (0x2c bytes), align: 2
  Segment part 128. ROOT.
           ENTRY                   ADDRESS         REF BY
           =====                   =======         ======
           cfghdr_m21_8_1_1        00003380 
    -------------------------------------------------------------------------
CONFIG_C
  Relative segment, address: CODE_AREA 000033AC - 000033AF (0x4 bytes), align: 2
  Segment part 129. ROOT.
           ENTRY                   ADDRESS         REF BY
           =====                   =======         ======
           PrevKey_2Type           000033AC        my_keyhook (main)
    -------------------------------------------------------------------------
CONFIG_C
  Relative segment, address: CODE_AREA 000033B0 - 0000344F (0xa0 bytes), align: 2
  Segment part 130. ROOT.
           ENTRY                   ADDRESS         REF BY
           =====                   =======         ======
           cfgcbox_m21_8_1_1       000033B0 
    -------------------------------------------------------------------------
CONFIG_C
  Relative segment, address: CODE_AREA 00003450 - 0000347B (0x2c bytes), align: 2
  Segment part 131. ROOT.
           ENTRY                   ADDRESS         REF BY
           =====                   =======         ======
           cfghdr_m21_80           00003450 
    -------------------------------------------------------------------------
CONFIG_C
  Relative segment, address: CODE_AREA 0000347C - 000034A7 (0x2c bytes), align: 2
  Segment part 132. ROOT.
           ENTRY                   ADDRESS         REF BY
           =====                   =======         ======
           cfghdr_m21_91           0000347C 
    -------------------------------------------------------------------------
CONFIG_C
  Relative segment, address: CODE_AREA 000034A8 - 000034D3 (0x2c bytes), align: 2
  Segment part 133. ROOT.
           ENTRY                   ADDRESS         REF BY
           =====                   =======         ======
           cfghdr_m21_9_0          000034A8 
    -------------------------------------------------------------------------
CONFIG_C
  Relative segment, address: CODE_AREA 000034D4 - 000034D7 (0x4 bytes), align: 2
  Segment part 134. ROOT.
           ENTRY                   ADDRESS         REF BY
           =====                   =======         ======
           VolUPKey_1              000034D4        my_keyhook (main)
    -------------------------------------------------------------------------
CONFIG_C
  Relative segment, address: CODE_AREA 000034D8 - 00003503 (0x2c bytes), align: 2
  Segment part 135. ROOT.
           ENTRY                   ADDRESS         REF BY
           =====                   =======         ======
           cfghdr_m21_9_0_1        000034D8 
    -------------------------------------------------------------------------
CONFIG_C
  Relative segment, address: CODE_AREA 00003504 - 00003507 (0x4 bytes), align: 2
  Segment part 136. ROOT.
           ENTRY                   ADDRESS         REF BY
           =====                   =======         ======
           VolUPKey_1Type          00003504        my_keyhook (main)
    -------------------------------------------------------------------------
CONFIG_C
  Relative segment, address: CODE_AREA 00003508 - 000035A7 (0xa0 bytes), align: 2
  Segment part 137. ROOT.
           ENTRY                   ADDRESS         REF BY
           =====                   =======         ======
           cfgcbox_m21_9_0_1       00003508 
    -------------------------------------------------------------------------
CONFIG_C
  Relative segment, address: CODE_AREA 000035A8 - 000035D3 (0x2c bytes), align: 2
  Segment part 138. ROOT.
           ENTRY                   ADDRESS         REF BY
           =====                   =======         ======
           cfghdr_m21_9_1          000035A8 
    -------------------------------------------------------------------------
CONFIG_C
  Relative segment, address: CODE_AREA 000035D4 - 000035D7 (0x4 bytes), align: 2
  Segment part 139. ROOT.
           ENTRY                   ADDRESS         REF BY
           =====                   =======         ======
           VolUPKey_2              000035D4        my_keyhook (main)
    -------------------------------------------------------------------------
CONFIG_C
  Relative segment, address: CODE_AREA 000035D8 - 00003603 (0x2c bytes), align: 2
  Segment part 140. ROOT.
           ENTRY                   ADDRESS         REF BY
           =====                   =======         ======
           cfghdr_m21_9_1_1        000035D8 
    -------------------------------------------------------------------------
CONFIG_C
  Relative segment, address: CODE_AREA 00003604 - 00003607 (0x4 bytes), align: 2
  Segment part 141. ROOT.
           ENTRY                   ADDRESS         REF BY
           =====                   =======         ======
           VolUPKey_2Type          00003604        my_keyhook (main)
    -------------------------------------------------------------------------
CONFIG_C
  Relative segment, address: CODE_AREA 00003608 - 000036A7 (0xa0 bytes), align: 2
  Segment part 142. ROOT.
           ENTRY                   ADDRESS         REF BY
           =====                   =======         ======
           cfgcbox_m21_9_1_1       00003608 
    -------------------------------------------------------------------------
CONFIG_C
  Relative segment, address: CODE_AREA 000036A8 - 000036D3 (0x2c bytes), align: 2
  Segment part 143. ROOT.
           ENTRY                   ADDRESS         REF BY
           =====                   =======         ======
           cfghdr_m21_90           000036A8 
    -------------------------------------------------------------------------
CONFIG_C
  Relative segment, address: CODE_AREA 000036D4 - 000036FF (0x2c bytes), align: 2
  Segment part 144. ROOT.
           ENTRY                   ADDRESS         REF BY
           =====                   =======         ======
           cfghdr_m21_101          000036D4 
    -------------------------------------------------------------------------
CONFIG_C
  Relative segment, address: CODE_AREA 00003700 - 0000372B (0x2c bytes), align: 2
  Segment part 145. ROOT.
           ENTRY                   ADDRESS         REF BY
           =====                   =======         ======
           cfghdr_m21_10_0         00003700 
    -------------------------------------------------------------------------
CONFIG_C
  Relative segment, address: CODE_AREA 0000372C - 0000372F (0x4 bytes), align: 2
  Segment part 146. ROOT.
           ENTRY                   ADDRESS         REF BY
           =====                   =======         ======
           VolDOWNKey_1            0000372C        my_keyhook (main)
    -------------------------------------------------------------------------
CONFIG_C
  Relative segment, address: CODE_AREA 00003730 - 0000375B (0x2c bytes), align: 2
  Segment part 147. ROOT.
           ENTRY                   ADDRESS         REF BY
           =====                   =======         ======
           cfghdr_m21_10_0_1       00003730 
    -------------------------------------------------------------------------
CONFIG_C
  Relative segment, address: CODE_AREA 0000375C - 0000375F (0x4 bytes), align: 2
  Segment part 148. ROOT.
           ENTRY                   ADDRESS         REF BY
           =====                   =======         ======
           VolDOWNKey_1Type        0000375C        my_keyhook (main)
    -------------------------------------------------------------------------
CONFIG_C
  Relative segment, address: CODE_AREA 00003760 - 000037FF (0xa0 bytes), align: 2
  Segment part 149. ROOT.
           ENTRY                   ADDRESS         REF BY
           =====                   =======         ======
           cfgcbox_m21_10_0_1      00003760 
    -------------------------------------------------------------------------
CONFIG_C
  Relative segment, address: CODE_AREA 00003800 - 0000382B (0x2c bytes), align: 2
  Segment part 150. ROOT.
           ENTRY                   ADDRESS         REF BY
           =====                   =======         ======
           cfghdr_m21_10_1         00003800 
    -------------------------------------------------------------------------
CONFIG_C
  Relative segment, address: CODE_AREA 0000382C - 0000382F (0x4 bytes), align: 2
  Segment part 151. ROOT.
           ENTRY                   ADDRESS         REF BY
           =====                   =======         ======
           VolDOWNKey_2            0000382C        my_keyhook (main)
    -------------------------------------------------------------------------
CONFIG_C
  Relative segment, address: CODE_AREA 00003830 - 0000385B (0x2c bytes), align: 2
  Segment part 152. ROOT.
           ENTRY                   ADDRESS         REF BY
           =====                   =======         ======
           cfghdr_m21_10_1_1       00003830 
    -------------------------------------------------------------------------
CONFIG_C
  Relative segment, address: CODE_AREA 0000385C - 0000385F (0x4 bytes), align: 2
  Segment part 153. ROOT.
           ENTRY                   ADDRESS         REF BY
           =====                   =======         ======
           VolDOWNKey_2Type        0000385C        my_keyhook (main)
    -------------------------------------------------------------------------
CONFIG_C
  Relative segment, address: CODE_AREA 00003860 - 000038FF (0xa0 bytes), align: 2
  Segment part 154. ROOT.
           ENTRY                   ADDRESS         REF BY
           =====                   =======         ======
           cfgcbox_m21_10_1_1      00003860 
    -------------------------------------------------------------------------
CONFIG_C
  Relative segment, address: CODE_AREA 00003900 - 0000392B (0x2c bytes), align: 2
  Segment part 155. ROOT.
           ENTRY                   ADDRESS         REF BY
           =====                   =======         ======
           cfghdr_m21_100          00003900 
    -------------------------------------------------------------------------
CONFIG_C
  Relative segment, address: CODE_AREA 0000392C - 00003957 (0x2c bytes), align: 2
  Segment part 156. ROOT.
           ENTRY                   ADDRESS         REF BY
           =====                   =======         ======
           cfghdr_m21_111          0000392C 
    -------------------------------------------------------------------------
CONFIG_C
  Relative segment, address: CODE_AREA 00003958 - 00003983 (0x2c bytes), align: 2
  Segment part 157. ROOT.
           ENTRY                   ADDRESS         REF BY
           =====                   =======         ======
           cfghdr_m21_11_0         00003958 
    -------------------------------------------------------------------------
CONFIG_C
  Relative segment, address: CODE_AREA 00003984 - 00003987 (0x4 bytes), align: 2
  Segment part 158. ROOT.
           ENTRY                   ADDRESS         REF BY
           =====                   =======         ======
           MuteKey_1               00003984        my_keyhook (main)
    -------------------------------------------------------------------------
CONFIG_C
  Relative segment, address: CODE_AREA 00003988 - 000039B3 (0x2c bytes), align: 2
  Segment part 159. ROOT.
           ENTRY                   ADDRESS         REF BY
           =====                   =======         ======
           cfghdr_m21_11_0_1       00003988 
    -------------------------------------------------------------------------
CONFIG_C
  Relative segment, address: CODE_AREA 000039B4 - 000039B7 (0x4 bytes), align: 2
  Segment part 160. ROOT.
           ENTRY                   ADDRESS         REF BY
           =====                   =======         ======
           MuteKey_1Type           000039B4        my_keyhook (main)
    -------------------------------------------------------------------------
CONFIG_C
  Relative segment, address: CODE_AREA 000039B8 - 00003A57 (0xa0 bytes), align: 2
  Segment part 161. ROOT.
           ENTRY                   ADDRESS         REF BY
           =====                   =======         ======
           cfgcbox_m21_11_0_1      000039B8 
    -------------------------------------------------------------------------
CONFIG_C
  Relative segment, address: CODE_AREA 00003A58 - 00003A83 (0x2c bytes), align: 2
  Segment part 162. ROOT.
           ENTRY                   ADDRESS         REF BY
           =====                   =======         ======
           cfghdr_m21_11_1         00003A58 
    -------------------------------------------------------------------------
CONFIG_C
  Relative segment, address: CODE_AREA 00003A84 - 00003A87 (0x4 bytes), align: 2
  Segment part 163. ROOT.
           ENTRY                   ADDRESS         REF BY
           =====                   =======         ======
           MuteKey_2               00003A84        my_keyhook (main)
    -------------------------------------------------------------------------
CONFIG_C
  Relative segment, address: CODE_AREA 00003A88 - 00003AB3 (0x2c bytes), align: 2
  Segment part 164. ROOT.
           ENTRY                   ADDRESS         REF BY
           =====                   =======         ======
           cfghdr_m21_11_1_1       00003A88 
    -------------------------------------------------------------------------
CONFIG_C
  Relative segment, address: CODE_AREA 00003AB4 - 00003AB7 (0x4 bytes), align: 2
  Segment part 165. ROOT.
           ENTRY                   ADDRESS         REF BY
           =====                   =======         ======
           MuteKey_2Type           00003AB4        my_keyhook (main)
    -------------------------------------------------------------------------
CONFIG_C
  Relative segment, address: CODE_AREA 00003AB8 - 00003B57 (0xa0 bytes), align: 2
  Segment part 166. ROOT.
           ENTRY                   ADDRESS         REF BY
           =====                   =======         ======
           cfgcbox_m21_11_1_1      00003AB8 
    -------------------------------------------------------------------------
CONFIG_C
  Relative segment, address: CODE_AREA 00003B58 - 00003B83 (0x2c bytes), align: 2
  Segment part 167. ROOT.
           ENTRY                   ADDRESS         REF BY
           =====                   =======         ======
           cfghdr_m21_110          00003B58 
    -------------------------------------------------------------------------
CONFIG_C
  Relative segment, address: CODE_AREA 00003B84 - 00003BAF (0x2c bytes), align: 2
  Segment part 168. ROOT.
           ENTRY                   ADDRESS         REF BY
           =====                   =======         ======
           cfghdr_m21_121          00003B84 
    -------------------------------------------------------------------------
CONFIG_C
  Relative segment, address: CODE_AREA 00003BB0 - 00003BDB (0x2c bytes), align: 2
  Segment part 169. ROOT.
           ENTRY                   ADDRESS         REF BY
           =====                   =======         ======
           cfghdr_m21_12_0         00003BB0 
    -------------------------------------------------------------------------
CONFIG_C
  Relative segment, address: CODE_AREA 00003BDC - 00003BDF (0x4 bytes), align: 2
  Segment part 170. ROOT.
           ENTRY                   ADDRESS         REF BY
           =====                   =======         ======
           LockKey_1               00003BDC        my_keyhook (main)
    -------------------------------------------------------------------------
CONFIG_C
  Relative segment, address: CODE_AREA 00003BE0 - 00003C0B (0x2c bytes), align: 2
  Segment part 171. ROOT.
           ENTRY                   ADDRESS         REF BY
           =====                   =======         ======
           cfghdr_m21_12_0_1       00003BE0 
    -------------------------------------------------------------------------
CONFIG_C
  Relative segment, address: CODE_AREA 00003C0C - 00003C0F (0x4 bytes), align: 2
  Segment part 172. ROOT.
           ENTRY                   ADDRESS         REF BY
           =====                   =======         ======
           LockKey_1Type           00003C0C        my_keyhook (main)
    -------------------------------------------------------------------------
CONFIG_C
  Relative segment, address: CODE_AREA 00003C10 - 00003CAF (0xa0 bytes), align: 2
  Segment part 173. ROOT.
           ENTRY                   ADDRESS         REF BY
           =====                   =======         ======
           cfgcbox_m21_12_0_1      00003C10 
    -------------------------------------------------------------------------
CONFIG_C
  Relative segment, address: CODE_AREA 00003CB0 - 00003CDB (0x2c bytes), align: 2
  Segment part 174. ROOT.
           ENTRY                   ADDRESS         REF BY
           =====                   =======         ======
           cfghdr_m21_12_1         00003CB0 
    -------------------------------------------------------------------------
CONFIG_C
  Relative segment, address: CODE_AREA 00003CDC - 00003CDF (0x4 bytes), align: 2
  Segment part 175. ROOT.
           ENTRY                   ADDRESS         REF BY
           =====                   =======         ======
           LockKey_2               00003CDC        my_keyhook (main)
    -------------------------------------------------------------------------
CONFIG_C
  Relative segment, address: CODE_AREA 00003CE0 - 00003D0B (0x2c bytes), align: 2
  Segment part 176. ROOT.
           ENTRY                   ADDRESS         REF BY
           =====                   =======         ======
           cfghdr_m21_12_1_1       00003CE0 
    -------------------------------------------------------------------------
CONFIG_C
  Relative segment, address: CODE_AREA 00003D0C - 00003D0F (0x4 bytes), align: 2
  Segment part 177. ROOT.
           ENTRY                   ADDRESS         REF BY
           =====                   =======         ======
           LockKey_2Type           00003D0C        my_keyhook (main)
    -------------------------------------------------------------------------
CONFIG_C
  Relative segment, address: CODE_AREA 00003D10 - 00003DAF (0xa0 bytes), align: 2
  Segment part 178. ROOT.
           ENTRY                   ADDRESS         REF BY
           =====                   =======         ======
           cfgcbox_m21_12_1_1      00003D10 
    -------------------------------------------------------------------------
CONFIG_C
  Relative segment, address: CODE_AREA 00003DB0 - 00003DDB (0x2c bytes), align: 2
  Segment part 179. ROOT.
           ENTRY                   ADDRESS         REF BY
           =====                   =======         ======
           cfghdr_m21_120          00003DB0 
    -------------------------------------------------------------------------
CONFIG_C
  Relative segment, address: CODE_AREA 00003DDC - 00003E07 (0x2c bytes), align: 2
  Segment part 180. ROOT.
           ENTRY                   ADDRESS         REF BY
           =====                   =======         ======
           cfghdr_m20              00003DDC 
    -------------------------------------------------------------------------
CONFIG_C
  Relative segment, address: CODE_AREA 00003E08 - 00003E33 (0x2c bytes), align: 2
  Segment part 181. ROOT.
           ENTRY                   ADDRESS         REF BY
           =====                   =======         ======
           cfghdr_m31              00003E08 
    -------------------------------------------------------------------------
CONFIG_C
  Relative segment, address: CODE_AREA 00003E34 - 00003E5F (0x2c bytes), align: 2
  Segment part 182. ROOT.
           ENTRY                   ADDRESS         REF BY
           =====                   =======         ======
           cfghdr16                00003E34 
    -------------------------------------------------------------------------
CONFIG_C
  Relative segment, address: CODE_AREA 00003E60 - 00003E63 (0x4 bytes), align: 2
  Segment part 183. ROOT.
           ENTRY                   ADDRESS         REF BY
           =====                   =======         ======
           Head_On                 00003E60        main (main)
    -------------------------------------------------------------------------
CONFIG_C
  Relative segment, address: CODE_AREA 00003E64 - 00003EA3 (0x40 bytes), align: 2
  Segment part 184. ROOT.
           ENTRY                   ADDRESS         REF BY
           =====                   =======         ======
           cfgcbox16               00003E64 
    -------------------------------------------------------------------------
CONFIG_C
  Relative segment, address: CODE_AREA 00003EA4 - 00003ECF (0x2c bytes), align: 2
  Segment part 185. ROOT.
           ENTRY                   ADDRESS         REF BY
           =====                   =======         ======
           cfghdr14                00003EA4 
    -------------------------------------------------------------------------
CONFIG_C
  Relative segment, address: CODE_AREA 00003ED0 - 00003ED3 (0x4 bytes), align: 2
  Segment part 186. ROOT.
           ENTRY                   ADDRESS         REF BY
           =====                   =======         ======
           HeadsetCType            00003ED0        HeadsetConnect (main)
    -------------------------------------------------------------------------
CONFIG_C
  Relative segment, address: CODE_AREA 00003ED4 - 00003F53 (0x80 bytes), align: 2
  Segment part 187. ROOT.
           ENTRY                   ADDRESS         REF BY
           =====                   =======         ======
           cfgcbox14               00003ED4 
    -------------------------------------------------------------------------
CONFIG_C
  Relative segment, address: CODE_AREA 00003F54 - 00003F7F (0x2c bytes), align: 2
  Segment part 188. ROOT.
           ENTRY                   ADDRESS         REF BY
           =====                   =======         ======
           cfghdr14_1              00003F54 
    -------------------------------------------------------------------------
CONFIG_C
  Relative segment, address: CODE_AREA 00003F80 - 0000407F (0x100 bytes), align: 2
  Segment part 189. ROOT.
           ENTRY                   ADDRESS         REF BY
           =====                   =======         ======
           SHORCUT1                00003F80        HeadsetDisconnect (main)
    -------------------------------------------------------------------------
CONFIG_C
  Relative segment, address: CODE_AREA 00004080 - 000040AB (0x2c bytes), align: 2
  Segment part 190. ROOT.
           ENTRY                   ADDRESS         REF BY
           =====                   =======         ======
           cfghdr14_2              00004080 
    -------------------------------------------------------------------------
CONFIG_C
  Relative segment, address: CODE_AREA 000040AC - 000040AF (0x4 bytes), align: 2
  Segment part 191. ROOT.
           ENTRY                   ADDRESS         REF BY
           =====                   =======         ======
           HeadsetCD               000040AC        HeadsetConnect (main)
    -------------------------------------------------------------------------
CONFIG_C
  Relative segment, address: CODE_AREA 000040B0 - 0000422F (0x180 bytes), align: 2
  Segment part 192. ROOT.
           ENTRY                   ADDRESS         REF BY
           =====                   =======         ======
           cfgcbox14_2             000040B0 
    -------------------------------------------------------------------------
CONFIG_C
  Relative segment, address: CODE_AREA 00004230 - 0000425B (0x2c bytes), align: 2
  Segment part 193. ROOT.
           ENTRY                   ADDRESS         REF BY
           =====                   =======         ======
           cfghdr15                00004230 
    -------------------------------------------------------------------------
CONFIG_C
  Relative segment, address: CODE_AREA 0000425C - 0000425F (0x4 bytes), align: 2
  Segment part 194. ROOT.
           ENTRY                   ADDRESS         REF BY
           =====                   =======         ======
           HeadsetDType            0000425C        HeadsetDisconnect (main)
    -------------------------------------------------------------------------
CONFIG_C
  Relative segment, address: CODE_AREA 00004260 - 000042DF (0x80 bytes), align: 2
  Segment part 195. ROOT.
           ENTRY                   ADDRESS         REF BY
           =====                   =======         ======
           cfgcbox15               00004260 
    -------------------------------------------------------------------------
CONFIG_C
  Relative segment, address: CODE_AREA 000042E0 - 0000430B (0x2c bytes), align: 2
  Segment part 196. ROOT.
           ENTRY                   ADDRESS         REF BY
           =====                   =======         ======
           cfghdr15_1              000042E0 
    -------------------------------------------------------------------------
CONFIG_C
  Relative segment, address: CODE_AREA 0000430C - 0000440B (0x100 bytes), align: 2
  Segment part 197. ROOT.
           ENTRY                   ADDRESS         REF BY
           =====                   =======         ======
           SHORCUT2                0000430C        HeadsetConnect (main)
[...]
           =====                   =======         ======
           minus11                 00001874 
    -------------------------------------------------------------------------
CODE
  Relative segment, address: CODE_AREA 00001688 - 00001743 (0xbc bytes), align: 2
  Segment part 78.
           ENTRY                   ADDRESS         REF BY
           =====                   =======         ======
           main                    00001688        Absolute parts (?ABS_ENTRY_MOD)
               stack 1 = 00000000 ( 00000038 )
    -------------------------------------------------------------------------
CODE
  Segment part 79. NOT NEEDED.Intra module refs:   maincsm_onmessage
    -------------------------------------------------------------------------
CODE
  Segment part 80. NOT NEEDED.Intra module refs:   main
                                                   maincsm_onmessage
    -------------------------------------------------------------------------
CODE
  Segment part 81. NOT NEEDED.Intra module refs:   Killer
    -------------------------------------------------------------------------
CODE
  Relative segment, address: CODE_AREA 00001744 - 0000178F (0x4c bytes), align: 2
  Segment part 82.            Intra module refs:   maincsm_onmessage
           ENTRY                   ADDRESS         REF BY
           =====                   =======         ======
           strcmp_nocase           00001744 
    -------------------------------------------------------------------------
CSTACK
  Segment part 1. NOT NEEDED.
    -------------------------------------------------------------------------
DATA_ID
  Relative segment, address: CODE_AREA 00000004 - 00000073 (0x70 bytes), align: 2
  Segment part 10.            Intra module refs:   Segment part 9
    -------------------------------------------------------------------------
DATA_ID
  Segment part 83. TENTATIVE. Used definition from conf_loader
           ENTRY                   ADDRESS         REF BY
           =====                   =======         ======
           ?*?DATA_ID              
    -------------------------------------------------------------------------
INITTAB
  Segment part 84. TENTATIVE. Used definition from conf_loader
           ENTRY                   ADDRESS         REF BY
           =====                   =======         ======
           ?init?tab?DATA_I        
    -------------------------------------------------------------------------
INITTAB
  Relative segment, address: CODE_AREA 00001888 - 00001893 (0xc bytes), align: 2
  Segment part 85. ROOT.
           ENTRY                   ADDRESS         REF BY
           =====                   =======         ======
           ?init?tab?DATA_Z        00001888 




                ****************************************
                *                                      *
                *            MODULE SUMMARY            *
                *                                      *
                ****************************************

Module             CODE   DATA
------             ----   ----
                  (Rel)  (Rel)
conf_loader         369      4
  + shared           12
config_data      12 020
func                  8
main              6 228    112
N/A (alignment)
------           ------    ---
Total:           18 637    116


                ****************************************
                *                                      *
                *              CALL GRAPH              *
                *                                      *
                ****************************************

  ->Sub-tree of type: Indirectly called function tree that does not make
                    : indirect calls (Is not an interrupt and is not flagged
                    : as not overlayable)
                             CSTACK
    | Stack used (prev) :  00000000
  01  PlayPause
      | Stack used (prev) :  00000000
      | + function block  :  00000008
  <-Sub-tree of type: Indirectly called function tree that does not make
                    : indirect calls (Is not an interrupt and is not flagged
                    : as not overlayable)
    | Stack used          :  00000008


  ->Sub-tree of type: Indirectly called function tree that does not make
                    : indirect calls (Is not an interrupt and is not flagged
                    : as not overlayable)
                             CSTACK
    | Stack used (prev) :  00000000
  01  Stop
      | Stack used (prev) :  00000000
      | + function block  :  00000008
  <-Sub-tree of type: Indirectly called function tree that does not make
                    : indirect calls (Is not an interrupt and is not flagged
                    : as not overlayable)
    | Stack used          :  00000008


  ->Sub-tree of type: Indirectly called function tree that does not make
                    : indirect calls (Is not an interrupt and is not flagged
                    : as not overlayable)
                             CSTACK
    | Stack used (prev) :  00000000
  01  Prev
      | Stack used (prev) :  00000000
      | + function block  :  00000008
  <-Sub-tree of type: Indirectly called function tree that does not make
                    : indirect calls (Is not an interrupt and is not flagged
                    : as not overlayable)
    | Stack used          :  00000008


  ->Sub-tree of type: Indirectly called function tree that does not make
                    : indirect calls (Is not an interrupt and is not flagged
                    : as not overlayable)
                             CSTACK
    | Stack used (prev) :  00000000
  01  Next
      | Stack used (prev) :  00000000
      | + function block  :  00000008
  <-Sub-tree of type: Indirectly called function tree that does not make
                    : indirect calls (Is not an interrupt and is not flagged
                    : as not overlayable)
    | Stack used          :  00000008


  ->Sub-tree of type: Indirectly called function tree that does not make
                    : indirect calls (Is not an interrupt and is not flagged
                    : as not overlayable)
                             CSTACK
    | Stack used (prev) :  00000000
  01  Start
      | Stack used (prev) :  00000000
      | + function block  :  0000000C
  <-Sub-tree of type: Indirectly called function tree that does not make
                    : indirect calls (Is not an interrupt and is not flagged
                    : as not overlayable)
    | Stack used          :  0000000C


  ->Sub-tree of type: Indirectly called function tree that does not make
                    : indirect calls (Is not an interrupt and is not flagged
                    : as not overlayable)
                             CSTACK
    | Stack used (prev) :  00000000
  01  Close
      | Stack used (prev) :  00000000
      | + function block  :  00000008
  <-Sub-tree of type: Indirectly called function tree that does not make
                    : indirect calls (Is not an interrupt and is not flagged
                    : as not overlayable)
    | Stack used          :  00000008


  ->Sub-tree of type: Indirectly called function tree that does not make
                    : indirect calls (Is not an interrupt and is not flagged
                    : as not overlayable)
                             CSTACK
    | Stack used (prev) :  00000000
  01  VolUP
      | Stack used (prev) :  00000000
      | + function block  :  00000008
  <-Sub-tree of type: Indirectly called function tree that does not make
                    : indirect calls (Is not an interrupt and is not flagged
                    : as not overlayable)
    | Stack used          :  00000008


  ->Sub-tree of type: Indirectly called function tree that does not make
                    : indirect calls (Is not an interrupt and is not flagged
                    : as not overlayable)
                             CSTACK
    | Stack used (prev) :  00000000
  01  VolDOWN
      | Stack used (prev) :  00000000
      | + function block  :  00000008
  <-Sub-tree of type: Indirectly called function tree that does not make
                    : indirect calls (Is not an interrupt and is not flagged
                    : as not overlayable)
    | Stack used          :  00000008


  ->Sub-tree of type: Indirectly called function tree that does not make
                    : indirect calls (Is not an interrupt and is not flagged
                    : as not overlayable)
                             CSTACK
    | Stack used (prev) :  00000000
  01  Mute
      | Stack used (prev) :  00000000
      | + function block  :  00000004
  <-Sub-tree of type: Indirectly called function tree that does not make
                    : indirect calls (Is not an interrupt and is not flagged
                    : as not overlayable)
    | Stack used          :  00000004


  ->Sub-tree of type: Indirectly called function tree that does not make
                    : indirect calls (Is not an interrupt and is not flagged
                    : as not overlayable)
                             CSTACK
    | Stack used (prev) :  00000000
  01  TmrSec
      | Stack used (prev) :  00000000
      | + function block  :  00000004
  <-Sub-tree of type: Indirectly called function tree that does not make
                    : indirect calls (Is not an interrupt and is not flagged
                    : as not overlayable)
    | Stack used          :  00000004


  ->Sub-tree of type: Indirectly called function tree that does not make
                    : indirect calls (Is not an interrupt and is not flagged
                    : as not overlayable)
                             CSTACK
    | Stack used (prev) :  00000000
  01  Lock
      | Stack used (prev) :  00000000
      | + function block  :  00000004
  <-Sub-tree of type: Indirectly called function tree that does not make
                    : indirect calls (Is not an interrupt and is not flagged
                    : as not overlayable)
    | Stack used          :  00000004


  ->Sub-tree of type: Indirectly called function tree that does not make
                    : indirect calls (Is not an interrupt and is not flagged
                    : as not overlayable)
                             CSTACK
    | Stack used (prev) :  00000000
  01  StartCloseTimer
      | Stack used (prev) :  00000000
      | + function block  :  00000004
  <-Sub-tree of type: Indirectly called function tree that does not make
                    : indirect calls (Is not an interrupt and is not flagged
                    : as not overlayable)
    | Stack used          :  00000004


  ->Sub-tree of type: Indirectly called function tree that does not make
                    : indirect calls (Is not an interrupt and is not flagged
                    : as not overlayable)
                             CSTACK
    | Stack used (prev) :  00000000
  01  StopCloseTimer
      | Stack used (prev) :  00000000
      | + function block  :  00000004
  <-Sub-tree of type: Indirectly called function tree that does not make
                    : indirect calls (Is not an interrupt and is not flagged
                    : as not overlayable)
    | Stack used          :  00000004


  ->Sub-tree of type: Indirectly called function tree that does not make
                    : indirect calls (Is not an interrupt and is not flagged
                    : as not overlayable)
                             CSTACK
    | Stack used (prev) :  00000000
  01  CloseTimer
      | Stack used (prev) :  00000000
      | + function block  :  00000010
  <-Sub-tree of type: Indirectly called function tree that does not make
                    : indirect calls (Is not an interrupt and is not flagged
                    : as not overlayable)
    | Stack used          :  00000010


  ->Sub-tree of type: Indirectly called function tree that does not make
                    : indirect calls (Is not an interrupt and is not flagged
                    : as not overlayable)
                             CSTACK
    | Stack used (prev) :  00000000
  01  my_keyhook
      | Stack used (prev) :  00000000
      | + function block  :  00000028
  <-Sub-tree of type: Indirectly called function tree that does not make
                    : indirect calls (Is not an interrupt and is not flagged
                    : as not overlayable)
    | Stack used          :  00000028


  ->Sub-tree of type: Indirectly called function tree that does not make
                    : indirect calls (Is not an interrupt and is not flagged
                    : as not overlayable)
                             CSTACK
    | Stack used (prev) :  00000000
  01  maincsm_onmessage
      | Stack used (prev) :  00000000
      | + function block  :  0000001C
  <-Sub-tree of type: Indirectly called function tree that does not make
                    : indirect calls (Is not an interrupt and is not flagged
                    : as not overlayable)
    | Stack used          :  0000001C


  ->Sub-tree of type: Indirectly called function tree that does not make
                    : indirect calls (Is not an interrupt and is not flagged
                    : as not overlayable)
                             CSTACK
    | Stack used (prev) :  00000000
  01  maincsm_oncreate
      | Stack used (prev) :  00000000
      | + function block  :  00000004
  <-Sub-tree of type: Indirectly called function tree that does not make
                    : indirect calls (Is not an interrupt and is not flagged
                    : as not overlayable)
    | Stack used          :  00000004


  ->Sub-tree of type: Indirectly called function tree that does not make
                    : indirect calls (Is not an interrupt and is not flagged
                    : as not overlayable)
                             CSTACK
    | Stack used (prev) :  00000000
  01  Killer
      | Stack used (prev) :  00000000
      | + function block  :  00000004
  <-Sub-tree of type: Indirectly called function tree that does not make
                    : indirect calls (Is not an interrupt and is not flagged
                    : as not overlayable)
    | Stack used          :  00000004


  ->Sub-tree of type: Indirectly called function tree that does not make
                    : indirect calls (Is not an interrupt and is not flagged
                    : as not overlayable)
                             CSTACK
    | Stack used (prev) :  00000000
  01  maincsm_onclose
      | Stack used (prev) :  00000000
      | + function block  :  00000008
  <-Sub-tree of type: Indirectly called function tree that does not make
                    : indirect calls (Is not an interrupt and is not flagged
                    : as not overlayable)
    | Stack used          :  00000008


  ->Sub-tree of type: Function tree
                             CSTACK
    | Stack used (prev) :  00000028
  01  LoadConfigData
      | Stack used (prev) :  00000028
      | + function block  :  00000024
  <-Sub-tree of type: Function tree
    | Stack used          :  0000004C


  ->Sub-tree of type: Function tree
                             CSTACK
    | Stack used (prev) :  0000004C
  01  InitConfig
      | Stack used (prev) :  0000004C
      | + function block  :  00000008
  <-Sub-tree of type: Function tree
    | Stack used          :  00000054


  ->Sub-tree of type: Function tree
                             CSTACK
    | Stack used (prev) :  00000054
  01  Send_MPlayer_Command
      | Stack used (prev) :  00000054
      | + function block  :  00000010
  <-Sub-tree of type: Function tree
    | Stack used          :  00000064


  ->Sub-tree of type: Function tree
                             CSTACK
    | Stack used (prev) :  00000064
  01  MPlayer_VolChange
      | Stack used (prev) :  00000064
      | + function block  :  00000008
  <-Sub-tree of type: Function tree
    | Stack used          :  0000006C


  ->Sub-tree of type: Function tree
                             CSTACK
    | Stack used (prev) :  0000006C
  01  SendCmd
      | Stack used (prev) :  0000006C
      | + function block  :  00000004
  <-Sub-tree of type: Function tree
    | Stack used          :  00000070


  ->Sub-tree of type: Function tree
                             CSTACK
    | Stack used (prev) :  00000070
  01  HeadsetDisconnect
      | Stack used (prev) :  00000070
      | + function block  :  0000000C
  <-Sub-tree of type: Function tree
    | Stack used          :  0000007C


  ->Sub-tree of type: Function tree
                             CSTACK
    | Stack used (prev) :  0000007C
  01  HeadsetConnect
      | Stack used (prev) :  0000007C
      | + function block  :  0000000C
  <-Sub-tree of type: Function tree
    | Stack used          :  00000088


  ->Sub-tree of type: Function tree
                             CSTACK
    | Stack used (prev) :  00000088
  01  MyFunc
      | Stack used (prev) :  00000088
      | + function block  :  00000018
  <-Sub-tree of type: Function tree
    | Stack used          :  000000A0


  ->Sub-tree of type: Function tree
                             CSTACK
    | Stack used (prev) :  000000A0
  01  MyTmrFunc
      | Stack used (prev) :  000000A0
      | + function block  :  0000000C
  <-Sub-tree of type: Function tree
    | Stack used          :  000000AC


  ->Sub-tree of type: Function tree
                             CSTACK
    | Stack used (prev) :  000000AC
  01  main
      | Stack used (prev) :  000000AC
      | + function block  :  00000038
  <-Sub-tree of type: Function tree
    | Stack used          :  000000E4


  ->Sub-tree of type: Function tree
                             CSTACK
    | Stack used (prev) :  000000E4
  01  strcmp_nocase
      | Stack used (prev) :  000000E4
      | + function block  :  00000000
  <-Sub-tree of type: Function tree
    | Stack used          :  000000E4




                ****************************************
                *                                      *
                *      SEGMENTS IN ADDRESS ORDER       *
                *                                      *
                ****************************************


SEGMENT              SPACE    START ADDRESS   END ADDRESS     SIZE  TYPE  ALIGN
=======              =====    =============   ===========     ====  ====  =====
ELFBEGIN             CODE_AREA           00000000                     rel    0
DATA_ID              CODE_AREA      00000000 - 00000073          74   rel    2
START                CODE_AREA           00000074                     dse    0
CODE                 CODE_AREA      00000074 - 0000178F        171C   rel    2
DATA_C               CODE_AREA      00001790 - 00001878          E9   rel    2
INITTAB              CODE_AREA      0000187C - 00001893          18   rel    2
DATA_Z               CODE_AREA      00001894 - 000019DB         148   rel    2
DATA_N               CODE_AREA           000019DC                     dse    0
CONFIG_C             CODE_AREA      000019DC - 000048CF        2EF4   rel    2
DATA_I               DATA_AREA      00000000 - 00000073          74   rel    2

                ****************************************
                *                                      *
                *        END OF CROSS REFERENCE        *
                *                                      *
                ****************************************

 18 637 bytes of CODE memory
    116 bytes of DATA memory

Errors: none
Warnings: none

