################################################################################
#                                                                              #
#      IAR Universal Linker V4.60I/386                                         #
#                                                                              #
#           Link time     =  05/Aug/2009  15:42:42                             #
#           Target CPU    =  ARM                                               #
#           List file     =  C:\arm\CBN\Durak\Release\List\TED.map             #
#           Output file 1 =  C:\arm\CBN\Durak\Release\Exe\TED.elf              #
#                            Format: elf, variant: -ynpraw                     #
#           Command line  =  C:\arm\CBN\DIV.R79                                #
#                            C:\arm\CBN\Durak\Release\Obj\LzmaDecode.r79       #
#                            C:\arm\CBN\Durak\Release\Obj\LzmaTest.r79         #
#                            C:\arm\CBN\Durak\Release\Obj\MAIN.r79             #
#                            C:\arm\CBN\Durak\Release\Obj\SWILIB.r79           #
#                            C:\arm\CBN\Durak\Release\Obj\Siemens.r79          #
#                            C:\arm\CBN\Durak\Release\Obj\Swi.r79 -o           #
#                            C:\arm\CBN\Durak\Release\Exe\TED.elf -Felf -l     #
#                            C:\arm\CBN\Durak\Release\List\TED.map -xmsnio     #
#                            -f C:\arm\3D\test.xcl (-carm                      #
#                            -V(CODE)CODE_AREA,12 -V(DATA)DATA_AREA,12         #
#                            -Z(CODE_AREA)ELFBEGIN,DATA_ID,START,CODE,DATA_C,I #
#                            NITTAB,DATA_Z,DATA_N,CONFIG_C=0-FFFFFFFF          #
#                            -Z(DATA_AREA)DATA_I=0-FFFFFFFF) -ynpraw -s main   #
#                                                                              #
#                        Copyright 1987-2007 IAR Systems. All rights reserved. #
################################################################################





                ****************************************
                *                                      *
                *           CROSS REFERENCE            *
                *                                      *
                ****************************************

       Program entry at : CODE_AREA 00002840  Relocatable, from module : Siemens




                ****************************************
                *                                      *
                *            RUNTIME MODEL             *
                *                                      *
                ****************************************

  StackAlign4  = USED
  __cpu_mode   = __pcs__interwork
  __data_model = absolute
  __endian     = little
  __rt_version = 6



                ****************************************
                *                                      *
                *              MODULE MAP              *
                *                                      *
                ****************************************


  DEFINED ABSOLUTE ENTRIES
    *************************************************************************

  DEFINED ABSOLUTE ENTRIES
    *************************************************************************

  FILE NAME : C:\arm\CBN\DIV.R79
  LIBRARY MODULE, NAME : ?div_module

  SEGMENTS IN THE MODULE
  ======================
CODE
  Segment part 0. NOT NEEDED.
           ENTRY                   ADDRESS         REF BY
           =====                   =======         ======
           ??divu8_t               
    -------------------------------------------------------------------------
CODE
  Segment part 1. NOT NEEDED.
           ENTRY                   ADDRESS         REF BY
           =====                   =======         ======
           ??divu8_a               
    -------------------------------------------------------------------------
CODE
  Segment part 2. NOT NEEDED.
           ENTRY                   ADDRESS         REF BY
           =====                   =======         ======
           ??divu16_t              
    -------------------------------------------------------------------------
CODE
  Segment part 3. NOT NEEDED.
           ENTRY                   ADDRESS         REF BY
           =====                   =======         ======
           ??divu16_a              
    -------------------------------------------------------------------------
CODE
  Segment part 4. NOT NEEDED.
           ENTRY                   ADDRESS         REF BY
           =====                   =======         ======
           ??divu32_t              
    -------------------------------------------------------------------------
CODE
  Segment part 5. NOT NEEDED.
           ENTRY                   ADDRESS         REF BY
           =====                   =======         ======
           ??divu32_a              
    -------------------------------------------------------------------------
CODE
  Segment part 6. NOT NEEDED.
           ENTRY                   ADDRESS         REF BY
           =====                   =======         ======
           ??div8_t                
    -------------------------------------------------------------------------
CODE
  Segment part 7. NOT NEEDED.
           ENTRY                   ADDRESS         REF BY
           =====                   =======         ======
           ??div8_a                
    -------------------------------------------------------------------------
CODE
  Segment part 8. NOT NEEDED.
           ENTRY                   ADDRESS         REF BY
           =====                   =======         ======
           ??div16_t               
    -------------------------------------------------------------------------
CODE
  Segment part 9. NOT NEEDED.
           ENTRY                   ADDRESS         REF BY
           =====                   =======         ======
           ??div16_a               
    -------------------------------------------------------------------------
CODE
  Segment part 10. NOT NEEDED.
           ENTRY                   ADDRESS         REF BY
           =====                   =======         ======
           ??div32_t               
    -------------------------------------------------------------------------
CODE
  Relative segment, address: CODE_AREA 0000003C - 00000053 (0x18 bytes), align: 2
  Segment part 11.
           ENTRY                   ADDRESS         REF BY
           =====                   =======         ======
           ??div32_a               0000003C        onredraw (MAIN)
                                                   showcards (MAIN)
    -------------------------------------------------------------------------
CODE
  Relative segment, address: CODE_AREA 00000054 - 0000012B (0xd8 bytes), align: 2
  Segment part 12.            Intra module refs:   ??div32_a

    *************************************************************************

  FILE NAME : C:\arm\CBN\Durak\Release\Obj\LzmaDecode.r79
  PROGRAM MODULE, NAME : LzmaDecode

  SEGMENTS IN THE MODULE
  ======================
CODE
  Segment part 2. NOT NEEDED.
    -------------------------------------------------------------------------
CODE
  Relative segment, address: CODE_AREA 0000012C - 000001A7 (0x7c bytes), align: 2
  Segment part 3.
           ENTRY                   ADDRESS         REF BY
           =====                   =======         ======
           LzmaDecodeProperties    0000012C        goun7z (LzmaTest)
    -------------------------------------------------------------------------
CODE
  Segment part 4. NOT NEEDED.
    -------------------------------------------------------------------------
CODE
  Relative segment, address: CODE_AREA 000001A8 - 00000A9B (0x8f4 bytes), align: 2
  Segment part 5.
           ENTRY                   ADDRESS         REF BY
           =====                   =======         ======
           LzmaDecode              000001A8        goun7z (LzmaTest)
               stack 1 = 00000000 ( 00000050 )
    -------------------------------------------------------------------------
CSTACK
  Segment part 1. NOT NEEDED.

    *************************************************************************

  FILE NAME : C:\arm\CBN\Durak\Release\Obj\LzmaTest.r79
  PROGRAM MODULE, NAME : LzmaTest

  SEGMENTS IN THE MODULE
  ======================
DATA_C
  Segment part 2. NOT NEEDED.
           ENTRY                   ADDRESS         REF BY
           =====                   =======         ======
           waitEOS                 
    -------------------------------------------------------------------------
DATA_C
  Segment part 3. NOT NEEDED.
           ENTRY                   ADDRESS         REF BY
           =====                   =======         ======
           maxdirsize              
    -------------------------------------------------------------------------
DATA_C
  Segment part 4. NOT NEEDED.
           ENTRY                   ADDRESS         REF BY
           =====                   =======         ======
           hsize                   
    -------------------------------------------------------------------------
DATA_I
  Relative segment, address: DATA_AREA 00000000 - 00000007 (0x8 bytes), align: 2
  Segment part 5.             Intra module refs:   goun7z
           ENTRY                   ADDRESS         REF BY
           =====                   =======         ======
           properties              00000000 
    -------------------------------------------------------------------------
DATA_Z
  Relative segment, address: CODE_AREA 00002EA0 - 00002EAF (0x10 bytes), align: 2
  Segment part 7.             Intra module refs:   goun7z
           ENTRY                   ADDRESS         REF BY
           =====                   =======         ======
           state                   00002EA0 
    -------------------------------------------------------------------------
DATA_Z
  Relative segment, address: CODE_AREA 00002EB0 - 00002EB3 (0x4 bytes), align: 2
  Segment part 8.             Intra module refs:   Segment part 23
           ENTRY                   ADDRESS         REF BY
           =====                   =======         ======
           getpos                  00002EB0 
    -------------------------------------------------------------------------
DATA_Z
  Relative segment, address: CODE_AREA 00002EB4 - 00002EB7 (0x4 bytes), align: 2
  Segment part 9.             Intra module refs:   goun7z
           ENTRY                   ADDRESS         REF BY
           =====                   =======         ======
           outProcessed            00002EB4 
    -------------------------------------------------------------------------
DATA_Z
  Segment part 10. NOT NEEDED.
           ENTRY                   ADDRESS         REF BY
           =====                   =======         ======
           filename2               
    -------------------------------------------------------------------------
CODE
  Segment part 11. NOT NEEDED.
    -------------------------------------------------------------------------
CODE
  Segment part 12. NOT NEEDED.
           ENTRY                   ADDRESS         REF BY
           =====                   =======         ======
           prepname                
               not allocated function
    -------------------------------------------------------------------------
CODE
  Segment part 13. NOT NEEDED.
    -------------------------------------------------------------------------
CODE
  Segment part 14. NOT NEEDED.
           ENTRY                   ADDRESS         REF BY
           =====                   =======         ======
           strcmp2                 
               not allocated function
    -------------------------------------------------------------------------
CODE
  Segment part 15. NOT NEEDED.
    -------------------------------------------------------------------------
CODE
  Relative segment, address: CODE_AREA 00000A9C - 00000AD3 (0x38 bytes), align: 2
  Segment part 16.            Intra module refs:   un7z
           ENTRY                   ADDRESS         REF BY
           =====                   =======         ======
           getempty                00000A9C 
    -------------------------------------------------------------------------
CODE
  Segment part 17. NOT NEEDED.
    -------------------------------------------------------------------------
CODE
  Relative segment, address: CODE_AREA 00000AD4 - 00000BA7 (0xd4 bytes), align: 2
  Segment part 18.            Intra module refs:   un7z
           ENTRY                   ADDRESS         REF BY
           =====                   =======         ======
           goun7z                  00000AD4 
               stack 1 = 00000000 ( 0000002C )
    -------------------------------------------------------------------------
CODE
  Segment part 19. NOT NEEDED.
    -------------------------------------------------------------------------
CODE
  Relative segment, address: CODE_AREA 00000BA8 - 00000C6F (0xc8 bytes), align: 2
  Segment part 20.            Intra module refs:   un7z
           ENTRY                   ADDRESS         REF BY
           =====                   =======         ======
           get8b                   00000BA8 
               stack 1 = 00000000 ( 00000004 )
    -------------------------------------------------------------------------
CODE
  Segment part 21. NOT NEEDED.
    -------------------------------------------------------------------------
CODE
  Relative segment, address: CODE_AREA 00000C70 - 000010BF (0x450 bytes), align: 2
  Segment part 22.
           ENTRY                   ADDRESS         REF BY
           =====                   =======         ======
           un7z                    00000C70        loadfile (SWILIB)
               stack 1 = 00000000 ( 00000034 )
    -------------------------------------------------------------------------
CODE
  Relative segment, address: CODE_AREA 000010C0 - 000010C3 (0x4 bytes), align: 2
  Segment part 23.            Intra module refs:   get8b
                                                   un7z
    -------------------------------------------------------------------------
CODE
  Segment part 24. NOT NEEDED.Intra module refs:   goun7z
    -------------------------------------------------------------------------
CODE
  Segment part 25. NOT NEEDED.Intra module refs:   goun7z
    -------------------------------------------------------------------------
CODE
  Segment part 26. NOT NEEDED.Intra module refs:   un7z
    -------------------------------------------------------------------------
CSTACK
  Segment part 1. NOT NEEDED.
    -------------------------------------------------------------------------
DATA_ID
  Relative segment, address: CODE_AREA 00000000 - 00000007 (0x8 bytes), align: 2
  Segment part 6.             Intra module refs:   properties
    -------------------------------------------------------------------------
INITTAB
  Relative segment, address: CODE_AREA 00002E88 - 00002E93 (0xc bytes), align: 2
  Segment part 27. ROOT.
           ENTRY                   ADDRESS         REF BY
           =====                   =======         ======
           ?init?tab?DATA_Z        00002E88 
    -------------------------------------------------------------------------
DATA_ID
  Segment part 28. NOT NEEDED.
           ENTRY                   ADDRESS         REF BY
           =====                   =======         ======
           ?*?DATA_ID              
    -------------------------------------------------------------------------
INITTAB
  Relative segment, address: CODE_AREA 00002E94 - 00002E9F (0xc bytes), align: 2
  Segment part 29. ROOT.
           ENTRY                   ADDRESS         REF BY
           =====                   =======         ======
           ?init?tab?DATA_I        00002E94 

    *************************************************************************

  FILE NAME : C:\arm\CBN\Durak\Release\Obj\MAIN.r79
  PROGRAM MODULE, NAME : MAIN

  SEGMENTS IN THE MODULE
  ======================
DATA_Z
  Relative segment, address: CODE_AREA 00002EB8 - 00002EBB (0x4 bytes), align: 2
  Segment part 10.            Intra module refs:   Segment part 44
           ENTRY                   ADDRESS         REF BY
           =====                   =======         ======
           randseed                00002EB8 
    -------------------------------------------------------------------------
CODE
  Segment part 38. NOT NEEDED.
    -------------------------------------------------------------------------
CODE
  Relative segment, address: CODE_AREA 000010C4 - 000010FF (0x3c bytes), align: 2
  Segment part 39.            Intra module refs:   getcard
                                                   newgame
           ENTRY                   ADDRESS         REF BY
           =====                   =======         ======
           randint                 000010C4 
               stack 1 = 00000000 ( 00000008 )
    -------------------------------------------------------------------------
CODE
  Segment part 40. NOT NEEDED.
    -------------------------------------------------------------------------
CODE
  Segment part 41. NOT NEEDED.
           ENTRY                   ADDRESS         REF BY
           =====                   =======         ======
           rand                    
               not allocated function
    -------------------------------------------------------------------------
CODE
  Segment part 42. NOT NEEDED.
    -------------------------------------------------------------------------
CODE
  Relative segment, address: CODE_AREA 00001100 - 0000112B (0x2c bytes), align: 2
  Segment part 43.            Intra module refs:   onstart
           ENTRY                   ADDRESS         REF BY
           =====                   =======         ======
           Randomize               00001100 
               stack 1 = 00000000 ( 00000014 )
    -------------------------------------------------------------------------
CODE
  Relative segment, address: CODE_AREA 0000112C - 0000112F (0x4 bytes), align: 2
  Segment part 44.            Intra module refs:   Randomize
                                                   randint
    -------------------------------------------------------------------------
CODE
  Segment part 45. NOT NEEDED.
    -------------------------------------------------------------------------
DATA_I
  Relative segment, address: DATA_AREA 00000008 - 0000000B (0x4 bytes), align: 2
  Segment part 11.
           ENTRY                   ADDRESS         REF BY
           =====                   =======         ======
           Title                   00000008        maincsm_oncreate (Siemens)
    -------------------------------------------------------------------------
DATA_I
  Relative segment, address: DATA_AREA 0000000C - 0000001F (0x14 bytes), align: 2
  Segment part 13.
           ENTRY                   ADDRESS         REF BY
           =====                   =======         ======
           errors                  0000000C        main (Siemens)
    -------------------------------------------------------------------------
DATA_Z
  Relative segment, address: CODE_AREA 00002EBC - 00002F3B (0x80 bytes), align: 2
  Segment part 15.            Intra module refs:   Segment part 103
           ENTRY                   ADDRESS         REF BY
           =====                   =======         ======
           filename                00002EBC 
    -------------------------------------------------------------------------
DATA_Z
  Relative segment, address: CODE_AREA 00002F3C - 00002F3F (0x4 bytes), align: 2
  Segment part 16.            Intra module refs:   Segment part 104
           ENTRY                   ADDRESS         REF BY
           =====                   =======         ======
           ext                     00002F3C 
    -------------------------------------------------------------------------
DATA_Z
  Relative segment, address: CODE_AREA 00002F40 - 00002F43 (0x4 bytes), align: 2
  Segment part 17.            Intra module refs:   Segment part 105
           ENTRY                   ADDRESS         REF BY
           =====                   =======         ======
           mess                    00002F40 
    -------------------------------------------------------------------------
DATA_Z
  Relative segment, address: CODE_AREA 00002F44 - 00002F47 (0x4 bytes), align: 2
  Segment part 18.            Intra module refs:   Segment part 106
           ENTRY                   ADDRESS         REF BY
           =====                   =======         ======
           bmpcards                00002F44 
    -------------------------------------------------------------------------
DATA_Z
  Relative segment, address: CODE_AREA 00002F48 - 00002F4B (0x4 bytes), align: 2
  Segment part 19.            Intra module refs:   Segment part 94
           ENTRY                   ADDRESS         REF BY
           =====                   =======         ======
           fon                     00002F48 
    -------------------------------------------------------------------------
DATA_Z
  Relative segment, address: CODE_AREA 00002F4C - 00002F4F (0x4 bytes), align: 2
  Segment part 20.            Intra module refs:   Segment part 107
           ENTRY                   ADDRESS         REF BY
           =====                   =======         ======
           font                    00002F4C 
    -------------------------------------------------------------------------
DATA_Z
  Relative segment, address: CODE_AREA 00002F50 - 0000334F (0x400 bytes), align: 2
  Segment part 21.            Intra module refs:   Segment part 99
           ENTRY                   ADDRESS         REF BY
           =====                   =======         ======
           msg                     00002F50 
    -------------------------------------------------------------------------
DATA_Z
  Relative segment, address: CODE_AREA 00003350 - 00003353 (0x4 bytes), align: 2
  Segment part 22.            Intra module refs:   txt
           ENTRY                   ADDRESS         REF BY
           =====                   =======         ======
           maxmsg                  00003350 
    -------------------------------------------------------------------------
DATA_Z
  Relative segment, address: CODE_AREA 00003354 - 00003367 (0x14 bytes), align: 2
  Segment part 23.            Intra module refs:   Segment part 100
           ENTRY                   ADDRESS         REF BY
           =====                   =======         ======
           razdel                  00003354 
    -------------------------------------------------------------------------
DATA_Z
  Relative segment, address: CODE_AREA 00003368 - 0000338F (0x28 bytes), align: 2
  Segment part 24.            Intra module refs:   Segment part 82
           ENTRY                   ADDRESS         REF BY
           =====                   =======         ======
           coloda                  00003368 
    -------------------------------------------------------------------------
DATA_Z
  Relative segment, address: CODE_AREA 00003390 - 000033B7 (0x28 bytes), align: 2
  Segment part 25.            Intra module refs:   Segment part 88
           ENTRY                   ADDRESS         REF BY
           =====                   =======         ======
           player                  00003390 
    -------------------------------------------------------------------------
DATA_Z
  Relative segment, address: CODE_AREA 000033B8 - 000033DF (0x28 bytes), align: 2
  Segment part 26.            Intra module refs:   Segment part 84
           ENTRY                   ADDRESS         REF BY
           =====                   =======         ======
           girl                    000033B8 
    -------------------------------------------------------------------------
DATA_Z
  Relative segment, address: CODE_AREA 000033E0 - 00003407 (0x28 bytes), align: 2
  Segment part 27.            Intra module refs:   Segment part 89
           ENTRY                   ADDRESS         REF BY
           =====                   =======         ======
           current                 000033E0 
    -------------------------------------------------------------------------
DATA_Z
  Relative segment, address: CODE_AREA 00003408 - 0000342F (0x28 bytes), align: 2
  Segment part 28.            Intra module refs:   onredraw
           ENTRY                   ADDRESS         REF BY
           =====                   =======         ======
           tmp1                    00003408 
    -------------------------------------------------------------------------
DATA_Z
  Relative segment, address: CODE_AREA 00003430 - 00003457 (0x28 bytes), align: 2
  Segment part 29.            Intra module refs:   onredraw
           ENTRY                   ADDRESS         REF BY
           =====                   =======         ======
           tmp2                    00003430 
    -------------------------------------------------------------------------
DATA_Z
  Relative segment, address: CODE_AREA 0000359C - 0000359C (0x1 bytes), align: 0
  Segment part 30.            Intra module refs:   Segment part 78
           ENTRY                   ADDRESS         REF BY
           =====                   =======         ======
           fastfon                 0000359C 
    -------------------------------------------------------------------------
DATA_Z
  Relative segment, address: CODE_AREA 0000359D - 0000359D (0x1 bytes), align: 0
  Segment part 31.            Intra module refs:   Segment part 75
           ENTRY                   ADDRESS         REF BY
           =====                   =======         ======
           kozir                   0000359D 
    -------------------------------------------------------------------------
DATA_C
  Relative segment, address: CODE_AREA 00002D54 - 00002D5F (0xc bytes), align: 2
  Segment part 2.             Intra module refs:   onstart
    -------------------------------------------------------------------------
DATA_C
  Relative segment, address: CODE_AREA 00002D60 - 00002D77 (0x18 bytes), align: 2
  Segment part 3.             Intra module refs:   Segment part 14
    -------------------------------------------------------------------------
DATA_C
  Relative segment, address: CODE_AREA 00002D78 - 00002D87 (0x10 bytes), align: 2
  Segment part 4.             Intra module refs:   Segment part 12
    -------------------------------------------------------------------------
DATA_C
  Relative segment, address: CODE_AREA 00002D88 - 00002D93 (0xc bytes), align: 2
  Segment part 5.             Intra module refs:   onstart
    -------------------------------------------------------------------------
DATA_C
  Relative segment, address: CODE_AREA 00002D94 - 00002D9F (0xc bytes), align: 2
  Segment part 6.             Intra module refs:   onstart
    -------------------------------------------------------------------------
DATA_C
  Relative segment, address: CODE_AREA 00002DA0 - 00002DAF (0x10 bytes), align: 2
  Segment part 7.             Intra module refs:   Segment part 14
    -------------------------------------------------------------------------
DATA_C
  Relative segment, address: CODE_AREA 00002DB0 - 00002DCB (0x1c bytes), align: 2
  Segment part 8.             Intra module refs:   Segment part 14
    -------------------------------------------------------------------------
DATA_C
  Relative segment, address: CODE_AREA 00002DCC - 00002DE3 (0x18 bytes), align: 2
  Segment part 9.             Intra module refs:   Segment part 14
    -------------------------------------------------------------------------
DATA_C
  Relative segment, address: CODE_AREA 00002DE4 - 00002DEF (0xc bytes), align: 2
  Segment part 32.            Intra module refs:   newgame
           ENTRY                   ADDRESS         REF BY
           =====                   =======         ======
           girlbmp                 00002DE4 
    -------------------------------------------------------------------------
DATA_Z
  Segment part 33. NOT NEEDED.
           ENTRY                   ADDRESS         REF BY
           =====                   =======         ======
           mode                    
    -------------------------------------------------------------------------
DATA_Z
  Relative segment, address: CODE_AREA 0000359E - 0000359E (0x1 bytes), align: 0
  Segment part 34.            Intra module refs:   Segment part 83
           ENTRY                   ADDRESS         REF BY
           =====                   =======         ======
           level                   0000359E 
    -------------------------------------------------------------------------
DATA_Z
  Relative segment, address: CODE_AREA 00003458 - 0000345B (0x4 bytes), align: 2
  Segment part 35.            Intra module refs:   Segment part 87
           ENTRY                   ADDRESS         REF BY
           =====                   =======         ======
           curx                    00003458 
    -------------------------------------------------------------------------
DATA_Z
  Relative segment, address: CODE_AREA 0000345C - 0000345F (0x4 bytes), align: 2
  Segment part 36.            Intra module refs:   Segment part 79
           ENTRY                   ADDRESS         REF BY
           =====                   =======         ======
           showmsg                 0000345C 
    -------------------------------------------------------------------------
CODE
  Segment part 46. NOT NEEDED.
           ENTRY                   ADDRESS         REF BY
           =====                   =======         ======
           randmsg                 
               not allocated function
    -------------------------------------------------------------------------
CODE
  Segment part 47. NOT NEEDED.
    -------------------------------------------------------------------------
CODE
  Relative segment, address: CODE_AREA 00001130 - 000011D7 (0xa8 bytes), align: 2
  Segment part 48.            Intra module refs:   showcards
           ENTRY                   ADDRESS         REF BY
           =====                   =======         ======
           drawcard                00001130 
               stack 1 = 00000000 ( 00000020 )
    -------------------------------------------------------------------------
CODE
  Segment part 49. NOT NEEDED.
    -------------------------------------------------------------------------
CODE
  Relative segment, address: CODE_AREA 000011D8 - 00001247 (0x70 bytes), align: 2
  Segment part 50.            Intra module refs:   onredraw
           ENTRY                   ADDRESS         REF BY
           =====                   =======         ======
           showcards               000011D8 
               stack 1 = 00000000 ( 0000001C )
    -------------------------------------------------------------------------
CODE
  Segment part 51. NOT NEEDED.
    -------------------------------------------------------------------------
CODE
  Relative segment, address: CODE_AREA 00001248 - 0000151F (0x2d8 bytes), align: 2
  Segment part 52.
           ENTRY                   ADDRESS         REF BY
           =====                   =======         ======
           onredraw                00001248        method0 (Siemens)
               stack 1 = 00000000 ( 0000003C )
    -------------------------------------------------------------------------
CODE
  Relative segment, address: CODE_AREA 00001520 - 00001523 (0x4 bytes), align: 2
  Segment part 53.            Intra module refs:   drawcard
                                                   onredraw
    -------------------------------------------------------------------------
CODE
  Segment part 54. NOT NEEDED.
    -------------------------------------------------------------------------
CODE
  Relative segment, address: CODE_AREA 00001524 - 00001557 (0x34 bytes), align: 2
  Segment part 55.            Intra module refs:   AIatack
                                                   AIcont
                                                   AIdefence
                                                   getcard
                                                   onkey
           ENTRY                   ADDRESS         REF BY
           =====                   =======         ======
           delcard                 00001524 
               stack 1 = 00000000 ( 0000000C )
    -------------------------------------------------------------------------
CODE
  Segment part 56. NOT NEEDED.
    -------------------------------------------------------------------------
CODE
  Relative segment, address: CODE_AREA 00001558 - 000015A3 (0x4c bytes), align: 2
  Segment part 57.            Intra module refs:   newgame
                                                   pickup
           ENTRY                   ADDRESS         REF BY
           =====                   =======         ======
           getcard                 00001558 
               stack 1 = 00000000 ( 00000010 )
    -------------------------------------------------------------------------
CODE
  Segment part 58. NOT NEEDED.
    -------------------------------------------------------------------------
CODE
  Relative segment, address: CODE_AREA 000015A4 - 0000166B (0xc8 bytes), align: 2
  Segment part 59.            Intra module refs:   AIatack
                                                   AIcont
                                                   AIdefence
                                                   onkey
           ENTRY                   ADDRESS         REF BY
           =====                   =======         ======
           putcard                 000015A4 
               stack 1 = 00000000 ( 00000018 )
    -------------------------------------------------------------------------
CODE
  Segment part 60. NOT NEEDED.
    -------------------------------------------------------------------------
CODE
  Relative segment, address: CODE_AREA 0000166C - 000016BB (0x50 bytes), align: 2
  Segment part 61.            Intra module refs:   AIcont
                                                   AIdefence
                                                   onkey
           ENTRY                   ADDRESS         REF BY
           =====                   =======         ======
           pickup                  0000166C 
               stack 1 = 00000000 ( 00000008 )
    -------------------------------------------------------------------------
CODE
  Segment part 62. NOT NEEDED.
    -------------------------------------------------------------------------
CODE
  Relative segment, address: CODE_AREA 000016BC - 00001723 (0x68 bytes), align: 2
  Segment part 63.            Intra module refs:   AIatack
                                                   AIdefence
           ENTRY                   ADDRESS         REF BY
           =====                   =======         ======
           findmin                 000016BC 
               stack 1 = 00000000 ( 00000014 )
    -------------------------------------------------------------------------
CODE
  Segment part 64. NOT NEEDED.
    -------------------------------------------------------------------------
DATA_Z
  Relative segment, address: CODE_AREA 00003460 - 0000346B (0xc bytes), align: 2
  Segment part 37.            Intra module refs:   Segment part 72
           ENTRY                   ADDRESS         REF BY
           =====                   =======         ======
           pair                    00003460 
    -------------------------------------------------------------------------
CODE
  Relative segment, address: CODE_AREA 00001724 - 00001793 (0x70 bytes), align: 2
  Segment part 65.            Intra module refs:   AIatack
           ENTRY                   ADDRESS         REF BY
           =====                   =======         ======
           findpair                00001724 
               stack 1 = 00000000 ( 00000014 )
    -------------------------------------------------------------------------
CODE
  Segment part 66. NOT NEEDED.
    -------------------------------------------------------------------------
CODE
  Relative segment, address: CODE_AREA 00001794 - 0000187F (0xec bytes), align: 2
  Segment part 67.            Intra module refs:   ai
           ENTRY                   ADDRESS         REF BY
           =====                   =======         ======
           AIdefence               00001794 
               stack 1 = 00000000 ( 0000001C )
    -------------------------------------------------------------------------
CODE
  Segment part 68. NOT NEEDED.
    -------------------------------------------------------------------------
CODE
  Relative segment, address: CODE_AREA 00001880 - 0000192B (0xac bytes), align: 2
  Segment part 69.            Intra module refs:   ai
           ENTRY                   ADDRESS         REF BY
           =====                   =======         ======
           AIcont                  00001880 
               stack 1 = 00000000 ( 0000001C )
    -------------------------------------------------------------------------
CODE
  Segment part 70. NOT NEEDED.
    -------------------------------------------------------------------------
CODE
  Relative segment, address: CODE_AREA 0000192C - 00001A1B (0xf0 bytes), align: 2
  Segment part 71.            Intra module refs:   ai
           ENTRY                   ADDRESS         REF BY
           =====                   =======         ======
           AIatack                 0000192C 
               stack 1 = 00000000 ( 00000018 )
    -------------------------------------------------------------------------
CODE
  Relative segment, address: CODE_AREA 00001A1C - 00001A1F (0x4 bytes), align: 2
  Segment part 72.            Intra module refs:   AIatack
                                                   findpair
    -------------------------------------------------------------------------
CODE
  Segment part 73. NOT NEEDED.
    -------------------------------------------------------------------------
CODE
  Relative segment, address: CODE_AREA 00001A20 - 00001B7B (0x15c bytes), align: 2
  Segment part 74.            Intra module refs:   ai
                                                   oncreate
                                                   onkey
           ENTRY                   ADDRESS         REF BY
           =====                   =======         ======
           newgame                 00001A20 
               stack 1 = 00000000 ( 00000018 )
    -------------------------------------------------------------------------
CODE
  Relative segment, address: CODE_AREA 00001B7C - 00001B7F (0x4 bytes), align: 2
  Segment part 75.            Intra module refs:   AIatack
                                                   AIcont
                                                   AIdefence
                                                   findpair
                                                   newgame
                                                   putcard
    -------------------------------------------------------------------------
CODE
  Relative segment, address: CODE_AREA 00001B80 - 00001B83 (0x4 bytes), align: 2
  Segment part 76.            Intra module refs:   newgame
                                                   onredraw
                                                   showcards
    -------------------------------------------------------------------------
CODE
  Relative segment, address: CODE_AREA 00001B84 - 00001B87 (0x4 bytes), align: 2
  Segment part 77.            Intra module refs:   newgame
                                                   onredraw
    -------------------------------------------------------------------------
CODE
  Relative segment, address: CODE_AREA 00001B88 - 00001B8B (0x4 bytes), align: 2
  Segment part 78.            Intra module refs:   newgame
                                                   onredraw
    -------------------------------------------------------------------------
CODE
  Relative segment, address: CODE_AREA 00001B8C - 00001B8F (0x4 bytes), align: 2
  Segment part 79.            Intra module refs:   newgame
                                                   onredraw
    -------------------------------------------------------------------------
CODE
  Segment part 80. NOT NEEDED.
    -------------------------------------------------------------------------
CODE
  Relative segment, address: CODE_AREA 00001B90 - 00001C23 (0x94 bytes), align: 2
  Segment part 81.            Intra module refs:   onkey
           ENTRY                   ADDRESS         REF BY
           =====                   =======         ======
           ai                      00001B90 
               stack 1 = 00000000 ( 00000008 )
    -------------------------------------------------------------------------
CODE
  Relative segment, address: CODE_AREA 00001C24 - 00001C27 (0x4 bytes), align: 2
  Segment part 82.            Intra module refs:   AIdefence
                                                   ai
                                                   getcard
                                                   newgame
    -------------------------------------------------------------------------
CODE
  Relative segment, address: CODE_AREA 00001C28 - 00001C2B (0x4 bytes), align: 2
  Segment part 83.            Intra module refs:   ai
                                                   newgame
    -------------------------------------------------------------------------
CODE
  Relative segment, address: CODE_AREA 00001C2C - 00001C2F (0x4 bytes), align: 2
  Segment part 84.            Intra module refs:   AIatack
                                                   AIcont
                                                   AIdefence
                                                   ai
                                                   findmin
                                                   findpair
                                                   newgame
                                                   onredraw
                                                   pickup
    -------------------------------------------------------------------------
CODE
  Segment part 85. NOT NEEDED.
    -------------------------------------------------------------------------
CODE
  Relative segment, address: CODE_AREA 00001C30 - 00001D67 (0x138 bytes), align: 2
  Segment part 86.
           ENTRY                   ADDRESS         REF BY
           =====                   =======         ======
           onkey                   00001C30        method5 (Siemens)
               stack 1 = 00000000 ( 00000010 )
    -------------------------------------------------------------------------
CODE
  Relative segment, address: CODE_AREA 00001D68 - 00001D6B (0x4 bytes), align: 2
  Segment part 87.            Intra module refs:   newgame
                                                   onkey
                                                   onredraw
    -------------------------------------------------------------------------
CODE
  Relative segment, address: CODE_AREA 00001D6C - 00001D6F (0x4 bytes), align: 2
  Segment part 88.            Intra module refs:   ai
                                                   newgame
                                                   onkey
                                                   onredraw
                                                   pickup
    -------------------------------------------------------------------------
CODE
  Relative segment, address: CODE_AREA 00001D70 - 00001D73 (0x4 bytes), align: 2
  Segment part 89.            Intra module refs:   AIcont
                                                   AIdefence
                                                   ai
                                                   newgame
                                                   onkey
                                                   onredraw
                                                   putcard
    -------------------------------------------------------------------------
CODE
  Segment part 90. NOT NEEDED.
    -------------------------------------------------------------------------
CODE
  Relative segment, address: CODE_AREA 00001D74 - 00001D77 (0x4 bytes), align: 2
  Segment part 91.
           ENTRY                   ADDRESS         REF BY
           =====                   =======         ======
           onclose                 00001D74        maincsm_onclose (Siemens)
    -------------------------------------------------------------------------
CODE
  Segment part 92. NOT NEEDED.
    -------------------------------------------------------------------------
CODE
  Relative segment, address: CODE_AREA 00001D78 - 00001DCF (0x58 bytes), align: 2
  Segment part 93.
           ENTRY                   ADDRESS         REF BY
           =====                   =======         ======
           onexit                  00001D78        Killer (Siemens)
               stack 1 = 00000000 ( 00000004 )
    -------------------------------------------------------------------------
CODE
  Relative segment, address: CODE_AREA 00001DD0 - 00001DD3 (0x4 bytes), align: 2
  Segment part 94.            Intra module refs:   newgame
                                                   onexit
                                                   onredraw
    -------------------------------------------------------------------------
CODE
  Segment part 95. NOT NEEDED.
    -------------------------------------------------------------------------
CODE
  Relative segment, address: CODE_AREA 00001DD4 - 00001DD7 (0x4 bytes), align: 2
  Segment part 96.
           ENTRY                   ADDRESS         REF BY
           =====                   =======         ======
           oncreate                00001DD4        method1 (Siemens)
               stack 1 = 00000000 ( 00000004 )
    -------------------------------------------------------------------------
CODE
  Segment part 97. NOT NEEDED.
    -------------------------------------------------------------------------
CODE
  Relative segment, address: CODE_AREA 00001DD8 - 00001E9F (0xc8 bytes), align: 2
  Segment part 98.            Intra module refs:   onstart
           ENTRY                   ADDRESS         REF BY
           =====                   =======         ======
           txt                     00001DD8 
               stack 1 = 00000000 ( 00000004 )
    -------------------------------------------------------------------------
CODE
  Relative segment, address: CODE_AREA 00001EA0 - 00001EA3 (0x4 bytes), align: 2
  Segment part 99.            Intra module refs:   onredraw
                                                   txt
    -------------------------------------------------------------------------
CODE
  Relative segment, address: CODE_AREA 00001EA4 - 00001EA7 (0x4 bytes), align: 2
  Segment part 100.           Intra module refs:   newgame
                                                   txt
    -------------------------------------------------------------------------
CODE
  Segment part 101. NOT NEEDED.
    -------------------------------------------------------------------------
CODE
  Relative segment, address: CODE_AREA 00001EA8 - 00001F63 (0xbc bytes), align: 2
  Segment part 102.
           ENTRY                   ADDRESS         REF BY
           =====                   =======         ======
           onstart                 00001EA8        main (Siemens)
               stack 1 = 00000000 ( 0000000C )
    -------------------------------------------------------------------------
CODE
  Relative segment, address: CODE_AREA 00001F64 - 00001F67 (0x4 bytes), align: 2
  Segment part 103.           Intra module refs:   newgame
                                                   onstart
    -------------------------------------------------------------------------
CODE
  Relative segment, address: CODE_AREA 00001F68 - 00001F6B (0x4 bytes), align: 2
  Segment part 104.           Intra module refs:   newgame
                                                   onstart
    -------------------------------------------------------------------------
CODE
  Relative segment, address: CODE_AREA 00001F6C - 00001F6F (0x4 bytes), align: 2
  Segment part 105.           Intra module refs:   onexit
                                                   onstart
                                                   txt
    -------------------------------------------------------------------------
CODE
  Relative segment, address: CODE_AREA 00001F70 - 00001F73 (0x4 bytes), align: 2
  Segment part 106.           Intra module refs:   drawcard
                                                   onexit
                                                   onredraw
                                                   onstart
    -------------------------------------------------------------------------
CODE
  Relative segment, address: CODE_AREA 00001F74 - 00001F77 (0x4 bytes), align: 2
  Segment part 107.           Intra module refs:   onexit
                                                   onredraw
                                                   onstart
    -------------------------------------------------------------------------
CODE
  Segment part 108. NOT NEEDED.Intra module refs   drawcard
                                                   onredraw
    -------------------------------------------------------------------------
CODE
  Segment part 109. NOT NEEDED.Intra module refs   AIatack
                                                   AIcont
                                                   AIdefence
                                                   ai
                                                   delcard
                                                   findmin
                                                   findpair
                                                   getcard
                                                   onkey
                                                   onredraw
                                                   pickup
                                                   putcard
                                                   showcards
    -------------------------------------------------------------------------
CODE
  Segment part 110. NOT NEEDED.Intra module refs   onredraw
                                                   showcards
    -------------------------------------------------------------------------
CODE
  Segment part 111. NOT NEEDED.Intra module refs   onredraw
    -------------------------------------------------------------------------
CODE
  Segment part 112. NOT NEEDED.Intra module refs   onredraw
    -------------------------------------------------------------------------
CODE
  Segment part 113. NOT NEEDED.Intra module refs   findpair
                                                   newgame
    -------------------------------------------------------------------------
CODE
  Segment part 114. NOT NEEDED.Intra module refs   AIdefence
                                                   onkey
    -------------------------------------------------------------------------
CODE
  Segment part 115. NOT NEEDED.Intra module refs   newgame
                                                   onstart
    -------------------------------------------------------------------------
CODE
  Segment part 116. NOT NEEDED.Intra module refs   newgame
                                                   onstart
    -------------------------------------------------------------------------
CODE
  Segment part 117. NOT NEEDED.Intra module refs   onstart
    -------------------------------------------------------------------------
CODE
  Segment part 118. NOT NEEDED.Intra module refs   onstart
    -------------------------------------------------------------------------
CSTACK
  Segment part 1. NOT NEEDED.
    -------------------------------------------------------------------------
DATA_ID
  Relative segment, address: CODE_AREA 00000008 - 0000000B (0x4 bytes), align: 2
  Segment part 12.            Intra module refs:   Title
    -------------------------------------------------------------------------
DATA_ID
  Relative segment, address: CODE_AREA 0000000C - 0000001F (0x14 bytes), align: 2
  Segment part 14.            Intra module refs:   errors
    -------------------------------------------------------------------------
DATA_ID
  Segment part 119. TENTATIVE. Used definition from LzmaTest
           ENTRY                   ADDRESS         REF BY
           =====                   =======         ======
           ?*?DATA_ID              
    -------------------------------------------------------------------------
INITTAB
  Segment part 120. TENTATIVE. Used definition from LzmaTest
           ENTRY                   ADDRESS         REF BY
           =====                   =======         ======
           ?init?tab?DATA_I        
    -------------------------------------------------------------------------
INITTAB
  Segment part 121. TENTATIVE. Used definition from LzmaTest
           ENTRY                   ADDRESS         REF BY
           =====                   =======         ======
           ?init?tab?DATA_Z        

    *************************************************************************

  FILE NAME : C:\arm\CBN\Durak\Release\Obj\SWILIB.r79
  PROGRAM MODULE, NAME : SWILIB

  SEGMENTS IN THE MODULE
  ======================
DATA_Z
  Relative segment, address: CODE_AREA 0000346C - 0000346F (0x4 bytes), align: 2
  Segment part 2.
           ENTRY                   ADDRESS         REF BY
           =====                   =======         ======
           err                     0000346C        main (Siemens)
    -------------------------------------------------------------------------
DATA_Z
  Relative segment, address: CODE_AREA 00003470 - 00003473 (0x4 bytes), align: 2
  Segment part 3.             Intra module refs:   loadfile
           ENTRY                   ADDRESS         REF BY
           =====                   =======         ======
           loadfilesize            00003470        txt (MAIN)
                                                   un7z (LzmaTest)
    -------------------------------------------------------------------------
CODE
  Segment part 6. NOT NEEDED.
    -------------------------------------------------------------------------
CODE
  Segment part 7. NOT NEEDED.
           ENTRY                   ADDRESS         REF BY
           =====                   =======         ======
           min                     
               not allocated function
    -------------------------------------------------------------------------
CODE
  Segment part 8. NOT NEEDED.
    -------------------------------------------------------------------------
CODE
  Segment part 9. NOT NEEDED.
           ENTRY                   ADDRESS         REF BY
           =====                   =======         ======
           max                     
               not allocated function
    -------------------------------------------------------------------------
CODE
  Segment part 10. NOT NEEDED.
    -------------------------------------------------------------------------
CODE
  Segment part 11. NOT NEEDED.
           ENTRY                   ADDRESS         REF BY
           =====                   =======         ======
           abs                     
               not allocated function
    -------------------------------------------------------------------------
CODE
  Segment part 12. NOT NEEDED.
    -------------------------------------------------------------------------
CODE
  Segment part 13. NOT NEEDED.
           ENTRY                   ADDRESS         REF BY
           =====                   =======         ======
           fgets                   
               not allocated function
    -------------------------------------------------------------------------
CODE
  Segment part 14. NOT NEEDED.
    -------------------------------------------------------------------------
CODE
  Segment part 15. NOT NEEDED.
           ENTRY                   ADDRESS         REF BY
           =====                   =======         ======
           printf                  
               not allocated function
    -------------------------------------------------------------------------
CODE
  Segment part 16. NOT NEEDED.
    -------------------------------------------------------------------------
CODE
  Segment part 17. NOT NEEDED.
           ENTRY                   ADDRESS         REF BY
           =====                   =======         ======
           strdup                  
               not allocated function
    -------------------------------------------------------------------------
CODE
  Segment part 18. NOT NEEDED.
    -------------------------------------------------------------------------
CODE
  Segment part 19. NOT NEEDED.
           ENTRY                   ADDRESS         REF BY
           =====                   =======         ======
           savefile                
               not allocated function
    -------------------------------------------------------------------------
CODE
  Segment part 20. NOT NEEDED.
    -------------------------------------------------------------------------
CODE
  Relative segment, address: CODE_AREA 00001F78 - 0000206F (0xf8 bytes), align: 2
  Segment part 21.            Intra module refs:   loadgraph
           ENTRY                   ADDRESS         REF BY
           =====                   =======         ======
           loadfile                00001F78        onstart (MAIN)
               stack 1 = 00000000 ( 0000001C )
    -------------------------------------------------------------------------
CODE
  Segment part 22. NOT NEEDED.
    -------------------------------------------------------------------------
CODE
  Segment part 23. NOT NEEDED.
           ENTRY                   ADDRESS         REF BY
           =====                   =======         ======
           toup                    
               not allocated function
    -------------------------------------------------------------------------
CODE
  Segment part 24. NOT NEEDED.
    -------------------------------------------------------------------------
CODE
  Segment part 25. NOT NEEDED.
           ENTRY                   ADDRESS         REF BY
           =====                   =======         ======
           todown                  
               not allocated function
    -------------------------------------------------------------------------
CODE
  Segment part 26. NOT NEEDED.
    -------------------------------------------------------------------------
CODE
  Segment part 27. NOT NEEDED.
           ENTRY                   ADDRESS         REF BY
           =====                   =======         ======
           isalth                  
               not allocated function
    -------------------------------------------------------------------------
CODE
  Segment part 28. NOT NEEDED.
    -------------------------------------------------------------------------
CODE
  Segment part 29. NOT NEEDED.
           ENTRY                   ADDRESS         REF BY
           =====                   =======         ======
           isval                   
               not allocated function
    -------------------------------------------------------------------------
CODE
  Segment part 30. NOT NEEDED.
    -------------------------------------------------------------------------
CODE
  Segment part 31. NOT NEEDED.
           ENTRY                   ADDRESS         REF BY
           =====                   =======         ======
           strchrpos               
               not allocated function
    -------------------------------------------------------------------------
CODE
  Segment part 32. NOT NEEDED.
    -------------------------------------------------------------------------
CODE
  Segment part 33. NOT NEEDED.
           ENTRY                   ADDRESS         REF BY
           =====                   =======         ======
           emptystr                
               not allocated function
    -------------------------------------------------------------------------
CODE
  Segment part 34. NOT NEEDED.
    -------------------------------------------------------------------------
CODE
  Segment part 35. NOT NEEDED.
           ENTRY                   ADDRESS         REF BY
           =====                   =======         ======
           alltrim                 
               not allocated function
    -------------------------------------------------------------------------
CODE
  Segment part 36. NOT NEEDED.
    -------------------------------------------------------------------------
CODE
  Segment part 37. NOT NEEDED.
           ENTRY                   ADDRESS         REF BY
           =====                   =======         ======
           strcmpsize              
               not allocated function
    -------------------------------------------------------------------------
CODE
  Segment part 38. NOT NEEDED.
    -------------------------------------------------------------------------
CODE
  Relative segment, address: CODE_AREA 00002070 - 0000209F (0x30 bytes), align: 2
  Segment part 39.            Intra module refs:   loadgraph
           ENTRY                   ADDRESS         REF BY
           =====                   =======         ======
           getint                  00002070 
    -------------------------------------------------------------------------
CODE
  Segment part 40. NOT NEEDED.
    -------------------------------------------------------------------------
CODE
  Relative segment, address: CODE_AREA 000020A0 - 000020B7 (0x18 bytes), align: 2
  Segment part 41.            Intra module refs:   loadgraph
           ENTRY                   ADDRESS         REF BY
           =====                   =======         ======
           get3int                 000020A0 
    -------------------------------------------------------------------------
CODE
  Segment part 42. NOT NEEDED.
    -------------------------------------------------------------------------
CODE
  Relative segment, address: CODE_AREA 000020B8 - 000020DF (0x28 bytes), align: 2
  Segment part 43.            Intra module refs:   loadgraph
           ENTRY                   ADDRESS         REF BY
           =====                   =======         ======
           getshort                000020B8 
    -------------------------------------------------------------------------
CODE
  Segment part 44. NOT NEEDED.
    -------------------------------------------------------------------------
CODE
  Segment part 45. NOT NEEDED.
           ENTRY                   ADDRESS         REF BY
           =====                   =======         ======
           putint                  
               not allocated function
    -------------------------------------------------------------------------
CODE
  Segment part 46. NOT NEEDED.
    -------------------------------------------------------------------------
CODE
  Segment part 47. NOT NEEDED.
           ENTRY                   ADDRESS         REF BY
           =====                   =======         ======
           putshort                
               not allocated function
    -------------------------------------------------------------------------
CODE
  Segment part 48. NOT NEEDED.
    -------------------------------------------------------------------------
DATA_Z
  Relative segment, address: CODE_AREA 00003474 - 00003477 (0x4 bytes), align: 2
  Segment part 4.             Intra module refs:   loadgraph
           ENTRY                   ADDRESS         REF BY
           =====                   =======         ======
           loadgraphsize           00003474 
    -------------------------------------------------------------------------
DATA_C
  Segment part 5. NOT NEEDED.
           ENTRY                   ADDRESS         REF BY
           =====                   =======         ======
           graphpoints             
    -------------------------------------------------------------------------
CODE
  Relative segment, address: CODE_AREA 000020E0 - 00002437 (0x358 bytes), align: 2
  Segment part 49.
           ENTRY                   ADDRESS         REF BY
           =====                   =======         ======
           loadgraph               000020E0        newgame (MAIN)
                                                   onstart (MAIN)
               stack 1 = 00000000 ( 00000030 )
    -------------------------------------------------------------------------
CODE
  Segment part 50. NOT NEEDED.
    -------------------------------------------------------------------------
CODE
  Relative segment, address: CODE_AREA 00002438 - 000025E7 (0x1b0 bytes), align: 2
  Segment part 51.
           ENTRY                   ADDRESS         REF BY
           =====                   =======         ======
           bitblt                  00002438        drawcard (MAIN)
                                                   onredraw (MAIN)
               stack 1 = 00000000 ( 00000028 )
    -------------------------------------------------------------------------
CODE
  Segment part 52. NOT NEEDED.
    -------------------------------------------------------------------------
CODE
  Segment part 53. NOT NEEDED.
           ENTRY                   ADDRESS         REF BY
           =====                   =======         ======
           memmove                 
               not allocated function
    -------------------------------------------------------------------------
CODE
  Segment part 54. NOT NEEDED.Intra module refs:   loadfile
    -------------------------------------------------------------------------
CODE
  Segment part 55. NOT NEEDED.
    -------------------------------------------------------------------------
CODE
  Segment part 56. NOT NEEDED.Intra module refs:   bitblt
                                                   loadgraph
    -------------------------------------------------------------------------
CODE
  Segment part 57. NOT NEEDED.
    -------------------------------------------------------------------------
CSTACK
  Segment part 1. NOT NEEDED.
    -------------------------------------------------------------------------
INITTAB
  Segment part 58. TENTATIVE. Used definition from LzmaTest
           ENTRY                   ADDRESS         REF BY
           =====                   =======         ======
           ?init?tab?DATA_Z        

    *************************************************************************

  FILE NAME : C:\arm\CBN\Durak\Release\Obj\Siemens.r79
  PROGRAM MODULE, NAME : Siemens

  SEGMENTS IN THE MODULE
  ======================
DATA_Z
  Relative segment, address: CODE_AREA 00003478 - 0000347B (0x4 bytes), align: 2
  Segment part 5.             Intra module refs:   main
           ENTRY                   ADDRESS         REF BY
           =====                   =======         ======
           msgerror                00003478 
    -------------------------------------------------------------------------
DATA_Z
  Relative segment, address: CODE_AREA 0000359F - 0000359F (0x1 bytes), align: 0
  Segment part 6.             Intra module refs:   Segment part 58
           ENTRY                   ADDRESS         REF BY
           =====                   =======         ======
           SGOLD2                  0000359F 
    -------------------------------------------------------------------------
DATA_Z
  Relative segment, address: CODE_AREA 000035A0 - 000035A0 (0x1 bytes), align: 0
  Segment part 7.             Intra module refs:   main
           ENTRY                   ADDRESS         REF BY
           =====                   =======         ======
           C65                     000035A0 
    -------------------------------------------------------------------------
DATA_Z
  Relative segment, address: CODE_AREA 000035A1 - 000035A1 (0x1 bytes), align: 0
  Segment part 8.             Intra module refs:   main
           ENTRY                   ADDRESS         REF BY
           =====                   =======         ======
           S75                     000035A1 
    -------------------------------------------------------------------------
DATA_Z
  Relative segment, address: CODE_AREA 000035A2 - 000035A2 (0x1 bytes), align: 0
  Segment part 9.             Intra module refs:   Segment part 57
           ENTRY                   ADDRESS         REF BY
           =====                   =======         ======
           EL71                    000035A2 
    -------------------------------------------------------------------------
DATA_I
  Relative segment, address: DATA_AREA 00000020 - 00000023 (0x4 bytes), align: 2
  Segment part 10.            Intra module refs:   Segment part 56
           ENTRY                   ADDRESS         REF BY
           =====                   =======         ======
           width                   00000020        Segment part 76 (MAIN)
                                                   bitblt (SWILIB)
    -------------------------------------------------------------------------
DATA_I
  Relative segment, address: DATA_AREA 00000024 - 00000027 (0x4 bytes), align: 2
  Segment part 12.            Intra module refs:   Segment part 54
           ENTRY                   ADDRESS         REF BY
           =====                   =======         ======
           height                  00000024        Segment part 77 (MAIN)
                                                   bitblt (SWILIB)
    -------------------------------------------------------------------------
DATA_Z
  Relative segment, address: CODE_AREA 0000347C - 0000347F (0x4 bytes), align: 2
  Segment part 14.            Intra module refs:   main
           ENTRY                   ADDRESS         REF BY
           =====                   =======         ======
           screensize              0000347C        onredraw (MAIN)
    -------------------------------------------------------------------------
DATA_Z
  Relative segment, address: CODE_AREA 00003480 - 00003483 (0x4 bytes), align: 2
  Segment part 15.            Intra module refs:   Segment part 59
           ENTRY                   ADDRESS         REF BY
           =====                   =======         ======
           screen                  00003480        Segment part 53 (MAIN)
    -------------------------------------------------------------------------
DATA_I
  Relative segment, address: DATA_AREA 00000028 - 00000033 (0xc bytes), align: 2
  Segment part 16.            Intra module refs:   Segment part 55
           ENTRY                   ADDRESS         REF BY
           =====                   =======         ======
           img                     00000028 
    -------------------------------------------------------------------------
CODE
  Segment part 24. NOT NEEDED.
    -------------------------------------------------------------------------
CODE
  Relative segment, address: CODE_AREA 000025E8 - 0000266B (0x84 bytes), align: 2
  Segment part 25.            Intra module refs:   method0
           ENTRY                   ADDRESS         REF BY
           =====                   =======         ======
           DrawScreen              000025E8 
               stack 1 = 00000000 ( 00000038 )
    -------------------------------------------------------------------------
CODE
  Segment part 26. NOT NEEDED.
    -------------------------------------------------------------------------
CODE
  Relative segment, address: CODE_AREA 0000266C - 0000267B (0x10 bytes), align: 2
  Segment part 27.            Intra module refs:   gui_methods
           ENTRY                   ADDRESS         REF BY
           =====                   =======         ======
           method0                 0000266C 
               stack 1 = 00000000 ( 00000004 )
    -------------------------------------------------------------------------
CODE
  Segment part 28. NOT NEEDED.
    -------------------------------------------------------------------------
CODE
  Relative segment, address: CODE_AREA 0000267C - 00002693 (0x18 bytes), align: 2
  Segment part 29.            Intra module refs:   gui_methods
           ENTRY                   ADDRESS         REF BY
           =====                   =======         ======
           method1                 0000267C 
               stack 1 = 00000000 ( 00000008 )
    -------------------------------------------------------------------------
CODE
  Segment part 30. NOT NEEDED.
    -------------------------------------------------------------------------
CODE
  Relative segment, address: CODE_AREA 00002694 - 0000269F (0xc bytes), align: 2
  Segment part 31.            Intra module refs:   gui_methods
           ENTRY                   ADDRESS         REF BY
           =====                   =======         ======
           method2                 00002694 
    -------------------------------------------------------------------------
CODE
  Segment part 32. NOT NEEDED.
    -------------------------------------------------------------------------
CODE
  Relative segment, address: CODE_AREA 000026A0 - 000026B7 (0x18 bytes), align: 2
  Segment part 33.            Intra module refs:   gui_methods
           ENTRY                   ADDRESS         REF BY
           =====                   =======         ======
           method3                 000026A0 
               stack 1 = 00000000 ( 00000008 )
    -------------------------------------------------------------------------
CODE
  Segment part 34. NOT NEEDED.
    -------------------------------------------------------------------------
CODE
  Relative segment, address: CODE_AREA 000026B8 - 000026CB (0x14 bytes), align: 2
  Segment part 35.            Intra module refs:   gui_methods
           ENTRY                   ADDRESS         REF BY
           =====                   =======         ======
           method4                 000026B8 
    -------------------------------------------------------------------------
CODE
  Segment part 36. NOT NEEDED.
    -------------------------------------------------------------------------
CODE
  Relative segment, address: CODE_AREA 000026CC - 000026F3 (0x28 bytes), align: 2
  Segment part 37.            Intra module refs:   gui_methods
           ENTRY                   ADDRESS         REF BY
           =====                   =======         ======
           method5                 000026CC 
               stack 1 = 00000000 ( 00000004 )
    -------------------------------------------------------------------------
CODE
  Segment part 38. NOT NEEDED.
    -------------------------------------------------------------------------
CODE
  Relative segment, address: CODE_AREA 000026F4 - 000026F7 (0x4 bytes), align: 2
  Segment part 39.            Intra module refs:   gui_methods
           ENTRY                   ADDRESS         REF BY
           =====                   =======         ======
           method7                 000026F4 
    -------------------------------------------------------------------------
CODE
  Segment part 40. NOT NEEDED.
    -------------------------------------------------------------------------
CODE
  Relative segment, address: CODE_AREA 000026F8 - 000026FF (0x8 bytes), align: 2
  Segment part 41.            Intra module refs:   gui_methods
           ENTRY                   ADDRESS         REF BY
           =====                   =======         ======
           method8                 000026F8 
    -------------------------------------------------------------------------
CODE
  Segment part 42. NOT NEEDED.
    -------------------------------------------------------------------------
CODE
  Relative segment, address: CODE_AREA 00002700 - 00002707 (0x8 bytes), align: 2
  Segment part 43.            Intra module refs:   gui_methods
           ENTRY                   ADDRESS         REF BY
           =====                   =======         ======
           method9                 00002700 
    -------------------------------------------------------------------------
CODE
  Segment part 44. NOT NEEDED.
    -------------------------------------------------------------------------
DATA_C
  Relative segment, address: CODE_AREA 00002DF0 - 00002DFF (0x10 bytes), align: 2
  Segment part 2.             Intra module refs:   main
    -------------------------------------------------------------------------
DATA_C
  Relative segment, address: CODE_AREA 00002E00 - 00002E0B (0xc bytes), align: 2
  Segment part 3.             Intra module refs:   main
    -------------------------------------------------------------------------
DATA_C
  Relative segment, address: CODE_AREA 00002E0C - 00002E1B (0x10 bytes), align: 2
  Segment part 4.             Intra module refs:   main
    -------------------------------------------------------------------------
DATA_C
  Relative segment, address: CODE_AREA 00002E1C - 00002E47 (0x2c bytes), align: 2
  Segment part 18.            Intra module refs:   maincsm_oncreate
           ENTRY                   ADDRESS         REF BY
           =====                   =======         ======
           gui_methods             00002E1C 
    -------------------------------------------------------------------------
DATA_I
  Relative segment, address: DATA_AREA 00000034 - 0000003B (0x8 bytes), align: 2
  Segment part 19.            Intra module refs:   maincsm_oncreate
           ENTRY                   ADDRESS         REF BY
           =====                   =======         ======
           Canvas                  00000034 
    -------------------------------------------------------------------------
CODE
  Relative segment, address: CODE_AREA 00002708 - 000027A3 (0x9c bytes), align: 2
  Segment part 45.            Intra module refs:   MAINCSM
           ENTRY                   ADDRESS         REF BY
           =====                   =======         ======
           maincsm_oncreate        00002708 
[...]
Siemens           1 576     28
Swi                 800
N/A (alignment)
------           ------     --
Total:           13 731     60


                ****************************************
                *                                      *
                *              CALL GRAPH              *
                *                                      *
                ****************************************

  ->Sub-tree of type: Indirectly called function tree that does not make
                    : indirect calls (Is not an interrupt and is not flagged
                    : as not overlayable)
                             CSTACK
    | Stack used (prev) :  00000000
  01  method0
      | Stack used (prev) :  00000000
      | + function block  :  00000004
  <-Sub-tree of type: Indirectly called function tree that does not make
                    : indirect calls (Is not an interrupt and is not flagged
                    : as not overlayable)
    | Stack used          :  00000004


  ->Sub-tree of type: Indirectly called function tree that does not make
                    : indirect calls (Is not an interrupt and is not flagged
                    : as not overlayable)
                             CSTACK
    | Stack used (prev) :  00000000
  01  method1
      | Stack used (prev) :  00000000
      | + function block  :  00000008
  <-Sub-tree of type: Indirectly called function tree that does not make
                    : indirect calls (Is not an interrupt and is not flagged
                    : as not overlayable)
    | Stack used          :  00000008


  ->Sub-tree of type: Indirectly called function tree that does not make
                    : indirect calls (Is not an interrupt and is not flagged
                    : as not overlayable)
                             CSTACK
    | Stack used (prev) :  00000000
  01  method2
      | Stack used (prev) :  00000000
      | + function block  :  00000000
  <-Sub-tree of type: Indirectly called function tree that does not make
                    : indirect calls (Is not an interrupt and is not flagged
                    : as not overlayable)
    | Stack used          :  00000000


  ->Sub-tree of type: Indirectly called function tree that does not make
                    : indirect calls (Is not an interrupt and is not flagged
                    : as not overlayable)
                             CSTACK
    | Stack used (prev) :  00000000
  01  method3
      | Stack used (prev) :  00000000
      | + function block  :  00000008
  <-Sub-tree of type: Indirectly called function tree that does not make
                    : indirect calls (Is not an interrupt and is not flagged
                    : as not overlayable)
    | Stack used          :  00000008


  ->Sub-tree of type: Indirectly called function tree that does not make
                    : indirect calls (Is not an interrupt and is not flagged
                    : as not overlayable)
                             CSTACK
    | Stack used (prev) :  00000000
  01  method4
      | Stack used (prev) :  00000000
      | + function block  :  00000000
  <-Sub-tree of type: Indirectly called function tree that does not make
                    : indirect calls (Is not an interrupt and is not flagged
                    : as not overlayable)
    | Stack used          :  00000000


  ->Sub-tree of type: Indirectly called function tree that does not make
                    : indirect calls (Is not an interrupt and is not flagged
                    : as not overlayable)
                             CSTACK
    | Stack used (prev) :  00000000
  01  method5
      | Stack used (prev) :  00000000
      | + function block  :  00000004
  <-Sub-tree of type: Indirectly called function tree that does not make
                    : indirect calls (Is not an interrupt and is not flagged
                    : as not overlayable)
    | Stack used          :  00000004


  ->Sub-tree of type: Indirectly called function tree that does not make
                    : indirect calls (Is not an interrupt and is not flagged
                    : as not overlayable)
                             CSTACK
    | Stack used (prev) :  00000000
  01  method7
      | Stack used (prev) :  00000000
      | + function block  :  00000000
  <-Sub-tree of type: Indirectly called function tree that does not make
                    : indirect calls (Is not an interrupt and is not flagged
                    : as not overlayable)
    | Stack used          :  00000000


  ->Sub-tree of type: Indirectly called function tree that does not make
                    : indirect calls (Is not an interrupt and is not flagged
                    : as not overlayable)
                             CSTACK
    | Stack used (prev) :  00000000
  01  method8
      | Stack used (prev) :  00000000
      | + function block  :  00000000
  <-Sub-tree of type: Indirectly called function tree that does not make
                    : indirect calls (Is not an interrupt and is not flagged
                    : as not overlayable)
    | Stack used          :  00000000


  ->Sub-tree of type: Indirectly called function tree that does not make
                    : indirect calls (Is not an interrupt and is not flagged
                    : as not overlayable)
                             CSTACK
    | Stack used (prev) :  00000000
  01  method9
      | Stack used (prev) :  00000000
      | + function block  :  00000000
  <-Sub-tree of type: Indirectly called function tree that does not make
                    : indirect calls (Is not an interrupt and is not flagged
                    : as not overlayable)
    | Stack used          :  00000000


  ->Sub-tree of type: Indirectly called function tree that does not make
                    : indirect calls (Is not an interrupt and is not flagged
                    : as not overlayable)
                             CSTACK
    | Stack used (prev) :  00000000
  01  maincsm_oncreate
      | Stack used (prev) :  00000000
      | + function block  :  0000000C
  <-Sub-tree of type: Indirectly called function tree that does not make
                    : indirect calls (Is not an interrupt and is not flagged
                    : as not overlayable)
    | Stack used          :  0000000C


  ->Sub-tree of type: Indirectly called function tree that does not make
                    : indirect calls (Is not an interrupt and is not flagged
                    : as not overlayable)
                             CSTACK
    | Stack used (prev) :  00000000
  01  Killer
      | Stack used (prev) :  00000000
      | + function block  :  00000004
  <-Sub-tree of type: Indirectly called function tree that does not make
                    : indirect calls (Is not an interrupt and is not flagged
                    : as not overlayable)
    | Stack used          :  00000004


  ->Sub-tree of type: Indirectly called function tree that does not make
                    : indirect calls (Is not an interrupt and is not flagged
                    : as not overlayable)
                             CSTACK
    | Stack used (prev) :  00000000
  01  maincsm_onclose
      | Stack used (prev) :  00000000
      | + function block  :  00000004
  <-Sub-tree of type: Indirectly called function tree that does not make
                    : indirect calls (Is not an interrupt and is not flagged
                    : as not overlayable)
    | Stack used          :  00000004


  ->Sub-tree of type: Indirectly called function tree that does not make
                    : indirect calls (Is not an interrupt and is not flagged
                    : as not overlayable)
                             CSTACK
    | Stack used (prev) :  00000000
  01  maincsm_onmessage
      | Stack used (prev) :  00000000
      | + function block  :  00000000
  <-Sub-tree of type: Indirectly called function tree that does not make
                    : indirect calls (Is not an interrupt and is not flagged
                    : as not overlayable)
    | Stack used          :  00000000


  ->Sub-tree of type: Function tree
                             CSTACK
    | Stack used (prev) :  0000000C
  01  LzmaDecodeProperties
      | Stack used (prev) :  0000000C
      | + function block  :  00000000
  <-Sub-tree of type: Function tree
    | Stack used          :  0000000C


  ->Sub-tree of type: Function tree
                             CSTACK
    | Stack used (prev) :  0000000C
  01  LzmaDecode
      | Stack used (prev) :  0000000C
      | + function block  :  00000050
  <-Sub-tree of type: Function tree
    | Stack used          :  0000005C


  ->Sub-tree of type: Function tree
                             CSTACK
    | Stack used (prev) :  0000005C
  01  getempty
      | Stack used (prev) :  0000005C
      | + function block  :  00000000
  <-Sub-tree of type: Function tree
    | Stack used          :  0000005C


  ->Sub-tree of type: Function tree
                             CSTACK
    | Stack used (prev) :  0000005C
  01  goun7z
      | Stack used (prev) :  0000005C
      | + function block  :  0000002C
  <-Sub-tree of type: Function tree
    | Stack used          :  00000088


  ->Sub-tree of type: Function tree
                             CSTACK
    | Stack used (prev) :  00000088
  01  get8b
      | Stack used (prev) :  00000088
      | + function block  :  00000004
  <-Sub-tree of type: Function tree
    | Stack used          :  0000008C


  ->Sub-tree of type: Function tree
                             CSTACK
    | Stack used (prev) :  0000008C
  01  un7z
      | Stack used (prev) :  0000008C
      | + function block  :  00000034
  <-Sub-tree of type: Function tree
    | Stack used          :  000000C0


  ->Sub-tree of type: Function tree
                             CSTACK
    | Stack used (prev) :  000000C0
  01  randint
      | Stack used (prev) :  000000C0
      | + function block  :  00000008
  <-Sub-tree of type: Function tree
    | Stack used          :  000000C8


  ->Sub-tree of type: Function tree
                             CSTACK
    | Stack used (prev) :  000000C8
  01  Randomize
      | Stack used (prev) :  000000C8
      | + function block  :  00000014
  <-Sub-tree of type: Function tree
    | Stack used          :  000000DC


  ->Sub-tree of type: Function tree
                             CSTACK
    | Stack used (prev) :  000000DC
  01  drawcard
      | Stack used (prev) :  000000DC
      | + function block  :  00000020
  <-Sub-tree of type: Function tree
    | Stack used          :  000000FC


  ->Sub-tree of type: Function tree
                             CSTACK
    | Stack used (prev) :  000000FC
  01  showcards
      | Stack used (prev) :  000000FC
      | + function block  :  0000001C
  <-Sub-tree of type: Function tree
    | Stack used          :  00000118


  ->Sub-tree of type: Function tree
                             CSTACK
    | Stack used (prev) :  00000118
  01  onredraw
      | Stack used (prev) :  00000118
      | + function block  :  0000003C
  <-Sub-tree of type: Function tree
    | Stack used          :  00000154


  ->Sub-tree of type: Function tree
                             CSTACK
    | Stack used (prev) :  00000154
  01  delcard
      | Stack used (prev) :  00000154
      | + function block  :  0000000C
  <-Sub-tree of type: Function tree
    | Stack used          :  00000160


  ->Sub-tree of type: Function tree
                             CSTACK
    | Stack used (prev) :  00000160
  01  getcard
      | Stack used (prev) :  00000160
      | + function block  :  00000010
  <-Sub-tree of type: Function tree
    | Stack used          :  00000170


  ->Sub-tree of type: Function tree
                             CSTACK
    | Stack used (prev) :  00000170
  01  putcard
      | Stack used (prev) :  00000170
      | + function block  :  00000018
  <-Sub-tree of type: Function tree
    | Stack used          :  00000188


  ->Sub-tree of type: Function tree
                             CSTACK
    | Stack used (prev) :  00000188
  01  pickup
      | Stack used (prev) :  00000188
      | + function block  :  00000008
  <-Sub-tree of type: Function tree
    | Stack used          :  00000190


  ->Sub-tree of type: Function tree
                             CSTACK
    | Stack used (prev) :  00000190
  01  findmin
      | Stack used (prev) :  00000190
      | + function block  :  00000014
  <-Sub-tree of type: Function tree
    | Stack used          :  000001A4


  ->Sub-tree of type: Function tree
                             CSTACK
    | Stack used (prev) :  000001A4
  01  findpair
      | Stack used (prev) :  000001A4
      | + function block  :  00000014
  <-Sub-tree of type: Function tree
    | Stack used          :  000001B8


  ->Sub-tree of type: Function tree
                             CSTACK
    | Stack used (prev) :  000001B8
  01  AIdefence
      | Stack used (prev) :  000001B8
      | + function block  :  0000001C
  <-Sub-tree of type: Function tree
    | Stack used          :  000001D4


  ->Sub-tree of type: Function tree
                             CSTACK
    | Stack used (prev) :  000001D4
  01  AIcont
      | Stack used (prev) :  000001D4
      | + function block  :  0000001C
  <-Sub-tree of type: Function tree
    | Stack used          :  000001F0


  ->Sub-tree of type: Function tree
                             CSTACK
    | Stack used (prev) :  000001F0
  01  AIatack
      | Stack used (prev) :  000001F0
      | + function block  :  00000018
  <-Sub-tree of type: Function tree
    | Stack used          :  00000208


  ->Sub-tree of type: Function tree
                             CSTACK
    | Stack used (prev) :  00000208
  01  newgame
      | Stack used (prev) :  00000208
      | + function block  :  00000018
  <-Sub-tree of type: Function tree
    | Stack used          :  00000220


  ->Sub-tree of type: Function tree
                             CSTACK
    | Stack used (prev) :  00000220
  01  ai
      | Stack used (prev) :  00000220
      | + function block  :  00000008
  <-Sub-tree of type: Function tree
    | Stack used          :  00000228


  ->Sub-tree of type: Function tree
                             CSTACK
    | Stack used (prev) :  00000228
  01  onkey
      | Stack used (prev) :  00000228
      | + function block  :  00000010
  <-Sub-tree of type: Function tree
    | Stack used          :  00000238


  ->Sub-tree of type: Function tree
                             CSTACK
    | Stack used (prev) :  00000238
  01  onclose
      | Stack used (prev) :  00000238
      | + function block  :  00000000
  <-Sub-tree of type: Function tree
    | Stack used          :  00000238


  ->Sub-tree of type: Function tree
                             CSTACK
    | Stack used (prev) :  00000238
  01  onexit
      | Stack used (prev) :  00000238
      | + function block  :  00000004
  <-Sub-tree of type: Function tree
    | Stack used          :  0000023C


  ->Sub-tree of type: Function tree
                             CSTACK
    | Stack used (prev) :  0000023C
  01  oncreate
      | Stack used (prev) :  0000023C
      | + function block  :  00000004
  <-Sub-tree of type: Function tree
    | Stack used          :  00000240


  ->Sub-tree of type: Function tree
                             CSTACK
    | Stack used (prev) :  00000240
  01  txt
      | Stack used (prev) :  00000240
      | + function block  :  00000004
  <-Sub-tree of type: Function tree
    | Stack used          :  00000244


  ->Sub-tree of type: Function tree
                             CSTACK
    | Stack used (prev) :  00000244
  01  onstart
      | Stack used (prev) :  00000244
      | + function block  :  0000000C
  <-Sub-tree of type: Function tree
    | Stack used          :  00000250


  ->Sub-tree of type: Function tree
                             CSTACK
    | Stack used (prev) :  00000250
  01  loadfile
      | Stack used (prev) :  00000250
      | + function block  :  0000001C
  <-Sub-tree of type: Function tree
    | Stack used          :  0000026C


  ->Sub-tree of type: Function tree
                             CSTACK
    | Stack used (prev) :  0000026C
  01  getint
      | Stack used (prev) :  0000026C
      | + function block  :  00000000
  <-Sub-tree of type: Function tree
    | Stack used          :  0000026C


  ->Sub-tree of type: Function tree
                             CSTACK
    | Stack used (prev) :  0000026C
  01  get3int
      | Stack used (prev) :  0000026C
      | + function block  :  00000000
  <-Sub-tree of type: Function tree
    | Stack used          :  0000026C


  ->Sub-tree of type: Function tree
                             CSTACK
    | Stack used (prev) :  0000026C
  01  getshort
      | Stack used (prev) :  0000026C
      | + function block  :  00000000
  <-Sub-tree of type: Function tree
    | Stack used          :  0000026C


  ->Sub-tree of type: Function tree
                             CSTACK
    | Stack used (prev) :  0000026C
  01  loadgraph
      | Stack used (prev) :  0000026C
      | + function block  :  00000030
  <-Sub-tree of type: Function tree
    | Stack used          :  0000029C


  ->Sub-tree of type: Function tree
                             CSTACK
    | Stack used (prev) :  0000029C
  01  bitblt
      | Stack used (prev) :  0000029C
      | + function block  :  00000028
  <-Sub-tree of type: Function tree
    | Stack used          :  000002C4


  ->Sub-tree of type: Function tree
                             CSTACK
    | Stack used (prev) :  000002C4
  01  DrawScreen
      | Stack used (prev) :  000002C4
      | + function block  :  00000038
  <-Sub-tree of type: Function tree
    | Stack used          :  000002FC


  ->Sub-tree of type: Function tree
                             CSTACK
    | Stack used (prev) :  000002FC
  01  main
      | Stack used (prev) :  000002FC
      | + function block  :  000000D4
  <-Sub-tree of type: Function tree
    | Stack used          :  000003D0




                ****************************************
                *                                      *
                *      SEGMENTS IN ADDRESS ORDER       *
                *                                      *
                ****************************************


SEGMENT              SPACE    START ADDRESS   END ADDRESS     SIZE  TYPE  ALIGN
=======              =====    =============   ===========     ====  ====  =====
ELFBEGIN             CODE_AREA           00000000                     rel    0
DATA_ID              CODE_AREA      00000000 - 0000003B          3C   rel    2
START                CODE_AREA           0000003C                     dse    0
CODE                 CODE_AREA      0000003C - 00002D53        2D18   rel    2
DATA_C               CODE_AREA      00002D54 - 00002E87         134   rel    2
INITTAB              CODE_AREA      00002E88 - 00002E9F          18   rel    2
DATA_Z               CODE_AREA      00002EA0 - 000035A2         703   rel    2
DATA_I               DATA_AREA      00000000 - 0000003B          3C   rel    2

                ****************************************
                *                                      *
                *        END OF CROSS REFERENCE        *
                *                                      *
                ****************************************

 13 731 bytes of CODE memory
     60 bytes of DATA memory

Errors: none
Warnings: none

