################################################################################
#                                                                              #
#      IAR Universal Linker V4.60I/386                                         #
#                                                                              #
#           Link time     =  08/Nov/2008  12:34:48                             #
#           Target CPU    =  ARM                                               #
#           List file     =  D:\Pasha\elf\SVN2\bogo\Release\List\BogoMIPS.map  #
#           Output file 1 =  D:\Pasha\elf\SVN2\bogo\Release\Exe\BogoMIPS.elf   #
#                            Format: elf, variant: -ynpra                      #
#           Command line  =  D:\Pasha\elf\SVN2\bogo\Release\Obj\bogomips.r79   #
#                            D:\Pasha\elf\SVN2\bogo\Release\Obj\func.r79 -o    #
#                            D:\Pasha\elf\SVN2\bogo\Release\Exe\BogoMIPS.elf   #
#                            -Felf -l                                          #
#                            D:\Pasha\elf\SVN2\bogo\Release\List\BogoMIPS.map  #
#                            -xms                                              #
#                            "-ID:\Pasha\Embedded Workbench 4.0 Evaluation2\AR #
#                            M\LIB\"                                           #
#                            -f D:\Pasha\elf\SVN2\bogo\test.xcl (-carm         #
#                            -V(CODE)CODE_AREA,12 -V(DATA)DATA_AREA,12         #
#                            -Z(CODE_AREA)ELFBEGIN,DATA_ID,START,CODE,DATA_C,I #
#                            NITTAB,DATA_Z,DATA_N,CONFIG_C=0-FFFFFFFF          #
#                            -Z(DATA_AREA)DATA_I=0-FFFFFFFF) -ynpra            #
#                            "D:\Pasha\Embedded Workbench 4.0 Evaluation2\ARM\ #
#                            LIB\dl5tpannl8n.r79"                              #
#                            -s main                                           #
#                                                                              #
#                        Copyright 1987-2007 IAR Systems. All rights reserved. #
################################################################################





                ****************************************
                *                                      *
                *           CROSS REFERENCE            *
                *                                      *
                ****************************************

       Program entry at : CODE_AREA 00000030  Relocatable, from module : bogomips




                ****************************************
                *                                      *
                *            RUNTIME MODEL             *
                *                                      *
                ****************************************

  StackAlign4  = USED
  __cpu_mode   = __pcs__arm
  __data_model = absolute
  __endian     = little
  __rt_version = 6



                ****************************************
                *                                      *
                *              MODULE MAP              *
                *                                      *
                ****************************************


  DEFINED ABSOLUTE ENTRIES
    *************************************************************************

  DEFINED ABSOLUTE ENTRIES
    *************************************************************************

  FILE NAME : D:\Pasha\elf\SVN2\bogo\Release\Obj\bogomips.r79
  PROGRAM MODULE, NAME : bogomips

  SEGMENTS IN THE MODULE
  ======================
CODE
  Relative segment, address: CODE_AREA 00000000 - 0000001B (0x1c bytes), align: 2
  Segment part 3.             Intra module refs:   main
           ENTRY                   ADDRESS         REF BY
           =====                   =======         ======
           ElfKiller               00000000 
               stack 1 = 00000000 ( 00000004 )
    -------------------------------------------------------------------------
CODE
  Relative segment, address: CODE_AREA 0000001C - 0000002F (0x14 bytes), align: 2
  Segment part 4.             Intra module refs:   main
           LOCAL                   ADDRESS         
           =====                   =======         
           delay                   0000001C 
    -------------------------------------------------------------------------
CODE
  Relative segment, address: CODE_AREA 00000030 - 00000193 (0x164 bytes), align: 2
  Segment part 5.
           ENTRY                   ADDRESS         REF BY
           =====                   =======         ======
           main                    00000030        Absolute parts (?ABS_ENTRY_MOD)
               stack 1 = 00000000 ( 00000128 )
    -------------------------------------------------------------------------
DATA_C
  Relative segment, address: CODE_AREA 00000224 - 0000024B (0x28 bytes), align: 2
  Segment part 2.             Intra module refs:   main

    *************************************************************************

  FILE NAME : D:\Pasha\elf\SVN2\bogo\Release\Obj\func.r79
  PROGRAM MODULE, NAME : func

  SEGMENTS IN THE MODULE
  ======================
ELFBEGIN
  Relative segment, address: CODE_AREA 00000000, align: 0
  Segment part 0. ROOT.
           ENTRY                   ADDRESS         REF BY
           =====                   =======         ======
           ELF_BEGIN               00000000        ElfKiller (bogomips)
    -------------------------------------------------------------------------
CODE
  Relative segment, address: CODE_AREA 00000194 - 0000019B (0x8 bytes), align: 2
  Segment part 1. ROOT.
           ENTRY                   ADDRESS         REF BY
           =====                   =======         ======
           kill_data               00000194        ElfKiller (bogomips)
           seqkill                 00000198 

    *************************************************************************

  FILE NAME : D:\Pasha\Embedded Workbench 4.0 Evaluation2\ARM\LIB\dl5tpannl8n.r79
  LIBRARY MODULE, NAME : ?divu64

  SEGMENTS IN THE MODULE
  ======================
CODE
  Relative segment, address: CODE_AREA 0000019C - 00000223 (0x88 bytes), align: 2
  Segment part 1.
           ENTRY                   ADDRESS         REF BY
           =====                   =======         ======
           ??divu64_a              0000019C        main (bogomips)




                ****************************************
                *                                      *
                *      SEGMENTS IN ADDRESS ORDER       *
                *                                      *
                ****************************************


SEGMENT              SPACE    START ADDRESS   END ADDRESS     SIZE  TYPE  ALIGN
=======              =====    =============   ===========     ====  ====  =====
DATA_ID              CODE_AREA           00000000                     dse    0
START                CODE_AREA           00000000                     dse    0
ELFBEGIN             CODE_AREA           00000000                     rel    0
CODE                 CODE_AREA      00000000 - 00000223         224   rel    2
DATA_C               CODE_AREA      00000224 - 0000024B          28   rel    2

                ****************************************
                *                                      *
                *        END OF CROSS REFERENCE        *
                *                                      *
                ****************************************

 588 bytes of CODE memory

Errors: none
Warnings: none

