################################################################################
#                                                                              #
#      IAR Universal Linker V4.60I/386                                         #
#                                                                              #
#           Link time     =  24/Jan/2011  14:07:11                             #
#           Target CPU    =  ARM                                               #
#           List file     =  C:\arm\plugin_traf\Release_SGOLD\List\Aclock.map  #
#           Output file 1 =  C:\arm\plugin_traf\Release_SGOLD\Exe\Aclock.elf   #
#                            Format: elf, variant: -ynpra                      #
#           Command line  =  C:\arm\plugin_traf\Release_SGOLD\Obj\conf_loader. #
#                            r79                                               #
#                            C:\arm\plugin_traf\Release_SGOLD\Obj\config_data. #
#                            r79                                               #
#                            C:\arm\plugin_traf\Release_SGOLD\Obj\func.r79     #
#                            C:\arm\plugin_traf\Release_SGOLD\Obj\main.r79     #
#                            -o                                                #
#                            C:\arm\plugin_traf\Release_SGOLD\Exe\Aclock.elf   #
#                            -Felf -l                                          #
#                            C:\arm\plugin_traf\Release_SGOLD\List\Aclock.map  #
#                            -xmsnio -f C:\arm\plugin_traf\test.xcl (-carm     #
#                            -V(CODE)CODE_AREA,12 -V(DATA)DATA_AREA,12         #
#                            -Z(CODE_AREA)ELFBEGIN,DATA_ID,START,CODE,DATA_C,I #
#                            NITTAB,DATA_Z,DATA_N,CONFIG_C=0-FFFFFFFF          #
#                            -Z(DATA_AREA)DATA_I=0-FFFFFFFF) -ynpra            #
#                            "C:\arm2\Embedded Workbench 4.0 Evaluation\ARM\LI #
#                            B\dl5tpainl8f.r79"                                #
#                            -s main                                           #
#                                                                              #
#                        Copyright 1987-2007 IAR Systems. All rights reserved. #
################################################################################





                ****************************************
                *                                      *
                *           CROSS REFERENCE            *
                *                                      *
                ****************************************

       Program entry at : CODE_AREA 000004A4  Relocatable, from module : main




                ****************************************
                *                                      *
                *            RUNTIME MODEL             *
                *                                      *
                ****************************************

  StackAlign4  = USED
  __cpu_mode   = __pcs__interwork
  __data_model = absolute
  __endian     = little
  __rt_version = 6



                ****************************************
                *                                      *
                *              MODULE MAP              *
                *                                      *
                ****************************************


  DEFINED ABSOLUTE ENTRIES
    *************************************************************************

  DEFINED ABSOLUTE ENTRIES
    *************************************************************************

  FILE NAME : C:\arm\plugin_traf\Release_SGOLD\Obj\conf_loader.r79
  PROGRAM MODULE, NAME : conf_loader

  SEGMENTS IN THE MODULE
  ======================
DATA_I
  Relative segment, address: DATA_AREA 00000000 - 00000003 (0x4 bytes), align: 2
  Segment part 4.             Intra module refs:   LoadConfigData
           ENTRY                   ADDRESS         REF BY
           =====                   =======         ======
           successed_config_filename
                                   00000000 
    -------------------------------------------------------------------------
CODE
  Segment part 6. NOT NEEDED.
    -------------------------------------------------------------------------
CODE
  Relative segment, address: CODE_AREA 00000004 - 0000012F (0x12c bytes), align: 2
  Segment part 7.             Intra module refs:   InitConfig
           ENTRY                   ADDRESS         REF BY
           =====                   =======         ======
           LoadConfigData          00000004 
               stack 1 = 00000000 ( 00000030 )
    -------------------------------------------------------------------------
CODE
  Segment part 8. NOT NEEDED.
    -------------------------------------------------------------------------
CODE
  Relative segment, address: CODE_AREA 00000130 - 00000173 (0x44 bytes), align: 2
  Segment part 9.
           ENTRY                   ADDRESS         REF BY
           =====                   =======         ======
           InitConfig              00000130        main (main)
                                                   maincsm_onmessage (main)
               stack 1 = 00000000 ( 00000104 )
    -------------------------------------------------------------------------
CSTACK
  Segment part 1. NOT NEEDED.
    -------------------------------------------------------------------------
DATA_ID
  Relative segment, address: CODE_AREA 00000000 - 00000003 (0x4 bytes), align: 2
  Segment part 5.             Intra module refs:   successed_config_filename
    -------------------------------------------------------------------------
DATA_ID
  Segment part 10. NOT NEEDED.
           ENTRY                   ADDRESS         REF BY
           =====                   =======         ======
           ?*?DATA_ID              
    -------------------------------------------------------------------------
INITTAB
  Relative segment, address: CODE_AREA 00000678 - 00000683 (0xc bytes), align: 2
  Segment part 11. ROOT.
           ENTRY                   ADDRESS         REF BY
           =====                   =======         ======
           ?init?tab?DATA_I        00000678 
    -------------------------------------------------------------------------
CONFIG_C
  Segment part 12. NOT NEEDED.
    -------------------------------------------------------------------------
DATA_C
  Relative segment, address: CODE_AREA 00000674 - 00000674 (0x1 bytes), align: 0
  Segment part 2.             Intra module refs:   Segment part 5
    -------------------------------------------------------------------------
DATA_C
  Relative segment, address: CODE_AREA 0000060C - 0000061F (0x14 bytes), align: 2
  Segment part 3.             Intra module refs:   InitConfig

    *************************************************************************

  FILE NAME : C:\arm\plugin_traf\Release_SGOLD\Obj\config_data.r79
  PROGRAM MODULE, NAME : config_data

  SEGMENTS IN THE MODULE
  ======================
CONFIG_C
  Relative segment, address: CODE_AREA 00000834 - 0000085F (0x2c bytes), align: 2
  Segment part 2. ROOT.
           ENTRY                   ADDRESS         REF BY
           =====                   =======         ======
           cfghdr0                 00000834        LoadConfigData (conf_loader)
    -------------------------------------------------------------------------
CONFIG_C
  Relative segment, address: CODE_AREA 00000860 - 00000863 (0x4 bytes), align: 2
  Segment part 3. ROOT.
           ENTRY                   ADDRESS         REF BY
           =====                   =======         ======
           POS                     00000860        main (main)
    -------------------------------------------------------------------------
CONFIG_C
  Relative segment, address: CODE_AREA 00000864 - 0000088F (0x2c bytes), align: 2
  Segment part 4. ROOT.
           ENTRY                   ADDRESS         REF BY
           =====                   =======         ======
           cfghdr0_1               00000864 
    -------------------------------------------------------------------------
CONFIG_C
  Relative segment, address: CODE_AREA 00000890 - 0000090F (0x80 bytes), align: 2
  Segment part 5. ROOT.
           ENTRY                   ADDRESS         REF BY
           =====                   =======         ======
           ERR1                    00000890        DrawWindow (main)
    -------------------------------------------------------------------------
CONFIG_C
  Relative segment, address: CODE_AREA 00000910 - 0000093B (0x2c bytes), align: 2
  Segment part 6. ROOT.
           ENTRY                   ADDRESS         REF BY
           =====                   =======         ======
           cfghdr0_2               00000910 
    -------------------------------------------------------------------------
CONFIG_C
  Relative segment, address: CODE_AREA 0000093C - 000009BB (0x80 bytes), align: 2
  Segment part 7. ROOT.
           ENTRY                   ADDRESS         REF BY
           =====                   =======         ======
           ERR2                    0000093C        DrawWindow (main)
    -------------------------------------------------------------------------
CONFIG_C
  Relative segment, address: CODE_AREA 000009BC - 000009E7 (0x2c bytes), align: 2
  Segment part 8. ROOT.
           ENTRY                   ADDRESS         REF BY
           =====                   =======         ======
           cfghdr11                000009BC 
    -------------------------------------------------------------------------
CONFIG_C
  Relative segment, address: CODE_AREA 000009E8 - 00000A13 (0x2c bytes), align: 2
  Segment part 9. ROOT.
           ENTRY                   ADDRESS         REF BY
           =====                   =======         ======
           cfghdr1                 000009E8 
    -------------------------------------------------------------------------
CONFIG_C
  Relative segment, address: CODE_AREA 00000A14 - 00000A17 (0x4 bytes), align: 2
  Segment part 10. ROOT.
           ENTRY                   ADDRESS         REF BY
           =====                   =======         ======
           ENA_NET                 00000A14        DrawWindow (main)
    -------------------------------------------------------------------------
CONFIG_C
  Relative segment, address: CODE_AREA 00000A18 - 00000A57 (0x40 bytes), align: 2
  Segment part 11. ROOT.
           ENTRY                   ADDRESS         REF BY
           =====                   =======         ======
           cfgcbox1                00000A18 
    -------------------------------------------------------------------------
CONFIG_C
  Relative segment, address: CODE_AREA 00000A58 - 00000A83 (0x2c bytes), align: 2
  Segment part 12. ROOT.
           ENTRY                   ADDRESS         REF BY
           =====                   =======         ======
           cfghdr2                 00000A58 
    -------------------------------------------------------------------------
CONFIG_C
  Relative segment, address: CODE_AREA 00000A84 - 00000A8B (0x8 bytes), align: 2
  Segment part 13. ROOT.
           ENTRY                   ADDRESS         REF BY
           =====                   =======         ======
           RC                      00000A84        DrawWindow (main)
    -------------------------------------------------------------------------
CONFIG_C
  Relative segment, address: CODE_AREA 00000A8C - 00000AB7 (0x2c bytes), align: 2
  Segment part 14. ROOT.
           ENTRY                   ADDRESS         REF BY
           =====                   =======         ======
           cfghdr3                 00000A8C 
    -------------------------------------------------------------------------
CONFIG_C
  Relative segment, address: CODE_AREA 00000AB8 - 00000ABB (0x4 bytes), align: 2
  Segment part 15. ROOT.
           ENTRY                   ADDRESS         REF BY
           =====                   =======         ======
           FONT                    00000AB8        DrawWindow (main)
    -------------------------------------------------------------------------
CONFIG_C
  Relative segment, address: CODE_AREA 00000ABC - 00000AE7 (0x2c bytes), align: 2
  Segment part 16. ROOT.
           ENTRY                   ADDRESS         REF BY
           =====                   =======         ======
           cfghdr4                 00000ABC 
    -------------------------------------------------------------------------
CONFIG_C
  Relative segment, address: CODE_AREA 00000AE8 - 00000AEB (0x4 bytes), align: 2
  Segment part 17. ROOT.
           ENTRY                   ADDRESS         REF BY
           =====                   =======         ======
           ALIGN                   00000AE8        DrawWindow (main)
    -------------------------------------------------------------------------
CONFIG_C
  Relative segment, address: CODE_AREA 00000AEC - 00000B4B (0x60 bytes), align: 2
  Segment part 18. ROOT.
           ENTRY                   ADDRESS         REF BY
           =====                   =======         ======
           cfgcbox4                00000AEC 
    -------------------------------------------------------------------------
CONFIG_C
  Relative segment, address: CODE_AREA 00000B4C - 00000B77 (0x2c bytes), align: 2
  Segment part 19. ROOT.
           ENTRY                   ADDRESS         REF BY
           =====                   =======         ======
           cfghdr5                 00000B4C 
    -------------------------------------------------------------------------
CONFIG_C
  Relative segment, address: CODE_AREA 00000B78 - 00000B7B (0x4 bytes), align: 2
  Segment part 20. ROOT.
           ENTRY                   ADDRESS         REF BY
           =====                   =======         ======
           COLOR                   00000B78        DrawWindow (main)
    -------------------------------------------------------------------------
CONFIG_C
  Relative segment, address: CODE_AREA 00000B7C - 00000BA7 (0x2c bytes), align: 2
  Segment part 21. ROOT.
           ENTRY                   ADDRESS         REF BY
           =====                   =======         ======
           cfghdr6                 00000B7C 
    -------------------------------------------------------------------------
CONFIG_C
  Relative segment, address: CODE_AREA 00000BA8 - 00000BAB (0x4 bytes), align: 2
  Segment part 22. ROOT.
           ENTRY                   ADDRESS         REF BY
           =====                   =======         ======
           SZ                      00000BA8        DrawWindow (main)
    -------------------------------------------------------------------------
CONFIG_C
  Relative segment, address: CODE_AREA 00000BAC - 00000BEB (0x40 bytes), align: 2
  Segment part 23. ROOT.
           ENTRY                   ADDRESS         REF BY
           =====                   =======         ======
           cfgcbox6                00000BAC 
    -------------------------------------------------------------------------
CONFIG_C
  Relative segment, address: CODE_AREA 00000BEC - 00000C17 (0x2c bytes), align: 2
  Segment part 24. ROOT.
           ENTRY                   ADDRESS         REF BY
           =====                   =======         ======
           cfghdr7                 00000BEC 
    -------------------------------------------------------------------------
CONFIG_C
  Relative segment, address: CODE_AREA 00000C18 - 00000C97 (0x80 bytes), align: 2
  Segment part 25. ROOT.
           ENTRY                   ADDRESS         REF BY
           =====                   =======         ======
           FORMAT                  00000C18        DrawWindow (main)
    -------------------------------------------------------------------------
CONFIG_C
  Relative segment, address: CODE_AREA 00000C98 - 00000CC3 (0x2c bytes), align: 2
  Segment part 26. ROOT.
           ENTRY                   ADDRESS         REF BY
           =====                   =======         ======
           cfghdr10                00000C98 
    -------------------------------------------------------------------------
CONFIG_C
  Relative segment, address: CODE_AREA 00000CC4 - 00000CEF (0x2c bytes), align: 2
  Segment part 27. ROOT.
           ENTRY                   ADDRESS         REF BY
           =====                   =======         ======
           cfghdr21                00000CC4 
    -------------------------------------------------------------------------
CONFIG_C
  Relative segment, address: CODE_AREA 00000CF0 - 00000D1B (0x2c bytes), align: 2
  Segment part 28. ROOT.
           ENTRY                   ADDRESS         REF BY
           =====                   =======         ======
           cfghdr7_1               00000CF0 
    -------------------------------------------------------------------------
CONFIG_C
  Relative segment, address: CODE_AREA 00000D1C - 00000D1F (0x4 bytes), align: 2
  Segment part 29. ROOT.
           ENTRY                   ADDRESS         REF BY
           =====                   =======         ======
           ENA_PROV                00000D1C        DrawWindow (main)
    -------------------------------------------------------------------------
CONFIG_C
  Relative segment, address: CODE_AREA 00000D20 - 00000D5F (0x40 bytes), align: 2
  Segment part 30. ROOT.
           ENTRY                   ADDRESS         REF BY
           =====                   =======         ======
           cfgcbox7_1              00000D20 
    -------------------------------------------------------------------------
CONFIG_C
  Relative segment, address: CODE_AREA 00000D60 - 00000D8B (0x2c bytes), align: 2
  Segment part 31. ROOT.
           ENTRY                   ADDRESS         REF BY
           =====                   =======         ======
           cfghdr8                 00000D60 
    -------------------------------------------------------------------------
CONFIG_C
  Relative segment, address: CODE_AREA 00000D8C - 00000D93 (0x8 bytes), align: 2
  Segment part 32. ROOT.
           ENTRY                   ADDRESS         REF BY
           =====                   =======         ======
           RC2                     00000D8C        DrawWindow (main)
    -------------------------------------------------------------------------
CONFIG_C
  Relative segment, address: CODE_AREA 00000D94 - 00000DBF (0x2c bytes), align: 2
  Segment part 33. ROOT.
           ENTRY                   ADDRESS         REF BY
           =====                   =======         ======
           cfghdr9                 00000D94 
    -------------------------------------------------------------------------
CONFIG_C
  Relative segment, address: CODE_AREA 00000DC0 - 00000DC3 (0x4 bytes), align: 2
  Segment part 34. ROOT.
           ENTRY                   ADDRESS         REF BY
           =====                   =======         ======
           FONT2                   00000DC0        DrawWindow (main)
    -------------------------------------------------------------------------
CONFIG_C
  Relative segment, address: CODE_AREA 00000DC4 - 00000DEF (0x2c bytes), align: 2
  Segment part 35. ROOT.
           ENTRY                   ADDRESS         REF BY
           =====                   =======         ======
           cfghdr12                00000DC4 
    -------------------------------------------------------------------------
CONFIG_C
  Relative segment, address: CODE_AREA 00000DF0 - 00000DF3 (0x4 bytes), align: 2
  Segment part 36. ROOT.
           ENTRY                   ADDRESS         REF BY
           =====                   =======         ======
           ALIGN2                  00000DF0        DrawWindow (main)
    -------------------------------------------------------------------------
CONFIG_C
  Relative segment, address: CODE_AREA 00000DF4 - 00000E53 (0x60 bytes), align: 2
  Segment part 37. ROOT.
           ENTRY                   ADDRESS         REF BY
           =====                   =======         ======
           cfgcbox9                00000DF4 
    -------------------------------------------------------------------------
CONFIG_C
  Relative segment, address: CODE_AREA 00000E54 - 00000E7F (0x2c bytes), align: 2
  Segment part 38. ROOT.
           ENTRY                   ADDRESS         REF BY
           =====                   =======         ======
           cfghdr13                00000E54 
    -------------------------------------------------------------------------
CONFIG_C
  Relative segment, address: CODE_AREA 00000E80 - 00000E83 (0x4 bytes), align: 2
  Segment part 39. ROOT.
           ENTRY                   ADDRESS         REF BY
           =====                   =======         ======
           COLOR2                  00000E80        DrawWindow (main)
    -------------------------------------------------------------------------
CONFIG_C
  Relative segment, address: CODE_AREA 00000E84 - 00000EAF (0x2c bytes), align: 2
  Segment part 40. ROOT.
           ENTRY                   ADDRESS         REF BY
           =====                   =======         ======
           cfghdr14                00000E84 
    -------------------------------------------------------------------------
CONFIG_C
  Relative segment, address: CODE_AREA 00000EB0 - 00000EB3 (0x4 bytes), align: 2
  Segment part 41. ROOT.
           ENTRY                   ADDRESS         REF BY
           =====                   =======         ======
           SZ2                     00000EB0        DrawWindow (main)
    -------------------------------------------------------------------------
CONFIG_C
  Relative segment, address: CODE_AREA 00000EB4 - 00000EF3 (0x40 bytes), align: 2
  Segment part 42. ROOT.
           ENTRY                   ADDRESS         REF BY
           =====                   =======         ======
           cfgcbox14               00000EB4 
    -------------------------------------------------------------------------
CONFIG_C
  Relative segment, address: CODE_AREA 00000EF4 - 00000F1F (0x2c bytes), align: 2
  Segment part 43. ROOT.
           ENTRY                   ADDRESS         REF BY
           =====                   =======         ======
           cfghdr15                00000EF4 
    -------------------------------------------------------------------------
CONFIG_C
  Relative segment, address: CODE_AREA 00000F20 - 00000F9F (0x80 bytes), align: 2
  Segment part 44. ROOT.
           ENTRY                   ADDRESS         REF BY
           =====                   =======         ======
           FORMAT2                 00000F20        DrawWindow (main)
    -------------------------------------------------------------------------
CONFIG_C
  Relative segment, address: CODE_AREA 00000FA0 - 00000FCB (0x2c bytes), align: 2
  Segment part 45. ROOT.
           ENTRY                   ADDRESS         REF BY
           =====                   =======         ======
           cfghdr20                00000FA0 
    -------------------------------------------------------------------------
CSTACK
  Segment part 1. NOT NEEDED.

    *************************************************************************

  FILE NAME : C:\arm\plugin_traf\Release_SGOLD\Obj\func.r79
  PROGRAM MODULE, NAME : func

  SEGMENTS IN THE MODULE
  ======================
ELFBEGIN
  Relative segment, address: CODE_AREA 00000000, align: 0
  Segment part 0. ROOT.
           ENTRY                   ADDRESS         REF BY
           =====                   =======         ======
           ELF_BEGIN               00000000        Killer (main)
    -------------------------------------------------------------------------
CODE
  Relative segment, address: CODE_AREA 00000174 - 0000017B (0x8 bytes), align: 2
  Segment part 1. ROOT.
           ENTRY                   ADDRESS         REF BY
           =====                   =======         ======
           kill_data               00000174        Killer (main)
           seqkill                 00000178 

    *************************************************************************

  FILE NAME : C:\arm\plugin_traf\Release_SGOLD\Obj\main.r79
  PROGRAM MODULE, NAME : main

  SEGMENTS IN THE MODULE
  ======================
CODE
  Segment part 18. NOT NEEDED.
    -------------------------------------------------------------------------
CODE
  Segment part 19. NOT NEEDED.
           ENTRY                   ADDRESS         REF BY
           =====                   =======         ======
           GetExt                  
               not allocated function
    -------------------------------------------------------------------------
CODE
  Segment part 20. NOT NEEDED.
    -------------------------------------------------------------------------
DATA_C
  Relative segment, address: CODE_AREA 00000620 - 00000633 (0x14 bytes), align: 2
  Segment part 2.             Intra module refs:   main
    -------------------------------------------------------------------------
DATA_C
  Relative segment, address: CODE_AREA 00000634 - 00000643 (0x10 bytes), align: 2
  Segment part 3.             Intra module refs:   main
    -------------------------------------------------------------------------
DATA_C
  Relative segment, address: CODE_AREA 00000644 - 00000647 (0x4 bytes), align: 2
  Segment part 4.             Intra module refs:   Segment part 17
           ENTRY                   ADDRESS         REF BY
           =====                   =======         ======
           minus11                 00000644 
    -------------------------------------------------------------------------
DATA_Z
  Relative segment, address: CODE_AREA 00000690 - 00000693 (0x4 bytes), align: 2
  Segment part 5.             Intra module refs:   Segment part 40
           ENTRY                   ADDRESS         REF BY
           =====                   =======         ======
           DMAINCSM_ID             00000690 
    -------------------------------------------------------------------------
DATA_Z
  Relative segment, address: CODE_AREA 00000694 - 00000697 (0x4 bytes), align: 2
  Segment part 6.             Intra module refs:   Segment part 42
           ENTRY                   ADDRESS         REF BY
           =====                   =======         ======
           net_plg                 00000694 
    -------------------------------------------------------------------------
DATA_Z
  Relative segment, address: CODE_AREA 00000698 - 00000717 (0x80 bytes), align: 2
  Segment part 7.             Intra module refs:   main
                                                   maincsm_onmessage
           ENTRY                   ADDRESS         REF BY
           =====                   =======         ======
           elfname                 00000698 
    -------------------------------------------------------------------------
CODE
  Relative segment, address: CODE_AREA 0000017C - 000001FB (0x80 bytes), align: 2
  Segment part 21.            Intra module refs:   ascii2ws
           ENTRY                   ADDRESS         REF BY
           =====                   =======         ======
           char8to16               0000017C 
    -------------------------------------------------------------------------
CODE
  Segment part 22. NOT NEEDED.
    -------------------------------------------------------------------------
CODE
  Relative segment, address: CODE_AREA 000001FC - 00000233 (0x38 bytes), align: 2
  Segment part 23.            Intra module refs:   DrawWindow
           ENTRY                   ADDRESS         REF BY
           =====                   =======         ======
           ascii2ws                000001FC 
               stack 1 = 00000000 ( 0000000C )
    -------------------------------------------------------------------------
CODE
  Segment part 24. NOT NEEDED.
    -------------------------------------------------------------------------
DATA_I
  Segment part 8. NOT NEEDED.
           ENTRY                   ADDRESS         REF BY
           =====                   =======         ======
           clrRed                  
    -------------------------------------------------------------------------
DATA_I
  Segment part 10. NOT NEEDED.
           ENTRY                   ADDRESS         REF BY
           =====                   =======         ======
           clrBlack                
    -------------------------------------------------------------------------
DATA_I
  Segment part 12. NOT NEEDED.
           ENTRY                   ADDRESS         REF BY
           =====                   =======         ======
           clrWhite                
    -------------------------------------------------------------------------
DATA_Z
  Segment part 14. NOT NEEDED.
           ENTRY                   ADDRESS         REF BY
           =====                   =======         ======
           transparent             
    -------------------------------------------------------------------------
DATA_Z
  Relative segment, address: CODE_AREA 00000718 - 0000071B (0x4 bytes), align: 2
  Segment part 15.            Intra module refs:   Segment part 41
           ENTRY                   ADDRESS         REF BY
           =====                   =======         ======
           start_traf              00000718 
    -------------------------------------------------------------------------
CODE
  Relative segment, address: CODE_AREA 00000234 - 00000443 (0x210 bytes), align: 2
  Segment part 25.            Intra module refs:   main
           ENTRY                   ADDRESS         REF BY
           =====                   =======         ======
           DrawWindow              00000234 
               stack 1 = 00000000 ( 0000012C )
    -------------------------------------------------------------------------
CODE
  Segment part 26. NOT NEEDED.
    -------------------------------------------------------------------------
CODE
  Relative segment, address: CODE_AREA 00000444 - 00000447 (0x4 bytes), align: 2
  Segment part 27.            Intra module refs:   main
           ENTRY                   ADDRESS         REF BY
           =====                   =======         ======
           OnKey                   00000444 
    -------------------------------------------------------------------------
CODE
  Segment part 28. NOT NEEDED.
    -------------------------------------------------------------------------
CODE
  Relative segment, address: CODE_AREA 00000448 - 0000044B (0x4 bytes), align: 2
  Segment part 29.            Intra module refs:   Segment part 17
           LOCAL                   ADDRESS         
           =====                   =======         
           maincsm_oncreate        00000448 
    -------------------------------------------------------------------------
CODE
  Segment part 30. NOT NEEDED.
    -------------------------------------------------------------------------
CODE
  Relative segment, address: CODE_AREA 0000044C - 00000467 (0x1c bytes), align: 2
  Segment part 31.            Intra module refs:   Close
           LOCAL                   ADDRESS         
           =====                   =======         
           Killer                  0000044C 
               stack 1 = 00000000 ( 00000004 )
    -------------------------------------------------------------------------
CODE
  Segment part 32. NOT NEEDED.
    -------------------------------------------------------------------------
CODE
  Relative segment, address: CODE_AREA 00000468 - 0000048B (0x24 bytes), align: 2
  Segment part 33.            Intra module refs:   maincsm_onclose
           ENTRY                   ADDRESS         REF BY
           =====                   =======         ======
           Close                   00000468 
               stack 1 = 00000000 ( 00000004 )
    -------------------------------------------------------------------------
CODE
  Segment part 34. NOT NEEDED.
    -------------------------------------------------------------------------
CODE
  Relative segment, address: CODE_AREA 0000048C - 0000048F (0x4 bytes), align: 2
  Segment part 35.            Intra module refs:   Segment part 17
           LOCAL                   ADDRESS         
           =====                   =======         
           maincsm_onclose         0000048C 
               stack 1 = 00000000 ( 00000004 )
    -------------------------------------------------------------------------
CODE
  Segment part 36. NOT NEEDED.
    -------------------------------------------------------------------------
DATA_Z
  Relative segment, address: CODE_AREA 0000071C - 00000833 (0x118 bytes), align: 2
  Segment part 16.            Intra module refs:   Segment part 17
    -------------------------------------------------------------------------
DATA_C
  Relative segment, address: CODE_AREA 00000648 - 00000673 (0x2c bytes), align: 2
  Segment part 17.            Intra module refs:   main
    -------------------------------------------------------------------------
CODE
  Relative segment, address: CODE_AREA 00000490 - 000004A3 (0x14 bytes), align: 2
  Segment part 37.            Intra module refs:   main
           ENTRY                   ADDRESS         REF BY
           =====                   =======         ======
           CloseThisCSM            00000490 
               stack 1 = 00000000 ( 00000004 )
    -------------------------------------------------------------------------
CODE
  Segment part 38. NOT NEEDED.
    -------------------------------------------------------------------------
CODE
  Relative segment, address: CODE_AREA 000004A4 - 000005D3 (0x130 bytes), align: 2
  Segment part 39.
           ENTRY                   ADDRESS         REF BY
           =====                   =======         ======
           main                    000004A4        Absolute parts (?ABS_ENTRY_MOD)
               stack 1 = 00000000 ( 00000040 )
    -------------------------------------------------------------------------
CODE
  Relative segment, address: CODE_AREA 000005D4 - 000005D7 (0x4 bytes), align: 2
  Segment part 40.            Intra module refs:   CloseThisCSM
                                                   main
    -------------------------------------------------------------------------
CODE
  Relative segment, address: CODE_AREA 000005D8 - 000005DB (0x4 bytes), align: 2
  Segment part 41.            Intra module refs:   DrawWindow
                                                   main
    -------------------------------------------------------------------------
CODE
  Relative segment, address: CODE_AREA 000005DC - 000005DF (0x4 bytes), align: 2
  Segment part 42.            Intra module refs:   Close
                                                   main
    -------------------------------------------------------------------------
CODE
  Segment part 43. NOT NEEDED.Intra module refs:   main
                                                   maincsm_onmessage
    -------------------------------------------------------------------------
CODE
  Segment part 44. NOT NEEDED.Intra module refs:   Killer
    -------------------------------------------------------------------------
CODE
  Relative segment, address: CODE_AREA 000005E0 - 0000060B (0x2c bytes), align: 2
  Segment part 45.            Intra module refs:   Segment part 17
           ENTRY                   ADDRESS         REF BY
           =====                   =======         ======
           maincsm_onmessage       000005E0 
               stack 1 = 00000000 ( 00000004 )
    -------------------------------------------------------------------------
CSTACK
  Segment part 1. NOT NEEDED.
    -------------------------------------------------------------------------
DATA_ID
  Segment part 9. NOT NEEDED.
    -------------------------------------------------------------------------
DATA_ID
  Segment part 11. NOT NEEDED.
    -------------------------------------------------------------------------
DATA_ID
  Segment part 13. NOT NEEDED.
    -------------------------------------------------------------------------
DATA_ID
  Segment part 46. TENTATIVE. Used definition from conf_loader
           ENTRY                   ADDRESS         REF BY
           =====                   =======         ======
           ?*?DATA_ID              
    -------------------------------------------------------------------------
INITTAB
  Segment part 47. TENTATIVE. Used definition from conf_loader
           ENTRY                   ADDRESS         REF BY
           =====                   =======         ======
           ?init?tab?DATA_I        
    -------------------------------------------------------------------------
INITTAB
  Relative segment, address: CODE_AREA 00000684 - 0000068F (0xc bytes), align: 2
  Segment part 48. ROOT.
           ENTRY                   ADDRESS         REF BY
           =====                   =======         ======
           ?init?tab?DATA_Z        00000684 




                ****************************************
                *                                      *
                *            MODULE SUMMARY            *
                *                                      *
                ****************************************

Module            CODE   DATA
------            ----   ----
                 (Rel)  (Rel)
conf_loader        393      4
  + shared          12
config_data      1 944
func                 8
main             1 684
N/A (alignment)
------           -----      -
Total:           4 041      4


                ****************************************
                *                                      *
                *              CALL GRAPH              *
                *                                      *
                ****************************************

  ->Sub-tree of type: Indirectly called function tree that does not make
                    : indirect calls (Is not an interrupt and is not flagged
                    : as not overlayable)
                             CSTACK
    | Stack used (prev) :  00000000
  01  DrawWindow
      | Stack used (prev) :  00000000
      | + function block  :  0000012C
  <-Sub-tree of type: Indirectly called function tree that does not make
                    : indirect calls (Is not an interrupt and is not flagged
                    : as not overlayable)
    | Stack used          :  0000012C


  ->Sub-tree of type: Indirectly called function tree that does not make
                    : indirect calls (Is not an interrupt and is not flagged
                    : as not overlayable)
                             CSTACK
    | Stack used (prev) :  00000000
  01  OnKey
      | Stack used (prev) :  00000000
      | + function block  :  00000000
  <-Sub-tree of type: Indirectly called function tree that does not make
                    : indirect calls (Is not an interrupt and is not flagged
                    : as not overlayable)
    | Stack used          :  00000000


  ->Sub-tree of type: Indirectly called function tree that does not make
                    : indirect calls (Is not an interrupt and is not flagged
                    : as not overlayable)
                             CSTACK
    | Stack used (prev) :  00000000
  01  maincsm_oncreate
      | Stack used (prev) :  00000000
      | + function block  :  00000000
  <-Sub-tree of type: Indirectly called function tree that does not make
                    : indirect calls (Is not an interrupt and is not flagged
                    : as not overlayable)
    | Stack used          :  00000000


  ->Sub-tree of type: Indirectly called function tree that does not make
                    : indirect calls (Is not an interrupt and is not flagged
                    : as not overlayable)
                             CSTACK
    | Stack used (prev) :  00000000
  01  Killer
      | Stack used (prev) :  00000000
      | + function block  :  00000004
  <-Sub-tree of type: Indirectly called function tree that does not make
                    : indirect calls (Is not an interrupt and is not flagged
                    : as not overlayable)
    | Stack used          :  00000004


  ->Sub-tree of type: Indirectly called function tree that does not make
                    : indirect calls (Is not an interrupt and is not flagged
                    : as not overlayable)
                             CSTACK
    | Stack used (prev) :  00000000
  01  maincsm_onclose
      | Stack used (prev) :  00000000
      | + function block  :  00000004
  <-Sub-tree of type: Indirectly called function tree that does not make
                    : indirect calls (Is not an interrupt and is not flagged
                    : as not overlayable)
    | Stack used          :  00000004


  ->Sub-tree of type: Indirectly called function tree that does not make
                    : indirect calls (Is not an interrupt and is not flagged
                    : as not overlayable)
                             CSTACK
    | Stack used (prev) :  00000000
  01  CloseThisCSM
      | Stack used (prev) :  00000000
      | + function block  :  00000004
  <-Sub-tree of type: Indirectly called function tree that does not make
                    : indirect calls (Is not an interrupt and is not flagged
                    : as not overlayable)
    | Stack used          :  00000004


  ->Sub-tree of type: Indirectly called function tree that does not make
                    : indirect calls (Is not an interrupt and is not flagged
                    : as not overlayable)
                             CSTACK
    | Stack used (prev) :  00000000
  01  maincsm_onmessage
      | Stack used (prev) :  00000000
      | + function block  :  00000004
  <-Sub-tree of type: Indirectly called function tree that does not make
                    : indirect calls (Is not an interrupt and is not flagged
                    : as not overlayable)
    | Stack used          :  00000004


  ->Sub-tree of type: Function tree
                             CSTACK
    | Stack used (prev) :  0000012C
  01  LoadConfigData
      | Stack used (prev) :  0000012C
      | + function block  :  00000030
  <-Sub-tree of type: Function tree
    | Stack used          :  0000015C


  ->Sub-tree of type: Function tree
                             CSTACK
    | Stack used (prev) :  0000015C
  01  InitConfig
      | Stack used (prev) :  0000015C
      | + function block  :  00000104
  <-Sub-tree of type: Function tree
    | Stack used          :  00000260


  ->Sub-tree of type: Function tree
                             CSTACK
    | Stack used (prev) :  00000260
  01  char8to16
      | Stack used (prev) :  00000260
      | + function block  :  00000000
  <-Sub-tree of type: Function tree
    | Stack used          :  00000260


  ->Sub-tree of type: Function tree
                             CSTACK
    | Stack used (prev) :  00000260
  01  ascii2ws
      | Stack used (prev) :  00000260
      | + function block  :  0000000C
  <-Sub-tree of type: Function tree
    | Stack used          :  0000026C


  ->Sub-tree of type: Function tree
                             CSTACK
    | Stack used (prev) :  0000026C
  01  Close
      | Stack used (prev) :  0000026C
      | + function block  :  00000004
  <-Sub-tree of type: Function tree
    | Stack used          :  00000270


  ->Sub-tree of type: Function tree
                             CSTACK
    | Stack used (prev) :  00000270
  01  main
      | Stack used (prev) :  00000270
      | + function block  :  00000040
  <-Sub-tree of type: Function tree
    | Stack used          :  000002B0




                ****************************************
                *                                      *
                *      SEGMENTS IN ADDRESS ORDER       *
                *                                      *
                ****************************************


SEGMENT              SPACE    START ADDRESS   END ADDRESS     SIZE  TYPE  ALIGN
=======              =====    =============   ===========     ====  ====  =====
ELFBEGIN             CODE_AREA           00000000                     rel    0
DATA_ID              CODE_AREA      00000000 - 00000003           4   rel    2
START                CODE_AREA           00000004                     dse    0
CODE                 CODE_AREA      00000004 - 0000060B         608   rel    2
DATA_C               CODE_AREA      0000060C - 00000674          69   rel    2
INITTAB              CODE_AREA      00000678 - 0000068F          18   rel    2
DATA_Z               CODE_AREA      00000690 - 00000833         1A4   rel    2
DATA_N               CODE_AREA           00000834                     dse    0
CONFIG_C             CODE_AREA      00000834 - 00000FCB         798   rel    2
DATA_I               DATA_AREA      00000000 - 00000003           4   rel    2

                ****************************************
                *                                      *
                *        END OF CROSS REFERENCE        *
                *                                      *
                ****************************************

 4 041 bytes of CODE memory
     4 bytes of DATA memory

Errors: none
Warnings: none

