################################################################################
#                                                                              #
#      IAR Universal Linker V4.60I/386                                         #
#                                                                              #
#           Link time     =  05/Mar/2009  13:12:12                             #
#           Target CPU    =  ARM                                               #
#           List file     =  D:\pasha\elf\SieELF\MySMSYS\Mss3\Release_ELKA_EN\ #
#                            List\Mss3CPP_elka.map                             #
#           Output file 1 =  D:\pasha\elf\SieELF\MySMSYS\Mss3\Release_ELKA_EN\ #
#                            Exe\Mss3CPP_elka.elf                              #
#                            Format: elf, variant: -ynpra                      #
#           Command line  =  D:\pasha\elf\SieELF\MySMSYS\Mss3\Release_ELKA_EN\ #
#                            Obj\AFile.r79                                     #
#                            D:\pasha\elf\SieELF\MySMSYS\Mss3\Release_ELKA_EN\ #
#                            Obj\AdrList.r79                                   #
#                            D:\pasha\elf\SieELF\MySMSYS\Mss3\Release_ELKA_EN\ #
#                            Obj\CSMswaper.r79                                 #
#                            D:\pasha\elf\SieELF\MySMSYS\Mss3\Release_ELKA_EN\ #
#                            Obj\CreateMenu.r79                                #
#                            D:\pasha\elf\SieELF\MySMSYS\Mss3\Release_ELKA_EN\ #
#                            Obj\DaemonCSM.r79                                 #
#                            D:\pasha\elf\SieELF\MySMSYS\Mss3\Release_ELKA_EN\ #
#                            Obj\DialogCSM.r79                                 #
#                            D:\pasha\elf\SieELF\MySMSYS\Mss3\Release_ELKA_EN\ #
#                            Obj\EditGUI.r79                                   #
#                            D:\pasha\elf\SieELF\MySMSYS\Mss3\Release_ELKA_EN\ #
#                            Obj\File.r79                                      #
#                            D:\pasha\elf\SieELF\MySMSYS\Mss3\Release_ELKA_EN\ #
#                            Obj\GlobalVariable.r79                            #
#                            D:\pasha\elf\SieELF\MySMSYS\Mss3\Release_ELKA_EN\ #
#                            Obj\IconPack.r79                                  #
#                            D:\pasha\elf\SieELF\MySMSYS\Mss3\Release_ELKA_EN\ #
#                            Obj\LangPack.r79                                  #
#                            D:\pasha\elf\SieELF\MySMSYS\Mss3\Release_ELKA_EN\ #
#                            Obj\MainMenu.r79                                  #
#                            D:\pasha\elf\SieELF\MySMSYS\Mss3\Release_ELKA_EN\ #
#                            Obj\MyIpcMessage.r79                              #
#                            D:\pasha\elf\SieELF\MySMSYS\Mss3\Release_ELKA_EN\ #
#                            Obj\NativeAddressbook.r79                         #
#                            D:\pasha\elf\SieELF\MySMSYS\Mss3\Release_ELKA_EN\ #
#                            Obj\NumList.r79                                   #
#                            D:\pasha\elf\SieELF\MySMSYS\Mss3\Release_ELKA_EN\ #
#                            Obj\OthersMenu.r79                                #
#                            D:\pasha\elf\SieELF\MySMSYS\Mss3\Release_ELKA_EN\ #
#                            Obj\PopupGUI.r79                                  #
#                            D:\pasha\elf\SieELF\MySMSYS\Mss3\Release_ELKA_EN\ #
#                            Obj\SendList.r79                                  #
#                            D:\pasha\elf\SieELF\MySMSYS\Mss3\Release_ELKA_EN\ #
#                            Obj\SiemensPDU.r79                                #
#                            D:\pasha\elf\SieELF\MySMSYS\Mss3\Release_ELKA_EN\ #
#                            Obj\SmsData.r79                                   #
#                            D:\pasha\elf\SieELF\MySMSYS\Mss3\Release_ELKA_EN\ #
#                            Obj\SmsListMenu.r79                               #
#                            D:\pasha\elf\SieELF\MySMSYS\Mss3\Release_ELKA_EN\ #
#                            Obj\StrConst.r79                                  #
#                            D:\pasha\elf\SieELF\MySMSYS\Mss3\Release_ELKA_EN\ #
#                            Obj\TViewGUI.r79                                  #
#                            D:\pasha\elf\SieELF\MySMSYS\Mss3\Release_ELKA_EN\ #
#                            Obj\TabGUI.r79                                    #
#                            D:\pasha\elf\SieELF\MySMSYS\Mss3\Release_ELKA_EN\ #
#                            Obj\Template.r79                                  #
#                            D:\pasha\elf\SieELF\MySMSYS\Mss3\Release_ELKA_EN\ #
#                            Obj\Vibra.r79                                     #
#                            D:\pasha\elf\SieELF\MySMSYS\Mss3\Release_ELKA_EN\ #
#                            Obj\_cpp2.r79                                     #
#                            D:\pasha\elf\SieELF\MySMSYS\Mss3\Release_ELKA_EN\ #
#                            Obj\conf_loader.r79                               #
#                            D:\pasha\elf\SieELF\MySMSYS\Mss3\Release_ELKA_EN\ #
#                            Obj\config_data.r79                               #
#                            D:\pasha\elf\SieELF\MySMSYS\Mss3\Release_ELKA_EN\ #
#                            Obj\func.r79                                      #
#                            D:\pasha\elf\SieELF\MySMSYS\Mss3\Release_ELKA_EN\ #
#                            Obj\main.r79                                      #
#                            D:\pasha\elf\SieELF\MySMSYS\Mss3\Release_ELKA_EN\ #
#                            Obj\string_works.r79                              #
#                            -o                                                #
#                            D:\pasha\elf\SieELF\MySMSYS\Mss3\Release_ELKA_EN\ #
#                            Exe\Mss3CPP_elka.elf                              #
#                            -Felf -l                                          #
#                            D:\pasha\elf\SieELF\MySMSYS\Mss3\Release_ELKA_EN\ #
#                            List\Mss3CPP_elka.map                             #
#                            -xmsnio                                           #
#                            "-ID:\pasha\Embedded Workbench 4.0 Evaluation2\AR #
#                            M\LIB\"                                           #
#                            -f D:\pasha\elf\SieELF\MySMSYS\Mss3\test.xcl      #
#                            (-carm -V(CODE)CODE_AREA,12                       #
#                            -V(DATA)DATA_AREA,12                              #
#                            -Z(CODE_AREA)ELFBEGIN,DATA_ID,START,CODE,DATA_C,I #
#                            NITTAB,DATA_Z,DATA_N,MYSEG,CONFIG_C=0-FFFFFFFF    #
#                            -Z(DATA_AREA)DATA_I=0-FFFFFFFF) -ynpra            #
#                            "D:\pasha\Embedded Workbench 4.0 Evaluation2\ARM\ #
#                            LIB\dl5tpainl8n.r79"                              #
#                            -s main                                           #
#                                                                              #
#                        Copyright 1987-2007 IAR Systems. All rights reserved. #
################################################################################





                ****************************************
                *                                      *
                *           CROSS REFERENCE            *
                *                                      *
                ****************************************

       Program entry at : CODE_AREA 0000A900  Relocatable, from module : main




                ****************************************
                *                                      *
                *            RUNTIME MODEL             *
                *                                      *
                ****************************************

  StackAlign4  = USED
  __cpu_mode   = __pcs__interwork
  __data_model = absolute
  __endian     = little
  __rt_version = 6



                ****************************************
                *                                      *
                *              MODULE MAP              *
                *                                      *
                ****************************************


  DEFINED ABSOLUTE ENTRIES
    *************************************************************************

  DEFINED ABSOLUTE ENTRIES
    *************************************************************************

  FILE NAME : D:\pasha\elf\SieELF\MySMSYS\Mss3\Release_ELKA_EN\Obj\AFile.r79
  PROGRAM MODULE, NAME : AFile

  SEGMENTS IN THE MODULE
  ======================
CODE
  Segment part 2. NOT NEEDED.
    -------------------------------------------------------------------------
CODE
  Segment part 3. NOT NEEDED.
           ENTRY                   ADDRESS         REF BY
           =====                   =======         ======
           AFile::new AFile(char const *, unsigned int, unsigned int)
                                   
               not allocated function
    -------------------------------------------------------------------------
CODE
  Segment part 4. NOT NEEDED.
    -------------------------------------------------------------------------
CODE
  Segment part 5. NOT NEEDED.
           ENTRY                   ADDRESS         REF BY
           =====                   =======         ======
           AFile::new AFile()      
               not allocated function
    -------------------------------------------------------------------------
CODE
  Segment part 6. NOT NEEDED.
    -------------------------------------------------------------------------
CODE
  Segment part 7. NOT NEEDED.
           ENTRY                   ADDRESS         REF BY
           =====                   =======         ======
           AFile::delete ~AFile(AFile *)
                                   
               not allocated function
    -------------------------------------------------------------------------
CODE
  Segment part 8. NOT NEEDED.
    -------------------------------------------------------------------------
CODE
  Relative segment, address: CODE_AREA 00000424 - 0000042F (0xc bytes), align: 2
  Segment part 9.
           ENTRY                   ADDRESS         REF BY
           =====                   =======         ======
           AFile::AFile()          00000424        OthMenu::ShowHelp() (OthersMenu)
    -------------------------------------------------------------------------
CODE
  Segment part 10. NOT NEEDED.
    -------------------------------------------------------------------------
CODE
  Segment part 11. NOT NEEDED.
           ENTRY                   ADDRESS         REF BY
           =====                   =======         ======
           AFile::AFile(char const *, unsigned int, unsigned int)
                                   
               not allocated function
    -------------------------------------------------------------------------
CODE
  Segment part 12. NOT NEEDED.
    -------------------------------------------------------------------------
CODE
  Relative segment, address: CODE_AREA 00000430 - 00000457 (0x28 bytes), align: 2
  Segment part 13.
           ENTRY                   ADDRESS         REF BY
           =====                   =======         ======
           AFile::~AFile()         00000430        OthMenu::ShowHelp() (OthersMenu)
               stack 1 = 00000000 ( 0000000C )
    -------------------------------------------------------------------------
CODE
  Segment part 14. NOT NEEDED.
    -------------------------------------------------------------------------
CODE
  Relative segment, address: CODE_AREA 00000458 - 0000047F (0x28 bytes), align: 2
  Segment part 15.            Intra module refs:   AFile::FOpen(char const *, unsigned int, unsigned int)
           ENTRY                   ADDRESS         REF BY
           =====                   =======         ======
           AFile::FClose()         00000458        OthMenu::ShowHelp() (OthersMenu)
               stack 1 = 00000000 ( 0000000C )
    -------------------------------------------------------------------------
CODE
  Segment part 16. NOT NEEDED.
    -------------------------------------------------------------------------
CODE
  Relative segment, address: CODE_AREA 00000480 - 000004C3 (0x44 bytes), align: 2
  Segment part 17.
           ENTRY                   ADDRESS         REF BY
           =====                   =======         ======
           AFile::FOpen(char const *, unsigned int, unsigned int)
                                   00000480        OthMenu::ShowHelp() (OthersMenu)
               stack 1 = 00000000 ( 00000014 )
    -------------------------------------------------------------------------
CODE
  Segment part 18. NOT NEEDED.
    -------------------------------------------------------------------------
CODE
  Relative segment, address: CODE_AREA 000004C4 - 000004E7 (0x24 bytes), align: 2
  Segment part 19.
           ENTRY                   ADDRESS         REF BY
           =====                   =======         ======
           AFile::FRead(void *, int)
                                   000004C4        OthMenu::ShowHelp() (OthersMenu)
               stack 1 = 00000000 ( 00000004 )
    -------------------------------------------------------------------------
CODE
  Segment part 20. NOT NEEDED.
    -------------------------------------------------------------------------
CODE
  Segment part 21. NOT NEEDED.
           ENTRY                   ADDRESS         REF BY
           =====                   =======         ======
           AFile::FWrite(void const *, int)
                                   
               not allocated function
    -------------------------------------------------------------------------
CODE
  Segment part 22. NOT NEEDED.
    -------------------------------------------------------------------------
CODE
  Segment part 23. NOT NEEDED.
           ENTRY                   ADDRESS         REF BY
           =====                   =======         ======
           AFile::LSeek(unsigned int, unsigned int)
                                   
               not allocated function
    -------------------------------------------------------------------------
CODE
  Segment part 24. NOT NEEDED.
    -------------------------------------------------------------------------
CODE
  Segment part 25. NOT NEEDED.
    -------------------------------------------------------------------------
CSTACK
  Segment part 1. NOT NEEDED.

    *************************************************************************

  FILE NAME : D:\pasha\elf\SieELF\MySMSYS\Mss3\Release_ELKA_EN\Obj\AdrList.r79
  PROGRAM MODULE, NAME : AdrList

  SEGMENTS IN THE MODULE
  ======================
DATA_Z
  Relative segment, address: CODE_AREA 0000BC0C - 0000BC0F (0x4 bytes), align: 2
  Segment part 5.
           ENTRY                   ADDRESS         REF BY
           =====                   =======         ======
           ADRLST                  0000BC0C        EditGUI::GHook(void *, int) (EditGUI)
                                                   PopupNewIn::CreatePopupNewIn(DLG_CSM *, _SDLIST *) (PopupGUI)
                                                   Segment part 156 (SmsData)
                                                   Segment part 23 (DaemonCSM)
                                                   Segment part 42 (NumList)
                                                   SmsListMenu::ItemProc(void *, int, void *) (SmsListMenu)
    -------------------------------------------------------------------------
CODE
  Segment part 6. NOT NEEDED.
    -------------------------------------------------------------------------
CODE
  Relative segment, address: CODE_AREA 000004E8 - 00000503 (0x1c bytes), align: 2
  Segment part 7.
           ENTRY                   ADDRESS         REF BY
           =====                   =======         ======
           AdrList::new AdrList()
                                   000004E8        DaemonCSM::OnCreate(CSM_RAM *) (DaemonCSM)
               stack 1 = 00000000 ( 00000004 )
    -------------------------------------------------------------------------
CODE
  Segment part 8. NOT NEEDED.
    -------------------------------------------------------------------------
CODE
  Relative segment, address: CODE_AREA 00000504 - 0000051F (0x1c bytes), align: 2
  Segment part 9.
           ENTRY                   ADDRESS         REF BY
           =====                   =======         ======
           AdrList::delete ~AdrList(AdrList *)
                                   00000504        DaemonCSM::OnClose(CSM_RAM *) (DaemonCSM)
               stack 1 = 00000000 ( 00000008 )
    -------------------------------------------------------------------------
CODE
  Segment part 10. NOT NEEDED.
    -------------------------------------------------------------------------
CODE
  Relative segment, address: CODE_AREA 00000520 - 00000543 (0x24 bytes), align: 2
  Segment part 11.            Intra module refs:   AdrList::new AdrList()
           ENTRY                   ADDRESS         REF BY
           =====                   =======         ======
           AdrList::AdrList()      00000520 
               stack 1 = 00000000 ( 00000008 )
    -------------------------------------------------------------------------
CODE
  Segment part 12. NOT NEEDED.
    -------------------------------------------------------------------------
CODE
  Segment part 13. NOT NEEDED.
           ENTRY                   ADDRESS         REF BY
           =====                   =======         ======
           AdrList::~AdrList()     
               not allocated function
    -------------------------------------------------------------------------
CODE
  Segment part 14. NOT NEEDED.
    -------------------------------------------------------------------------
CODE
  Relative segment, address: CODE_AREA 00000544 - 000005C7 (0x84 bytes), align: 2
  Segment part 15.            Intra module refs:   AdrList::ConstructList()
                                                   AdrList::delete ~AdrList(AdrList *)
           ENTRY                   ADDRESS         REF BY
           =====                   =======         ======
           AdrList::FreeCLIST()    00000544 
               stack 1 = 00000000 ( 0000000C )
    -------------------------------------------------------------------------
CODE
  Segment part 16. NOT NEEDED.
    -------------------------------------------------------------------------
CODE
  Relative segment, address: CODE_AREA 000005C8 - 00000A97 (0x4d0 bytes), align: 2
  Segment part 17.            Intra module refs:   AdrList::ConstructListCHK(AdrList *)
                                                   AdrList::ConstructListFRC(AdrList *)
           ENTRY                   ADDRESS         REF BY
           =====                   =======         ======
           AdrList::ConstructList()
                                   000005C8 
               stack 1 = 00000000 ( 00000464 )
    -------------------------------------------------------------------------
CODE
  Segment part 18. NOT NEEDED.
    -------------------------------------------------------------------------
CODE
  Relative segment, address: CODE_AREA 00000A98 - 00000AAF (0x18 bytes), align: 2
  Segment part 19.            Intra module refs:   Segment part 24
           ENTRY                   ADDRESS         REF BY
           =====                   =======         ======
           AdrList::ConstructListCHK(AdrList *)
                                   00000A98 
               stack 1 = 00000000 ( 00000004 )
    -------------------------------------------------------------------------
CODE
  Segment part 20. NOT NEEDED.
    -------------------------------------------------------------------------
CODE
  Relative segment, address: CODE_AREA 00000AB0 - 00000AB3 (0x4 bytes), align: 2
  Segment part 21.
           ENTRY                   ADDRESS         REF BY
           =====                   =======         ======
           AdrList::ConstructListFRC(AdrList *)
                                   00000AB0        DaemonCSM::OnMessage(CSM_RAM *, GBS_MSG *) (DaemonCSM)
               stack 1 = 00000000 ( 00000004 )
    -------------------------------------------------------------------------
CODE
  Segment part 22. NOT NEEDED.
    -------------------------------------------------------------------------
CODE
  Relative segment, address: CODE_AREA 00000AB4 - 00000AD3 (0x20 bytes), align: 2
  Segment part 23.
           ENTRY                   ADDRESS         REF BY
           =====                   =======         ======
           AdrList::ConstructListCFGUPD()
                                   00000AB4        DaemonCSM::OnMessage(CSM_RAM *, GBS_MSG *) (DaemonCSM)
               stack 1 = 00000000 ( 00000004 )
    -------------------------------------------------------------------------
CODE
  Relative segment, address: CODE_AREA 00000AD4 - 00000AD7 (0x4 bytes), align: 2
  Segment part 24.            Intra module refs:   AdrList::AdrList()
                                                   AdrList::ConstructListCFGUPD()
    -------------------------------------------------------------------------
CODE
  Segment part 25. NOT NEEDED.
    -------------------------------------------------------------------------
CODE
  Relative segment, address: CODE_AREA 00000AD8 - 00000B93 (0xbc bytes), align: 2
  Segment part 26.
           ENTRY                   ADDRESS         REF BY
           =====                   =======         ======
           AdrList::FindName(WSHDR *, char const *)
                                   00000AD8        EditGUI::GHook(void *, int) (EditGUI)
                                                   NumList::AddToList(char const *) (NumList)
                                                   NumList::AllocNL(char const *) (NumList)
                                                   NumList::UpdateNL(_NLST *, char const *) (NumList)
                                                   SmsData::GetFilePathSDL(_SDLIST *, char *, char *, int) (SmsData)
                                                   SmsListMenu::ItemProc(void *, int, void *) (SmsListMenu)
               stack 1 = 00000000 ( 00000014 )
    -------------------------------------------------------------------------
CODE
  Segment part 27. NOT NEEDED.
    -------------------------------------------------------------------------
CODE
  Relative segment, address: CODE_AREA 00000B94 - 00000C03 (0x70 bytes), align: 2
  Segment part 28.
           ENTRY                   ADDRESS         REF BY
           =====                   =======         ======
           AdrList::FindCList(char const *)
                                   00000B94        PopupNewIn::CreatePopupNewIn(DLG_CSM *, _SDLIST *) (PopupGUI)
                                                   SmsData::ExportAllToText() (SmsData)
               stack 1 = 00000000 ( 00000010 )
    -------------------------------------------------------------------------
CODE
  Segment part 29. NOT NEEDED.Intra module refs:   AdrList::ConstructList()
                                                   AdrList::new AdrList()
    -------------------------------------------------------------------------
CODE
  Segment part 30. NOT NEEDED.Intra module refs:   AdrList::FreeCLIST()
                                                   AdrList::delete ~AdrList(AdrList *)
    -------------------------------------------------------------------------
CODE
  Segment part 31. NOT NEEDED.Intra module refs:   AdrList::ConstructList()
    -------------------------------------------------------------------------
CODE
  Segment part 32. NOT NEEDED.Intra module refs:   AdrList::FindCList(char const *)
                                                   AdrList::FindName(WSHDR *, char const *)
    -------------------------------------------------------------------------
CSTACK
  Segment part 1. NOT NEEDED.
    -------------------------------------------------------------------------
INITTAB
  Relative segment, address: CODE_AREA 0000BBF4 - 0000BBFF (0xc bytes), align: 2
  Segment part 33. ROOT.
           ENTRY                   ADDRESS         REF BY
           =====                   =======         ======
           ?init?tab?DATA_Z        0000BBF4 
    -------------------------------------------------------------------------
DATA_C
  Segment part 2. NOT NEEDED.
    -------------------------------------------------------------------------
DATA_C
  Relative segment, address: CODE_AREA 0000AF78 - 0000AFA7 (0x30 bytes), align: 2
  Segment part 3.             Intra module refs:   AdrList::ConstructList()
    -------------------------------------------------------------------------
DATA_C
  Relative segment, address: CODE_AREA 0000AFA8 - 0000AFAF (0x8 bytes), align: 2
  Segment part 4.             Intra module refs:   AdrList::FindName(WSHDR *, char const *)

    *************************************************************************

  FILE NAME : D:\pasha\elf\SieELF\MySMSYS\Mss3\Release_ELKA_EN\Obj\CSMswaper.r79
  PROGRAM MODULE, NAME : CSMswaper

  SEGMENTS IN THE MODULE
  ======================
CODE
  Segment part 4. NOT NEEDED.
    -------------------------------------------------------------------------
CODE
  Segment part 5. NOT NEEDED.
           ENTRY                   ADDRESS         REF BY
           =====                   =======         ======
           CSMSwaper::new CSMSwaper()
                                   
               not allocated function
    -------------------------------------------------------------------------
CODE
  Segment part 6. NOT NEEDED.
    -------------------------------------------------------------------------
CODE
  Segment part 7. NOT NEEDED.
           ENTRY                   ADDRESS         REF BY
           =====                   =======         ======
           CSMSwaper::CSMSwaper()
                                   
               not allocated function
    -------------------------------------------------------------------------
CODE
  Segment part 8. NOT NEEDED.
    -------------------------------------------------------------------------
CODE
  Segment part 9. NOT NEEDED.
    -------------------------------------------------------------------------
CODE
  Segment part 10. NOT NEEDED.
           ENTRY                   ADDRESS         REF BY
           =====                   =======         ======
           CSMSwaper::~CSMSwaper()
                                   
               not allocated function
    -------------------------------------------------------------------------
CODE
  Segment part 11. NOT NEEDED.
    -------------------------------------------------------------------------
DATA_Z
  Relative segment, address: CODE_AREA 0000BC10 - 0000BC13 (0x4 bytes), align: 2
  Segment part 3.             Intra module refs:   Segment part 19
           ENTRY                   ADDRESS         REF BY
           =====                   =======         ======
           CSMSwaper::under_idle   0000BC10 
    -------------------------------------------------------------------------
CODE
  Relative segment, address: CODE_AREA 00000C04 - 00000D13 (0x110 bytes), align: 2
  Segment part 12.            Intra module refs:   CSMSwaper::CSMtoTop(int, int)
           ENTRY                   ADDRESS         REF BY
           =====                   =======         ======
           CSMSwaper::do_CSMtoTop(CSMQ *, void *)
                                   00000C04 
               stack 1 = 00000000 ( 00000018 )
    -------------------------------------------------------------------------
CODE
  Segment part 13. NOT NEEDED.
    -------------------------------------------------------------------------
CODE
  Relative segment, address: CODE_AREA 00000D14 - 00000D3B (0x28 bytes), align: 2
  Segment part 14.            Intra module refs:   CSMSwaper::CSMtoTop(int, int)
           ENTRY                   ADDRESS         REF BY
           =====                   =======         ======
           CSMSwaper::LLaddToEnd(LLQ *, void *)
                                   00000D14 
    -------------------------------------------------------------------------
CODE
  Segment part 15. NOT NEEDED.
    -------------------------------------------------------------------------
CODE
  Relative segment, address: CODE_AREA 00000D3C - 00000DA3 (0x68 bytes), align: 2
  Segment part 16.
           ENTRY                   ADDRESS         REF BY
           =====                   =======         ======
           CSMSwaper::CSMtoTop(int, int)
                                   00000D3C        SendList::Send(SendList *) (SendList)
               stack 1 = 00000000 ( 00000010 )
    -------------------------------------------------------------------------
CODE
  Segment part 17. NOT NEEDED.
    -------------------------------------------------------------------------
CODE
  Relative segment, address: CODE_AREA 00000DA4 - 00000DC3 (0x20 bytes), align: 2
  Segment part 18.
           ENTRY                   ADDRESS         REF BY
           =====                   =======         ======
           CSMSwaper::InitUnderIdleCSM()
                                   00000DA4        main (main)
               stack 1 = 00000000 ( 00000004 )
    -------------------------------------------------------------------------
CODE
  Relative segment, address: CODE_AREA 00000DC4 - 00000DC7 (0x4 bytes), align: 2
  Segment part 19.            Intra module refs:   CSMSwaper::InitUnderIdleCSM()
                                                   CSMSwaper::do_CSMtoTop(CSMQ *, void *)
    -------------------------------------------------------------------------
CODE
  Segment part 20. NOT NEEDED.
    -------------------------------------------------------------------------
CODE
  Segment part 21. NOT NEEDED.
    -------------------------------------------------------------------------
CSTACK
  Segment part 1. NOT NEEDED.
    -------------------------------------------------------------------------
INITTAB
  Segment part 22. TENTATIVE. Used definition from AdrList
           ENTRY                   ADDRESS         REF BY
           =====                   =======         ======
           ?init?tab?DATA_Z        
    -------------------------------------------------------------------------
DATA_C
  Segment part 2. NOT NEEDED.
           ENTRY                   ADDRESS         REF BY
           =====                   =======         ======
           CSMSwaper::__vtbl       

    *************************************************************************

  FILE NAME : D:\pasha\elf\SieELF\MySMSYS\Mss3\Release_ELKA_EN\Obj\CreateMenu.r79
  PROGRAM MODULE, NAME : CreateMenu

  SEGMENTS IN THE MODULE
  ======================
CODE
  Relative segment, address: CODE_AREA 00000DC8 - 00000E0B (0x44 bytes), align: 2
  Segment part 2.             Intra module refs:   CreateMenu30or2(MENU_DESC const *, HEADER_DESC const *, int, int, void *)
           ENTRY                   ADDRESS         REF BY
           =====                   =======         ======
           patch_option_header(HEADER_DESC const *)
                                   00000DC8 
               stack 1 = 00000000 ( 0000000C )
    -------------------------------------------------------------------------
CODE
  Segment part 3. NOT NEEDED.
    -------------------------------------------------------------------------
CODE
  Relative segment, address: CODE_AREA 00000E0C - 00000EAF (0xa4 bytes), align: 2
  Segment part 4.
           ENTRY                   ADDRESS         REF BY
           =====                   =======         ======
           CreateMenu(ML_MENU_DESC const *, HEADER_DESC const *, int, int, void *)
                                   00000E0C        SmsListMenu::CreateSmsListMenu(int, int, DLG_CSM *) (SmsListMenu)
                                                   SmsListMenu::ReCreateMe(void *) (SmsListMenu)
               stack 1 = 00000000 ( 00000020 )
    -------------------------------------------------------------------------
CODE
  Segment part 5. NOT NEEDED.
    -------------------------------------------------------------------------
CODE
  Relative segment, address: CODE_AREA 00000EB0 - 00000F53 (0xa4 bytes), align: 2
  Segment part 6.
           ENTRY                   ADDRESS         REF BY
           =====                   =======         ======
           CreateMenu(MENU_DESC const *, HEADER_DESC const *, int, int, void *)
                                   00000EB0        OthMenu::CreateOthMenu(DLG_CSM *) (OthersMenu)
                                                   TplMenu::CreateTplMenu(void *) (Template)
               stack 1 = 00000000 ( 00000020 )
    -------------------------------------------------------------------------
CODE
  Segment part 7. NOT NEEDED.
    -------------------------------------------------------------------------
CODE
  Segment part 8. NOT NEEDED.
           ENTRY                   ADDRESS         REF BY
           =====                   =======         ======
           CreateMenu(ML_MENU_DESC const *, HEADER_DESC const *, WSHDR *, int, int, void *)
                                   
               not allocated function
    -------------------------------------------------------------------------
CODE
  Segment part 9. NOT NEEDED.
    -------------------------------------------------------------------------
CODE
  Segment part 10. NOT NEEDED.
           ENTRY                   ADDRESS         REF BY
           =====                   =======         ======
           CreateMenu(MENU_DESC const *, HEADER_DESC const *, WSHDR *, int, int, void *)
                                   
               not allocated function
    -------------------------------------------------------------------------
CODE
  Segment part 11. NOT NEEDED.
    -------------------------------------------------------------------------
CODE
  Segment part 12. NOT NEEDED.
           ENTRY                   ADDRESS         REF BY
           =====                   =======         ======
           CreateMenu30or2(ML_MENU_DESC const *, HEADER_DESC const *, WSHDR *, int, int, void *)
                                   
               not allocated function
    -------------------------------------------------------------------------
CODE
  Segment part 13. NOT NEEDED.
    -------------------------------------------------------------------------
CODE
  Segment part 14. NOT NEEDED.
           ENTRY                   ADDRESS         REF BY
           =====                   =======         ======
           CreateMenu30or2(MENU_DESC const *, HEADER_DESC const *, WSHDR *, int, int, void *)
                                   
               not allocated function
    -------------------------------------------------------------------------
CODE
  Segment part 15. NOT NEEDED.
    -------------------------------------------------------------------------
CODE
  Segment part 16. NOT NEEDED.
           ENTRY                   ADDRESS         REF BY
           =====                   =======         ======
           CreateMenu30or2(ML_MENU_DESC const *, HEADER_DESC const *, int, int, void *)
                                   
               not allocated function
    -------------------------------------------------------------------------
CODE
  Segment part 17. NOT NEEDED.
    -------------------------------------------------------------------------
CODE
  Relative segment, address: CODE_AREA 00000F54 - 00000FD7 (0x84 bytes), align: 2
  Segment part 18.
           ENTRY                   ADDRESS         REF BY
           =====                   =======         ======
           CreateMenu30or2(MENU_DESC const *, HEADER_DESC const *, int, int, void *)
                                   00000F54        EditOptionMenu::CreateEditOptionMenu(DLG_CSM *, _SDLIST *, int, int, int) (EditGUI)
                                                   SmsOptionMenu::CreateSmsOptionMenu(DLG_CSM *, int, int, _SDLIST *) (SmsListMenu)
               stack 1 = 00000000 ( 00000020 )
    -------------------------------------------------------------------------
CODE
  Segment part 19. NOT NEEDED.Intra module refs:   CreateMenu30or2(MENU_DESC const *, HEADER_DESC const *, int, int, void *)
    -------------------------------------------------------------------------
CSTACK
  Segment part 1. NOT NEEDED.

    *************************************************************************

  FILE NAME : D:\pasha\elf\SieELF\MySMSYS\Mss3\Release_ELKA_EN\Obj\DaemonCSM.r79
  PROGRAM MODULE, NAME : DaemonCSM

  SEGMENTS IN THE MODULE
  ======================
CODE
  Segment part 5. NOT NEEDED.
    -------------------------------------------------------------------------
CODE
  Relative segment, address: CODE_AREA 00000FD8 - 00000FF3 (0x1c bytes), align: 2
  Segment part 6.             Intra module refs:   DaemonCSM::OnClose(CSM_RAM *)
           ENTRY                   ADDRESS         REF BY
           =====                   =======         ======
           DaemonCSM::delete ~DaemonCSM(DaemonCSM *)
                                   00000FD8 
               stack 1 = 00000000 ( 00000008 )
    -------------------------------------------------------------------------
CODE
  Segment part 7. NOT NEEDED.
    -------------------------------------------------------------------------
CODE
  Relative segment, address: CODE_AREA 00000FF4 - 0000100F (0x1c bytes), align: 2
  Segment part 8.
           ENTRY                   ADDRESS         REF BY
           =====                   =======         ======
           DaemonCSM::new DaemonCSM()
                                   00000FF4        main (main)
               stack 1 = 00000000 ( 00000004 )
    -------------------------------------------------------------------------
CODE
  Segment part 9. NOT NEEDED.
    -------------------------------------------------------------------------
CODE
  Relative segment, address: CODE_AREA 00001010 - 000010DF (0xd0 bytes), align: 2
  Segment part 10.            Intra module refs:   DaemonCSM::new DaemonCSM()
           ENTRY                   ADDRESS         REF BY
           =====                   =======         ======
           DaemonCSM::DaemonCSM()
                                   00001010 
               stack 1 = 00000000 ( 0000000C )
    -------------------------------------------------------------------------
CODE
  Segment part 11. NOT NEEDED.
    -------------------------------------------------------------------------
CODE
  Relative segment, address: CODE_AREA 000010E0 - 000010FB (0x1c bytes), align: 2
  Segment part 12.            Intra module refs:   DaemonCSM::delete ~DaemonCSM(DaemonCSM *)
           ENTRY                   ADDRESS         REF BY
           =====                   =======         ======
           DaemonCSM::~DaemonCSM()
                                   000010E0 
               stack 1 = 00000000 ( 00000008 )
    -------------------------------------------------------------------------
CODE
  Segment part 13. NOT NEEDED.
    -------------------------------------------------------------------------
CODE
  Relative segment, address: CODE_AREA 000010FC - 0000116F (0x74 bytes), align: 2
  Segment part 14.
           ENTRY                   ADDRESS         REF BY
           =====                   =======         ======
           DaemonCSM::CreateDaemonCSM()
                                   000010FC        main (main)
               stack 1 = 00000000 ( 0000003C )
    -------------------------------------------------------------------------
CODE
  Segment part 15. NOT NEEDED.
    -------------------------------------------------------------------------
CODE
  Relative segment, address: CODE_AREA 00001170 - 000011A7 (0x38 bytes), align: 2
  Segment part 16.            Intra module refs:   DaemonCSM::DaemonCSM()
           ENTRY                   ADDRESS         REF BY
           =====                   =======         ======
           DaemonCSM::OnCreate(CSM_RAM *)
                                   00001170 
               stack 1 = 00000000 ( 00000004 )
    -------------------------------------------------------------------------
CODE
  Segment part 17. NOT NEEDED.
    -------------------------------------------------------------------------
CODE
  Relative segment, address: CODE_AREA 000011A8 - 00001913 (0x76c bytes), align: 2
  Segment part 18.            Intra module refs:   DaemonCSM::DaemonCSM()
           ENTRY                   ADDRESS         REF BY
           =====                   =======         ======
           DaemonCSM::OnMessage(CSM_RAM *, GBS_MSG *)
                                   000011A8 
               stack 1 = 00000000 ( 00000034 )
    -------------------------------------------------------------------------
CODE
  Segment part 19. NOT NEEDED.
    -------------------------------------------------------------------------
CODE
  Relative segment, address: CODE_AREA 00001914 - 00001977 (0x64 bytes), align: 2
  Segment part 20.            Intra module refs:   DaemonCSM::DaemonCSM()
           ENTRY                   ADDRESS         REF BY
           =====                   =======         ======
           DaemonCSM::OnClose(CSM_RAM *)
                                   00001914 
               stack 1 = 00000000 ( 00000008 )
    -------------------------------------------------------------------------
CODE
  Relative segment, address: CODE_AREA 00001978 - 0000197B (0x4 bytes), align: 2
  Segment part 21.            Intra module refs:   DaemonCSM::OnClose(CSM_RAM *)
                                                   DaemonCSM::OnCreate(CSM_RAM *)
                                                   DaemonCSM::OnMessage(CSM_RAM *, GBS_MSG *)
    -------------------------------------------------------------------------
CODE
  Relative segment, address: CODE_AREA 0000197C - 0000197F (0x4 bytes), align: 2
  Segment part 22.            Intra module refs:   DaemonCSM::OnClose(CSM_RAM *)
                                                   DaemonCSM::OnCreate(CSM_RAM *)
    -------------------------------------------------------------------------
CODE
  Relative segment, address: CODE_AREA 00001980 - 00001983 (0x4 bytes), align: 2
  Segment part 23.            Intra module refs:   DaemonCSM::OnClose(CSM_RAM *)
                                                   DaemonCSM::OnCreate(CSM_RAM *)
                                                   DaemonCSM::OnMessage(CSM_RAM *, GBS_MSG *)
    -------------------------------------------------------------------------
CODE
  Segment part 24. NOT NEEDED.
    -------------------------------------------------------------------------
CODE
  Relative segment, address: CODE_AREA 00001984 - 000019B3 (0x30 bytes), align: 2
  Segment part 25.            Intra module refs:   DaemonCSM::OnMessage(CSM_RAM *, GBS_MSG *)
           ENTRY                   ADDRESS         REF BY
           =====                   =======         ======
           DaemonCSM::AddDlgCsmID(int)
                                   00001984 
    -------------------------------------------------------------------------
CODE
  Segment part 26. NOT NEEDED.
    -------------------------------------------------------------------------
CODE
  Segment part 27. NOT NEEDED.
           ENTRY                   ADDRESS         REF BY
           =====                   =======         ======
           DaemonCSM::AddDlgCsmID_Forced0(int)
                                   
               not allocated function
    -------------------------------------------------------------------------
CODE
  Segment part 28. NOT NEEDED.
    -------------------------------------------------------------------------
CODE
  Relative segment, address: CODE_AREA 000019B4 - 000019EB (0x38 bytes), align: 2
  Segment part 29.            Intra module refs:   DaemonCSM::OnClose(CSM_RAM *)
           ENTRY                   ADDRESS         REF BY
           =====                   =======         ======
           DaemonCSM::CloseAllDlgCSM()
                                   000019B4 
               stack 1 = 00000000 ( 00000010 )
    -------------------------------------------------------------------------
CODE
  Segment part 30. NOT NEEDED.
    -------------------------------------------------------------------------
CODE
  Relative segment, address: CODE_AREA 000019EC - 00001A17 (0x2c bytes), align: 2
  Segment part 31.            Intra module refs:   DaemonCSM::OnMessage(CSM_RAM *, GBS_MSG *)
           ENTRY                   ADDRESS         REF BY
           =====                   =======         ======
           DaemonCSM::DelDlgCsmID(int)
                                   000019EC 
    -------------------------------------------------------------------------
CODE
  Segment part 32. NOT NEEDED.
    -------------------------------------------------------------------------
CODE
  Relative segment, address: CODE_AREA 00001A18 - 00001A6B (0x54 bytes), align: 2
  Segment part 33.            Intra module refs:   DaemonCSM::OnMessage(CSM_RAM *, GBS_MSG *)
           ENTRY                   ADDRESS         REF BY
           =====                   =======         ======
           DaemonCSM::IsOnTopMyCSM()
                                   00001A18 
               stack 1 = 00000000 ( 00000008 )
    -------------------------------------------------------------------------
CODE
  Segment part 34. NOT NEEDED.
    -------------------------------------------------------------------------
CODE
  Relative segment, address: CODE_AREA 00001A6C - 00001A73 (0x8 bytes), align: 2
  Segment part 35.            Intra module refs:   DaemonCSM::OnMessage(CSM_RAM *, GBS_MSG *)
           ENTRY                   ADDRESS         REF BY
           =====                   =======         ======
           DaemonCSM::DoNewProc()
                                   00001A6C 
               stack 1 = 00000000 ( 00000004 )
    -------------------------------------------------------------------------
CODE
  Segment part 36. NOT NEEDED.
    -------------------------------------------------------------------------
CODE
  Relative segment, address: CODE_AREA 00001A74 - 00001A7B (0x8 bytes), align: 2
  Segment part 37.            Intra module refs:   DaemonCSM::OnMessage(CSM_RAM *, GBS_MSG *)
           ENTRY                   ADDRESS         REF BY
           =====                   =======         ======
           DaemonCSM::UpdateNProc()
                                   00001A74 
               stack 1 = 00000000 ( 00000004 )
    -------------------------------------------------------------------------
CODE
  Segment part 38. NOT NEEDED.
    -------------------------------------------------------------------------
CODE
  Relative segment, address: CODE_AREA 00001A7C - 00001ABF (0x44 bytes), align: 2
  Segment part 39.            Intra module refs:   DaemonCSM::DaemonCSM()
           ENTRY                   ADDRESS         REF BY
           =====                   =======         ======
           DaemonCSM::AddIconBar(short *)
                                   00001A7C 
               stack 1 = 00000000 ( 00000004 )
    -------------------------------------------------------------------------
CODE
  Relative segment, address: CODE_AREA 00001AC0 - 00001AC3 (0x4 bytes), align: 2
  Segment part 40.            Intra module refs:   DaemonCSM::AddIconBar(short *)
                                                   DaemonCSM::OnClose(CSM_RAM *)
                                                   DaemonCSM::OnCreate(CSM_RAM *)
                                                   DaemonCSM::OnMessage(CSM_RAM *, GBS_MSG *)
    -------------------------------------------------------------------------
CODE
  Segment part 41. NOT NEEDED.
    -------------------------------------------------------------------------
CODE
  Relative segment, address: CODE_AREA 00001AC4 - 00001BFB (0x138 bytes), align: 2
  Segment part 42.            Intra module refs:   DaemonCSM::OnMessage(CSM_RAM *, GBS_MSG *)
           ENTRY                   ADDRESS         REF BY
           =====                   =======         ======
           DaemonCSM::PlayNotifySound(DaemonCSM *, char *)
                                   00001AC4 
               stack 1 = 00000000 ( 000002F4 )
    -------------------------------------------------------------------------
CODE
  Relative segment, address: CODE_AREA 00001BFC - 00001BFF (0x4 bytes), align: 2
  Segment part 43.            Intra module refs:   DaemonCSM::OnMessage(CSM_RAM *, GBS_MSG *)
                                                   DaemonCSM::PlayNotifySound(DaemonCSM *, char *)
    -------------------------------------------------------------------------
CODE
  Segment part 44. NOT NEEDED.
    -------------------------------------------------------------------------
CODE
  Relative segment, address: CODE_AREA 00001C00 - 00001C2F (0x30 bytes), align: 2
  Segment part 45.            Intra module refs:   DaemonCSM::IsOnTopMyCSM()
           ENTRY                   ADDRESS         REF BY
           =====                   =======         ======
           DaemonCSM::GetTopCSM()
                                   00001C00        SendList::Send(SendList *) (SendList)
               stack 1 = 00000000 ( 00000004 )
    -------------------------------------------------------------------------
CODE
  Segment part 46. NOT NEEDED.Intra module refs:   DaemonCSM::delete ~DaemonCSM(DaemonCSM *)
    -------------------------------------------------------------------------
CODE
  Segment part 47. NOT NEEDED.Intra module refs:   DaemonCSM::new DaemonCSM()
    -------------------------------------------------------------------------
CODE
  Segment part 48. NOT NEEDED.Intra module refs:   DaemonCSM::DaemonCSM()
    -------------------------------------------------------------------------
CODE
  Segment part 49. NOT NEEDED.Intra module refs:   DaemonCSM::DaemonCSM()
    -------------------------------------------------------------------------
CODE
  Segment part 50. NOT NEEDED.Intra module refs:   DaemonCSM::~DaemonCSM()
    -------------------------------------------------------------------------
CODE
  Segment part 51. NOT NEEDED.Intra module refs:   DaemonCSM::~DaemonCSM()
    -------------------------------------------------------------------------
CODE
  Segment part 52. NOT NEEDED.Intra module refs:   DaemonCSM::OnCreate(CSM_RAM *)
    -------------------------------------------------------------------------
CODE
  Segment part 53. NOT NEEDED.Intra module refs:   DaemonCSM::OnCreate(CSM_RAM *)
    -------------------------------------------------------------------------
CODE
  Segment part 54. NOT NEEDED.Intra module refs:   DaemonCSM::OnCreate(CSM_RAM *)
    -------------------------------------------------------------------------
CODE
  Segment part 55. NOT NEEDED.Intra module refs:   DaemonCSM::OnCreate(CSM_RAM *)
    -------------------------------------------------------------------------
CODE
  Segment part 56. NOT NEEDED.Intra module refs:   DaemonCSM::OnMessage(CSM_RAM *, GBS_MSG *)
    -------------------------------------------------------------------------
CODE
  Segment part 57. NOT NEEDED.Intra module refs:   DaemonCSM::OnMessage(CSM_RAM *, GBS_MSG *)
    -------------------------------------------------------------------------
CODE
  Segment part 58. NOT NEEDED.Intra module refs:   DaemonCSM::OnMessage(CSM_RAM *, GBS_MSG *)
    -------------------------------------------------------------------------
CODE
  Segment part 59. NOT NEEDED.Intra module refs:   DaemonCSM::OnMessage(CSM_RAM *, GBS_MSG *)
    -------------------------------------------------------------------------
CODE
  Segment part 60. NOT NEEDED.Intra module refs:   DaemonCSM::OnMessage(CSM_RAM *, GBS_MSG *)
    -------------------------------------------------------------------------
CODE
  Segment part 61. NOT NEEDED.Intra module refs:   DaemonCSM::OnMessage(CSM_RAM *, GBS_MSG *)
    -------------------------------------------------------------------------
CODE
  Segment part 62. NOT NEEDED.Intra module refs:   DaemonCSM::OnMessage(CSM_RAM *, GBS_MSG *)
    -------------------------------------------------------------------------
CODE
  Segment part 63. NOT NEEDED.Intra module refs:   DaemonCSM::OnMessage(CSM_RAM *, GBS_MSG *)
    -------------------------------------------------------------------------
CODE
  Segment part 64. NOT NEEDED.Intra module refs:   DaemonCSM::OnMessage(CSM_RAM *, GBS_MSG *)
    -------------------------------------------------------------------------
CODE
  Segment part 65. NOT NEEDED.Intra module refs:   DaemonCSM::OnMessage(CSM_RAM *, GBS_MSG *)
    -------------------------------------------------------------------------
CODE
  Segment part 66. NOT NEEDED.Intra module refs:   DaemonCSM::OnMessage(CSM_RAM *, GBS_MSG *)
    -------------------------------------------------------------------------
CODE
  Segment part 67. NOT NEEDED.Intra module refs:   DaemonCSM::OnMessage(CSM_RAM *, GBS_MSG *)
    -------------------------------------------------------------------------
CODE
  Segment part 68. NOT NEEDED.Intra module refs:   DaemonCSM::OnMessage(CSM_RAM *, GBS_MSG *)
    -------------------------------------------------------------------------
CODE
  Segment part 69. NOT NEEDED.Intra module refs:   DaemonCSM::OnMessage(CSM_RAM *, GBS_MSG *)
    -------------------------------------------------------------------------
CODE
  Segment part 70. NOT NEEDED.Intra module refs:   DaemonCSM::OnMessage(CSM_RAM *, GBS_MSG *)
    -------------------------------------------------------------------------
CODE
  Segment part 71. NOT NEEDED.Intra module refs:   DaemonCSM::OnClose(CSM_RAM *)
    -------------------------------------------------------------------------
CODE
  Segment part 72. NOT NEEDED.Intra module refs:   DaemonCSM::OnClose(CSM_RAM *)
    -------------------------------------------------------------------------
CODE
  Segment part 73. NOT NEEDED.Intra module refs:   DaemonCSM::OnClose(CSM_RAM *)
    -------------------------------------------------------------------------
CODE
  Segment part 74. NOT NEEDED.Intra module refs:   DaemonCSM::OnClose(CSM_RAM *)
    -------------------------------------------------------------------------
CODE
  Segment part 75. NOT NEEDED.Intra module refs:   DaemonCSM::DoNewProc()
                                                   DaemonCSM::UpdateNProc()
    -------------------------------------------------------------------------
CODE
  Segment part 76. NOT NEEDED.Intra module refs:   DaemonCSM::PlayNotifySound(DaemonCSM *, char *)
    -------------------------------------------------------------------------
CSTACK
  Segment part 1. NOT NEEDED.
    -------------------------------------------------------------------------
DATA_C
  Relative segment, address: CODE_AREA 0000AFB0 - 0000AFB7 (0x8 bytes), align: 2
  Segment part 2.             Intra module refs:   DaemonCSM::DaemonCSM()
    -------------------------------------------------------------------------
DATA_C
  Segment part 3. NOT NEEDED.
    -------------------------------------------------------------------------
DATA_C
  Relative segment, address: CODE_AREA 0000AFB8 - 0000AFBF (0x8 bytes), align: 2
  Segment part 4.             Intra module refs:   DaemonCSM::CreateDaemonCSM()

    *************************************************************************

  FILE NAME : D:\pasha\elf\SieELF\MySMSYS\Mss3\Release_ELKA_EN\Obj\DialogCSM.r79
  PROGRAM MODULE, NAME : DialogCSM

  SEGMENTS IN THE MODULE
  ======================
CODE
  Segment part 3. NOT NEEDED.
    -------------------------------------------------------------------------
CODE
  Segment part 4. NOT NEEDED.
           ENTRY                   ADDRESS         REF BY
           =====                   =======         ======
           DialogCSM::delete ~DialogCSM(DialogCSM *)
                                   
               not allocated function
    -------------------------------------------------------------------------
CODE
  Segment part 5. NOT NEEDED.
    -------------------------------------------------------------------------
CODE
  Relative segment, address: CODE_AREA 00001C30 - 00001C4B (0x1c bytes), align: 2
  Segment part 6.
           ENTRY                   ADDRESS         REF BY
           =====                   =======         ======
           DialogCSM::new DialogCSM()
                                   00001C30        DaemonCSM::OnMessage(CSM_RAM *, GBS_MSG *) (DaemonCSM)
               stack 1 = 00000000 ( 00000004 )
    -------------------------------------------------------------------------
CODE
  Segment part 7. NOT NEEDED.
    -------------------------------------------------------------------------
CODE
  Relative segment, address: CODE_AREA 00001C4C - 00001CCF (0x84 bytes), align: 2
  Segment part 8.             Intra module refs:   DialogCSM::new DialogCSM()
           ENTRY                   ADDRESS         REF BY
           =====                   =======         ======
           DialogCSM::DialogCSM()
                                   00001C4C 
    -------------------------------------------------------------------------
CODE
  Segment part 9. NOT NEEDED.
    -------------------------------------------------------------------------
CODE
  Segment part 10. NOT NEEDED.
           ENTRY                   ADDRESS         REF BY
           =====                   =======         ======
           DialogCSM::~DialogCSM()
                                   
               not allocated function
    -------------------------------------------------------------------------
CODE
  Segment part 11. NOT NEEDED.
    -------------------------------------------------------------------------
CODE
  Relative segment, address: CODE_AREA 00001CD0 - 00001CFF (0x30 bytes), align: 2
  Segment part 12.            Intra module refs:   DialogCSM::DialogCSM()
           ENTRY                   ADDRESS         REF BY
           =====                   =======         ======
           DialogCSM::OnMessage(CSM_RAM *, GBS_MSG *)
                                   00001CD0 
    -------------------------------------------------------------------------
CODE
  Segment part 13. NOT NEEDED.
    -------------------------------------------------------------------------
CODE
  Relative segment, address: CODE_AREA 00001D00 - 000021DB (0x4dc bytes), align: 2
  Segment part 14.            Intra module refs:   DialogCSM::DialogCSM()
           ENTRY                   ADDRESS         REF BY
           =====                   =======         ======
           DialogCSM::OnCreate(CSM_RAM *)
                                   00001D00 
               stack 1 = 00000000 ( 00000028 )
    -------------------------------------------------------------------------
CODE
  Segment part 15. NOT NEEDED.
    -------------------------------------------------------------------------
CODE
  Relative segment, address: CODE_AREA 000021DC - 000021F3 (0x18 bytes), align: 2
  Segment part 16.            Intra module refs:   DialogCSM::DialogCSM()
           ENTRY                   ADDRESS         REF BY
           =====                   =======         ======
           DialogCSM::OnClose(CSM_RAM *)
                                   000021DC 
               stack 1 = 00000000 ( 00000004 )
    -------------------------------------------------------------------------
CODE
  Segment part 17. NOT NEEDED.
    -------------------------------------------------------------------------
CODE
  Relative segment, address: CODE_AREA 000021F4 - 0000226B (0x78 bytes), align: 2
  Segment part 18.
           ENTRY                   ADDRESS         REF BY
           =====                   =======         ======
           DialogCSM::CreateDialogCSM(int, void *)
                                   000021F4        DaemonCSM::OnMessage(CSM_RAM *, GBS_MSG *) (DaemonCSM)
               stack 1 = 00000000 ( 00000040 )
    -------------------------------------------------------------------------
CODE
  Relative segment, address: CODE_AREA 0000226C - 0000226F (0x4 bytes), align: 2
  Segment part 19.            Intra module refs:   DialogCSM::CreateDialogCSM(int, void *)
                                                   DialogCSM::OnCreate(CSM_RAM *)
    -------------------------------------------------------------------------
CODE
  Segment part 20. NOT NEEDED.
    -------------------------------------------------------------------------
CODE
  Segment part 21. NOT NEEDED.
           ENTRY                   ADDRESS         REF BY
           =====                   =======         ======
           DialogCSM::UpdateNameDlgCSM(DLG_CSM *, int)
                                   
               not allocated function
    -------------------------------------------------------------------------
CODE
  Relative segment, address: CODE_AREA 00002270 - 00002273 (0x4 bytes), align: 2
  Segment part 22.            Intra module refs:   DialogCSM::OnCreate(CSM_RAM *)
    -------------------------------------------------------------------------
CODE
  Segment part 23. NOT NEEDED.Intra module refs:   DialogCSM::OnClose(CSM_RAM *)
                                                   DialogCSM::OnCreate(CSM_RAM *)
    -------------------------------------------------------------------------
CODE
  Segment part 24. NOT NEEDED.Intra module refs:   DialogCSM::new DialogCSM()
    -------------------------------------------------------------------------
CODE
  Segment part 25. NOT NEEDED.Intra module refs:   DialogCSM::OnCreate(CSM_RAM *)
    -------------------------------------------------------------------------
CODE
  Segment part 26. NOT NEEDED.Intra module refs:   DialogCSM::OnCreate(CSM_RAM *)
    -------------------------------------------------------------------------
CODE
  Segment part 27. NOT NEEDED.Intra module refs:   DialogCSM::OnCreate(CSM_RAM *)
    -------------------------------------------------------------------------
CODE
  Segment part 28. NOT NEEDED.Intra module refs:   DialogCSM::OnCreate(CSM_RAM *)
    -------------------------------------------------------------------------
CODE
  Segment part 29. NOT NEEDED.Intra module refs:   DialogCSM::OnCreate(CSM_RAM *)
    -------------------------------------------------------------------------
CODE
  Segment part 30. NOT NEEDED.Intra module refs:   DialogCSM::OnCreate(CSM_RAM *)
    -------------------------------------------------------------------------
CODE
  Segment part 31. NOT NEEDED.Intra module refs:   DialogCSM::OnCreate(CSM_RAM *)
    -------------------------------------------------------------------------
CODE
  Segment part 32. NOT NEEDED.Intra module refs:   DialogCSM::OnCreate(CSM_RAM *)
    -------------------------------------------------------------------------
CODE
  Segment part 33. NOT NEEDED.Intra module refs:   DialogCSM::OnCreate(CSM_RAM *)
    -------------------------------------------------------------------------
CODE
  Segment part 34. NOT NEEDED.Intra module refs:   DialogCSM::OnCreate(CSM_RAM *)
    -------------------------------------------------------------------------
CODE
  Segment part 35. NOT NEEDED.Intra module refs:   DialogCSM::OnCreate(CSM_RAM *)
    -------------------------------------------------------------------------
CODE
  Segment part 36. NOT NEEDED.Intra module refs:   DialogCSM::OnCreate(CSM_RAM *)
    -------------------------------------------------------------------------
CODE
  Segment part 37. NOT NEEDED.Intra module refs:   DialogCSM::OnCreate(CSM_RAM *)
    -------------------------------------------------------------------------
CODE
  Segment part 38. NOT NEEDED.Intra module refs:   DialogCSM::OnCreate(CSM_RAM *)
    -------------------------------------------------------------------------
CODE
  Segment part 39. NOT NEEDED.Intra module refs:   DialogCSM::OnCreate(CSM_RAM *)
    -------------------------------------------------------------------------
CSTACK
  Segment part 1. NOT NEEDED.
    -------------------------------------------------------------------------
DATA_C
  Relative segment, address: CODE_AREA 0000AFC0 - 0000AFC7 (0x8 bytes), align: 2
  Segment part 2.             Intra module refs:   DialogCSM::OnCreate(CSM_RAM *)

    *************************************************************************

  FILE NAME : D:\pasha\elf\SieELF\MySMSYS\Mss3\Release_ELKA_EN\Obj\EditGUI.r79
  PROGRAM MODULE, NAME : EditGUI

  SEGMENTS IN THE MODULE
  ======================
DATA_C
  Relative segment, address: CODE_AREA 0000AFC8 - 0000AFD3 (0xc bytes), align: 2
  Segment part 2.             Intra module refs:   EditGUI::GHook(void *, int)
    -------------------------------------------------------------------------
DATA_C
  Relative segment, address: CODE_AREA 0000AFD4 - 0000AFEB (0x18 bytes), align: 2
  Segment part 3.             Intra module refs:   Segment part 4
    -------------------------------------------------------------------------
DATA_C
  Relative segment, address: CODE_AREA 0000AFEC - 0000AFF3 (0x8 bytes), align: 2
  Segment part 4.             Intra module refs:   EditGUI::EditGUI()
    -------------------------------------------------------------------------
DATA_I
  Relative segment, address: DATA_AREA 00000000 - 00000013 (0x14 bytes), align: 2
  Segment part 5.             Intra module refs:   Segment part 60
           ENTRY                   ADDRESS         REF BY
           =====                   =======         ======
           editgui_hdr             00000000 
    -------------------------------------------------------------------------
CODE
  Segment part 13. NOT NEEDED.
    -------------------------------------------------------------------------
CODE
  Relative segment, address: CODE_AREA 00002274 - 0000228F (0x1c bytes), align: 2
  Segment part 14.            Intra module refs:   EditGUI::OnKey(void *, GUI_MSG *)
           ENTRY                   ADDRESS         REF BY
           =====                   =======         ======
           EditOptionMenu::new EditOptionMenu()
                                   00002274 
               stack 1 = 00000000 ( 00000004 )
    -------------------------------------------------------------------------
CODE
  Segment part 15. NOT NEEDED.
    -------------------------------------------------------------------------
CODE
  Relative segment, address: CODE_AREA 00002290 - 000022AB (0x1c bytes), align: 2
  Segment part 16.            Intra module refs:   EditGUI::OnKey(void *, GUI_MSG *)
                                                   EditOptionMenu::OnKey(void *, GUI_MSG *)
           ENTRY                   ADDRESS         REF BY
           =====                   =======         ======
           EditGUI::new EditGUI()
                                   00002290        DialogCSM::OnCreate(CSM_RAM *) (DialogCSM)
                                                   MainMenu::OnKey(void *, GUI_MSG *) (MainMenu)
                                                   PopupNewIn::OnKey(void *, GUI_MSG *) (PopupGUI)
                                                   SmsListMenu::OnKey(void *, GUI_MSG *) (SmsListMenu)
                                                   SmsOptionMenu::OnKey(void *, GUI_MSG *) (SmsListMenu)
               stack 1 = 00000000 ( 00000004 )
    -------------------------------------------------------------------------
CODE
  Segment part 17. NOT NEEDED.
    -------------------------------------------------------------------------
CODE
  Relative segment, address: CODE_AREA 000022AC - 000022C7 (0x1c bytes), align: 2
  Segment part 18.            Intra module refs:   EditGUI::CreateEditGUI(DLG_CSM *, _SDLIST *, int, int, int)
                                                   EditGUI::CreateEditGUI(DLG_CSM *, char const *)
                                                   EditGUI::GHook(void *, int)
           ENTRY                   ADDRESS         REF BY
           =====                   =======         ======
           EditGUI::delete ~EditGUI(EditGUI *)
                                   000022AC 
               stack 1 = 00000000 ( 00000008 )
    -------------------------------------------------------------------------
CODE
  Segment part 19. NOT NEEDED.
    -------------------------------------------------------------------------
CODE
  Segment part 20. NOT NEEDED.
           ENTRY                   ADDRESS         REF BY
           =====                   =======         ======
           EditOptionMenu::delete ~EditOptionMenu(EditOptionMenu *)
                                   
               not allocated function
    -------------------------------------------------------------------------
CODE
  Segment part 21. NOT NEEDED.
    -------------------------------------------------------------------------
CODE
  Relative segment, address: CODE_AREA 000022C8 - 0000236B (0xa4 bytes), align: 2
  Segment part 22.            Intra module refs:   EditGUI::new EditGUI()
           ENTRY                   ADDRESS         REF BY
           =====                   =======         ======
           EditGUI::EditGUI()      000022C8 
               stack 1 = 00000000 ( 00000008 )
    -------------------------------------------------------------------------
CODE
  Segment part 23. NOT NEEDED.
    -------------------------------------------------------------------------
CODE
  Relative segment, address: CODE_AREA 0000236C - 00002387 (0x1c bytes), align: 2
  Segment part 24.            Intra module refs:   EditGUI::delete ~EditGUI(EditGUI *)
           ENTRY                   ADDRESS         REF BY
           =====                   =======         ======
           EditGUI::~EditGUI()     0000236C 
               stack 1 = 00000000 ( 00000008 )
    -------------------------------------------------------------------------
CODE
  Segment part 25. NOT NEEDED.
    -------------------------------------------------------------------------
CODE
  Relative segment, address: CODE_AREA 00002388 - 0000250B (0x184 bytes), align: 2
  Segment part 26.            Intra module refs:   EditGUI::OnKey(void *, GUI_MSG *)
           ENTRY                   ADDRESS         REF BY
           =====                   =======         ======
           EditGUI::EdOpUserItem(USR_MENU_ITEM *)
                                   00002388 
               stack 1 = 00000000 ( 00000040 )
    -------------------------------------------------------------------------
CODE
  Segment part 27. NOT NEEDED.
    -------------------------------------------------------------------------
CODE
  Relative segment, address: CODE_AREA 0000250C - 00002857 (0x34c bytes), align: 2
  Segment part 28.            Intra module refs:   EditGUI::EditGUI()
           ENTRY                   ADDRESS         REF BY
           =====                   =======         ======
           EditGUI::OnKey(void *, GUI_MSG *)
                                   0000250C 
               stack 1 = 00000000 ( 00000044 )
    -------------------------------------------------------------------------
CODE
  Segment part 29. NOT NEEDED.
    -------------------------------------------------------------------------
DATA_I
  Relative segment, address: DATA_AREA 00000014 - 0000003B (0x28 bytes), align: 2
  Segment part 7.             Intra module refs:   EditGUI::GHook(void *, int)
           ENTRY                   ADDRESS         REF BY
           =====                   =======         ======
           SK_ADRBK                0000001C        LangPack::InitLgp() (LangPack)
           SK_CANCEL               00000024        LangPack::InitLgp() (LangPack)
           SK_INSNM                00000034        LangPack::InitLgp() (LangPack)
           SK_OPTIONS              00000014        LangPack::InitLgp() (LangPack)
           SK_OP_PIC               0000002C 
    -------------------------------------------------------------------------
CODE
  Relative segment, address: CODE_AREA 00002858 - 0000293F (0xe8 bytes), align: 2
  Segment part 30.            Intra module refs:   EditGUI::GHook(void *, int)
           ENTRY                   ADDRESS         REF BY
           =====                   =======         ======
           EditGUI::DoSmsWorkBG(void *, int)
                                   00002858 
               stack 1 = 00000000 ( 00000018 )
    -------------------------------------------------------------------------
CODE
  Segment part 31. NOT NEEDED.
    -------------------------------------------------------------------------
CODE
  Relative segment, address: CODE_AREA 00002940 - 00002E0F (0x4d0 bytes), align: 2
  Segment part 32.            Intra module refs:   EditGUI::EditGUI()
           ENTRY                   ADDRESS         REF BY
           =====                   =======         ======
           EditGUI::GHook(void *, int)
                                   00002940 
               stack 1 = 00000000 ( 00000054 )
    -------------------------------------------------------------------------
CODE
  Relative segment, address: CODE_AREA 00002E10 - 00002E13 (0x4 bytes), align: 2
  Segment part 33.            Intra module refs:   EditGUI::EdOpUserItem(USR_MENU_ITEM *)
                                                   EditGUI::GHook(void *, int)
    -------------------------------------------------------------------------
CODE
  Relative segment, address: CODE_AREA 00002E14 - 00002E17 (0x4 bytes), align: 2
  Segment part 34.            Intra module refs:   EditGUI::EdOpUserItem(USR_MENU_ITEM *)
                                                   EditGUI::GHook(void *, int)
    -------------------------------------------------------------------------
CODE
  Segment part 35. NOT NEEDED.
    -------------------------------------------------------------------------
CODE
  Relative segment, address: CODE_AREA 00002E18 - 00002E1B (0x4 bytes), align: 2
  Segment part 36.            Intra module refs:   EditGUI::EditGUI()
           ENTRY                   ADDRESS         REF BY
           =====                   =======         ======
           EditGUI::Locret()       00002E18 
    -------------------------------------------------------------------------
CODE
  Segment part 37. NOT NEEDED.
    -------------------------------------------------------------------------
CODE
  Relative segment, address: CODE_AREA 00002E1C - 0000316F (0x354 bytes), align: 2
  Segment part 38.            Intra module refs:   EditGUI::OnKey(void *, GUI_MSG *)
                                                   EditOptionMenu::OnKey(void *, GUI_MSG *)
           ENTRY                   ADDRESS         REF BY
           =====                   =======         ======
           EditGUI::CreateEditGUI(DLG_CSM *, _SDLIST *, int, int, int)
                                   00002E1C        DialogCSM::OnCreate(CSM_RAM *) (DialogCSM)
                                                   MainMenu::OnKey(void *, GUI_MSG *) (MainMenu)
                                                   PopupNewIn::OnKey(void *, GUI_MSG *) (PopupGUI)
                                                   SmsListMenu::OnKey(void *, GUI_MSG *) (SmsListMenu)
                                                   SmsOptionMenu::OnKey(void *, GUI_MSG *) (SmsListMenu)
               stack 1 = 00000000 ( 00001078 )
    -------------------------------------------------------------------------
CODE
  Segment part 39. NOT NEEDED.
    -------------------------------------------------------------------------
DATA_C
  Relative segment, address: CODE_AREA 0000AFF4 - 0000B007 (0x14 bytes), align: 2
  Segment part 9.             Intra module refs:   EditOptionMenu::CreateEditOptionMenu(DLG_CSM *, _SDLIST *, int, int, int)
    -------------------------------------------------------------------------
CODE
  Relative segment, address: CODE_AREA 00003170 - 000031D3 (0x64 bytes), align: 2
  Segment part 40.            Intra module refs:   EditOptionMenu::new EditOptionMenu()
           ENTRY                   ADDRESS         REF BY
           =====                   =======         ======
           EditOptionMenu::EditOptionMenu()
                                   00003170 
    -------------------------------------------------------------------------
CODE
  Segment part 41. NOT NEEDED.
    -------------------------------------------------------------------------
CODE
  Segment part 42. NOT NEEDED.
           ENTRY                   ADDRESS         REF BY
           =====                   =======         ======
           EditOptionMenu::~EditOptionMenu()
                                   
               not allocated function
    -------------------------------------------------------------------------
CODE
  Segment part 43. NOT NEEDED.
    -------------------------------------------------------------------------
CODE
  Relative segment, address: CODE_AREA 000031D4 - 0000336F (0x19c bytes), align: 2
  Segment part 44.            Intra module refs:   EditOptionMenu::EditOptionMenu()
           ENTRY                   ADDRESS         REF BY
           =====                   =======         ======
           EditOptionMenu::OnKey(void *, GUI_MSG *)
                                   000031D4 
               stack 1 = 00000000 ( 00000018 )
    -------------------------------------------------------------------------
CODE
  Relative segment, address: CODE_AREA 00003370 - 00003373 (0x4 bytes), align: 2
  Segment part 45.            Intra module refs:   EditGUI::DoSmsWorkBG(void *, int)
                                                   EditGUI::GHook(void *, int)
                                                   EditGUI::OnKey(void *, GUI_MSG *)
                                                   EditOptionMenu::OnKey(void *, GUI_MSG *)
[...]
    | Stack used          :  000054C8


  ->Sub-tree of type: Function tree
                             CSTACK
    | Stack used (prev) :  000054C8
  01  SmsData::MoveToArchive(_SDLIST *)
      | Stack used (prev) :  000054C8
      | + function block  :  00000120
  <-Sub-tree of type: Function tree
    | Stack used          :  000055E8


  ->Sub-tree of type: Function tree
                             CSTACK
    | Stack used (prev) :  000055E8
  01  SmsData::GetFilePathSDL(_SDLIST *, char *, char *, int)
      | Stack used (prev) :  000055E8
      | + function block  :  000001A4
  <-Sub-tree of type: Function tree
    | Stack used          :  0000578C


  ->Sub-tree of type: Function tree
                             CSTACK
    | Stack used (prev) :  0000578C
  01  SmsData::MoveAllToArchive()
      | Stack used (prev) :  0000578C
      | + function block  :  00000010
  <-Sub-tree of type: Function tree
    | Stack used          :  0000579C


  ->Sub-tree of type: Function tree
                             CSTACK
    | Stack used (prev) :  0000579C
  01  SmsData::FindLastNew()
      | Stack used (prev) :  0000579C
      | + function block  :  00000000
  <-Sub-tree of type: Function tree
    | Stack used          :  0000579C


  ->Sub-tree of type: Function tree
                             CSTACK
    | Stack used (prev) :  0000579C
  01  SmsData::ExportAllToText()
      | Stack used (prev) :  0000579C
      | + function block  :  00000288
  <-Sub-tree of type: Function tree
    | Stack used          :  00005A24


  ->Sub-tree of type: Function tree
                             CSTACK
    | Stack used (prev) :  00005A24
  01  SmsData::DeleteAllMss()
      | Stack used (prev) :  00005A24
      | + function block  :  00000014
  <-Sub-tree of type: Function tree
    | Stack used          :  00005A38


  ->Sub-tree of type: Function tree
                             CSTACK
    | Stack used (prev) :  00005A38
  01  SmsOptionMenu::new SmsOptionMenu()
      | Stack used (prev) :  00005A38
      | + function block  :  00000004
  <-Sub-tree of type: Function tree
    | Stack used          :  00005A3C


  ->Sub-tree of type: Function tree
                             CSTACK
    | Stack used (prev) :  00005A3C
  01  SmsListMenu::new SmsListMenu()
      | Stack used (prev) :  00005A3C
      | + function block  :  00000004
  <-Sub-tree of type: Function tree
    | Stack used          :  00005A40


  ->Sub-tree of type: Function tree
                             CSTACK
    | Stack used (prev) :  00005A40
  01  SmsListMenu::SmsListMenu()
      | Stack used (prev) :  00005A40
      | + function block  :  00000000
  <-Sub-tree of type: Function tree
    | Stack used          :  00005A40


  ->Sub-tree of type: Function tree
                             CSTACK
    | Stack used (prev) :  00005A40
  01  SmsListMenu::CreateSmsListMenu(int, int, DLG_CSM *)
      | Stack used (prev) :  00005A40
      | + function block  :  0000000C
  <-Sub-tree of type: Function tree
    | Stack used          :  00005A4C


  ->Sub-tree of type: Function tree
                             CSTACK
    | Stack used (prev) :  00005A4C
  01  SmsListMenu::GetSmsListMenuGUI(int, int, DLG_CSM *, int)
      | Stack used (prev) :  00005A4C
      | + function block  :  0000001C
  <-Sub-tree of type: Function tree
    | Stack used          :  00005A68


  ->Sub-tree of type: Function tree
                             CSTACK
    | Stack used (prev) :  00005A68
  01  SmsOptionMenu::SmsOptionMenu()
      | Stack used (prev) :  00005A68
      | + function block  :  00000000
  <-Sub-tree of type: Function tree
    | Stack used          :  00005A68


  ->Sub-tree of type: Function tree
                             CSTACK
    | Stack used (prev) :  00005A68
  01  SmsOptionMenu::CreateSmsOptionMenu(DLG_CSM *, int, int, _SDLIST *)
      | Stack used (prev) :  00005A68
      | + function block  :  00000008
  <-Sub-tree of type: Function tree
    | Stack used          :  00005A70


  ->Sub-tree of type: Function tree
                             CSTACK
    | Stack used (prev) :  00005A70
  01  SmsListMenu::ReCreateMe(void *)
      | Stack used (prev) :  00005A70
      | + function block  :  0000001C
  <-Sub-tree of type: Function tree
    | Stack used          :  00005A8C


  ->Sub-tree of type: Function tree
                             CSTACK
    | Stack used (prev) :  00005A8C
  01  TViewGUI::new TViewGUI()
      | Stack used (prev) :  00005A8C
      | + function block  :  00000004
  <-Sub-tree of type: Function tree
    | Stack used          :  00005A90


  ->Sub-tree of type: Function tree
                             CSTACK
    | Stack used (prev) :  00005A90
  01  TViewGUI::CreateTViewGUI(WSHDR *, WSHDR *)
      | Stack used (prev) :  00005A90
      | + function block  :  00000020
  <-Sub-tree of type: Function tree
    | Stack used          :  00005AB0


  ->Sub-tree of type: Function tree
                             CSTACK
    | Stack used (prev) :  00005AB0
  01  TabGUI::TabGUI()
      | Stack used (prev) :  00005AB0
      | + function block  :  00000008
  <-Sub-tree of type: Function tree
    | Stack used          :  00005AB8


  ->Sub-tree of type: Function tree
                             CSTACK
    | Stack used (prev) :  00005AB8
  01  TabGUI::~TabGUI()
      | Stack used (prev) :  00005AB8
      | + function block  :  00000000
  <-Sub-tree of type: Function tree
    | Stack used          :  00005AB8


  ->Sub-tree of type: Function tree
                             CSTACK
    | Stack used (prev) :  00005AB8
  01  TabGUI::CreateTabGUI(DLG_CSM *)
      | Stack used (prev) :  00005AB8
      | + function block  :  0000001C
  <-Sub-tree of type: Function tree
    | Stack used          :  00005AD4


  ->Sub-tree of type: Function tree
                             CSTACK
    | Stack used (prev) :  00005AD4
  01  TabGUI::ReCreateTabGUI(DLG_CSM *)
      | Stack used (prev) :  00005AD4
      | + function block  :  00000028
  <-Sub-tree of type: Function tree
    | Stack used          :  00005AFC


  ->Sub-tree of type: Function tree
                             CSTACK
    | Stack used (prev) :  00005AFC
  01  TplMenu::delete ~TplMenu(TplMenu *)
      | Stack used (prev) :  00005AFC
      | + function block  :  00000008
  <-Sub-tree of type: Function tree
    | Stack used          :  00005B04


  ->Sub-tree of type: Function tree
                             CSTACK
    | Stack used (prev) :  00005B04
  01  TplMenu::new TplMenu()
      | Stack used (prev) :  00005B04
      | + function block  :  00000004
  <-Sub-tree of type: Function tree
    | Stack used          :  00005B08


  ->Sub-tree of type: Function tree
                             CSTACK
    | Stack used (prev) :  00005B08
  01  TplMenu::TplMenu()
      | Stack used (prev) :  00005B08
      | + function block  :  00000000
  <-Sub-tree of type: Function tree
    | Stack used          :  00005B08


  ->Sub-tree of type: Function tree
                             CSTACK
    | Stack used (prev) :  00005B08
  01  TplMenu::AllocTPList()
      | Stack used (prev) :  00005B08
      | + function block  :  00000008
  <-Sub-tree of type: Function tree
    | Stack used          :  00005B10


  ->Sub-tree of type: Function tree
                             CSTACK
    | Stack used (prev) :  00005B10
  01  TplMenu::AddToTPList(_TPLIST *)
      | Stack used (prev) :  00005B10
      | + function block  :  0000000C
  <-Sub-tree of type: Function tree
    | Stack used          :  00005B1C


  ->Sub-tree of type: Function tree
                             CSTACK
    | Stack used (prev) :  00005B1C
  01  TplMenu::FreeTPList()
      | Stack used (prev) :  00005B1C
      | + function block  :  0000000C
  <-Sub-tree of type: Function tree
    | Stack used          :  00005B28


  ->Sub-tree of type: Function tree
                             CSTACK
    | Stack used (prev) :  00005B28
  01  TplMenu::ReadTpl()
      | Stack used (prev) :  00005B28
      | + function block  :  000024F4
  <-Sub-tree of type: Function tree
    | Stack used          :  0000801C


  ->Sub-tree of type: Function tree
                             CSTACK
    | Stack used (prev) :  0000801C
  01  TplMenu::GetTpl(int)
      | Stack used (prev) :  0000801C
      | + function block  :  00000000
  <-Sub-tree of type: Function tree
    | Stack used          :  0000801C


  ->Sub-tree of type: Function tree
                             CSTACK
    | Stack used (prev) :  0000801C
  01  TplMenu::CreateTplMenu(void *)
      | Stack used (prev) :  0000801C
      | + function block  :  0000000C
  <-Sub-tree of type: Function tree
    | Stack used          :  00008028


  ->Sub-tree of type: Function tree
                             CSTACK
    | Stack used (prev) :  00008028
  01  Vibra::new Vibra()
      | Stack used (prev) :  00008028
      | + function block  :  00000004
  <-Sub-tree of type: Function tree
    | Stack used          :  0000802C


  ->Sub-tree of type: Function tree
                             CSTACK
    | Stack used (prev) :  0000802C
  01  Vibra::delete ~Vibra(Vibra *)
      | Stack used (prev) :  0000802C
      | + function block  :  00000008
  <-Sub-tree of type: Function tree
    | Stack used          :  00008034


  ->Sub-tree of type: Function tree
                             CSTACK
    | Stack used (prev) :  00008034
  01  Vibra::Vibra()
      | Stack used (prev) :  00008034
      | + function block  :  00000008
  <-Sub-tree of type: Function tree
    | Stack used          :  0000803C


  ->Sub-tree of type: Function tree
                             CSTACK
    | Stack used (prev) :  0000803C
  01  Vibra::InitThythm()
      | Stack used (prev) :  0000803C
      | + function block  :  00000014
  <-Sub-tree of type: Function tree
    | Stack used          :  00008050


  ->Sub-tree of type: Function tree
                             CSTACK
    | Stack used (prev) :  00008050
  01  Vibra::ReInitThythm()
      | Stack used (prev) :  00008050
      | + function block  :  00000008
  <-Sub-tree of type: Function tree
    | Stack used          :  00008058


  ->Sub-tree of type: Function tree
                             CSTACK
    | Stack used (prev) :  00008058
  01  Vibra::VibraStart()
      | Stack used (prev) :  00008058
      | + function block  :  00000008
  <-Sub-tree of type: Function tree
    | Stack used          :  00008060


  ->Sub-tree of type: Function tree
                             CSTACK
    | Stack used (prev) :  00008060
  01  Vibra::VibraNext()
      | Stack used (prev) :  00008060
      | + function block  :  00000008
  <-Sub-tree of type: Function tree
    | Stack used          :  00008068


  ->Sub-tree of type: Function tree
                             CSTACK
    | Stack used (prev) :  00008068
  01  Vibra::VibraStop()
      | Stack used (prev) :  00008068
      | + function block  :  00000004
  <-Sub-tree of type: Function tree
    | Stack used          :  0000806C


  ->Sub-tree of type: Function tree
                             CSTACK
    | Stack used (prev) :  0000806C
  01  operator new(unsigned int)
      | Stack used (prev) :  0000806C
      | + function block  :  00000004
  <-Sub-tree of type: Function tree
    | Stack used          :  00008070


  ->Sub-tree of type: Function tree
                             CSTACK
    | Stack used (prev) :  00008070
  01  operator new[](unsigned int)
      | Stack used (prev) :  00008070
      | + function block  :  00000004
  <-Sub-tree of type: Function tree
    | Stack used          :  00008074


  ->Sub-tree of type: Function tree
                             CSTACK
    | Stack used (prev) :  00008074
  01  operator delete(void *)
      | Stack used (prev) :  00008074
      | + function block  :  00000004
  <-Sub-tree of type: Function tree
    | Stack used          :  00008078


  ->Sub-tree of type: Function tree
                             CSTACK
    | Stack used (prev) :  00008078
  01  LoadConfigData
      | Stack used (prev) :  00008078
      | + function block  :  00000024
  <-Sub-tree of type: Function tree
    | Stack used          :  0000809C


  ->Sub-tree of type: Function tree
                             CSTACK
    | Stack used (prev) :  0000809C
  01  InitConfig
      | Stack used (prev) :  0000809C
      | + function block  :  00000008
  <-Sub-tree of type: Function tree
    | Stack used          :  000080A4


  ->Sub-tree of type: Function tree
                             CSTACK
    | Stack used (prev) :  000080A4
  01  IsAlreadyRuning()
      | Stack used (prev) :  000080A4
      | + function block  :  00000040
  <-Sub-tree of type: Function tree
    | Stack used          :  000080E4


  ->Sub-tree of type: Function tree
                             CSTACK
    | Stack used (prev) :  000080E4
  01  InitDatPath()
      | Stack used (prev) :  000080E4
      | + function block  :  00000010
  <-Sub-tree of type: Function tree
    | Stack used          :  000080F4


  ->Sub-tree of type: Function tree
                             CSTACK
    | Stack used (prev) :  000080F4
  01  InitSetting()
      | Stack used (prev) :  000080F4
      | + function block  :  00000004
  <-Sub-tree of type: Function tree
    | Stack used          :  000080F8


  ->Sub-tree of type: Function tree
                             CSTACK
    | Stack used (prev) :  000080F8
  01  main
      | Stack used (prev) :  000080F8
      | + function block  :  0000000C
  <-Sub-tree of type: Function tree
    | Stack used          :  00008104


  ->Sub-tree of type: Function tree
                             CSTACK
    | Stack used (prev) :  00008104
  01  char16to8(int)
      | Stack used (prev) :  00008104
      | + function block  :  00000000
  <-Sub-tree of type: Function tree
    | Stack used          :  00008104


  ->Sub-tree of type: Function tree
                             CSTACK
    | Stack used (prev) :  00008104
  01  char8to16(int)
      | Stack used (prev) :  00008104
      | + function block  :  00000000
  <-Sub-tree of type: Function tree
    | Stack used          :  00008104


  ->Sub-tree of type: Function tree
                             CSTACK
    | Stack used (prev) :  00008104
  01  ascii_2ws(WSHDR *, char const *, int)
      | Stack used (prev) :  00008104
      | + function block  :  0000000C
  <-Sub-tree of type: Function tree
    | Stack used          :  00008110


  ->Sub-tree of type: Function tree
                             CSTACK
    | Stack used (prev) :  00008110
  01  wstrcmp_nocase(WSHDR *, WSHDR *)
      | Stack used (prev) :  00008110
      | + function block  :  00000020
  <-Sub-tree of type: Function tree
    | Stack used          :  00008130


  ->Sub-tree of type: Function tree
                             CSTACK
    | Stack used (prev) :  00008130
  01  wstrncmp_nocase(WSHDR *, WSHDR *, int)
      | Stack used (prev) :  00008130
      | + function block  :  00000024
  <-Sub-tree of type: Function tree
    | Stack used          :  00008154


  ->Sub-tree of type: Function tree
                             CSTACK
    | Stack used (prev) :  00008154
  01  num_2ws(WSHDR *, char const *, int)
      | Stack used (prev) :  00008154
      | + function block  :  0000001C
  <-Sub-tree of type: Function tree
    | Stack used          :  00008170


  ->Sub-tree of type: Function tree
                             CSTACK
    | Stack used (prev) :  00008170
  01  ws_2num(WSHDR *, char *, int)
      | Stack used (prev) :  00008170
      | + function block  :  00000004
  <-Sub-tree of type: Function tree
    | Stack used          :  00008174


  ->Sub-tree of type: Function tree
                             CSTACK
    | Stack used (prev) :  00008174
  01  str2int(char const *)
      | Stack used (prev) :  00008174
      | + function block  :  00000000
  <-Sub-tree of type: Function tree
    | Stack used          :  00008174


  ->Sub-tree of type: Function tree
                             CSTACK
    | Stack used (prev) :  00008174
  01  IsWsSmall(WSHDR *)
      | Stack used (prev) :  00008174
      | + function block  :  00000000
  <-Sub-tree of type: Function tree
    | Stack used          :  00008174


  ->Sub-tree of type: Function tree
                             CSTACK
    | Stack used (prev) :  00008174
  01  IsNum(WSHDR *)
      | Stack used (prev) :  00008174
      | + function block  :  00000000
  <-Sub-tree of type: Function tree
    | Stack used          :  00008174


  ->Sub-tree of type: Function tree
                             CSTACK
    | Stack used (prev) :  00008174
  01  w_charcmp_nocase(unsigned short *, unsigned short *, int)
      | Stack used (prev) :  00008174
      | + function block  :  0000001C
  <-Sub-tree of type: Function tree
    | Stack used          :  00008190


  ->Sub-tree of type: Function tree
                             CSTACK
    | Stack used (prev) :  00008190
  01  wstrstr(WSHDR *, WSHDR *)
      | Stack used (prev) :  00008190
      | + function block  :  0000001C
  <-Sub-tree of type: Function tree
    | Stack used          :  000081AC


  ->Sub-tree of type: Function tree
                             CSTACK
    | Stack used (prev) :  000081AC
  01  NumberMatch(char const *, char const *)
      | Stack used (prev) :  000081AC
      | + function block  :  00000014
  <-Sub-tree of type: Function tree
    | Stack used          :  000081C0


  ->Sub-tree of type: Function tree
                             CSTACK
    | Stack used (prev) :  000081C0
  01  StrClearChr(char *, int)
      | Stack used (prev) :  000081C0
      | + function block  :  00000000
  <-Sub-tree of type: Function tree
    | Stack used          :  000081C0




                ****************************************
                *                                      *
                *      SEGMENTS IN ADDRESS ORDER       *
                *                                      *
                ****************************************


SEGMENT              SPACE    START ADDRESS   END ADDRESS     SIZE  TYPE  ALIGN
=======              =====    =============   ===========     ====  ====  =====
ELFBEGIN             CODE_AREA           00000000                     rel    0
DATA_ID              CODE_AREA      00000000 - 00000423         424   rel    2
START                CODE_AREA           00000424                     dse    0
CODE                 CODE_AREA      00000424 - 0000AF77        AB54   rel    2
DATA_C               CODE_AREA      0000AF78 - 0000BBF0         C79   rel    2
INITTAB              CODE_AREA      0000BBF4 - 0000BC0B          18   rel    2
DATA_Z               CODE_AREA      0000BC0C - 0000FD1F        4114   rel    2
MYSEG                CODE_AREA           0000FD20                     dse    0
DATA_N               CODE_AREA           0000FD20                     dse    0
CONFIG_C             CODE_AREA      0000FD20 - 0001064F         930   rel    2
DATA_I               DATA_AREA      00000000 - 00000423         424   rel    2

                ****************************************
                *                                      *
                *        END OF CROSS REFERENCE        *
                *                                      *
                ****************************************

 67 149 bytes of CODE memory
  1 060 bytes of DATA memory

Errors: none
Warnings: none

