################################################################################
#                                                                              #
#      IAR Universal Linker V4.60I/386                                         #
#                                                                              #
#           Link time     =  08/Dec/2010  19:30:27                             #
#           Target CPU    =  ARM                                               #
#           List file     =  C:\arm\callwriter\Release_ELKA\List\CallWriter.ma #
#                            p                                                 #
#           Output file 1 =  C:\arm\callwriter\Release_ELKA\Exe\CallWriter.elf #
#                            Format: elf, variant: -ynpra                      #
#           Command line  =  C:\arm\callwriter\Release_ELKA\Obj\conf_loader.r7 #
#                            9                                                 #
#                            C:\arm\callwriter\Release_ELKA\Obj\config_data.r7 #
#                            9                                                 #
#                            C:\arm\callwriter\Release_ELKA\Obj\func.r79       #
#                            C:\arm\callwriter\Release_ELKA\Obj\main.r79 -o    #
#                            C:\arm\callwriter\Release_ELKA\Exe\CallWriter.elf #
#                            -Felf -l                                          #
#                            C:\arm\callwriter\Release_ELKA\List\CallWriter.ma #
#                            p                                                 #
#                            -xmsnio -f C:\arm\callwriter\test.xcl (-carm      #
#                            -V(CODE)CODE_AREA,12 -V(DATA)DATA_AREA,12         #
#                            -Z(CODE_AREA)ELFBEGIN,DATA_ID,START,CODE,DATA_C,I #
#                            NITTAB,DATA_Z,DATA_N,CONFIG_C=0-FFFFFFFF          #
#                            -Z(DATA_AREA)DATA_I=0-FFFFFFFF) -ynpra -s main    #
#                                                                              #
#                        Copyright 1987-2007 IAR Systems. All rights reserved. #
################################################################################





                ****************************************
                *                                      *
                *           CROSS REFERENCE            *
                *                                      *
                ****************************************

       Program entry at : CODE_AREA 0000059C  Relocatable, from module : main




                ****************************************
                *                                      *
                *            RUNTIME MODEL             *
                *                                      *
                ****************************************

  StackAlign4  = USED
  __cpu_mode   = __pcs__interwork
  __data_model = absolute
  __endian     = little
  __rt_version = 6



                ****************************************
                *                                      *
                *              MODULE MAP              *
                *                                      *
                ****************************************


  DEFINED ABSOLUTE ENTRIES
    *************************************************************************

  DEFINED ABSOLUTE ENTRIES
    *************************************************************************

  FILE NAME : C:\arm\callwriter\Release_ELKA\Obj\conf_loader.r79
  PROGRAM MODULE, NAME : conf_loader

  SEGMENTS IN THE MODULE
  ======================
DATA_I
  Relative segment, address: DATA_AREA 00000000 - 00000003 (0x4 bytes), align: 2
  Segment part 4.             Intra module refs:   LoadConfigData
           ENTRY                   ADDRESS         REF BY
           =====                   =======         ======
           successed_config_filename
                                   00000000        maincsm_onmessage (main)
    -------------------------------------------------------------------------
CODE
  Segment part 6. NOT NEEDED.
    -------------------------------------------------------------------------
CODE
  Relative segment, address: CODE_AREA 00000004 - 0000012F (0x12c bytes), align: 2
  Segment part 7.             Intra module refs:   InitConfig
           ENTRY                   ADDRESS         REF BY
           =====                   =======         ======
           LoadConfigData          00000004 
               stack 1 = 00000000 ( 00000030 )
    -------------------------------------------------------------------------
CODE
  Segment part 8. NOT NEEDED.
    -------------------------------------------------------------------------
CODE
  Relative segment, address: CODE_AREA 00000130 - 00000157 (0x28 bytes), align: 2
  Segment part 9.
           ENTRY                   ADDRESS         REF BY
           =====                   =======         ======
           InitConfig              00000130        main (main)
                                                   maincsm_onmessage (main)
               stack 1 = 00000000 ( 00000008 )
    -------------------------------------------------------------------------
CSTACK
  Segment part 1. NOT NEEDED.
    -------------------------------------------------------------------------
DATA_ID
  Relative segment, address: CODE_AREA 00000000 - 00000003 (0x4 bytes), align: 2
  Segment part 5.             Intra module refs:   successed_config_filename
    -------------------------------------------------------------------------
DATA_ID
  Segment part 10. NOT NEEDED.
           ENTRY                   ADDRESS         REF BY
           =====                   =======         ======
           ?*?DATA_ID              
    -------------------------------------------------------------------------
INITTAB
  Relative segment, address: CODE_AREA 00000720 - 0000072B (0xc bytes), align: 2
  Segment part 11. ROOT.
           ENTRY                   ADDRESS         REF BY
           =====                   =======         ======
           ?init?tab?DATA_I        00000720 
    -------------------------------------------------------------------------
CONFIG_C
  Segment part 12. NOT NEEDED.
    -------------------------------------------------------------------------
DATA_C
  Relative segment, address: CODE_AREA 0000071C - 0000071C (0x1 bytes), align: 0
  Segment part 2.             Intra module refs:   Segment part 5
    -------------------------------------------------------------------------
DATA_C
  Relative segment, address: CODE_AREA 00000644 - 0000067B (0x38 bytes), align: 2
  Segment part 3.             Intra module refs:   InitConfig

    *************************************************************************

  FILE NAME : C:\arm\callwriter\Release_ELKA\Obj\config_data.r79
  PROGRAM MODULE, NAME : config_data

  SEGMENTS IN THE MODULE
  ======================
CONFIG_C
  Relative segment, address: CODE_AREA 0000099C - 000009C7 (0x2c bytes), align: 2
  Segment part 2. ROOT.
           ENTRY                   ADDRESS         REF BY
           =====                   =======         ======
           cfghdr0                 0000099C        LoadConfigData (conf_loader)
    -------------------------------------------------------------------------
CONFIG_C
  Relative segment, address: CODE_AREA 000009C8 - 00000A47 (0x80 bytes), align: 2
  Segment part 3. ROOT.
           ENTRY                   ADDRESS         REF BY
           =====                   =======         ======
           folder                  000009C8        Obs_CreateAmrFile (main)
    -------------------------------------------------------------------------
CONFIG_C
  Relative segment, address: CODE_AREA 00000A48 - 00000A73 (0x2c bytes), align: 2
  Segment part 4. ROOT.
           ENTRY                   ADDRESS         REF BY
           =====                   =======         ======
           cfghdr1                 00000A48 
    -------------------------------------------------------------------------
CONFIG_C
  Relative segment, address: CODE_AREA 00000A74 - 00000A77 (0x4 bytes), align: 2
  Segment part 5. ROOT.
           ENTRY                   ADDRESS         REF BY
           =====                   =======         ======
           bitrate                 00000A74        Obs_CreateAmrFile (main)
    -------------------------------------------------------------------------
CONFIG_C
  Relative segment, address: CODE_AREA 00000A78 - 00000AD7 (0x60 bytes), align: 2
  Segment part 6. ROOT.
           ENTRY                   ADDRESS         REF BY
           =====                   =======         ======
           cfgcbox1                00000A78 
    -------------------------------------------------------------------------
CONFIG_C
  Relative segment, address: CODE_AREA 00000AD8 - 00000B03 (0x2c bytes), align: 2
  Segment part 7. ROOT.
           ENTRY                   ADDRESS         REF BY
           =====                   =======         ======
           cfghdr2                 00000AD8 
    -------------------------------------------------------------------------
CONFIG_C
  Relative segment, address: CODE_AREA 00000B04 - 00000B07 (0x4 bytes), align: 2
  Segment part 8. ROOT.
           ENTRY                   ADDRESS         REF BY
           =====                   =======         ======
           amrmode                 00000B04        Obs_CreateAmrFile (main)
    -------------------------------------------------------------------------
CONFIG_C
  Relative segment, address: CODE_AREA 00000B08 - 00000B67 (0x60 bytes), align: 2
  Segment part 9. ROOT.
           ENTRY                   ADDRESS         REF BY
           =====                   =======         ======
           cfgcbox2                00000B08 
    -------------------------------------------------------------------------
CONFIG_C
  Relative segment, address: CODE_AREA 00000B68 - 00000B93 (0x2c bytes), align: 2
  Segment part 10. ROOT.
           ENTRY                   ADDRESS         REF BY
           =====                   =======         ======
           cfghdr3                 00000B68 
    -------------------------------------------------------------------------
CONFIG_C
  Relative segment, address: CODE_AREA 00000B94 - 00000B97 (0x4 bytes), align: 2
  Segment part 11. ROOT.
           ENTRY                   ADDRESS         REF BY
           =====                   =======         ======
           size                    00000B94        Obs_CreateAmrFile (main)
    -------------------------------------------------------------------------
CSTACK
  Segment part 1. NOT NEEDED.

    *************************************************************************

  FILE NAME : C:\arm\callwriter\Release_ELKA\Obj\func.r79
  PROGRAM MODULE, NAME : func

  SEGMENTS IN THE MODULE
  ======================
ELFBEGIN
  Relative segment, address: CODE_AREA 00000000, align: 0
  Segment part 0. ROOT.
           ENTRY                   ADDRESS         REF BY
           =====                   =======         ======
           ELF_BEGIN               00000000        Killer (main)
    -------------------------------------------------------------------------
CODE
  Relative segment, address: CODE_AREA 00000158 - 0000015F (0x8 bytes), align: 2
  Segment part 1. ROOT.
           ENTRY                   ADDRESS         REF BY
           =====                   =======         ======
           kill_data               00000158        Killer (main)
           seqkill                 0000015C 

    *************************************************************************

  FILE NAME : C:\arm\callwriter\Release_ELKA\Obj\main.r79
  PROGRAM MODULE, NAME : main

  SEGMENTS IN THE MODULE
  ======================
CODE
  Segment part 10. NOT NEEDED.
    -------------------------------------------------------------------------
CODE
  Relative segment, address: CODE_AREA 00000160 - 0000035F (0x200 bytes), align: 2
  Segment part 11.            Intra module refs:   MyIDLECSM_onMessage
           ENTRY                   ADDRESS         REF BY
           =====                   =======         ======
           Obs_CreateAmrFile       00000160 
               stack 1 = 00000000 ( 00000020 )
    -------------------------------------------------------------------------
CODE
  Segment part 12. NOT NEEDED.
    -------------------------------------------------------------------------
CODE
  Relative segment, address: CODE_AREA 00000360 - 0000038F (0x30 bytes), align: 2
  Segment part 13.            Intra module refs:   MyIDLECSM_onMessage
           ENTRY                   ADDRESS         REF BY
           =====                   =======         ======
           Obs_StopAmrWrite        00000360 
               stack 1 = 00000000 ( 00000008 )
    -------------------------------------------------------------------------
CODE
  Segment part 14. NOT NEEDED.
    -------------------------------------------------------------------------
CODE
  Segment part 15. NOT NEEDED.
           ENTRY                   ADDRESS         REF BY
           =====                   =======         ======
           Obs_StartAmrWrite       
               not allocated function
    -------------------------------------------------------------------------
CODE
  Segment part 16. NOT NEEDED.
    -------------------------------------------------------------------------
CODE
  Segment part 17. NOT NEEDED.
           ENTRY                   ADDRESS         REF BY
           =====                   =======         ======
           Obs_DeleteObj           
               not allocated function
    -------------------------------------------------------------------------
CODE
  Segment part 18. NOT NEEDED.
    -------------------------------------------------------------------------
CODE
  Relative segment, address: CODE_AREA 00000390 - 000003DB (0x4c bytes), align: 2
  Segment part 19.            Intra module refs:   maincsm_onmessage
           ENTRY                   ADDRESS         REF BY
           =====                   =======         ======
           strcmp_nocase           00000390 
    -------------------------------------------------------------------------
CODE
  Segment part 20. NOT NEEDED.
    -------------------------------------------------------------------------
CODE
  Relative segment, address: CODE_AREA 000003DC - 00000503 (0x128 bytes), align: 2
  Segment part 21.            Intra module refs:   main
           ENTRY                   ADDRESS         REF BY
           =====                   =======         ======
           MyIDLECSM_onMessage     000003DC 
               stack 1 = 00000000 ( 00000028 )
    -------------------------------------------------------------------------
CODE
  Segment part 22. NOT NEEDED.
    -------------------------------------------------------------------------
DATA_Z
  Relative segment, address: CODE_AREA 00000738 - 00000883 (0x14c bytes), align: 2
  Segment part 7.             Intra module refs:   MyIDLECSM_onMessage
                                                   Segment part 32
           ENTRY                   ADDRESS         REF BY
           =====                   =======         ======
           MSG_Report              00000748 
           RecordName              00000764 
           action                  00000744 
           d                       00000738 
           icsm                    0000074C 
           name                    00000864 
           object                  00000740 
           old_icsm_onMessage      00000750 
           t                       0000075C 
           writing                 00000754 
    -------------------------------------------------------------------------
CODE
  Relative segment, address: CODE_AREA 00000504 - 00000553 (0x50 bytes), align: 2
  Segment part 23.            Intra module refs:   Segment part 6
           ENTRY                   ADDRESS         REF BY
           =====                   =======         ======
           maincsm_onmessage       00000504 
               stack 1 = 00000000 ( 00000004 )
    -------------------------------------------------------------------------
CODE
  Segment part 24. NOT NEEDED.
    -------------------------------------------------------------------------
CODE
  Relative segment, address: CODE_AREA 00000554 - 00000557 (0x4 bytes), align: 2
  Segment part 25.            Intra module refs:   Segment part 6
           LOCAL                   ADDRESS         
           =====                   =======         
           maincsm_oncreate        00000554 
    -------------------------------------------------------------------------
CODE
  Segment part 26. NOT NEEDED.
    -------------------------------------------------------------------------
CODE
  Relative segment, address: CODE_AREA 00000558 - 00000573 (0x1c bytes), align: 2
  Segment part 27.            Intra module refs:   maincsm_onclose
           LOCAL                   ADDRESS         
           =====                   =======         
           Killer                  00000558 
               stack 1 = 00000000 ( 00000004 )
    -------------------------------------------------------------------------
CODE
  Segment part 28. NOT NEEDED.
    -------------------------------------------------------------------------
CODE
  Relative segment, address: CODE_AREA 00000574 - 0000059B (0x28 bytes), align: 2
  Segment part 29.            Intra module refs:   Segment part 6
           LOCAL                   ADDRESS         
           =====                   =======         
           maincsm_onclose         00000574 
               stack 1 = 00000000 ( 00000004 )
    -------------------------------------------------------------------------
CODE
  Segment part 30. NOT NEEDED.
    -------------------------------------------------------------------------
DATA_Z
  Relative segment, address: CODE_AREA 00000884 - 0000099B (0x118 bytes), align: 2
  Segment part 9.             Intra module refs:   Segment part 6
    -------------------------------------------------------------------------
DATA_C
  Segment part 2. NOT NEEDED.
    -------------------------------------------------------------------------
DATA_C
  Segment part 3. NOT NEEDED.
    -------------------------------------------------------------------------
DATA_C
  Relative segment, address: CODE_AREA 0000067C - 000006B3 (0x38 bytes), align: 2
  Segment part 4.             Intra module refs:   MyIDLECSM_onMessage
    -------------------------------------------------------------------------
DATA_C
  Relative segment, address: CODE_AREA 000006B4 - 000006CF (0x1c bytes), align: 2
  Segment part 5.             Intra module refs:   maincsm_onmessage
    -------------------------------------------------------------------------
DATA_C
  Relative segment, address: CODE_AREA 000006D0 - 00000717 (0x48 bytes), align: 2
  Segment part 6.             Intra module refs:   main
    -------------------------------------------------------------------------
DATA_C
  Relative segment, address: CODE_AREA 00000718 - 0000071B (0x4 bytes), align: 2
  Segment part 8.             Intra module refs:   Segment part 6
           ENTRY                   ADDRESS         REF BY
           =====                   =======         ======
           minus11                 00000718 
    -------------------------------------------------------------------------
CODE
  Relative segment, address: CODE_AREA 0000059C - 0000063F (0xa4 bytes), align: 2
  Segment part 31.
           ENTRY                   ADDRESS         REF BY
           =====                   =======         ======
           main                    0000059C        Absolute parts (?ABS_ENTRY_MOD)
               stack 1 = 00000000 ( 00000038 )
    -------------------------------------------------------------------------
CODE
  Relative segment, address: CODE_AREA 00000640 - 00000643 (0x4 bytes), align: 2
  Segment part 32.            Intra module refs:   Obs_CreateAmrFile
                                                   Obs_StopAmrWrite
                                                   main
                                                   maincsm_onclose
    -------------------------------------------------------------------------
CODE
  Segment part 33. NOT NEEDED.Intra module refs:   main
                                                   maincsm_onmessage
    -------------------------------------------------------------------------
CODE
  Segment part 34. NOT NEEDED.Intra module refs:   Killer
    -------------------------------------------------------------------------
CSTACK
  Segment part 1. NOT NEEDED.
    -------------------------------------------------------------------------
INITTAB
  Relative segment, address: CODE_AREA 0000072C - 00000737 (0xc bytes), align: 2
  Segment part 35. ROOT.
           ENTRY                   ADDRESS         REF BY
           =====                   =======         ======
           ?init?tab?DATA_Z        0000072C 




                ****************************************
                *                                      *
                *            MODULE SUMMARY            *
                *                                      *
                ****************************************

Module        CODE   DATA
------        ----   ----
             (Rel)  (Rel)
conf_loader    413      4
config_data    508
func             8
main         2 036
------       -----      -
Total:       2 965      4


                ****************************************
                *                                      *
                *              CALL GRAPH              *
                *                                      *
                ****************************************

  ->Sub-tree of type: Indirectly called function tree that does not make
                    : indirect calls (Is not an interrupt and is not flagged
                    : as not overlayable)
                             CSTACK
    | Stack used (prev) :  00000000
  01  MyIDLECSM_onMessage
      | Stack used (prev) :  00000000
      | + function block  :  00000028
  <-Sub-tree of type: Indirectly called function tree that does not make
                    : indirect calls (Is not an interrupt and is not flagged
                    : as not overlayable)
    | Stack used          :  00000028


  ->Sub-tree of type: Indirectly called function tree that does not make
                    : indirect calls (Is not an interrupt and is not flagged
                    : as not overlayable)
                             CSTACK
    | Stack used (prev) :  00000000
  01  maincsm_onmessage
      | Stack used (prev) :  00000000
      | + function block  :  00000004
  <-Sub-tree of type: Indirectly called function tree that does not make
                    : indirect calls (Is not an interrupt and is not flagged
                    : as not overlayable)
    | Stack used          :  00000004


  ->Sub-tree of type: Indirectly called function tree that does not make
                    : indirect calls (Is not an interrupt and is not flagged
                    : as not overlayable)
                             CSTACK
    | Stack used (prev) :  00000000
  01  maincsm_oncreate
      | Stack used (prev) :  00000000
      | + function block  :  00000000
  <-Sub-tree of type: Indirectly called function tree that does not make
                    : indirect calls (Is not an interrupt and is not flagged
                    : as not overlayable)
    | Stack used          :  00000000


  ->Sub-tree of type: Indirectly called function tree that does not make
                    : indirect calls (Is not an interrupt and is not flagged
                    : as not overlayable)
                             CSTACK
    | Stack used (prev) :  00000000
  01  Killer
      | Stack used (prev) :  00000000
      | + function block  :  00000004
  <-Sub-tree of type: Indirectly called function tree that does not make
                    : indirect calls (Is not an interrupt and is not flagged
                    : as not overlayable)
    | Stack used          :  00000004


  ->Sub-tree of type: Indirectly called function tree that does not make
                    : indirect calls (Is not an interrupt and is not flagged
                    : as not overlayable)
                             CSTACK
    | Stack used (prev) :  00000000
  01  maincsm_onclose
      | Stack used (prev) :  00000000
      | + function block  :  00000004
  <-Sub-tree of type: Indirectly called function tree that does not make
                    : indirect calls (Is not an interrupt and is not flagged
                    : as not overlayable)
    | Stack used          :  00000004


  ->Sub-tree of type: Function tree
                             CSTACK
    | Stack used (prev) :  00000028
  01  LoadConfigData
      | Stack used (prev) :  00000028
      | + function block  :  00000030
  <-Sub-tree of type: Function tree
    | Stack used          :  00000058


  ->Sub-tree of type: Function tree
                             CSTACK
    | Stack used (prev) :  00000058
  01  InitConfig
      | Stack used (prev) :  00000058
      | + function block  :  00000008
  <-Sub-tree of type: Function tree
    | Stack used          :  00000060


  ->Sub-tree of type: Function tree
                             CSTACK
    | Stack used (prev) :  00000060
  01  Obs_CreateAmrFile
      | Stack used (prev) :  00000060
      | + function block  :  00000020
  <-Sub-tree of type: Function tree
    | Stack used          :  00000080


  ->Sub-tree of type: Function tree
                             CSTACK
    | Stack used (prev) :  00000080
  01  Obs_StopAmrWrite
      | Stack used (prev) :  00000080
      | + function block  :  00000008
  <-Sub-tree of type: Function tree
    | Stack used          :  00000088


  ->Sub-tree of type: Function tree
                             CSTACK
    | Stack used (prev) :  00000088
  01  strcmp_nocase
      | Stack used (prev) :  00000088
      | + function block  :  00000000
  <-Sub-tree of type: Function tree
    | Stack used          :  00000088


  ->Sub-tree of type: Function tree
                             CSTACK
    | Stack used (prev) :  00000088
  01  main
      | Stack used (prev) :  00000088
      | + function block  :  00000038
  <-Sub-tree of type: Function tree
    | Stack used          :  000000C0




                ****************************************
                *                                      *
                *      SEGMENTS IN ADDRESS ORDER       *
                *                                      *
                ****************************************


SEGMENT              SPACE    START ADDRESS   END ADDRESS     SIZE  TYPE  ALIGN
=======              =====    =============   ===========     ====  ====  =====
ELFBEGIN             CODE_AREA           00000000                     rel    0
DATA_ID              CODE_AREA      00000000 - 00000003           4   rel    2
START                CODE_AREA           00000004                     dse    0
CODE                 CODE_AREA      00000004 - 00000643         640   rel    2
DATA_C               CODE_AREA      00000644 - 0000071C          D9   rel    2
INITTAB              CODE_AREA      00000720 - 00000737          18   rel    2
DATA_Z               CODE_AREA      00000738 - 0000099B         264   rel    2
DATA_N               CODE_AREA           0000099C                     dse    0
CONFIG_C             CODE_AREA      0000099C - 00000B97         1FC   rel    2
DATA_I               DATA_AREA      00000000 - 00000003           4   rel    2

                ****************************************
                *                                      *
                *        END OF CROSS REFERENCE        *
                *                                      *
                ****************************************

 2 965 bytes of CODE memory
     4 bytes of DATA memory

Errors: none
Warnings: none

