################################################################################
#                                                                              #
#      IAR Universal Linker V4.60I/386                                         #
#                                                                              #
#           Link time     =  07/Dec/2010  22:59:31                             #
#           Target CPU    =  ARM                                               #
#           List file     =  C:\arm\callwriter\Release_ELKA\List\NSD.map       #
#           Output file 1 =  C:\arm\callwriter\Release_ELKA\Exe\NSD.elf        #
#                            Format: elf, variant: -ynpra                      #
#           Command line  =  C:\arm\callwriter\Release_ELKA\Obj\conf_loader.r7 #
#                            9                                                 #
#                            C:\arm\callwriter\Release_ELKA\Obj\config_data.r7 #
#                            9                                                 #
#                            C:\arm\callwriter\Release_ELKA\Obj\func.r79       #
#                            C:\arm\callwriter\Release_ELKA\Obj\main.r79 -o    #
#                            C:\arm\callwriter\Release_ELKA\Exe\NSD.elf        #
#                            -Felf -l                                          #
#                            C:\arm\callwriter\Release_ELKA\List\NSD.map       #
#                            -xmsnio -f C:\arm\callwriter\test.xcl (-carm      #
#                            -V(CODE)CODE_AREA,12 -V(DATA)DATA_AREA,12         #
#                            -Z(CODE_AREA)ELFBEGIN,DATA_ID,START,CODE,DATA_C,I #
#                            NITTAB,DATA_Z,DATA_N,CONFIG_C=0-FFFFFFFF          #
#                            -Z(DATA_AREA)DATA_I=0-FFFFFFFF) -ynpra -s main    #
#                                                                              #
#                        Copyright 1987-2007 IAR Systems. All rights reserved. #
################################################################################





                ****************************************
                *                                      *
                *           CROSS REFERENCE            *
                *                                      *
                ****************************************

       Program entry at : CODE_AREA 00000620  Relocatable, from module : main




                ****************************************
                *                                      *
                *            RUNTIME MODEL             *
                *                                      *
                ****************************************

  StackAlign4  = USED
  __cpu_mode   = __pcs__interwork
  __data_model = absolute
  __endian     = little
  __rt_version = 6



                ****************************************
                *                                      *
                *              MODULE MAP              *
                *                                      *
                ****************************************


  DEFINED ABSOLUTE ENTRIES
    *************************************************************************

  DEFINED ABSOLUTE ENTRIES
    *************************************************************************

  FILE NAME : C:\arm\callwriter\Release_ELKA\Obj\conf_loader.r79
  PROGRAM MODULE, NAME : conf_loader

  SEGMENTS IN THE MODULE
  ======================
DATA_I
  Relative segment, address: DATA_AREA 00000000 - 00000003 (0x4 bytes), align: 2
  Segment part 5.             Intra module refs:   LoadConfigData
           ENTRY                   ADDRESS         REF BY
           =====                   =======         ======
           successed_config_filename
                                   00000000        maincsm_onmessage (main)
    -------------------------------------------------------------------------
CODE
  Segment part 7. NOT NEEDED.
    -------------------------------------------------------------------------
CODE
  Relative segment, address: CODE_AREA 00000004 - 0000012F (0x12c bytes), align: 2
  Segment part 8.             Intra module refs:   InitConfig
           ENTRY                   ADDRESS         REF BY
           =====                   =======         ======
           LoadConfigData          00000004 
               stack 1 = 00000000 ( 00000030 )
    -------------------------------------------------------------------------
CODE
  Segment part 9. NOT NEEDED.
    -------------------------------------------------------------------------
CODE
  Relative segment, address: CODE_AREA 00000130 - 00000157 (0x28 bytes), align: 2
  Segment part 10.
           ENTRY                   ADDRESS         REF BY
           =====                   =======         ======
           InitConfig              00000130        main (main)
                                                   maincsm_onmessage (main)
               stack 1 = 00000000 ( 00000004 )
    -------------------------------------------------------------------------
CSTACK
  Segment part 1. NOT NEEDED.
    -------------------------------------------------------------------------
DATA_ID
  Relative segment, address: CODE_AREA 00000000 - 00000003 (0x4 bytes), align: 2
  Segment part 6.             Intra module refs:   successed_config_filename
    -------------------------------------------------------------------------
DATA_ID
  Segment part 11. NOT NEEDED.
           ENTRY                   ADDRESS         REF BY
           =====                   =======         ======
           ?*?DATA_ID              
    -------------------------------------------------------------------------
INITTAB
  Relative segment, address: CODE_AREA 000007A8 - 000007B3 (0xc bytes), align: 2
  Segment part 12. ROOT.
           ENTRY                   ADDRESS         REF BY
           =====                   =======         ======
           ?init?tab?DATA_I        000007A8 
    -------------------------------------------------------------------------
CONFIG_C
  Segment part 13. NOT NEEDED.
    -------------------------------------------------------------------------
DATA_C
  Relative segment, address: CODE_AREA 000007A4 - 000007A4 (0x1 bytes), align: 0
  Segment part 2.             Intra module refs:   Segment part 6
    -------------------------------------------------------------------------
DATA_C
  Relative segment, address: CODE_AREA 000006D4 - 000006EF (0x1c bytes), align: 2
  Segment part 3.             Intra module refs:   InitConfig
    -------------------------------------------------------------------------
DATA_C
  Relative segment, address: CODE_AREA 000006F0 - 0000070B (0x1c bytes), align: 2
  Segment part 4.             Intra module refs:   InitConfig

    *************************************************************************

  FILE NAME : C:\arm\callwriter\Release_ELKA\Obj\config_data.r79
  PROGRAM MODULE, NAME : config_data

  SEGMENTS IN THE MODULE
  ======================
CONFIG_C
  Relative segment, address: CODE_AREA 00000B08 - 00000B33 (0x2c bytes), align: 2
  Segment part 2. ROOT.
           ENTRY                   ADDRESS         REF BY
           =====                   =======         ======
           cfghdr0                 00000B08        LoadConfigData (conf_loader)
    -------------------------------------------------------------------------
CONFIG_C
  Relative segment, address: CODE_AREA 00000B34 - 00000BB3 (0x80 bytes), align: 2
  Segment part 3. ROOT.
           ENTRY                   ADDRESS         REF BY
           =====                   =======         ======
           folder                  00000B34        Obs_CreateAmrFile (main)
    -------------------------------------------------------------------------
CONFIG_C
  Relative segment, address: CODE_AREA 00000BB4 - 00000BDF (0x2c bytes), align: 2
  Segment part 4. ROOT.
           ENTRY                   ADDRESS         REF BY
           =====                   =======         ======
           cfghdr1                 00000BB4 
    -------------------------------------------------------------------------
CONFIG_C
  Relative segment, address: CODE_AREA 00000BE0 - 00000BE3 (0x4 bytes), align: 2
  Segment part 5. ROOT.
           ENTRY                   ADDRESS         REF BY
           =====                   =======         ======
           bitrate                 00000BE0        Obs_CreateAmrFile (main)
    -------------------------------------------------------------------------
CONFIG_C
  Relative segment, address: CODE_AREA 00000BE4 - 00000C43 (0x60 bytes), align: 2
  Segment part 6. ROOT.
           ENTRY                   ADDRESS         REF BY
           =====                   =======         ======
           cfgcbox1                00000BE4 
    -------------------------------------------------------------------------
CONFIG_C
  Relative segment, address: CODE_AREA 00000C44 - 00000C6F (0x2c bytes), align: 2
  Segment part 7. ROOT.
           ENTRY                   ADDRESS         REF BY
           =====                   =======         ======
           cfghdr2                 00000C44 
    -------------------------------------------------------------------------
CONFIG_C
  Relative segment, address: CODE_AREA 00000C70 - 00000C73 (0x4 bytes), align: 2
  Segment part 8. ROOT.
           ENTRY                   ADDRESS         REF BY
           =====                   =======         ======
           amrmode                 00000C70        Obs_CreateAmrFile (main)
    -------------------------------------------------------------------------
CONFIG_C
  Relative segment, address: CODE_AREA 00000C74 - 00000CD3 (0x60 bytes), align: 2
  Segment part 9. ROOT.
           ENTRY                   ADDRESS         REF BY
           =====                   =======         ======
           cfgcbox2                00000C74 
    -------------------------------------------------------------------------
CONFIG_C
  Relative segment, address: CODE_AREA 00000CD4 - 00000CFF (0x2c bytes), align: 2
  Segment part 10. ROOT.
           ENTRY                   ADDRESS         REF BY
           =====                   =======         ======
           cfghdr4                 00000CD4 
    -------------------------------------------------------------------------
CONFIG_C
  Relative segment, address: CODE_AREA 00000D00 - 00000D03 (0x4 bytes), align: 2
  Segment part 11. ROOT.
           ENTRY                   ADDRESS         REF BY
           =====                   =======         ======
           size                    00000D00        Segment part 46 (main)
    -------------------------------------------------------------------------
CSTACK
  Segment part 1. NOT NEEDED.

    *************************************************************************

  FILE NAME : C:\arm\callwriter\Release_ELKA\Obj\func.r79
  PROGRAM MODULE, NAME : func

  SEGMENTS IN THE MODULE
  ======================
ELFBEGIN
  Relative segment, address: CODE_AREA 00000000, align: 0
  Segment part 0. ROOT.
           ENTRY                   ADDRESS         REF BY
           =====                   =======         ======
           ELF_BEGIN               00000000        Killer (main)
    -------------------------------------------------------------------------
CODE
  Relative segment, address: CODE_AREA 00000158 - 0000015F (0x8 bytes), align: 2
  Segment part 1. ROOT.
           ENTRY                   ADDRESS         REF BY
           =====                   =======         ======
           kill_data               00000158        Killer (main)
           seqkill                 0000015C 

    *************************************************************************

  FILE NAME : C:\arm\callwriter\Release_ELKA\Obj\main.r79
  PROGRAM MODULE, NAME : main

  SEGMENTS IN THE MODULE
  ======================
DATA_Z
  Relative segment, address: CODE_AREA 000007C0 - 000007C3 (0x4 bytes), align: 2
  Segment part 8.             Intra module refs:   Segment part 39
           ENTRY                   ADDRESS         REF BY
           =====                   =======         ======
           object                  000007C0 
    -------------------------------------------------------------------------
DATA_Z
  Relative segment, address: CODE_AREA 000007C4 - 000007C7 (0x4 bytes), align: 2
  Segment part 9.             Intra module refs:   Segment part 40
           ENTRY                   ADDRESS         REF BY
           =====                   =======         ======
           action                  000007C4 
    -------------------------------------------------------------------------
DATA_Z
  Relative segment, address: CODE_AREA 000007C8 - 000007CB (0x4 bytes), align: 2
  Segment part 10.            Intra module refs:   Obs_CreateAmrFile
           ENTRY                   ADDRESS         REF BY
           =====                   =======         ======
           MSG_Report              000007C8 
    -------------------------------------------------------------------------
DATA_Z
  Relative segment, address: CODE_AREA 000007CC - 000007CF (0x4 bytes), align: 2
  Segment part 11.            Intra module refs:   Obs_CreateAmrFile
           ENTRY                   ADDRESS         REF BY
           =====                   =======         ======
           mode                    000007CC 
    -------------------------------------------------------------------------
DATA_Z
  Relative segment, address: CODE_AREA 000007D0 - 000007D3 (0x4 bytes), align: 2
  Segment part 12.            Intra module refs:   Obs_CreateAmrFile
           ENTRY                   ADDRESS         REF BY
           =====                   =======         ======
           bit                     000007D0 
    -------------------------------------------------------------------------
DATA_Z
  Relative segment, address: CODE_AREA 000007D4 - 000008D3 (0x100 bytes), align: 2
  Segment part 13.            Intra module refs:   Segment part 43
           ENTRY                   ADDRESS         REF BY
           =====                   =======         ======
           RecordName              000007D4 
    -------------------------------------------------------------------------
DATA_Z
  Segment part 14. NOT NEEDED.
           ENTRY                   ADDRESS         REF BY
           =====                   =======         ======
           fs                      
    -------------------------------------------------------------------------
CODE
  Segment part 27. NOT NEEDED.
    -------------------------------------------------------------------------
CODE
  Relative segment, address: CODE_AREA 00000160 - 00000373 (0x214 bytes), align: 2
  Segment part 28.            Intra module refs:   MyIDLECSM_onMessage
           ENTRY                   ADDRESS         REF BY
           =====                   =======         ======
           Obs_CreateAmrFile       00000160 
               stack 1 = 00000000 ( 00000024 )
    -------------------------------------------------------------------------
CODE
  Segment part 29. NOT NEEDED.
    -------------------------------------------------------------------------
CODE
  Relative segment, address: CODE_AREA 00000374 - 0000039B (0x28 bytes), align: 2
  Segment part 30.            Intra module refs:   MyIDLECSM_onMessage
           ENTRY                   ADDRESS         REF BY
           =====                   =======         ======
           Obs_StopAmrWrite        00000374 
               stack 1 = 00000000 ( 00000004 )
    -------------------------------------------------------------------------
CODE
  Segment part 31. NOT NEEDED.
    -------------------------------------------------------------------------
CODE
  Relative segment, address: CODE_AREA 0000039C - 000003BF (0x24 bytes), align: 2
  Segment part 32.            Intra module refs:   MyIDLECSM_onMessage
           ENTRY                   ADDRESS         REF BY
           =====                   =======         ======
           Obs_StartAmrWrite       0000039C 
               stack 1 = 00000000 ( 00000004 )
    -------------------------------------------------------------------------
CODE
  Segment part 33. NOT NEEDED.
    -------------------------------------------------------------------------
CODE
  Relative segment, address: CODE_AREA 000003C0 - 000003E3 (0x24 bytes), align: 2
  Segment part 34.            Intra module refs:   MyIDLECSM_onMessage
                                                   Obs_StopAmrWrite
           ENTRY                   ADDRESS         REF BY
           =====                   =======         ======
           Obs_DeleteObj           000003C0 
               stack 1 = 00000000 ( 00000004 )
    -------------------------------------------------------------------------
CODE
  Segment part 35. NOT NEEDED.
    -------------------------------------------------------------------------
CODE
  Segment part 36. NOT NEEDED.
           ENTRY                   ADDRESS         REF BY
           =====                   =======         ======
           Obs_PauseAmrWrite       
               not allocated function
    -------------------------------------------------------------------------
CODE
  Segment part 37. NOT NEEDED.
    -------------------------------------------------------------------------
CODE
  Segment part 38. NOT NEEDED.
           ENTRY                   ADDRESS         REF BY
           =====                   =======         ======
           Obs_ResumeAmrWrite      
               not allocated function
    -------------------------------------------------------------------------
CODE
  Relative segment, address: CODE_AREA 000003E4 - 000003E7 (0x4 bytes), align: 2
  Segment part 39.            Intra module refs:   Obs_CreateAmrFile
                                                   Obs_DeleteObj
                                                   Obs_StartAmrWrite
                                                   Obs_StopAmrWrite
    -------------------------------------------------------------------------
CODE
  Relative segment, address: CODE_AREA 000003E8 - 000003EB (0x4 bytes), align: 2
  Segment part 40.            Intra module refs:   Obs_CreateAmrFile
                                                   Obs_DeleteObj
                                                   Obs_StartAmrWrite
                                                   Obs_StopAmrWrite
    -------------------------------------------------------------------------
CODE
  Segment part 41. NOT NEEDED.
    -------------------------------------------------------------------------
CODE
  Segment part 42. NOT NEEDED.
           ENTRY                   ADDRESS         REF BY
           =====                   =======         ======
           Obs_GetRealSize         
               not allocated function
    -------------------------------------------------------------------------
CODE
  Relative segment, address: CODE_AREA 000003EC - 000003EF (0x4 bytes), align: 2
  Segment part 43.            Intra module refs:   Obs_CreateAmrFile
    -------------------------------------------------------------------------
CODE
  Segment part 44. NOT NEEDED.
    -------------------------------------------------------------------------
CODE
  Segment part 45. NOT NEEDED.
           ENTRY                   ADDRESS         REF BY
           =====                   =======         ======
           Obs_Percente            
               not allocated function
    -------------------------------------------------------------------------
CODE
  Relative segment, address: CODE_AREA 000003F0 - 000003F3 (0x4 bytes), align: 2
  Segment part 46.            Intra module refs:   Obs_CreateAmrFile
    -------------------------------------------------------------------------
CODE
  Segment part 47. NOT NEEDED.
    -------------------------------------------------------------------------
DATA_C
  Segment part 2. NOT NEEDED.
    -------------------------------------------------------------------------
DATA_C
  Relative segment, address: CODE_AREA 0000070C - 00000713 (0x8 bytes), align: 2
  Segment part 3.             Intra module refs:   MyIDLECSM_onMessage
    -------------------------------------------------------------------------
DATA_C
  Relative segment, address: CODE_AREA 00000714 - 0000072F (0x1c bytes), align: 2
  Segment part 4.             Intra module refs:   MyIDLECSM_onMessage
    -------------------------------------------------------------------------
DATA_C
  Relative segment, address: CODE_AREA 00000730 - 0000074B (0x1c bytes), align: 2
  Segment part 5.             Intra module refs:   maincsm_onmessage
    -------------------------------------------------------------------------
DATA_C
  Relative segment, address: CODE_AREA 0000074C - 00000757 (0xc bytes), align: 2
  Segment part 6.             Intra module refs:   maincsm_oncreate
    -------------------------------------------------------------------------
DATA_C
  Relative segment, address: CODE_AREA 00000758 - 00000763 (0xc bytes), align: 2
  Segment part 7.             Intra module refs:   main
    -------------------------------------------------------------------------
DATA_C
  Relative segment, address: CODE_AREA 00000764 - 00000767 (0x4 bytes), align: 2
  Segment part 15.            Intra module refs:   Segment part 26
           ENTRY                   ADDRESS         REF BY
           =====                   =======         ======
           minus11                 00000764 
    -------------------------------------------------------------------------
DATA_Z
  Relative segment, address: CODE_AREA 000008D4 - 000008D7 (0x4 bytes), align: 2
  Segment part 16.            Intra module refs:   Segment part 62
           ENTRY                   ADDRESS         REF BY
           =====                   =======         ======
           icsm                    000008D4 
    -------------------------------------------------------------------------
DATA_Z
  Segment part 17. NOT NEEDED.
           ENTRY                   ADDRESS         REF BY
           =====                   =======         ======
           under_idle              
    -------------------------------------------------------------------------
DATA_Z
  Segment part 18. NOT NEEDED.
           ENTRY                   ADDRESS         REF BY
           =====                   =======         ======
           icsmd                   
    -------------------------------------------------------------------------
DATA_Z
  Relative segment, address: CODE_AREA 000008D8 - 000008DB (0x4 bytes), align: 2
  Segment part 19.            Intra module refs:   Segment part 63
           ENTRY                   ADDRESS         REF BY
           =====                   =======         ======
           old_icsm_onMessage      000008D8 
    -------------------------------------------------------------------------
CODE
  Relative segment, address: CODE_AREA 000003F4 - 0000043F (0x4c bytes), align: 2
  Segment part 48.            Intra module refs:   maincsm_onmessage
           ENTRY                   ADDRESS         REF BY
           =====                   =======         ======
           strcmp_nocase           000003F4 
    -------------------------------------------------------------------------
CODE
  Segment part 49. NOT NEEDED.
    -------------------------------------------------------------------------
DATA_Z
  Relative segment, address: CODE_AREA 000008DC - 0000095B (0x80 bytes), align: 2
  Segment part 20.            Intra module refs:   MyIDLECSM_onMessage
           ENTRY                   ADDRESS         REF BY
           =====                   =======         ======
           name                    000008DC 
    -------------------------------------------------------------------------
DATA_Z
  Relative segment, address: CODE_AREA 0000095C - 00000963 (0x8 bytes), align: 2
  Segment part 21.            Intra module refs:   MyIDLECSM_onMessage
           ENTRY                   ADDRESS         REF BY
           =====                   =======         ======
           d                       0000095C 
    -------------------------------------------------------------------------
DATA_Z
  Relative segment, address: CODE_AREA 00000964 - 0000096B (0x8 bytes), align: 2
  Segment part 22.            Intra module refs:   MyIDLECSM_onMessage
           ENTRY                   ADDRESS         REF BY
           =====                   =======         ======
           t                       00000964 
    -------------------------------------------------------------------------
DATA_Z
  Relative segment, address: CODE_AREA 0000096C - 0000096F (0x4 bytes), align: 2
  Segment part 23.            Intra module refs:   Segment part 59
           ENTRY                   ADDRESS         REF BY
           =====                   =======         ======
           f                       0000096C 
    -------------------------------------------------------------------------
DATA_Z
  Relative segment, address: CODE_AREA 00000970 - 000009EF (0x80 bytes), align: 2
  Segment part 24.            Intra module refs:   MyIDLECSM_onMessage
           ENTRY                   ADDRESS         REF BY
           =====                   =======         ======
           msgs                    00000970 
    -------------------------------------------------------------------------
CODE
  Relative segment, address: CODE_AREA 00000440 - 00000547 (0x108 bytes), align: 2
  Segment part 50.            Intra module refs:   main
           ENTRY                   ADDRESS         REF BY
           =====                   =======         ======
           MyIDLECSM_onMessage     00000440 
               stack 1 = 00000000 ( 0000002C )
    -------------------------------------------------------------------------
CODE
  Segment part 51. NOT NEEDED.
    -------------------------------------------------------------------------
CODE
  Relative segment, address: CODE_AREA 00000548 - 00000597 (0x50 bytes), align: 2
  Segment part 52.            Intra module refs:   Segment part 26
           ENTRY                   ADDRESS         REF BY
           =====                   =======         ======
           maincsm_onmessage       00000548 
               stack 1 = 00000000 ( 00000004 )
    -------------------------------------------------------------------------
CODE
  Segment part 53. NOT NEEDED.
    -------------------------------------------------------------------------
CODE
  Relative segment, address: CODE_AREA 00000598 - 000005C3 (0x2c bytes), align: 2
  Segment part 54.            Intra module refs:   Segment part 26
           LOCAL                   ADDRESS         
           =====                   =======         
           maincsm_oncreate        00000598 
               stack 1 = 00000000 ( 00000004 )
    -------------------------------------------------------------------------
CODE
  Segment part 55. NOT NEEDED.
    -------------------------------------------------------------------------
CODE
  Relative segment, address: CODE_AREA 000005C4 - 000005DF (0x1c bytes), align: 2
  Segment part 56.            Intra module refs:   maincsm_onclose
           LOCAL                   ADDRESS         
           =====                   =======         
           Killer                  000005C4 
               stack 1 = 00000000 ( 00000004 )
    -------------------------------------------------------------------------
CODE
  Segment part 57. NOT NEEDED.
    -------------------------------------------------------------------------
CODE
  Relative segment, address: CODE_AREA 000005E0 - 0000061B (0x3c bytes), align: 2
  Segment part 58.            Intra module refs:   Segment part 26
           LOCAL                   ADDRESS         
           =====                   =======         
           maincsm_onclose         000005E0 
               stack 1 = 00000000 ( 00000004 )
    -------------------------------------------------------------------------
CODE
  Relative segment, address: CODE_AREA 0000061C - 0000061F (0x4 bytes), align: 2
  Segment part 59.            Intra module refs:   MyIDLECSM_onMessage
                                                   maincsm_onclose
                                                   maincsm_oncreate
    -------------------------------------------------------------------------
CODE
  Segment part 60. NOT NEEDED.
    -------------------------------------------------------------------------
DATA_Z
  Relative segment, address: CODE_AREA 000009F0 - 00000B07 (0x118 bytes), align: 2
  Segment part 25.            Intra module refs:   Segment part 26
    -------------------------------------------------------------------------
DATA_C
  Relative segment, address: CODE_AREA 00000768 - 000007A3 (0x3c bytes), align: 2
  Segment part 26.            Intra module refs:   main
    -------------------------------------------------------------------------
CODE
  Relative segment, address: CODE_AREA 00000620 - 000006CB (0xac bytes), align: 2
  Segment part 61.
           ENTRY                   ADDRESS         REF BY
           =====                   =======         ======
           main                    00000620        Absolute parts (?ABS_ENTRY_MOD)
               stack 1 = 00000000 ( 00000038 )
    -------------------------------------------------------------------------
CODE
  Relative segment, address: CODE_AREA 000006CC - 000006CF (0x4 bytes), align: 2
  Segment part 62.            Intra module refs:   main
                                                   maincsm_onclose
    -------------------------------------------------------------------------
CODE
  Relative segment, address: CODE_AREA 000006D0 - 000006D3 (0x4 bytes), align: 2
  Segment part 63.            Intra module refs:   MyIDLECSM_onMessage
                                                   main
                                                   maincsm_onclose
    -------------------------------------------------------------------------
CODE
  Segment part 64. NOT NEEDED.
    -------------------------------------------------------------------------
CODE
  Segment part 65. NOT NEEDED.
    -------------------------------------------------------------------------
CODE
  Segment part 66. NOT NEEDED.
    -------------------------------------------------------------------------
CODE
  Segment part 67. NOT NEEDED.
    -------------------------------------------------------------------------
CODE
  Segment part 68. NOT NEEDED.Intra module refs:   main
                                                   maincsm_onmessage
    -------------------------------------------------------------------------
CODE
  Segment part 69. NOT NEEDED.Intra module refs:   Killer
    -------------------------------------------------------------------------
CSTACK
  Segment part 1. NOT NEEDED.
    -------------------------------------------------------------------------
INITTAB
  Relative segment, address: CODE_AREA 000007B4 - 000007BF (0xc bytes), align: 2
  Segment part 70. ROOT.
           ENTRY                   ADDRESS         REF BY
           =====                   =======         ======
           ?init?tab?DATA_Z        000007B4 




                ****************************************
                *                                      *
                *            MODULE SUMMARY            *
                *                                      *
                ****************************************

Module        CODE   DATA
------        ----   ----
             (Rel)  (Rel)
conf_loader    413      4
config_data    508
func             8
main         2 400
------       -----      -
Total:       3 329      4


                ****************************************
                *                                      *
                *              CALL GRAPH              *
                *                                      *
                ****************************************

  ->Sub-tree of type: Indirectly called function tree that does not make
                    : indirect calls (Is not an interrupt and is not flagged
                    : as not overlayable)
                             CSTACK
    | Stack used (prev) :  00000000
  01  MyIDLECSM_onMessage
      | Stack used (prev) :  00000000
      | + function block  :  0000002C
  <-Sub-tree of type: Indirectly called function tree that does not make
                    : indirect calls (Is not an interrupt and is not flagged
                    : as not overlayable)
    | Stack used          :  0000002C


  ->Sub-tree of type: Indirectly called function tree that does not make
                    : indirect calls (Is not an interrupt and is not flagged
                    : as not overlayable)
                             CSTACK
    | Stack used (prev) :  00000000
  01  maincsm_onmessage
      | Stack used (prev) :  00000000
      | + function block  :  00000004
  <-Sub-tree of type: Indirectly called function tree that does not make
                    : indirect calls (Is not an interrupt and is not flagged
                    : as not overlayable)
    | Stack used          :  00000004


  ->Sub-tree of type: Indirectly called function tree that does not make
                    : indirect calls (Is not an interrupt and is not flagged
                    : as not overlayable)
                             CSTACK
    | Stack used (prev) :  00000000
  01  maincsm_oncreate
      | Stack used (prev) :  00000000
      | + function block  :  00000004
  <-Sub-tree of type: Indirectly called function tree that does not make
                    : indirect calls (Is not an interrupt and is not flagged
                    : as not overlayable)
    | Stack used          :  00000004


  ->Sub-tree of type: Indirectly called function tree that does not make
                    : indirect calls (Is not an interrupt and is not flagged
                    : as not overlayable)
                             CSTACK
    | Stack used (prev) :  00000000
  01  Killer
      | Stack used (prev) :  00000000
      | + function block  :  00000004
  <-Sub-tree of type: Indirectly called function tree that does not make
                    : indirect calls (Is not an interrupt and is not flagged
                    : as not overlayable)
    | Stack used          :  00000004


  ->Sub-tree of type: Indirectly called function tree that does not make
                    : indirect calls (Is not an interrupt and is not flagged
                    : as not overlayable)
                             CSTACK
    | Stack used (prev) :  00000000
  01  maincsm_onclose
      | Stack used (prev) :  00000000
      | + function block  :  00000004
  <-Sub-tree of type: Indirectly called function tree that does not make
                    : indirect calls (Is not an interrupt and is not flagged
                    : as not overlayable)
    | Stack used          :  00000004


  ->Sub-tree of type: Function tree
                             CSTACK
    | Stack used (prev) :  0000002C
  01  LoadConfigData
      | Stack used (prev) :  0000002C
      | + function block  :  00000030
  <-Sub-tree of type: Function tree
    | Stack used          :  0000005C


  ->Sub-tree of type: Function tree
                             CSTACK
    | Stack used (prev) :  0000005C
  01  InitConfig
      | Stack used (prev) :  0000005C
      | + function block  :  00000004
  <-Sub-tree of type: Function tree
    | Stack used          :  00000060


  ->Sub-tree of type: Function tree
                             CSTACK
    | Stack used (prev) :  00000060
  01  Obs_CreateAmrFile
      | Stack used (prev) :  00000060
      | + function block  :  00000024
  <-Sub-tree of type: Function tree
    | Stack used          :  00000084


  ->Sub-tree of type: Function tree
                             CSTACK
    | Stack used (prev) :  00000084
  01  Obs_StopAmrWrite
      | Stack used (prev) :  00000084
      | + function block  :  00000004
  <-Sub-tree of type: Function tree
    | Stack used          :  00000088


  ->Sub-tree of type: Function tree
                             CSTACK
    | Stack used (prev) :  00000088
  01  Obs_StartAmrWrite
      | Stack used (prev) :  00000088
      | + function block  :  00000004
  <-Sub-tree of type: Function tree
    | Stack used          :  0000008C


  ->Sub-tree of type: Function tree
                             CSTACK
    | Stack used (prev) :  0000008C
  01  Obs_DeleteObj
      | Stack used (prev) :  0000008C
      | + function block  :  00000004
  <-Sub-tree of type: Function tree
    | Stack used          :  00000090


  ->Sub-tree of type: Function tree
                             CSTACK
    | Stack used (prev) :  00000090
  01  strcmp_nocase
      | Stack used (prev) :  00000090
      | + function block  :  00000000
  <-Sub-tree of type: Function tree
    | Stack used          :  00000090


  ->Sub-tree of type: Function tree
                             CSTACK
    | Stack used (prev) :  00000090
  01  main
      | Stack used (prev) :  00000090
      | + function block  :  00000038
  <-Sub-tree of type: Function tree
    | Stack used          :  000000C8




                ****************************************
                *                                      *
                *      SEGMENTS IN ADDRESS ORDER       *
                *                                      *
                ****************************************


SEGMENT              SPACE    START ADDRESS   END ADDRESS     SIZE  TYPE  ALIGN
=======              =====    =============   ===========     ====  ====  =====
ELFBEGIN             CODE_AREA           00000000                     rel    0
DATA_ID              CODE_AREA      00000000 - 00000003           4   rel    2
START                CODE_AREA           00000004                     dse    0
CODE                 CODE_AREA      00000004 - 000006D3         6D0   rel    2
DATA_C               CODE_AREA      000006D4 - 000007A4          D1   rel    2
INITTAB              CODE_AREA      000007A8 - 000007BF          18   rel    2
DATA_Z               CODE_AREA      000007C0 - 00000B07         348   rel    2
DATA_N               CODE_AREA           00000B08                     dse    0
CONFIG_C             CODE_AREA      00000B08 - 00000D03         1FC   rel    2
DATA_I               DATA_AREA      00000000 - 00000003           4   rel    2

                ****************************************
                *                                      *
                *        END OF CROSS REFERENCE        *
                *                                      *
                ****************************************

 3 329 bytes of CODE memory
     4 bytes of DATA memory

Errors: none
Warnings: none

