################################################################################
#                                                                              #
#      IAR Universal Linker V4.60E/386                                         #
#                                                                              #
#           Link time     =  17/Feb/2008  13:27:05                             #
#           Target CPU    =  ARM                                               #
#           List file     =  D:\Pasha\elf\_MY_PROJECT\converter\Release_ELKA\L #
#                            ist\zMNUEdit_ELKA.map                             #
#           Output file 1 =  D:\Pasha\elf\_MY_PROJECT\converter\Release_ELKA\E #
#                            xe\zMNUEdit_ELKA.elf                              #
#                            Format: elf, variant: -ynpra                      #
#           Command line  =  D:\Pasha\elf\_MY_PROJECT\converter\Release_ELKA\O #
#                            bj\main.r79                                       #
#                            D:\Pasha\elf\_MY_PROJECT\converter\Release_ELKA\O #
#                            bj\menu.r79                                       #
#                            -o                                                #
#                            D:\Pasha\elf\_MY_PROJECT\converter\Release_ELKA\E #
#                            xe\zMNUEdit_ELKA.elf                              #
#                            -Felf -l                                          #
#                            D:\Pasha\elf\_MY_PROJECT\converter\Release_ELKA\L #
#                            ist\zMNUEdit_ELKA.map                             #
#                            -xmsnio -f D:\Pasha\elf\test.xcl (-carm           #
#                            -V(CODE)CODE_AREA,12 -V(DATA)DATA_AREA,12         #
#                            -Z(CODE_AREA)ELFBEGIN,DATA_ID,START,CODE,DATA_C,I #
#                            NITTAB,DATA_Z,DATA_N,CONFIG_C=0-FFFFFFFF          #
#                            -Z(DATA_AREA)DATA_I=0-FFFFFFFF) -ynpra            #
#                            "D:\Pasha\ARM_Embedded_Workbench\Embedded Workben #
#                            ch 4.0 Evaluation\ARM\LIB\dl5tpainl8n.r79"        #
#                            -s main                                           #
#                                                                              #
#                        Copyright 1987-2006 IAR Systems. All rights reserved. #
################################################################################





                ****************************************
                *                                      *
                *           CROSS REFERENCE            *
                *                                      *
                ****************************************

       Program entry at : CODE_AREA 00000C54  Relocatable, from module : main




                ****************************************
                *                                      *
                *            RUNTIME MODEL             *
                *                                      *
                ****************************************

  StackAlign4   = USED
  StackAlign8   = USED
  __cpu_mode    = __pcs__interwork
  __data_model  = absolute
  __endian      = little
  __rt_version  = 6
  __thumb_aware = enabled



                ****************************************
                *                                      *
                *              MODULE MAP              *
                *                                      *
                ****************************************


  DEFINED ABSOLUTE ENTRIES
    *************************************************************************

  DEFINED ABSOLUTE ENTRIES
    *************************************************************************

  FILE NAME : D:\Pasha\elf\_MY_PROJECT\converter\Release_ELKA\Obj\main.r79
  PROGRAM MODULE, NAME : main

  SEGMENTS IN THE MODULE
  ======================
DATA_Z
  Segment part 15. NOT NEEDED.
           ENTRY                   ADDRESS         REF BY
           =====                   =======         ======
           icsmd                   
    -------------------------------------------------------------------------
DATA_Z
  Segment part 18. NOT NEEDED.
           ENTRY                   ADDRESS         REF BY
           =====                   =======         ======
           old_icsm_onMessage      
    -------------------------------------------------------------------------
DATA_Z
  Segment part 19. NOT NEEDED.
           ENTRY                   ADDRESS         REF BY
           =====                   =======         ======
           MAINCSM_ID              
    -------------------------------------------------------------------------
DATA_Z
  Segment part 20. NOT NEEDED.
           ENTRY                   ADDRESS         REF BY
           =====                   =======         ======
           MAINGUI_ID              
    -------------------------------------------------------------------------
DATA_C
  Relative segment, address: CODE_AREA 00002F80 - 00002FB3 (0x34 bytes), align: 2
  Segment part 2.             Intra module refs:   ed_create
           ENTRY                   ADDRESS         REF BY
           =====                   =======         ======
           per_s                   00002F83 
           per_t                   00002F80 
    -------------------------------------------------------------------------
DATA_C
  Relative segment, address: CODE_AREA 00002FB4 - 00002FC3 (0x10 bytes), align: 2
  Segment part 3.             Intra module refs:   input
    -------------------------------------------------------------------------
DATA_C
  Segment part 4. NOT NEEDED.
    -------------------------------------------------------------------------
DATA_C
  Relative segment, address: CODE_AREA 00002FC4 - 00002FCB (0x8 bytes), align: 2
  Segment part 5.             Intra module refs:   Segment part 31
                                                   Segment part 33
    -------------------------------------------------------------------------
DATA_C
  Relative segment, address: CODE_AREA 00002FCC - 00003007 (0x3c bytes), align: 2
  Segment part 6.             Intra module refs:   about
    -------------------------------------------------------------------------
DATA_C
  Segment part 7. NOT NEEDED.
    -------------------------------------------------------------------------
DATA_C
  Relative segment, address: CODE_AREA 00003008 - 0000300B (0x4 bytes), align: 2
  Segment part 8.             Intra module refs:   Segment part 17
    -------------------------------------------------------------------------
DATA_C
  Relative segment, address: CODE_AREA 0000300C - 0000300F (0x4 bytes), align: 2
  Segment part 9.             Intra module refs:   Segment part 17
    -------------------------------------------------------------------------
DATA_C
  Relative segment, address: CODE_AREA 00003010 - 00003013 (0x4 bytes), align: 2
  Segment part 10.            Intra module refs:   Segment part 17
    -------------------------------------------------------------------------
DATA_C
  Relative segment, address: CODE_AREA 00003014 - 00003017 (0x4 bytes), align: 2
  Segment part 11.            Intra module refs:   Segment part 17
    -------------------------------------------------------------------------
DATA_C
  Relative segment, address: CODE_AREA 00003018 - 0000301F (0x8 bytes), align: 2
  Segment part 12.            Intra module refs:   Segment part 35
    -------------------------------------------------------------------------
DATA_C
  Relative segment, address: CODE_AREA 00003020 - 00003023 (0x4 bytes), align: 2
  Segment part 13.            Intra module refs:   Segment part 35
    -------------------------------------------------------------------------
DATA_Z
  Segment part 23. NOT NEEDED.
           ENTRY                   ADDRESS         REF BY
           =====                   =======         ======
           my_csm_id               
    -------------------------------------------------------------------------
DATA_Z
  Segment part 24. NOT NEEDED.
           ENTRY                   ADDRESS         REF BY
           =====                   =======         ======
           err                     
    -------------------------------------------------------------------------
CODE
  Segment part 40. NOT NEEDED.
    -------------------------------------------------------------------------
CODE
  Segment part 41. NOT NEEDED.
           ENTRY                   ADDRESS         REF BY
           =====                   =======         ======
           get_file_size           
               not allocated function
    -------------------------------------------------------------------------
CODE
  Segment part 42. NOT NEEDED.
    -------------------------------------------------------------------------
CODE
  Segment part 43. NOT NEEDED.
           ENTRY                   ADDRESS         REF BY
           =====                   =======         ======
           mess                    
               not allocated function
    -------------------------------------------------------------------------
CODE
  Segment part 44. NOT NEEDED.
    -------------------------------------------------------------------------
CODE
  Segment part 45. NOT NEEDED.
           ENTRY                   ADDRESS         REF BY
           =====                   =======         ======
           mess2                   
               not allocated function
    -------------------------------------------------------------------------
CODE
  Segment part 46. NOT NEEDED.
    -------------------------------------------------------------------------
CODE
  Segment part 47. NOT NEEDED.
           ENTRY                   ADDRESS         REF BY
           =====                   =======         ======
           messd                   
               not allocated function
    -------------------------------------------------------------------------
CODE
  Segment part 48. NOT NEEDED.
    -------------------------------------------------------------------------
CODE
  Relative segment, address: CODE_AREA 00000164 - 000001A3 (0x40 bytes), align: 2
  Segment part 49.
           ENTRY                   ADDRESS         REF BY
           =====                   =======         ======
           about                   00000164        menu_onkey2 (menu)
               stack 1 = 00000000 ( 00000088 )
    -------------------------------------------------------------------------
CODE
  Segment part 50. NOT NEEDED.
    -------------------------------------------------------------------------
CODE
  Relative segment, address: CODE_AREA 000001A4 - 0000028B (0xe8 bytes), align: 2
  Segment part 51.            Intra module refs:   ed_create
           ENTRY                   ADDRESS         REF BY
           =====                   =======         ======
           dec2boh                 000001A4 
               stack 1 = 00000000 ( 00000024 )
    -------------------------------------------------------------------------
CODE
  Segment part 52. NOT NEEDED.
    -------------------------------------------------------------------------
CODE
  Relative segment, address: CODE_AREA 0000028C - 00000337 (0xac bytes), align: 2
  Segment part 53.            Intra module refs:   ed_create
           ENTRY                   ADDRESS         REF BY
           =====                   =======         ======
           boh2dec                 0000028C 
               stack 1 = 00000000 ( 00000024 )
    -------------------------------------------------------------------------
CODE
  Segment part 54. NOT NEEDED.
    -------------------------------------------------------------------------
CODE
  Relative segment, address: CODE_AREA 00000338 - 00000387 (0x50 bytes), align: 2
  Segment part 55.            Intra module refs:   Segment part 26
           ENTRY                   ADDRESS         REF BY
           =====                   =======         ======
           empty_onkey             00000338 
               stack 1 = 00000000 ( 00000008 )
    -------------------------------------------------------------------------
CODE
  Segment part 56. NOT NEEDED.
    -------------------------------------------------------------------------
DATA_Z
  Relative segment, address: CODE_AREA 000031C8 - 000031CF (0x8 bytes), align: 2
  Segment part 27.            Intra module refs:   Segment part 29
           ENTRY                   ADDRESS         REF BY
           =====                   =======         ======
           sk                      000031C8 
    -------------------------------------------------------------------------
CODE
  Relative segment, address: CODE_AREA 00000388 - 0000038B (0x4 bytes), align: 2
  Segment part 57.            Intra module refs:   Segment part 26
           ENTRY                   ADDRESS         REF BY
           =====                   =======         ======
           empty_locret            00000388 
    -------------------------------------------------------------------------
CODE
  Segment part 58. NOT NEEDED.
    -------------------------------------------------------------------------
CODE
  Relative segment, address: CODE_AREA 0000038C - 000003BB (0x30 bytes), align: 2
  Segment part 59.            Intra module refs:   Segment part 26
           ENTRY                   ADDRESS         REF BY
           =====                   =======         ======
           empty_ghook             0000038C 
               stack 1 = 00000000 ( 00000004 )
    -------------------------------------------------------------------------
CODE
  Segment part 60. NOT NEEDED.
    -------------------------------------------------------------------------
CODE
  Relative segment, address: CODE_AREA 000003BC - 00000A27 (0x66c bytes), align: 2
  Segment part 61.            Intra module refs:   pos_onkey
           ENTRY                   ADDRESS         REF BY
           =====                   =======         ======
           ed_create               000003BC 
               stack 1 = 00000000 ( 00000084 )
    -------------------------------------------------------------------------
CODE
  Segment part 62. NOT NEEDED.
    -------------------------------------------------------------------------
CODE
  Relative segment, address: CODE_AREA 00000A28 - 00000A8B (0x64 bytes), align: 2
  Segment part 63.            Intra module refs:   Segment part 17
           ENTRY                   ADDRESS         REF BY
           =====                   =======         ======
           pos_onkey               00000A28 
               stack 1 = 00000000 ( 00000058 )
    -------------------------------------------------------------------------
CODE
  Segment part 64. NOT NEEDED.
    -------------------------------------------------------------------------
CODE
  Relative segment, address: CODE_AREA 00000A8C - 00000ABB (0x30 bytes), align: 2
  Segment part 65.            Intra module refs:   Segment part 17
           ENTRY                   ADDRESS         REF BY
           =====                   =======         ======
           pos_ghook               00000A8C 
               stack 1 = 00000000 ( 00000004 )
    -------------------------------------------------------------------------
CODE
  Segment part 66. NOT NEEDED.
    -------------------------------------------------------------------------
CODE
  Relative segment, address: CODE_AREA 00000ABC - 00000ABF (0x4 bytes), align: 2
  Segment part 67.            Intra module refs:   Segment part 17
           ENTRY                   ADDRESS         REF BY
           =====                   =======         ======
           pos_locret              00000ABC 
    -------------------------------------------------------------------------
CODE
  Segment part 68. NOT NEEDED.
    -------------------------------------------------------------------------
DATA_I
  Relative segment, address: DATA_AREA 00000000 - 000000A7 (0xa8 bytes), align: 2
  Segment part 16.            Intra module refs:   Segment part 17
                                                   empty_onkey
                                                   input
                                                   pos_onkey
           ENTRY                   ADDRESS         REF BY
           =====                   =======         ======
           cc                      00000058 
           conv                    00000054 
           hdr                     00000068 
           id_ed                   0000004C 
           id_ed2                  00000050 
           pos_desc                00000000 
           pos_hdr                 00000038 
    -------------------------------------------------------------------------
DATA_I
  Relative segment, address: DATA_AREA 000000A8 - 000000FE (0x57 bytes), align: 2
  Segment part 25.            Intra module refs:   dec2boh
                                                   ed_create
           ENTRY                   ADDRESS         REF BY
           =====                   =======         ======
           disk_prop_hdr           000000E0 
           edit_desc               000000A8 
           id_create               000000F8 
           len                     000000F4 
           per_d                   000000FC 
    -------------------------------------------------------------------------
DATA_I
  Relative segment, address: DATA_AREA 00000100 - 00000107 (0x8 bytes), align: 2
  Segment part 28.            Intra module refs:   Segment part 26
           ENTRY                   ADDRESS         REF BY
           =====                   =======         ======
           skt                     00000100 
    -------------------------------------------------------------------------
DATA_I
  Relative segment, address: DATA_AREA 00000108 - 0000010F (0x8 bytes), align: 2
  Segment part 30.            Intra module refs:   empty_ghook
    -------------------------------------------------------------------------
DATA_I
  Relative segment, address: DATA_AREA 00000110 - 00000117 (0x8 bytes), align: 2
  Segment part 32.            Intra module refs:   pos_ghook
    -------------------------------------------------------------------------
DATA_I
  Relative segment, address: DATA_AREA 00000118 - 0000012F (0x18 bytes), align: 2
  Segment part 34.            Intra module refs:   Segment part 37
           ENTRY                   ADDRESS         REF BY
           =====                   =======         ======
           menu_sk                 00000118 
    -------------------------------------------------------------------------
DATA_I
  Relative segment, address: DATA_AREA 00000130 - 00000137 (0x8 bytes), align: 2
  Segment part 36.            Intra module refs:   Segment part 17
           ENTRY                   ADDRESS         REF BY
           =====                   =======         ======
           menu_skt                00000130 
    -------------------------------------------------------------------------
CODE
  Relative segment, address: CODE_AREA 00000AC0 - 00000BDB (0x11c bytes), align: 2
  Segment part 69.
           ENTRY                   ADDRESS         REF BY
           =====                   =======         ======
           input                   00000AC0        menu_onkey2 (menu)
               stack 1 = 00000000 ( 00000044 )
    -------------------------------------------------------------------------
CODE
  Segment part 70. NOT NEEDED.
    -------------------------------------------------------------------------
CODE
  Relative segment, address: CODE_AREA 00000BDC - 00000BEF (0x14 bytes), align: 2
  Segment part 71.            Intra module refs:   MAINCSM
           ENTRY                   ADDRESS         REF BY
           =====                   =======         ======
           maincsm_oncreate        00000BDC 
               stack 1 = 00000000 ( 00000008 )
    -------------------------------------------------------------------------
CODE
  Segment part 72. NOT NEEDED.
    -------------------------------------------------------------------------
CODE
  Relative segment, address: CODE_AREA 00000BF0 - 00000BF3 (0x4 bytes), align: 2
  Segment part 73.            Intra module refs:   maincsm_onclose
           ENTRY                   ADDRESS         REF BY
           =====                   =======         ======
           Killer                  00000BF0 
    -------------------------------------------------------------------------
CODE
  Segment part 74. NOT NEEDED.
    -------------------------------------------------------------------------
CODE
  Relative segment, address: CODE_AREA 00000BF4 - 00000C07 (0x14 bytes), align: 2
  Segment part 75.            Intra module refs:   MAINCSM
           ENTRY                   ADDRESS         REF BY
           =====                   =======         ======
           maincsm_onclose         00000BF4 
               stack 1 = 00000000 ( 00000004 )
    -------------------------------------------------------------------------
CODE
  Segment part 76. NOT NEEDED.
    -------------------------------------------------------------------------
CODE
  Relative segment, address: CODE_AREA 00000C08 - 00000C37 (0x30 bytes), align: 2
  Segment part 77.            Intra module refs:   MAINCSM
           ENTRY                   ADDRESS         REF BY
           =====                   =======         ======
           maincsm_onmessage       00000C08 
    -------------------------------------------------------------------------
CODE
  Segment part 78. NOT NEEDED.
    -------------------------------------------------------------------------
DATA_Z
  Relative segment, address: CODE_AREA 000031D0 - 000032E7 (0x118 bytes), align: 2
  Segment part 38.            Intra module refs:   MAINCSM
           ENTRY                   ADDRESS         REF BY
           =====                   =======         ======
           maincsm_name_body       000031D0 
    -------------------------------------------------------------------------
DATA_C
  Relative segment, address: CODE_AREA 00003024 - 0000306B (0x48 bytes), align: 2
  Segment part 14.            Intra module refs:   UpdateCSMname
                                                   main
           ENTRY                   ADDRESS         REF BY
           =====                   =======         ======
           MAINCSM                 00003030 
    -------------------------------------------------------------------------
DATA_C
  Relative segment, address: CODE_AREA 0000306C - 0000306F (0x4 bytes), align: 2
  Segment part 21.            Intra module refs:   MAINCSM
           ENTRY                   ADDRESS         REF BY
           =====                   =======         ======
           minus11                 0000306C 
    -------------------------------------------------------------------------
DATA_C
  Segment part 22. NOT NEEDED.
           ENTRY                   ADDRESS         REF BY
           =====                   =======         ======
           empty_str               
    -------------------------------------------------------------------------
CODE
  Relative segment, address: CODE_AREA 00000C38 - 00000C53 (0x1c bytes), align: 2
  Segment part 79.            Intra module refs:   main
           ENTRY                   ADDRESS         REF BY
           =====                   =======         ======
           UpdateCSMname           00000C38 
               stack 1 = 00000000 ( 00000004 )
    -------------------------------------------------------------------------
CODE
  Segment part 80. NOT NEEDED.
    -------------------------------------------------------------------------
DATA_Z
  Relative segment, address: CODE_AREA 000032E8 - 000032EB (0x4 bytes), align: 2
  Segment part 39.            Intra module refs:   main
           ENTRY                   ADDRESS         REF BY
           =====                   =======         ======
           maincsm_id              000032E8 
    -------------------------------------------------------------------------
CODE
  Relative segment, address: CODE_AREA 00000C54 - 00000C93 (0x40 bytes), align: 2
  Segment part 81.
           ENTRY                   ADDRESS         REF BY
           =====                   =======         ======
           main                    00000C54        Absolute parts (?ABS_ENTRY_MOD)
               stack 1 = 00000000 ( 00000030 )
    -------------------------------------------------------------------------
CODE
  Segment part 82. NOT NEEDED.Intra module refs:   dec2boh
    -------------------------------------------------------------------------
CODE
  Segment part 83. NOT NEEDED.Intra module refs:   boh2dec
    -------------------------------------------------------------------------
CODE
  Segment part 84. NOT NEEDED.Intra module refs:   boh2dec
    -------------------------------------------------------------------------
CODE
  Segment part 85. NOT NEEDED.Intra module refs:   boh2dec
    -------------------------------------------------------------------------
CODE
  Segment part 86. NOT NEEDED.Intra module refs:   boh2dec
    -------------------------------------------------------------------------
CODE
  Segment part 87. NOT NEEDED.Intra module refs:   ed_create
    -------------------------------------------------------------------------
CODE
  Segment part 88. NOT NEEDED.Intra module refs:   maincsm_oncreate
    -------------------------------------------------------------------------
CSTACK
  Segment part 1. NOT NEEDED.
    -------------------------------------------------------------------------
DATA_ID
  Relative segment, address: CODE_AREA 00000000 - 000000A7 (0xa8 bytes), align: 2
  Segment part 17.            Intra module refs:   Segment part 16
    -------------------------------------------------------------------------
DATA_ID
  Relative segment, address: CODE_AREA 000000A8 - 000000FE (0x57 bytes), align: 2
  Segment part 26.            Intra module refs:   Segment part 25
    -------------------------------------------------------------------------
DATA_ID
  Relative segment, address: CODE_AREA 00000100 - 00000107 (0x8 bytes), align: 2
  Segment part 29.            Intra module refs:   skt
    -------------------------------------------------------------------------
DATA_ID
  Relative segment, address: CODE_AREA 00000108 - 0000010F (0x8 bytes), align: 2
  Segment part 31.            Intra module refs:   Segment part 30
    -------------------------------------------------------------------------
DATA_ID
  Relative segment, address: CODE_AREA 00000110 - 00000117 (0x8 bytes), align: 2
  Segment part 33.            Intra module refs:   Segment part 32
    -------------------------------------------------------------------------
DATA_ID
  Relative segment, address: CODE_AREA 00000118 - 0000012F (0x18 bytes), align: 2
  Segment part 35.            Intra module refs:   menu_sk
    -------------------------------------------------------------------------
DATA_ID
  Relative segment, address: CODE_AREA 00000130 - 00000137 (0x8 bytes), align: 2
  Segment part 37.            Intra module refs:   menu_skt
    -------------------------------------------------------------------------
DATA_ID
  Segment part 89. NOT NEEDED.
           ENTRY                   ADDRESS         REF BY
           =====                   =======         ======
           ?*?DATA_ID              
    -------------------------------------------------------------------------
INITTAB
  Relative segment, address: CODE_AREA 000031B0 - 000031BB (0xc bytes), align: 2
  Segment part 90. ROOT.
           ENTRY                   ADDRESS         REF BY
           =====                   =======         ======
           ?init?tab?DATA_I        000031B0 
    -------------------------------------------------------------------------
INITTAB
  Relative segment, address: CODE_AREA 000031BC - 000031C7 (0xc bytes), align: 2
  Segment part 91. ROOT.
           ENTRY                   ADDRESS         REF BY
           =====                   =======         ======
           ?init?tab?DATA_Z        000031BC 

    *************************************************************************

  FILE NAME : D:\Pasha\elf\_MY_PROJECT\converter\Release_ELKA\Obj\menu.r79
  PROGRAM MODULE, NAME : menu

  SEGMENTS IN THE MODULE
  ======================
DATA_C
  Relative segment, address: CODE_AREA 00003070 - 00003077 (0x8 bytes), align: 2
  Segment part 2.             Intra module refs:   Segment part 15
    -------------------------------------------------------------------------
DATA_C
  Relative segment, address: CODE_AREA 00003078 - 0000307F (0x8 bytes), align: 2
  Segment part 3.             Intra module refs:   Segment part 15
    -------------------------------------------------------------------------
DATA_C
  Relative segment, address: CODE_AREA 00003080 - 00003087 (0x8 bytes), align: 2
  Segment part 4.             Intra module refs:   Segment part 15
    -------------------------------------------------------------------------
DATA_C
  Relative segment, address: CODE_AREA 00003088 - 0000308F (0x8 bytes), align: 2
  Segment part 5.             Intra module refs:   Segment part 15
    -------------------------------------------------------------------------
DATA_C
  Relative segment, address: CODE_AREA 00003090 - 00003097 (0x8 bytes), align: 2
  Segment part 6.             Intra module refs:   menu_
    -------------------------------------------------------------------------
DATA_C
  Relative segment, address: CODE_AREA 00003098 - 0000309F (0x8 bytes), align: 2
  Segment part 7.             Intra module refs:   menu_
    -------------------------------------------------------------------------
DATA_C
  Relative segment, address: CODE_AREA 000030A0 - 000030A7 (0x8 bytes), align: 2
  Segment part 8.             Intra module refs:   Segment part 13
    -------------------------------------------------------------------------
DATA_C
  Segment part 9. NOT NEEDED.
    -------------------------------------------------------------------------
DATA_C
  Segment part 10. NOT NEEDED.
    -------------------------------------------------------------------------
DATA_C
  Relative segment, address: CODE_AREA 000030A8 - 000030B7 (0x10 bytes), align: 2
  Segment part 11.            Intra module refs:   menu_iconhnd
    -------------------------------------------------------------------------
DATA_C
  Relative segment, address: CODE_AREA 000030B8 - 000030C3 (0xc bytes), align: 2
  Segment part 16.            Intra module refs:   menu
           ENTRY                   ADDRESS         REF BY
           =====                   =======         ======
           menusoftke              000030B8 
    -------------------------------------------------------------------------
DATA_C
  Relative segment, address: CODE_AREA 000030C4 - 000030DB (0x18 bytes), align: 2
  Segment part 17.            Intra module refs:   menu_s
           ENTRY                   ADDRESS         REF BY
           =====                   =======         ======
           menu_                   000030C4 
    -------------------------------------------------------------------------
DATA_C
  Relative segment, address: CODE_AREA 000030DC - 000030E3 (0x8 bytes), align: 2
  Segment part 18.            Intra module refs:   menu
           ENTRY                   ADDRESS         REF BY
           =====                   =======         ======
           menu_s                  000030DC 
    -------------------------------------------------------------------------
CODE
  Segment part 20. NOT NEEDED.
    -------------------------------------------------------------------------
CODE
  Relative segment, address: CODE_AREA 00000C94 - 00000C97 (0x4 bytes), align: 2
  Segment part 21.            Intra module refs:   menu
           ENTRY                   ADDRESS         REF BY
           =====                   =======         ======
           menu_ghook              00000C94 
    -------------------------------------------------------------------------
CODE
  Segment part 22. NOT NEEDED.
    -------------------------------------------------------------------------
DATA_I
  Relative segment, address: DATA_AREA 00000138 - 00000153 (0x1c bytes), align: 2
  Segment part 12.            Intra module refs:   ShowMainMenu
           ENTRY                   ADDRESS         REF BY
           =====                   =======         ======
           it                      00000150 
           menu_id                 0000014C        empty_onkey (main)
           menuhdr2                00000138 
    -------------------------------------------------------------------------
DATA_I
  Relative segment, address: DATA_AREA 00000154 - 00000163 (0x10 bytes), align: 2
  Segment part 14.            Intra module refs:   menu_iconhnd
           ENTRY                   ADDRESS         REF BY
           =====                   =======         ======
           menu_name               00000154 
    -------------------------------------------------------------------------
DATA_C
  Relative segment, address: CODE_AREA 000030E4 - 0000310F (0x2c bytes), align: 2
  Segment part 19.            Intra module refs:   ShowMainMenu
           ENTRY                   ADDRESS         REF BY
           =====                   =======         ======
           menu                    000030E4 
    -------------------------------------------------------------------------
CODE
  Relative segment, address: CODE_AREA 00000C98 - 00000D7B (0xe4 bytes), align: 2
  Segment part 23.            Intra module refs:   menu
           ENTRY                   ADDRESS         REF BY
           =====                   =======         ======
           menu_iconhnd            00000C98 
               stack 1 = 00000000 ( 00000020 )
    -------------------------------------------------------------------------
CODE
  Segment part 24. NOT NEEDED.
    -------------------------------------------------------------------------
CODE
  Relative segment, address: CODE_AREA 00000D7C - 00000DBB (0x40 bytes), align: 2
  Segment part 25.            Intra module refs:   menu
           ENTRY                   ADDRESS         REF BY
           =====                   =======         ======
           menu_onkey2             00000D7C 
               stack 1 = 00000000 ( 00000008 )
    -------------------------------------------------------------------------
CODE
  Segment part 26. NOT NEEDED.
    -------------------------------------------------------------------------
CODE
  Relative segment, address: CODE_AREA 00000DBC - 00000E2B (0x70 bytes), align: 2
  Segment part 27.
           ENTRY                   ADDRESS         REF BY
           =====                   =======         ======
           ShowMainMenu            00000DBC        maincsm_oncreate (main)
               stack 1 = 00000000 ( 00000018 )
    -------------------------------------------------------------------------
CODE
  Segment part 28. NOT NEEDED.Intra module refs:   menu_onkey2
    -------------------------------------------------------------------------
CODE
  Segment part 29. NOT NEEDED.Intra module refs:   menu_onkey2
    -------------------------------------------------------------------------
CSTACK
  Segment part 1. NOT NEEDED.
    -------------------------------------------------------------------------
DATA_ID
  Relative segment, address: CODE_AREA 00000138 - 00000153 (0x1c bytes), align: 2
  Segment part 13.            Intra module refs:   Segment part 12
    -------------------------------------------------------------------------
DATA_ID
  Relative segment, address: CODE_AREA 00000154 - 00000163 (0x10 bytes), align: 2
  Segment part 15.            Intra module refs:   menu_name
    -------------------------------------------------------------------------
DATA_ID
  Segment part 30. TENTATIVE. Used definition from main
           ENTRY                   ADDRESS         REF BY
           =====                   =======         ======
           ?*?DATA_ID              
    -------------------------------------------------------------------------
INITTAB
  Segment part 31. TENTATIVE. Used definition from main
           ENTRY                   ADDRESS         REF BY
           =====                   =======         ======
           ?init?tab?DATA_I        

    *************************************************************************

  FILE NAME : D:\Pasha\ARM_Embedded_Workbench\Embedded Workbench 4.0 Evaluation\ARM\LIB\dl5tpainl8n.r79
  LIBRARY MODULE, NAME : ?fpStatus

  SEGMENTS IN THE MODULE
  ======================
DATA_Z
  Relative segment, address: CODE_AREA 000032EC - 000032EF (0x4 bytes), align: 2
  Segment part 2.
           ENTRY                   ADDRESS         REF BY
           =====                   =======         ======
           __FloatingPointFlags    000032EC        Segment part 0 (?SetInvalidFlag)
    -------------------------------------------------------------------------
CODE
  Segment part 3. NOT NEEDED.
    -------------------------------------------------------------------------
CODE
  Segment part 4. NOT NEEDED.
           ENTRY                   ADDRESS         REF BY
           =====                   =======         ======
           __getFpStatus           
               not allocated function
    -------------------------------------------------------------------------
CODE
  Segment part 5. NOT NEEDED.
    -------------------------------------------------------------------------
CODE
  Segment part 6. NOT NEEDED.
           ENTRY                   ADDRESS         REF BY
           =====                   =======         ======
           __clearFpStatus         
               not allocated function
    -------------------------------------------------------------------------
CODE
  Segment part 7. NOT NEEDED.
    -------------------------------------------------------------------------
CODE
  Segment part 8. NOT NEEDED.
           ENTRY                   ADDRESS         REF BY
           =====                   =======         ======
           __setFpStatus           
               not allocated function
    -------------------------------------------------------------------------
CODE
  Segment part 9. NOT NEEDED.
    -------------------------------------------------------------------------
CSTACK
  Segment part 1. NOT NEEDED.
    -------------------------------------------------------------------------
INITTAB
  Segment part 10. TENTATIVE. Used definition from main
           ENTRY                   ADDRESS         REF BY
           =====                   =======         ======
           ?init?tab?DATA_Z        

    -------------------------------------------------------------------------
  LIBRARY MODULE, NAME : ?errno

  SEGMENTS IN THE MODULE
  ======================
DATA_Z
  Relative segment, address: CODE_AREA 000032F0 - 000032F7 (0x8 bytes), align: 2
  Segment part 2.             Intra module refs:   _Geterrno
           ENTRY                   ADDRESS         REF BY
           =====                   =======         ======
           _Errno                  000032F4 
           _Tls_setup__Errno       000032F0 
    -------------------------------------------------------------------------
CODE
  Segment part 3. NOT NEEDED.
    -------------------------------------------------------------------------
CODE
  Relative segment, address: CODE_AREA 00000E2C - 00000E4F (0x24 bytes), align: 2
  Segment part 4.
           ENTRY                   ADDRESS         REF BY
           =====                   =======         ======
           _Geterrno               00000E2C        _Log (?xlog)
                                                   _Stoul (?xstoul)
                                                   pow (?pow)
               stack 1 = 00000000 ( 00000008 )
    -------------------------------------------------------------------------
CSTACK
  Segment part 1. NOT NEEDED.
    -------------------------------------------------------------------------
INITTAB
  Segment part 5. TENTATIVE. Used definition from main
           ENTRY                   ADDRESS         REF BY
           =====                   =======         ======
           ?init?tab?DATA_Z        

    -------------------------------------------------------------------------
  LIBRARY MODULE, NAME : ?memchr

  SEGMENTS IN THE MODULE
  ======================
CODE
  Segment part 3. NOT NEEDED.
           ENTRY                   ADDRESS         REF BY
           =====                   =======         ======
           memchr                  
               not allocated function
    -------------------------------------------------------------------------
CODE
  Segment part 4. NOT NEEDED.
    -------------------------------------------------------------------------
DATA_C
  Segment part 2. NOT NEEDED.
           ENTRY                   ADDRESS         REF BY
           =====                   =======         ======
           _Instansiator_memchr    
    -------------------------------------------------------------------------
CODE
  Relative segment, address: CODE_AREA 00000E50 - 00000E7B (0x2c bytes), align: 2
  Segment part 5.
           ENTRY                   ADDRESS         REF BY
           =====                   =======         ======
           _Memchr                 00000E50        _Stoul (?xstoul)
    -------------------------------------------------------------------------
CSTACK
  Segment part 1. NOT NEEDED.

    -------------------------------------------------------------------------
  LIBRARY MODULE, NAME : ?pow

  SEGMENTS IN THE MODULE
  ======================
CODE
  Segment part 2. NOT NEEDED.
    -------------------------------------------------------------------------
CODE
  Relative segment, address: CODE_AREA 00000E7C - 000015CB (0x750 bytes), align: 2
  Segment part 3.
           ENTRY                   ADDRESS         REF BY
           =====                   =======         ======
           pow                     00000E7C        boh2dec (main)
               stack 1 = 00000000 ( 00000058 )
    -------------------------------------------------------------------------
CODE
  Segment part 4. NOT NEEDED. Intra module refs:   pow
    -------------------------------------------------------------------------
CODE
  Segment part 5. NOT NEEDED. Intra module refs:   pow
    -------------------------------------------------------------------------
CODE
  Segment part 6. NOT NEEDED. Intra module refs:   pow
    -------------------------------------------------------------------------
CODE
  Segment part 7. NOT NEEDED. Intra module refs:   pow
    -------------------------------------------------------------------------
CODE
  Segment part 8. NOT NEEDED. Intra module refs:   pow
    -------------------------------------------------------------------------
CODE
  Segment part 9. NOT NEEDED. Intra module refs:   pow
    -------------------------------------------------------------------------
CODE
  Segment part 10. NOT NEEDED.Intra module refs:   pow
    -------------------------------------------------------------------------
CODE
  Segment part 11. NOT NEEDED.Intra module refs:   pow
    -------------------------------------------------------------------------
CODE
  Segment part 12. NOT NEEDED.Intra module refs:   pow
    -------------------------------------------------------------------------
CODE
  Segment part 13. NOT NEEDED.Intra module refs:   pow
    -------------------------------------------------------------------------
CODE
  Segment part 14. NOT NEEDED.Intra module refs:   pow
    -------------------------------------------------------------------------
CODE
  Segment part 15. NOT NEEDED.Intra module refs:   pow
    -------------------------------------------------------------------------
CODE
  Segment part 16. NOT NEEDED.Intra module refs:   pow
    -------------------------------------------------------------------------
CODE
  Segment part 17. NOT NEEDED.Intra module refs:   pow
    -------------------------------------------------------------------------
CODE
  Segment part 18. NOT NEEDED.Intra module refs:   pow
    -------------------------------------------------------------------------
CSTACK
  Segment part 1. NOT NEEDED.

    -------------------------------------------------------------------------
  LIBRARY MODULE, NAME : ?strtoul

  SEGMENTS IN THE MODULE
  ======================
CODE
  Relative segment, address: CODE_AREA 000015CC - 000015DB (0x10 bytes), align: 2
  Segment part 3.
           ENTRY                   ADDRESS         REF BY
           =====                   =======         ======
           strtoul                 000015CC        ed_create (main)
               stack 1 = 00000000 ( 00000008 )
    -------------------------------------------------------------------------
CODE
  Segment part 4. NOT NEEDED. Intra module refs:   strtoul
    -------------------------------------------------------------------------
DATA_C
  Segment part 2. NOT NEEDED.
           ENTRY                   ADDRESS         REF BY
           =====                   =======         ======
           _Instansiator_strtoul   
    -------------------------------------------------------------------------
CSTACK
  Segment part 1. NOT NEEDED.

    -------------------------------------------------------------------------
  LIBRARY MODULE, NAME : ?xdint

  SEGMENTS IN THE MODULE
  ======================
DATA_C
  Relative segment, address: CODE_AREA 00003110 - 0000313F (0x30 bytes), align: 2
  Segment part 2.             Intra module refs:   _Dint
    -------------------------------------------------------------------------
CODE
  Segment part 3. NOT NEEDED.
    -------------------------------------------------------------------------
CODE
  Relative segment, address: CODE_AREA 000015DC - 00001737 (0x15c bytes), align: 2
  Segment part 4.
           ENTRY                   ADDRESS         REF BY
           =====                   =======         ======
           _Dint                   000015DC        pow (?pow)
               stack 1 = 00000000 ( 00000008 )
    -------------------------------------------------------------------------
CSTACK
  Segment part 1. NOT NEEDED.

    -------------------------------------------------------------------------
  LIBRARY MODULE, NAME : ?xdnorm

  SEGMENTS IN THE MODULE
  ======================
CODE
  Segment part 2. NOT NEEDED.
    -------------------------------------------------------------------------
CODE
  Relative segment, address: CODE_AREA 00001738 - 00001887 (0x150 bytes), align: 2
  Segment part 3.
           ENTRY                   ADDRESS         REF BY
           =====                   =======         ======
           _Dnorm                  00001738        _Dscale (?xdscale)
                                                   _Log (?xlog)
                                                   pow (?pow)
    -------------------------------------------------------------------------
CSTACK
  Segment part 1. NOT NEEDED.

    -------------------------------------------------------------------------
  LIBRARY MODULE, NAME : ?xdscale

  SEGMENTS IN THE MODULE
  ======================
CODE
  Segment part 2. NOT NEEDED.
    -------------------------------------------------------------------------
CODE
  Relative segment, address: CODE_AREA 00001888 - 00001A57 (0x1d0 bytes), align: 2
  Segment part 3.
           ENTRY                   ADDRESS         REF BY
           =====                   =======         ======
           _Dscale                 00001888        _Exp (?xexp)
               stack 1 = 00000000 ( 00000010 )
    -------------------------------------------------------------------------
CODE
  Segment part 4. NOT NEEDED. Intra module refs:   _Dscale
    -------------------------------------------------------------------------
CSTACK
  Segment part 1. NOT NEEDED.

    -------------------------------------------------------------------------
  LIBRARY MODULE, NAME : ?xexp

  SEGMENTS IN THE MODULE
  ======================
CODE
  Segment part 2. NOT NEEDED.
    -------------------------------------------------------------------------
CODE
  Relative segment, address: CODE_AREA 00001A58 - 00001D4B (0x2f4 bytes), align: 2
  Segment part 3.
           ENTRY                   ADDRESS         REF BY
           =====                   =======         ======
           _Exp                    00001A58        pow (?pow)
               stack 1 = 00000000 ( 00000030 )
    -------------------------------------------------------------------------
CODE
  Segment part 4. NOT NEEDED. Intra module refs:   _Exp
    -------------------------------------------------------------------------
CODE
  Segment part 5. NOT NEEDED. Intra module refs:   _Exp
    -------------------------------------------------------------------------
CODE
  Segment part 6. NOT NEEDED. Intra module refs:   _Exp
    -------------------------------------------------------------------------
CODE
  Segment part 7. NOT NEEDED. Intra module refs:   _Exp
    -------------------------------------------------------------------------
CODE
  Segment part 8. NOT NEEDED. Intra module refs:   _Exp
    -------------------------------------------------------------------------
CODE
  Segment part 9. NOT NEEDED. Intra module refs:   _Exp
    -------------------------------------------------------------------------
CODE
  Segment part 10. NOT NEEDED.Intra module refs:   _Exp
    -------------------------------------------------------------------------
CODE
  Segment part 11. NOT NEEDED.Intra module refs:   _Exp
    -------------------------------------------------------------------------
CODE
  Segment part 12. NOT NEEDED.Intra module refs:   _Exp
    -------------------------------------------------------------------------
CODE
  Segment part 13. NOT NEEDED.Intra module refs:   _Exp
    -------------------------------------------------------------------------
CSTACK
  Segment part 1. NOT NEEDED.

    -------------------------------------------------------------------------
  LIBRARY MODULE, NAME : ?xlog

  SEGMENTS IN THE MODULE
  ======================
CODE
  Segment part 2. NOT NEEDED.
    -------------------------------------------------------------------------
CODE
  Relative segment, address: CODE_AREA 00001D4C - 000021E3 (0x498 bytes), align: 2
  Segment part 3.
           ENTRY                   ADDRESS         REF BY
           =====                   =======         ======
           _Log                    00001D4C        pow (?pow)
               stack 1 = 00000000 ( 00000030 )
    -------------------------------------------------------------------------
CODE
  Segment part 4. NOT NEEDED. Intra module refs:   _Log
    -------------------------------------------------------------------------
CODE
  Segment part 5. NOT NEEDED. Intra module refs:   _Log
    -------------------------------------------------------------------------
CODE
  Segment part 6. NOT NEEDED. Intra module refs:   _Log
    -------------------------------------------------------------------------
CODE
  Segment part 7. NOT NEEDED. Intra module refs:   _Log
    -------------------------------------------------------------------------
CODE
  Segment part 8. NOT NEEDED. Intra module refs:   _Log
    -------------------------------------------------------------------------
CODE
  Segment part 9. NOT NEEDED. Intra module refs:   _Log
    -------------------------------------------------------------------------
CODE
  Segment part 10. NOT NEEDED.Intra module refs:   _Log
    -------------------------------------------------------------------------
CODE
  Segment part 11. NOT NEEDED.Intra module refs:   _Log
    -------------------------------------------------------------------------
CSTACK
  Segment part 1. NOT NEEDED.

    -------------------------------------------------------------------------
  LIBRARY MODULE, NAME : ?xstoul

  SEGMENTS IN THE MODULE
  ======================
DATA_C
  Relative segment, address: CODE_AREA 00003140 - 0000318F (0x50 bytes), align: 2
  Segment part 2.             Intra module refs:   _Stoul
    -------------------------------------------------------------------------
CODE
  Segment part 3. NOT NEEDED.
    -------------------------------------------------------------------------
CODE
  Relative segment, address: CODE_AREA 000021E4 - 0000238F (0x1ac bytes), align: 2
  Segment part 4.
           ENTRY                   ADDRESS         REF BY
           =====                   =======         ======
           _Stoul                  000021E4        strtoul (?strtoul)
               stack 1 = 00000000 ( 00000030 )
    -------------------------------------------------------------------------
CODE
  Segment part 5. NOT NEEDED. Intra module refs:   _Stoul
    -------------------------------------------------------------------------
CODE
  Segment part 6. NOT NEEDED. Intra module refs:   _Stoul
    -------------------------------------------------------------------------
CODE
  Segment part 7. NOT NEEDED. Intra module refs:   _Stoul
    -------------------------------------------------------------------------
CSTACK
  Segment part 1. NOT NEEDED.

    -------------------------------------------------------------------------
  LIBRARY MODULE, NAME : ?xvalues

  SEGMENTS IN THE MODULE
  ======================
DATA_C
  Segment part 2. NOT NEEDED.
           ENTRY                   ADDRESS         REF BY
           =====                   =======         ======
           _Denorm                 
    -------------------------------------------------------------------------
DATA_C
  Relative segment, address: CODE_AREA 00003190 - 00003197 (0x8 bytes), align: 2
  Segment part 3.
           ENTRY                   ADDRESS         REF BY
           =====                   =======         ======
           _Eps                    00003190        _Exp (?xexp)
    -------------------------------------------------------------------------
DATA_C
  Segment part 4. NOT NEEDED.
           ENTRY                   ADDRESS         REF BY
           =====                   =======         ======
           _Hugeval                
    -------------------------------------------------------------------------
DATA_C
  Relative segment, address: CODE_AREA 00003198 - 0000319F (0x8 bytes), align: 2
  Segment part 5.
           ENTRY                   ADDRESS         REF BY
           =====                   =======         ======
           _Inf                    00003198        _Dscale (?xdscale)
                                                   _Exp (?xexp)
                                                   _Log (?xlog)
                                                   pow (?pow)
    -------------------------------------------------------------------------
DATA_C
  Relative segment, address: CODE_AREA 000031A0 - 000031A7 (0x8 bytes), align: 2
  Segment part 6.
           ENTRY                   ADDRESS         REF BY
           =====                   =======         ======
           _Nan                    000031A0        _Log (?xlog)
                                                   pow (?pow)
    -------------------------------------------------------------------------
DATA_C
  Segment part 7. NOT NEEDED.
           ENTRY                   ADDRESS         REF BY
           =====                   =======         ======
           _Rteps                  
    -------------------------------------------------------------------------
DATA_C
  Segment part 8. NOT NEEDED.
           ENTRY                   ADDRESS         REF BY
           =====                   =======         ======
           _Snan                   
    -------------------------------------------------------------------------
DATA_C
  Segment part 9. NOT NEEDED.
           ENTRY                   ADDRESS         REF BY
           =====                   =======         ======
           _Xbig                   
    -------------------------------------------------------------------------
DATA_C
  Relative segment, address: CODE_AREA 000031A8 - 000031AF (0x8 bytes), align: 2
  Segment part 10.
           ENTRY                   ADDRESS         REF BY
           =====                   =======         ======
           _Zero                   000031A8        pow (?pow)
    -------------------------------------------------------------------------
CSTACK
  Segment part 1. NOT NEEDED.

    -------------------------------------------------------------------------
  LIBRARY MODULE, NAME : ?div_module

  SEGMENTS IN THE MODULE
  ======================
CODE
  Segment part 0. NOT NEEDED.
           ENTRY                   ADDRESS         REF BY
           =====                   =======         ======
           ??divu8_t               
    -------------------------------------------------------------------------
CODE
  Segment part 1. NOT NEEDED.
           ENTRY                   ADDRESS         REF BY
           =====                   =======         ======
           ??divu8_a               
    -------------------------------------------------------------------------
CODE
  Segment part 2. NOT NEEDED.
           ENTRY                   ADDRESS         REF BY
           =====                   =======         ======
           ??divu16_t              
    -------------------------------------------------------------------------
CODE
  Segment part 3. NOT NEEDED.
           ENTRY                   ADDRESS         REF BY
           =====                   =======         ======
           ??divu16_a              
    -------------------------------------------------------------------------
CODE
  Segment part 4. NOT NEEDED.
           ENTRY                   ADDRESS         REF BY
           =====                   =======         ======
           ??divu32_t              
    -------------------------------------------------------------------------
CODE
  Relative segment, address: CODE_AREA 00002390 - 0000239B (0xc bytes), align: 2
  Segment part 5.
           ENTRY                   ADDRESS         REF BY
           =====                   =======         ======
           ??divu32_a              00002390        _Stoul (?xstoul)
    -------------------------------------------------------------------------
CODE
  Segment part 6. NOT NEEDED.
           ENTRY                   ADDRESS         REF BY
           =====                   =======         ======
           ??div8_t                
    -------------------------------------------------------------------------
CODE
  Segment part 7. NOT NEEDED.
           ENTRY                   ADDRESS         REF BY
           =====                   =======         ======
           ??div8_a                
    -------------------------------------------------------------------------
CODE
  Segment part 8. NOT NEEDED.
           ENTRY                   ADDRESS         REF BY
           =====                   =======         ======
           ??div16_t               
    -------------------------------------------------------------------------
CODE
  Segment part 9. NOT NEEDED.
           ENTRY                   ADDRESS         REF BY
           =====                   =======         ======
           ??div16_a               
    -------------------------------------------------------------------------
CODE
  Segment part 10. NOT NEEDED.
           ENTRY                   ADDRESS         REF BY
           =====                   =======         ======
           ??div32_t               
    -------------------------------------------------------------------------
CODE
  Relative segment, address: CODE_AREA 0000239C - 000023B3 (0x18 bytes), align: 2
  Segment part 11.
           ENTRY                   ADDRESS         REF BY
           =====                   =======         ======
           ??div32_a               0000239C        dec2boh (main)
    -------------------------------------------------------------------------
CODE
  Relative segment, address: CODE_AREA 000023B4 - 0000248B (0xd8 bytes), align: 2
  Segment part 12.            Intra module refs:   ??div32_a
                                                   ??divu32_a

    -------------------------------------------------------------------------
  LIBRARY MODULE, NAME : ?GetDenormal

  SEGMENTS IN THE MODULE
  ======================
CODE
  Relative segment, address: CODE_AREA 0000248C - 000024EB (0x60 bytes), align: 2
  Segment part 0.
           ENTRY                   ADDRESS         REF BY
           =====                   =======         ======
           ?GetDenormalX           0000248C        Segment part 1 (?D_DivDouble)
                                                   Segment part 1 (?D_MulFloat)
           ?GetDenormalY           000024BC        Segment part 1 (?D_DivDouble)
                                                   Segment part 1 (?D_MulFloat)

    -------------------------------------------------------------------------
  LIBRARY MODULE, NAME : ?D_LONG2DOUBLE

  SEGMENTS IN THE MODULE
  ======================
CODE
  Segment part 0. NOT NEEDED.
           ENTRY                   ADDRESS         REF BY
           =====                   =======         ======
           __longToDouble::??rT    
    -------------------------------------------------------------------------
CODE
  Relative segment, address: CODE_AREA 000024EC - 00002547 (0x5c bytes), align: 2
  Segment part 1.
           ENTRY                   ADDRESS         REF BY
           =====                   =======         ======
           __aeabi_i2d             000024EC 
           __longToDouble          000024EC        _Exp (?xexp)
                                                   _Log (?xlog)
                                                   boh2dec (main)
                                                   pow (?pow)
           __longToDouble::??rA    000024EC 
           __longToDubleStart      00002508 

    -------------------------------------------------------------------------
  LIBRARY MODULE, NAME : ?D_DOUBLE2LONG

  SEGMENTS IN THE MODULE
  ======================
CODE
  Segment part 0. NOT NEEDED.
           ENTRY                   ADDRESS         REF BY
           =====                   =======         ======
           __doubleToLong::??rT    
    -------------------------------------------------------------------------
CODE
  Relative segment, address: CODE_AREA 00002548 - 000025A7 (0x60 bytes), align: 2
  Segment part 1.
           ENTRY                   ADDRESS         REF BY
           =====                   =======         ======
           __aeabi_d2iz            00002548 
           __doubleToLong          00002548        _Exp (?xexp)
                                                   boh2dec (main)
                                                   pow (?pow)
           __doubleToLong::??rA    00002548 

    -------------------------------------------------------------------------
  LIBRARY MODULE, NAME : ?DBL_EQ

  SEGMENTS IN THE MODULE
  ======================
CODE
  Relative segment, address: CODE_AREA 000025A8 - 000025DB (0x34 bytes), align: 2
  Segment part 0.
           ENTRY                   ADDRESS         REF BY
           =====                   =======         ======
           __aeabi_cdcmpeq         000025A8        Segment part 1 (?D_CmpFloat)
                                                   __dNotEqual (?D_CmpFloat1)

    -------------------------------------------------------------------------
  LIBRARY MODULE, NAME : ?D_CmpFloat

  SEGMENTS IN THE MODULE
  ======================
CODE
  Segment part 0. NOT NEEDED.
           ENTRY                   ADDRESS         REF BY
           =====                   =======         ======
           __dEqual::??rT          
    -------------------------------------------------------------------------
CODE
  Relative segment, address: CODE_AREA 000025DC - 000025F3 (0x18 bytes), align: 2
  Segment part 1.
           ENTRY                   ADDRESS         REF BY
           =====                   =======         ======
           __aeabi_dcmpeq          000025DC 
           __dEqual                000025DC        _Exp (?xexp)
                                                   pow (?pow)
           __dEqual::??rA          000025DC 

    -------------------------------------------------------------------------
  LIBRARY MODULE, NAME : ?D_CmpFloat1

  SEGMENTS IN THE MODULE
  ======================
CODE
  Segment part 0. NOT NEEDED.
           ENTRY                   ADDRESS         REF BY
           =====                   =======         ======
           __dNotEqual::??rT       
    -------------------------------------------------------------------------
CODE
  Relative segment, address: CODE_AREA 000025F4 - 0000260B (0x18 bytes), align: 2
  Segment part 1.
           ENTRY                   ADDRESS         REF BY
           =====                   =======         ======
           __dNotEqual             000025F4        pow (?pow)
           __dNotEqual::??rA       000025F4 

    -------------------------------------------------------------------------
  LIBRARY MODULE, NAME : ?SetInvalidFlag

  SEGMENTS IN THE MODULE
  ======================
CODE
  Relative segment, address: CODE_AREA 0000260C - 00002627 (0x1c bytes), align: 2
  Segment part 0.
           ENTRY                   ADDRESS         REF BY
           =====                   =======         ======
           ?SetInvalidFlag         00002610        __aeabi_cdcmple (?DBL_LT)
           ?SetInvalidFlagClr      0000260C        __aeabi_cdrcmple (?DBL_GE)

    -------------------------------------------------------------------------
  LIBRARY MODULE, NAME : ?DBL_GE

  SEGMENTS IN THE MODULE
  ======================
CODE
  Relative segment, address: CODE_AREA 00002628 - 00002667 (0x40 bytes), align: 2
  Segment part 0.
           ENTRY                   ADDRESS         REF BY
           =====                   =======         ======
           __aeabi_cdrcmple        00002628        Segment part 1 (?D_CmpFloat5)

    -------------------------------------------------------------------------
  LIBRARY MODULE, NAME : ?D_CmpFloat5

  SEGMENTS IN THE MODULE
  ======================
CODE
  Segment part 0. NOT NEEDED.
           ENTRY                   ADDRESS         REF BY
           =====                   =======         ======
           __dGreaterEqual::??rT   
    -------------------------------------------------------------------------
CODE
  Relative segment, address: CODE_AREA 00002668 - 0000267F (0x18 bytes), align: 2
  Segment part 1.
           ENTRY                   ADDRESS         REF BY
           =====                   =======         ======
           __aeabi_dcmpge          00002668 
           __dGreaterEqual         00002668        _Exp (?xexp)
                                                   pow (?pow)
           __dGreaterEqual::??rA   00002668 

    -------------------------------------------------------------------------
  LIBRARY MODULE, NAME : ?DBL_LT

  SEGMENTS IN THE MODULE
  ======================
CODE
  Relative segment, address: CODE_AREA 00002680 - 000026BF (0x40 bytes), align: 2
  Segment part 0.
           ENTRY                   ADDRESS         REF BY
           =====                   =======         ======
           __aeabi_cdcmple         00002680        Segment part 1 (?D_CmpFloat4)

    -------------------------------------------------------------------------
  LIBRARY MODULE, NAME : ?D_CmpFloat4

  SEGMENTS IN THE MODULE
  ======================
CODE
  Segment part 0. NOT NEEDED.
           ENTRY                   ADDRESS         REF BY
           =====                   =======         ======
           __dLess::??rT           
    -------------------------------------------------------------------------
CODE
  Relative segment, address: CODE_AREA 000026C0 - 000026D7 (0x18 bytes), align: 2
  Segment part 1.
           ENTRY                   ADDRESS         REF BY
           =====                   =======         ======
           __dLess                 000026C0        _Exp (?xexp)
                                                   _Log (?xlog)
                                                   pow (?pow)
           __dLess::??rA           000026C0 
           __aeabi_dcmplt          000026C0 

    -------------------------------------------------------------------------
  LIBRARY MODULE, NAME : ?D_MulFloat

  SEGMENTS IN THE MODULE
  ======================
CODE
  Segment part 0. NOT NEEDED.
           ENTRY                   ADDRESS         REF BY
           =====                   =======         ======
           __dMul::??rT            
    -------------------------------------------------------------------------
CODE
  Relative segment, address: CODE_AREA 000026D8 - 0000290F (0x238 bytes), align: 2
  Segment part 1.
           ENTRY                   ADDRESS         REF BY
           =====                   =======         ======
           __dMul                  000026D8        _Exp (?xexp)
                                                   _Log (?xlog)
                                                   pow (?pow)
           __dMul::??rA            000026D8 
           __aeabi_dmul            000026D8 

    -------------------------------------------------------------------------
  LIBRARY MODULE, NAME : ?D_DivDouble

  SEGMENTS IN THE MODULE
  ======================
CODE
  Segment part 0. NOT NEEDED.
           ENTRY                   ADDRESS         REF BY
           =====                   =======         ======
           __dDiv::??rT            
    -------------------------------------------------------------------------
CODE
  Relative segment, address: CODE_AREA 00002910 - 00002C43 (0x334 bytes), align: 2
  Segment part 1.
           ENTRY                   ADDRESS         REF BY
           =====                   =======         ======
           __aeabi_ddiv            00002910 
           __dDiv                  00002910        _Exp (?xexp)
                                                   _Log (?xlog)
                                                   pow (?pow)
           __dDiv::??rA            00002910 

    -------------------------------------------------------------------------
  LIBRARY MODULE, NAME : ?D_SubDouble

  SEGMENTS IN THE MODULE
  ======================
CODE
  Segment part 0. NOT NEEDED.
           ENTRY                   ADDRESS         REF BY
           =====                   =======         ======
           __dSub::??rT            
    -------------------------------------------------------------------------
CODE
  Relative segment, address: CODE_AREA 00002C44 - 00002E3B (0x1f8 bytes), align: 2
  Segment part 1.
           ENTRY                   ADDRESS         REF BY
           =====                   =======         ======
           __aeabi_dsub            00002C44 
           __dSub                  00002C44        _Exp (?xexp)
                                                   _Log (?xlog)
                                                   pow (?pow)
           __dSub::??rA            00002C44 
           __DoSub                 00002C54        Segment part 1 (?D_AddDouble)

    -------------------------------------------------------------------------
  LIBRARY MODULE, NAME : ?D_AddDouble

  SEGMENTS IN THE MODULE
  ======================
CODE
  Segment part 0. NOT NEEDED.
           ENTRY                   ADDRESS         REF BY
           =====                   =======         ======
           __dAdd::??rT            
    -------------------------------------------------------------------------
CODE
  Relative segment, address: CODE_AREA 00002E3C - 00002F7F (0x144 bytes), align: 2
  Segment part 1.
           ENTRY                   ADDRESS         REF BY
           =====                   =======         ======
           __aeabi_dadd            00002E3C 
           __dAdd                  00002E3C        _Exp (?xexp)
                                                   _Log (?xlog)
                                                   boh2dec (main)
                                                   pow (?pow)
           __dAdd::??rA            00002E3C 
           __DoAdd                 00002E4C        Segment part 1 (?D_SubDouble)




                ****************************************
                *                                      *
                *            MODULE SUMMARY            *
                *                                      *
                ****************************************

Module             CODE   DATA
------             ----   ----
                  (Rel)  (Rel)
?DBL_EQ              52
?DBL_GE              64
?DBL_LT              64
?D_AddDouble        324
?D_CmpFloat          24
?D_CmpFloat1         24
?D_CmpFloat4         24
?D_CmpFloat5         24
?D_DOUBLE2LONG       96
?D_DivDouble        820
?D_LONG2DOUBLE       92
?D_MulFloat         568
?D_SubDouble        504
?GetDenormal         96
?SetInvalidFlag      28
?div_module         252
?errno               44
?fpStatus             4
?memchr              44
?pow              1 872
?strtoul             16
?xdint              396
?xdnorm             336
?xdscale            464
?xexp               756
?xlog             1 176
?xstoul             508
?xvalues             32
main              3 708    312
  + shared           24
menu                612     44
N/A (alignment)
------           ------    ---
Total:           13 048    356


                ****************************************
                *                                      *
                *              CALL GRAPH              *
                *                                      *
                ****************************************

  ->Sub-tree of type: Indirectly called function tree that does not make
                    : indirect calls (Is not an interrupt and is not flagged
                    : as not overlayable)
                             CSTACK
    | Stack used (prev) :  00000000
  01  empty_onkey
      | Stack used (prev) :  00000000
      | + function block  :  00000008
  <-Sub-tree of type: Indirectly called function tree that does not make
                    : indirect calls (Is not an interrupt and is not flagged
                    : as not overlayable)
    | Stack used          :  00000008


  ->Sub-tree of type: Indirectly called function tree that does not make
                    : indirect calls (Is not an interrupt and is not flagged
                    : as not overlayable)
                             CSTACK
    | Stack used (prev) :  00000000
  01  empty_locret
      | Stack used (prev) :  00000000
      | + function block  :  00000000
  <-Sub-tree of type: Indirectly called function tree that does not make
                    : indirect calls (Is not an interrupt and is not flagged
                    : as not overlayable)
    | Stack used          :  00000000


  ->Sub-tree of type: Indirectly called function tree that does not make
                    : indirect calls (Is not an interrupt and is not flagged
                    : as not overlayable)
                             CSTACK
    | Stack used (prev) :  00000000
  01  empty_ghook
      | Stack used (prev) :  00000000
      | + function block  :  00000004
  <-Sub-tree of type: Indirectly called function tree that does not make
                    : indirect calls (Is not an interrupt and is not flagged
                    : as not overlayable)
    | Stack used          :  00000004


  ->Sub-tree of type: Indirectly called function tree that does not make
                    : indirect calls (Is not an interrupt and is not flagged
                    : as not overlayable)
                             CSTACK
    | Stack used (prev) :  00000000
  01  pos_onkey
      | Stack used (prev) :  00000000
      | + function block  :  00000058
  <-Sub-tree of type: Indirectly called function tree that does not make
                    : indirect calls (Is not an interrupt and is not flagged
                    : as not overlayable)
    | Stack used          :  00000058


  ->Sub-tree of type: Indirectly called function tree that does not make
                    : indirect calls (Is not an interrupt and is not flagged
                    : as not overlayable)
                             CSTACK
    | Stack used (prev) :  00000000
  01  pos_ghook
      | Stack used (prev) :  00000000
      | + function block  :  00000004
  <-Sub-tree of type: Indirectly called function tree that does not make
                    : indirect calls (Is not an interrupt and is not flagged
                    : as not overlayable)
    | Stack used          :  00000004


  ->Sub-tree of type: Indirectly called function tree that does not make
                    : indirect calls (Is not an interrupt and is not flagged
                    : as not overlayable)
                             CSTACK
    | Stack used (prev) :  00000000
  01  pos_locret
      | Stack used (prev) :  00000000
      | + function block  :  00000000
  <-Sub-tree of type: Indirectly called function tree that does not make
                    : indirect calls (Is not an interrupt and is not flagged
                    : as not overlayable)
    | Stack used          :  00000000


  ->Sub-tree of type: Indirectly called function tree that does not make
                    : indirect calls (Is not an interrupt and is not flagged
                    : as not overlayable)
                             CSTACK
    | Stack used (prev) :  00000000
  01  maincsm_oncreate
      | Stack used (prev) :  00000000
      | + function block  :  00000008
  <-Sub-tree of type: Indirectly called function tree that does not make
                    : indirect calls (Is not an interrupt and is not flagged
                    : as not overlayable)
    | Stack used          :  00000008


  ->Sub-tree of type: Indirectly called function tree that does not make
                    : indirect calls (Is not an interrupt and is not flagged
                    : as not overlayable)
                             CSTACK
    | Stack used (prev) :  00000000
  01  Killer
      | Stack used (prev) :  00000000
      | + function block  :  00000000
  <-Sub-tree of type: Indirectly called function tree that does not make
                    : indirect calls (Is not an interrupt and is not flagged
                    : as not overlayable)
    | Stack used          :  00000000


  ->Sub-tree of type: Indirectly called function tree that does not make
                    : indirect calls (Is not an interrupt and is not flagged
                    : as not overlayable)
                             CSTACK
    | Stack used (prev) :  00000000
  01  maincsm_onclose
      | Stack used (prev) :  00000000
      | + function block  :  00000004
  <-Sub-tree of type: Indirectly called function tree that does not make
                    : indirect calls (Is not an interrupt and is not flagged
                    : as not overlayable)
    | Stack used          :  00000004


  ->Sub-tree of type: Indirectly called function tree that does not make
                    : indirect calls (Is not an interrupt and is not flagged
                    : as not overlayable)
                             CSTACK
    | Stack used (prev) :  00000000
  01  maincsm_onmessage
      | Stack used (prev) :  00000000
      | + function block  :  00000000
  <-Sub-tree of type: Indirectly called function tree that does not make
                    : indirect calls (Is not an interrupt and is not flagged
                    : as not overlayable)
    | Stack used          :  00000000


  ->Sub-tree of type: Indirectly called function tree that does not make
                    : indirect calls (Is not an interrupt and is not flagged
                    : as not overlayable)
                             CSTACK
    | Stack used (prev) :  00000000
  01  menu_ghook
      | Stack used (prev) :  00000000
      | + function block  :  00000000
  <-Sub-tree of type: Indirectly called function tree that does not make
                    : indirect calls (Is not an interrupt and is not flagged
                    : as not overlayable)
    | Stack used          :  00000000


  ->Sub-tree of type: Indirectly called function tree that does not make
                    : indirect calls (Is not an interrupt and is not flagged
                    : as not overlayable)
                             CSTACK
    | Stack used (prev) :  00000000
  01  menu_iconhnd
      | Stack used (prev) :  00000000
      | + function block  :  00000020
  <-Sub-tree of type: Indirectly called function tree that does not make
                    : indirect calls (Is not an interrupt and is not flagged
                    : as not overlayable)
    | Stack used          :  00000020


  ->Sub-tree of type: Indirectly called function tree that does not make
                    : indirect calls (Is not an interrupt and is not flagged
                    : as not overlayable)
                             CSTACK
    | Stack used (prev) :  00000000
  01  menu_onkey2
      | Stack used (prev) :  00000000
      | + function block  :  00000008
  <-Sub-tree of type: Indirectly called function tree that does not make
                    : indirect calls (Is not an interrupt and is not flagged
                    : as not overlayable)
    | Stack used          :  00000008


  ->Sub-tree of type: Indirectly called function tree that does not make
                    : indirect calls (Is not an interrupt and is not flagged
                    : as not overlayable)
                             CSTACK
    | Stack used (prev) :  00000000
  01  strtoul
      | Stack used (prev) :  00000000
      | + function block  :  00000008
  <-Sub-tree of type: Indirectly called function tree that does not make
                    : indirect calls (Is not an interrupt and is not flagged
                    : as not overlayable)
    | Stack used          :  00000008


  ->Sub-tree of type: Function tree
                             CSTACK
    | Stack used (prev) :  00000058
  01  about
      | Stack used (prev) :  00000058
      | + function block  :  00000088
  <-Sub-tree of type: Function tree
    | Stack used          :  000000E0


  ->Sub-tree of type: Function tree
                             CSTACK
    | Stack used (prev) :  000000E0
  01  dec2boh
      | Stack used (prev) :  000000E0
      | + function block  :  00000024
  <-Sub-tree of type: Function tree
    | Stack used          :  00000104


  ->Sub-tree of type: Function tree
                             CSTACK
    | Stack used (prev) :  00000104
  01  boh2dec
      | Stack used (prev) :  00000104
      | + function block  :  00000024
  <-Sub-tree of type: Function tree
    | Stack used          :  00000128


  ->Sub-tree of type: Function tree
                             CSTACK
    | Stack used (prev) :  00000128
  01  ed_create
      | Stack used (prev) :  00000128
      | + function block  :  00000084
  <-Sub-tree of type: Function tree
    | Stack used          :  000001AC


  ->Sub-tree of type: Function tree
                             CSTACK
    | Stack used (prev) :  000001AC
  01  input
      | Stack used (prev) :  000001AC
      | + function block  :  00000044
  <-Sub-tree of type: Function tree
    | Stack used          :  000001F0


  ->Sub-tree of type: Function tree
                             CSTACK
    | Stack used (prev) :  000001F0
  01  UpdateCSMname
      | Stack used (prev) :  000001F0
      | + function block  :  00000004
  <-Sub-tree of type: Function tree
    | Stack used          :  000001F4


  ->Sub-tree of type: Function tree
                             CSTACK
    | Stack used (prev) :  000001F4
  01  main
      | Stack used (prev) :  000001F4
      | + function block  :  00000030
  <-Sub-tree of type: Function tree
    | Stack used          :  00000224


  ->Sub-tree of type: Function tree
                             CSTACK
    | Stack used (prev) :  00000224
  01  ShowMainMenu
      | Stack used (prev) :  00000224
      | + function block  :  00000018
  <-Sub-tree of type: Function tree
    | Stack used          :  0000023C


  ->Sub-tree of type: Function tree
                             CSTACK
    | Stack used (prev) :  0000023C
  01  _Geterrno
      | Stack used (prev) :  0000023C
      | + function block  :  00000008
  <-Sub-tree of type: Function tree
    | Stack used          :  00000244


  ->Sub-tree of type: Function tree
                             CSTACK
    | Stack used (prev) :  00000244
  01  _Memchr
      | Stack used (prev) :  00000244
      | + function block  :  00000000
  <-Sub-tree of type: Function tree
    | Stack used          :  00000244


  ->Sub-tree of type: Function tree
                             CSTACK
    | Stack used (prev) :  00000244
  01  pow
      | Stack used (prev) :  00000244
      | + function block  :  00000058
  <-Sub-tree of type: Function tree
    | Stack used          :  0000029C


  ->Sub-tree of type: Function tree
                             CSTACK
    | Stack used (prev) :  0000029C
  01  _Dint
      | Stack used (prev) :  0000029C
      | + function block  :  00000008
  <-Sub-tree of type: Function tree
    | Stack used          :  000002A4


  ->Sub-tree of type: Function tree
                             CSTACK
    | Stack used (prev) :  000002A4
  01  _Dnorm
      | Stack used (prev) :  000002A4
      | + function block  :  00000000
  <-Sub-tree of type: Function tree
    | Stack used          :  000002A4


  ->Sub-tree of type: Function tree
                             CSTACK
    | Stack used (prev) :  000002A4
  01  _Dscale
      | Stack used (prev) :  000002A4
      | + function block  :  00000010
  <-Sub-tree of type: Function tree
    | Stack used          :  000002B4


  ->Sub-tree of type: Function tree
                             CSTACK
    | Stack used (prev) :  000002B4
  01  _Exp
      | Stack used (prev) :  000002B4
      | + function block  :  00000030
  <-Sub-tree of type: Function tree
    | Stack used          :  000002E4


  ->Sub-tree of type: Function tree
                             CSTACK
    | Stack used (prev) :  000002E4
  01  _Log
      | Stack used (prev) :  000002E4
      | + function block  :  00000030
  <-Sub-tree of type: Function tree
    | Stack used          :  00000314


  ->Sub-tree of type: Function tree
                             CSTACK
    | Stack used (prev) :  00000314
  01  _Stoul
      | Stack used (prev) :  00000314
      | + function block  :  00000030
  <-Sub-tree of type: Function tree
    | Stack used          :  00000344




                ****************************************
                *                                      *
                *      SEGMENTS IN ADDRESS ORDER       *
                *                                      *
                ****************************************


SEGMENT              SPACE    START ADDRESS   END ADDRESS     SIZE  TYPE  ALIGN
=======              =====    =============   ===========     ====  ====  =====
ELFBEGIN             CODE_AREA           00000000                     dse    0
DATA_ID              CODE_AREA      00000000 - 00000163         164   rel    2
START                CODE_AREA           00000164                     dse    0
CODE                 CODE_AREA      00000164 - 00002F7F        2E1C   rel    2
DATA_C               CODE_AREA      00002F80 - 000031AF         230   rel    2
INITTAB              CODE_AREA      000031B0 - 000031C7          18   rel    2
DATA_Z               CODE_AREA      000031C8 - 000032F7         130   rel    2
DATA_I               DATA_AREA      00000000 - 00000163         164   rel    2

                ****************************************
                *                                      *
                *        END OF CROSS REFERENCE        *
                *                                      *
                ****************************************

 13 048 bytes of CODE memory
    356 bytes of DATA memory

Errors: none
Warnings: none

