##############################################################################
#                                                                            #
# IAR ARM ANSI C/C++ Compiler V4.41A/W32 EVALUATION    27/Feb/2007  12:46:52 #
# Copyright 1999-2005 IAR Systems. All rights reserved.                      #
#                                                                            #
#    Cpu mode        =  interwork                                            #
#    Endian          =  little                                               #
#    Stack alignment =  4                                                    #
#    Source file     =  G:\ARM\My\IWatch\config_data.c                       #
#    Command line    =  G:\ARM\My\IWatch\config_data.c -lC                   #
#                       G:\ARM\My\IWatch\Release\List\ -o                    #
#                       G:\ARM\My\IWatch\Release\Obj\ -s9 --no_unroll        #
#                       --no_clustering --cpu_mode arm --endian little       #
#                       --cpu ARM926EJ-S --stack_align 4 --interwork -e      #
#                       --fpu None -I "C:\Program Files\IAR                  #
#                       Systems\Embedded Workbench 4.0 Evaluation\ARM\INC\"  #
#                       --inline_threshold=2                                 #
#    List file       =  G:\ARM\My\IWatch\Release\List\config_data.lst        #
#    Object file     =  G:\ARM\My\IWatch\Release\Obj\config_data.r79         #
#                                                                            #
#                                                                            #
##############################################################################

G:\ARM\My\IWatch\config_data.c
      1          #include "..\inc\cfg_items.h"

   \                                 In segment DATA_C, align 4, align-sorted, root
      2          __root const CFG_HDR cfghdr0={CFG_CBOX,"Use stops",0,2};
   \                     cfghdr0:
   \   00000000   05000000           DC32 5
   \   00000004   557365207374       DC8 "Use stops"
   \              6F707300    
   \   0000000E   000000000000       DC8 0, 0, 0, 0, 0, 0, 0, 0, 0, 0, 0, 0, 0, 0, 0, 0, 0, 0, 0, 0, 0, 0
   \              000000000000
   \              000000000000
   \              00000000    
   \   00000024   000000000200       DC32 0, 2
   \              0000        

   \                                 In segment DATA_C, align 4, align-sorted, root
      3          __root const int cfg_st=0;
   \                     cfg_st:
   \   00000000   00000000           DC32 0

   \                                 In segment DATA_C, align 4, align-sorted, root
      4          __root const CFG_CBOX_ITEM cfgcbox0[2]={"No","Yes"};
   \                     cfgcbox0:
   \   00000000   4E6F00             DC8 "No"
   \   00000003   000000000000       DC8 0, 0, 0, 0, 0, 0, 0, 0, 0, 0, 0, 0, 0, 0, 0, 0
   \              000000000000
   \              00000000    
   \   00000013   000000000000       DC8 0, 0, 0, 0, 0, 0, 0, 0, 0, 0, 0, 0, 0
   \              000000000000
   \              00          
   \   00000020   59657300           DC8 "Yes"
   \   00000024   000000000000       DC8 0, 0, 0, 0, 0, 0, 0, 0, 0, 0, 0, 0, 0, 0, 0, 0
   \              000000000000
   \              00000000    
   \   00000034   000000000000       DC8 0, 0, 0, 0, 0, 0, 0, 0, 0, 0, 0, 0
   \              000000000000
      5          

   \                                 In segment DATA_C, align 4, align-sorted, root
      6          __root const CFG_HDR cfghdr1={CFG_UINT,"Sound 1",0,2000};
   \                     cfghdr1:
   \   00000000   01000000           DC32 1
   \   00000004   536F756E6420       DC8 "Sound 1"
   \              3100        
   \   0000000C   000000000000       DC8 0, 0, 0, 0, 0, 0, 0, 0, 0, 0, 0, 0, 0, 0, 0, 0
   \              000000000000
   \              00000000    
   \   0000001C   000000000000       DC8 0, 0, 0, 0, 0, 0, 0, 0
   \              0000        
   \   00000024   00000000D007       DC32 0, 2000
   \              0000        

   \                                 In segment DATA_C, align 4, align-sorted, root
      7          __root const unsigned int cfg_s1=2000;
   \                     cfg_s1:
   \   00000000   D0070000           DC32 2000

   \                                 In segment DATA_C, align 4, align-sorted, root
      8          __root const CFG_HDR cfghdr2={CFG_UINT,"Sound 2",0,2000};
   \                     cfghdr2:
   \   00000000   01000000           DC32 1
   \   00000004   536F756E6420       DC8 "Sound 2"
   \              3200        
   \   0000000C   000000000000       DC8 0, 0, 0, 0, 0, 0, 0, 0, 0, 0, 0, 0, 0, 0, 0, 0
   \              000000000000
   \              00000000    
   \   0000001C   000000000000       DC8 0, 0, 0, 0, 0, 0, 0, 0
   \              0000        
   \   00000024   00000000D007       DC32 0, 2000
   \              0000        

   \                                 In segment DATA_C, align 4, align-sorted, root
      9          __root const unsigned int cfg_s2=2000;
   \                     cfg_s2:
   \   00000000   D0070000           DC32 2000

   \                                 In segment DATA_C, align 4, align-sorted, root
     10          __root const CFG_HDR cfghdr3={CFG_UINT,"Pause(sec/100)",0,104800};
   \                     cfghdr3:
   \   00000000   01000000           DC32 1
   \   00000004   506175736528       DC8 "Pause(sec/100)"
   \              7365632F3130
   \              302900      
   \   00000013   000000000000       DC8 0, 0, 0, 0, 0, 0, 0, 0, 0, 0, 0, 0, 0, 0, 0, 0, 0
   \              000000000000
   \              0000000000  
   \   00000024   000000006099       DC32 0, 104800
   \              0100        

   \                                 In segment DATA_C, align 4, align-sorted, root
     11          __root const unsigned int cfg_p=0;
   \                     cfg_p:
   \   00000000   00000000           DC32 0
     12          

   \                                 In segment DATA_C, align 4, align-sorted, root
     13          __root const CFG_HDR cfghdr4={CFG_CBOX,"Key lock?",0,2};
   \                     cfghdr4:
   \   00000000   05000000           DC32 5
   \   00000004   4B6579206C6F       DC8 "Key lock?"
   \              636B3F00    
   \   0000000E   000000000000       DC8 0, 0, 0, 0, 0, 0, 0, 0, 0, 0, 0, 0, 0, 0, 0, 0, 0, 0, 0, 0, 0, 0
   \              000000000000
   \              000000000000
   \              00000000    
   \   00000024   000000000200       DC32 0, 2
   \              0000        

   \                                 In segment DATA_C, align 4, align-sorted, root
     14          __root const int cfg_lk=1;
   \                     cfg_lk:
   \   00000000   01000000           DC32 1

   \                                 In segment DATA_C, align 4, align-sorted, root
     15          __root const CFG_CBOX_ITEM cfgcbox1[2]={"No","Yes"};
   \                     cfgcbox1:
   \   00000000   4E6F00             DC8 "No"
   \   00000003   000000000000       DC8 0, 0, 0, 0, 0, 0, 0, 0, 0, 0, 0, 0, 0, 0, 0, 0
   \              000000000000
   \              00000000    
   \   00000013   000000000000       DC8 0, 0, 0, 0, 0, 0, 0, 0, 0, 0, 0, 0, 0
   \              000000000000
   \              00          
   \   00000020   59657300           DC8 "Yes"
   \   00000024   000000000000       DC8 0, 0, 0, 0, 0, 0, 0, 0, 0, 0, 0, 0, 0, 0, 0, 0
   \              000000000000
   \              00000000    
   \   00000034   000000000000       DC8 0, 0, 0, 0, 0, 0, 0, 0, 0, 0, 0, 0
   \              000000000000

   \                                 In segment DATA_C, align 4, align-sorted, root
     16          __root const CFG_HDR cfghdr5={CFG_UINT,"Text colour",0,2000};
   \                     cfghdr5:
   \   00000000   01000000           DC32 1
   \   00000004   546578742063       DC8 "Text colour"
   \              6F6C6F757200
   \   00000010   000000000000       DC8 0, 0, 0, 0, 0, 0, 0, 0, 0, 0, 0, 0, 0, 0, 0, 0, 0, 0, 0, 0
   \              000000000000
   \              000000000000
   \              0000        
   \   00000024   00000000D007       DC32 0, 2000
   \              0000        

   \                                 In segment DATA_C, align 4, align-sorted, root
     17          __root const unsigned int cfg_tx=0;
   \                     cfg_tx:
   \   00000000   00000000           DC32 0

   \                                 In segment DATA_C, align 4, align-sorted, root
     18          __root const CFG_HDR cfghdr6={CFG_UINT,"BG Colour",0,2000};
   \                     cfghdr6:
   \   00000000   01000000           DC32 1
   \   00000004   424720436F6C       DC8 "BG Colour"
   \              6F757200    
   \   0000000E   000000000000       DC8 0, 0, 0, 0, 0, 0, 0, 0, 0, 0, 0, 0, 0, 0, 0, 0, 0, 0, 0, 0, 0, 0
   \              000000000000
   \              000000000000
   \              00000000    
   \   00000024   00000000D007       DC32 0, 2000
   \              0000        

   \                                 In segment DATA_C, align 4, align-sorted, root
     19          __root const unsigned int cfg_bg=20;
   \                     cfg_bg:
   \   00000000   14000000           DC32 20

   \                                 In segment DATA_C, align 4, align-sorted, root
     20          __root const CFG_HDR cfghdr7={CFG_STR_WIN1251,"Test string",0,80};
   \                     cfghdr7:
   \   00000000   04000000           DC32 4
   \   00000004   546573742073       DC8 "Test string"
   \              7472696E6700
   \   00000010   000000000000       DC8 0, 0, 0, 0, 0, 0, 0, 0, 0, 0, 0, 0, 0, 0, 0, 0, 0, 0, 0, 0
   \              000000000000
   \              000000000000
   \              0000        
   \   00000024   000000005000       DC32 0, 80
   \              0000        

   \                                 In segment DATA_C, align 4, align-sorted, root
     21          __root const char cfg_test[81]="ABCabc ÀÁÂ¨Úàáâ¸ú ²¯³¿ #;%:?()";
   \                     cfg_test:
   \   00000000   414243616263       DC8 "ABCabc \300\301\302\250\332\340\341\342\270\372 \262\257\263\277 #;%:?()"
   \              20C0C1C2A8DA
   \              E0E1E2B8FA20
   \              B2AFB3BF2023
   \              3B253A3F2829
   \              00          
   \   0000001F   000000000000       DC8 0, 0, 0, 0, 0, 0, 0, 0, 0, 0, 0, 0, 0, 0, 0, 0
   \              000000000000
   \              00000000    
   \   0000002F   000000000000       DC8 0, 0, 0, 0, 0, 0, 0, 0, 0, 0, 0, 0, 0, 0, 0, 0
   \              000000000000
   \              00000000    
   \   0000003F   000000000000       DC8 0, 0, 0, 0, 0, 0, 0, 0, 0, 0, 0, 0, 0, 0, 0, 0, 0, 0, 0, 0, 0
   \              000000000000
   \              000000000000
   \              000000      
     22          

   \                                 In segment DATA_C, align 4, align-sorted, root
     23          __root const CFG_HDR cfghdr21={CFG_STR_WIN1251,"Picture",0,20};
   \                     cfghdr21:
   \   00000000   04000000           DC32 4
   \   00000004   506963747572       DC8 "Picture"
   \              6500        
   \   0000000C   000000000000       DC8 0, 0, 0, 0, 0, 0, 0, 0, 0, 0, 0, 0, 0, 0, 0, 0
   \              000000000000
   \              00000000    
   \   0000001C   000000000000       DC8 0, 0, 0, 0, 0, 0, 0, 0
   \              0000        
   \   00000024   000000001400       DC32 0, 20
   \              0000        

   \                                 In segment DATA_C, align 4, align-sorted, root
     24          __root const char pic[21]="Pic";
   \                     pic:
   \   00000000   50696300           DC8 "Pic"
   \   00000004   000000000000       DC8 0, 0, 0, 0, 0, 0, 0, 0, 0, 0, 0, 0, 0, 0, 0, 0, 0, 0, 0, 0
   \              000000000000
   \              000000000000
   \              0000        

   \                                 In segment DATA_C, align 4, align-sorted, root
     25          __root const CFG_HDR cfghdr22={CFG_STR_WIN1251,"Sound",0,20};
   \                     cfghdr22:
   \   00000000   04000000           DC32 4
   \   00000004   536F756E6400       DC8 "Sound"
   \   0000000A   000000000000       DC8 0, 0, 0, 0, 0, 0, 0, 0, 0, 0, 0, 0, 0, 0, 0, 0
   \              000000000000
   \              00000000    
   \   0000001A   000000000000       DC8 0, 0, 0, 0, 0, 0, 0, 0, 0, 0
   \              00000000    
   \   00000024   000000001400       DC32 0, 20
   \              0000        

   \                                 In segment DATA_C, align 4, align-sorted, root
     26          __root const char sound[21]="Sound";
   \                     sound:
   \   00000000   536F756E6400       DC8 "Sound"
   \   00000006   000000000000       DC8 0, 0, 0, 0, 0, 0, 0, 0, 0, 0, 0, 0, 0, 0, 0, 0, 0, 0
   \              000000000000
   \              000000000000

   \                                 In segment DATA_C, align 4, align-sorted, root
     27          __root const CFG_HDR cfghdr23={CFG_STR_WIN1251,"WAIT",0,20};
   \                     cfghdr23:
   \   00000000   04000000           DC32 4
   \   00000004   5741495400         DC8 "WAIT"
   \   00000009   000000000000       DC8 0, 0, 0, 0, 0, 0, 0, 0, 0, 0, 0, 0, 0, 0, 0, 0
   \              000000000000
   \              00000000    
   \   00000019   000000000000       DC8 0, 0, 0, 0, 0, 0, 0, 0, 0, 0, 0
   \              0000000000  
   \   00000024   000000001400       DC32 0, 20
   \              0000        

   \                                 In segment DATA_C, align 4, align-sorted, root
     28          __root const char wait[21]="WAIT";
   \                     wait:
   \   00000000   5741495400         DC8 "WAIT"
   \   00000005   000000000000       DC8 0, 0, 0, 0, 0, 0, 0, 0, 0, 0, 0, 0, 0, 0, 0, 0, 0, 0, 0
   \              000000000000
   \              000000000000
   \              00          

   \                                 In segment DATA_C, align 4, align-sorted, root
     29          __root const CFG_HDR cfghdr24={CFG_STR_WIN1251,"Font",0,20};
   \                     cfghdr24:
   \   00000000   04000000           DC32 4
   \   00000004   466F6E7400         DC8 "Font"
   \   00000009   000000000000       DC8 0, 0, 0, 0, 0, 0, 0, 0, 0, 0, 0, 0, 0, 0, 0, 0
   \              000000000000
   \              00000000    
   \   00000019   000000000000       DC8 0, 0, 0, 0, 0, 0, 0, 0, 0, 0, 0
   \              0000000000  
   \   00000024   000000001400       DC32 0, 20
   \              0000        

   \                                 In segment DATA_C, align 4, align-sorted, root
     30          __root const char font[21]="Font";
   \                     font:
   \   00000000   466F6E7400         DC8 "Font"
   \   00000005   000000000000       DC8 0, 0, 0, 0, 0, 0, 0, 0, 0, 0, 0, 0, 0, 0, 0, 0, 0, 0, 0
   \              000000000000
   \              000000000000
   \              00          

   \                                 In segment DATA_C, align 4, align-sorted, root
     31          __root const CFG_HDR cfghdr25={CFG_STR_WIN1251,"Atribute",0,20};
   \                     cfghdr25:
   \   00000000   04000000           DC32 4
   \   00000004   417472696275       DC8 "Atribute"
   \              746500      
   \   0000000D   000000000000       DC8 0, 0, 0, 0, 0, 0, 0, 0, 0, 0, 0, 0, 0, 0, 0, 0, 0, 0, 0, 0, 0, 0, 0
   \              000000000000
   \              000000000000
   \              0000000000  
   \   00000024   000000001400       DC32 0, 20
   \              0000        

   \                                 In segment DATA_C, align 4, align-sorted, root
     32          __root const char atr[21]="Atr.";
   \                     atr:
   \   00000000   4174722E00         DC8 "Atr."
   \   00000005   000000000000       DC8 0, 0, 0, 0, 0, 0, 0, 0, 0, 0, 0, 0, 0, 0, 0, 0, 0, 0, 0
   \              000000000000
   \              000000000000
   \              00          

   \                                 In segment DATA_C, align 4, align-sorted, root
     33          __root const CFG_HDR cfghdr26={CFG_STR_WIN1251,"Colour",0,20};
   \                     cfghdr26:
   \   00000000   04000000           DC32 4
   \   00000004   436F6C6F7572       DC8 "Colour"
   \              00          
   \   0000000B   000000000000       DC8 0, 0, 0, 0, 0, 0, 0, 0, 0, 0, 0, 0, 0, 0, 0, 0
   \              000000000000
   \              00000000    
   \   0000001B   000000000000       DC8 0, 0, 0, 0, 0, 0, 0, 0, 0
   \              000000      
   \   00000024   000000001400       DC32 0, 20
   \              0000        

   \                                 In segment DATA_C, align 4, align-sorted, root
     34          __root const char colour[21]="Colour";
   \                     colour:
   \   00000000   436F6C6F7572       DC8 "Colour"
   \              00          
   \   00000007   000000000000       DC8 0, 0, 0, 0, 0, 0, 0, 0, 0, 0, 0, 0, 0, 0, 0, 0, 0
   \              000000000000
   \              0000000000  

   \                                 In segment DATA_C, align 4, align-sorted, root
     35          __root const CFG_HDR cfghdr27={CFG_STR_WIN1251,"Item",0,20};
   \                     cfghdr27:
   \   00000000   04000000           DC32 4
   \   00000004   4974656D00         DC8 "Item"
   \   00000009   000000000000       DC8 0, 0, 0, 0, 0, 0, 0, 0, 0, 0, 0, 0, 0, 0, 0, 0
   \              000000000000
   \              00000000    
   \   00000019   000000000000       DC8 0, 0, 0, 0, 0, 0, 0, 0, 0, 0, 0
   \              0000000000  
   \   00000024   000000001400       DC32 0, 20
   \              0000        

   \                                 In segment DATA_C, align 4, align-sorted, root
     36          __root const char item[21]="Item number:";
   \                     item:
   \   00000000   4974656D206E       DC8 "Item number:"
   \              756D6265723A
   \              00          
   \   0000000D   000000000000       DC8 0, 0, 0, 0, 0, 0, 0, 0, 0, 0, 0
   \              0000000000  

   \                                 In segment DATA_C, align 4, align-sorted, root
     37          __root const CFG_HDR cfghdr28={CFG_STR_WIN1251,"Sounds",0,20};
   \                     cfghdr28:
   \   00000000   04000000           DC32 4
   \   00000004   536F756E6473       DC8 "Sounds"
   \              00          
   \   0000000B   000000000000       DC8 0, 0, 0, 0, 0, 0, 0, 0, 0, 0, 0, 0, 0, 0, 0, 0
   \              000000000000
   \              00000000    
   \   0000001B   000000000000       DC8 0, 0, 0, 0, 0, 0, 0, 0, 0
   \              000000      
   \   00000024   000000001400       DC32 0, 20
   \              0000        

   \                                 In segment DATA_C, align 4, align-sorted, root
     38          __root const char sounds[21]="Sounds";
   \                     sounds:
   \   00000000   536F756E6473       DC8 "Sounds"
   \              00          
   \   00000007   000000000000       DC8 0, 0, 0, 0, 0, 0, 0, 0, 0, 0, 0, 0, 0, 0, 0, 0, 0
   \              000000000000
   \              0000000000  

   \                                 In segment DATA_C, align 4, align-sorted, root
     39          __root const CFG_HDR cfghdr29={CFG_STR_WIN1251,"Pictures",0,20};
   \                     cfghdr29:
   \   00000000   04000000           DC32 4
   \   00000004   506963747572       DC8 "Pictures"
   \              657300      
   \   0000000D   000000000000       DC8 0, 0, 0, 0, 0, 0, 0, 0, 0, 0, 0, 0, 0, 0, 0, 0, 0, 0, 0, 0, 0, 0, 0
   \              000000000000
   \              000000000000
   \              0000000000  
   \   00000024   000000001400       DC32 0, 20
   \              0000        

   \                                 In segment DATA_C, align 4, align-sorted, root
     40          __root const char pics[21]="Pictures";
   \                     pics:
   \   00000000   506963747572       DC8 "Pictures"
   \              657300      
   \   00000009   000000000000       DC8 0, 0, 0, 0, 0, 0, 0, 0, 0, 0, 0, 0, 0, 0, 0
   \              000000000000
   \              000000      

   \                                 In segment DATA_C, align 4, align-sorted, root
     41          __root const CFG_HDR cfghdr20={CFG_STR_WIN1251,"Fonts",0,20};
   \                     cfghdr20:
   \   00000000   04000000           DC32 4
   \   00000004   466F6E747300       DC8 "Fonts"
   \   0000000A   000000000000       DC8 0, 0, 0, 0, 0, 0, 0, 0, 0, 0, 0, 0, 0, 0, 0, 0
   \              000000000000
   \              00000000    
   \   0000001A   000000000000       DC8 0, 0, 0, 0, 0, 0, 0, 0, 0, 0
   \              00000000    
   \   00000024   000000001400       DC32 0, 20
   \              0000        

   \                                 In segment DATA_C, align 4, align-sorted, root
     42          __root const char fonts[21]="Fonts";
   \                     fonts:
   \   00000000   466F6E747300       DC8 "Fonts"
   \   00000006   000000000000       DC8 0, 0, 0, 0, 0, 0, 0, 0, 0, 0, 0, 0, 0, 0, 0, 0, 0, 0
   \              000000000000
   \              000000000000

   \                                 In segment DATA_C, align 4, align-sorted, root
     43          __root const CFG_HDR cfghdr211={CFG_STR_WIN1251,"RGB",0,20};
   \                     cfghdr211:
   \   00000000   04000000           DC32 4
   \   00000004   52474200           DC8 "RGB"
   \   00000008   000000000000       DC8 0, 0, 0, 0, 0, 0, 0, 0, 0, 0, 0, 0, 0, 0, 0, 0
   \              000000000000
   \              00000000    
   \   00000018   000000000000       DC8 0, 0, 0, 0, 0, 0, 0, 0, 0, 0, 0, 0
   \              000000000000
   \   00000024   000000001400       DC32 0, 20
   \              0000        

   \                                 In segment DATA_C, align 4, align-sorted, root
     44          __root const char colours[21]="RGB";
   \                     colours:
   \   00000000   52474200           DC8 "RGB"
   \   00000004   000000000000       DC8 0, 0, 0, 0, 0, 0, 0, 0, 0, 0, 0, 0, 0, 0, 0, 0, 0, 0, 0, 0
   \              000000000000
   \              000000000000
   \              0000        

   \                                 In segment DATA_C, align 4, align-sorted, root
     45          __root const CFG_HDR cfghdr212={CFG_STR_WIN1251,"RGB24",0,20};
   \                     cfghdr212:
   \   00000000   04000000           DC32 4
   \   00000004   524742323400       DC8 "RGB24"
   \   0000000A   000000000000       DC8 0, 0, 0, 0, 0, 0, 0, 0, 0, 0, 0, 0, 0, 0, 0, 0
   \              000000000000
   \              00000000    
   \   0000001A   000000000000       DC8 0, 0, 0, 0, 0, 0, 0, 0, 0, 0
   \              00000000    
   \   00000024   000000001400       DC32 0, 20
   \              0000        

   \                                 In segment DATA_C, align 4, align-sorted, root
     46          __root const char colours24[21]="RGB24";
   \                     colours24:
   \   00000000   524742323400       DC8 "RGB24"
   \   00000006   000000000000       DC8 0, 0, 0, 0, 0, 0, 0, 0, 0, 0, 0, 0, 0, 0, 0, 0, 0, 0
   \              000000000000
   \              000000000000

   \                                 In segment DATA_C, align 4, align-sorted, root
     47          __root const CFG_HDR cfghdr213={CFG_STR_WIN1251,"Options",0,20};
   \                     cfghdr213:
   \   00000000   04000000           DC32 4
   \   00000004   4F7074696F6E       DC8 "Options"
   \              7300        
   \   0000000C   000000000000       DC8 0, 0, 0, 0, 0, 0, 0, 0, 0, 0, 0, 0, 0, 0, 0, 0
   \              000000000000
   \              00000000    
   \   0000001C   000000000000       DC8 0, 0, 0, 0, 0, 0, 0, 0
   \              0000        
   \   00000024   000000001400       DC32 0, 20
   \              0000        

   \                                 In segment DATA_C, align 4, align-sorted, root
     48          __root const char options[21]="Options";
   \                     options:
   \   00000000   4F7074696F6E       DC8 "Options"
   \              7300        
   \   00000008   000000000000       DC8 0, 0, 0, 0, 0, 0, 0, 0, 0, 0, 0, 0, 0, 0, 0, 0
   \              000000000000
   \              00000000    

   \                                 In segment DATA_C, align 4, align-sorted, root
     49          __root const CFG_HDR cfghdr214={CFG_STR_WIN1251,"Exit",0,20};
   \                     cfghdr214:
   \   00000000   04000000           DC32 4
   \   00000004   4578697400         DC8 "Exit"
   \   00000009   000000000000       DC8 0, 0, 0, 0, 0, 0, 0, 0, 0, 0, 0, 0, 0, 0, 0, 0
   \              000000000000
   \              00000000    
   \   00000019   000000000000       DC8 0, 0, 0, 0, 0, 0, 0, 0, 0, 0, 0
   \              0000000000  
   \   00000024   000000001400       DC32 0, 20
   \              0000        

   \                                 In segment DATA_C, align 4, align-sorted, root
     50          __root const char exit[21]="Exit";
   \                     exit:
   \   00000000   4578697400         DC8 "Exit"
   \   00000005   000000000000       DC8 0, 0, 0, 0, 0, 0, 0, 0, 0, 0, 0, 0, 0, 0, 0, 0, 0, 0, 0
   \              000000000000
   \              000000000000
   \              00          

   \                                 In segment DATA_C, align 4, align-sorted, root
     51          __root const CFG_HDR cfghdr215={CFG_STR_WIN1251,"Colour comp.",0,31};
   \                     cfghdr215:
   \   00000000   04000000           DC32 4
   \   00000004   436F6C6F7572       DC8 "Colour comp."
   \              20636F6D702E
   \              00          
   \   00000011   000000000000       DC8 0, 0, 0, 0, 0, 0, 0, 0, 0, 0, 0, 0, 0, 0, 0, 0, 0, 0, 0
   \              000000000000
   \              000000000000
   \              00          
   \   00000024   000000001F00       DC32 0, 31
   \              0000        

   \                                 In segment DATA_C, align 4, align-sorted, root
     52          __root const char rgba[31]="R:    G:    B:    A:";
   \                     rgba:
   \   00000000   523A20202020       DC8 "R:    G:    B:    A:"
   \              473A20202020
   \              423A20202020
   \              413A00      
   \   00000015   000000000000       DC8 0, 0, 0, 0, 0, 0, 0, 0, 0, 0, 0
   \              0000000000  

   \                                 In segment DATA_C, align 4, align-sorted, root
     53          __root const CFG_HDR cfghdr216={CFG_STR_WIN1251,"Test string",0,51};
   \                     cfghdr216:
   \   00000000   04000000           DC32 4
   \   00000004   546573742073       DC8 "Test string"
   \              7472696E6700
   \   00000010   000000000000       DC8 0, 0, 0, 0, 0, 0, 0, 0, 0, 0, 0, 0, 0, 0, 0, 0, 0, 0, 0, 0
   \              000000000000
   \              000000000000
   \              0000        
   \   00000024   000000003300       DC32 0, 51
   \              0000        

   \                                 In segment DATA_C, align 4, align-sorted, root
     54          __root const char test[51]="This is test!!!";
   \                     test:
   \   00000000   546869732069       DC8 "This is test!!!"
   \              732074657374
   \              21212100    
   \   00000010   000000000000       DC8 0, 0, 0, 0, 0, 0, 0, 0, 0, 0, 0, 0, 0, 0, 0, 0
   \              000000000000
   \              00000000    
   \   00000020   000000000000       DC8 0, 0, 0, 0, 0, 0, 0, 0, 0, 0, 0, 0, 0, 0, 0, 0, 0, 0, 0, 0
   \              000000000000
   \              000000000000
   \              0000        


   Segment part sizes:

     Function/Label Bytes
     -------------- -----
     cfghdr0          44
     cfg_st            4
     cfgcbox0         64
     cfghdr1          44
     cfg_s1            4
     cfghdr2          44
     cfg_s2            4
     cfghdr3          44
     cfg_p             4
     cfghdr4          44
     cfg_lk            4
     cfgcbox1         64
     cfghdr5          44
     cfg_tx            4
     cfghdr6          44
     cfg_bg            4
     cfghdr7          44
     cfg_test         84
     cfghdr21         44
     pic              24
     cfghdr22         44
     sound            24
     cfghdr23         44
     wait             24
     cfghdr24         44
     font             24
     cfghdr25         44
     atr              24
     cfghdr26         44
     colour           24
     cfghdr27         44
     item             24
     cfghdr28         44
     sounds           24
     cfghdr29         44
     pics             24
     cfghdr20         44
     fonts            24
     cfghdr211        44
     colours          24
     cfghdr212        44
     colours24        24
     cfghdr213        44
     options          24
     cfghdr214        44
     exit             24
     cfghdr215        44
     rgba             32
     cfghdr216        44
     test             52

 
 1 716 bytes in segment DATA_C
 
 1 716 bytes of CONST memory

Errors: none
Warnings: none
