################################################################################
#                                                                              #
#      IAR Universal Linker V4.60I/386                                         #
#                                                                              #
#           Link time     =  12/Aug/2012  15:43:01                             #
#           Target CPU    =  ARM                                               #
#           List file     =  C:\arm\callwriter\Release_NEWSGOLD\List\CallWrite #
#                            r_NEWSGOLD.map                                    #
#           Output file 1 =  C:\arm\callwriter\Release_NEWSGOLD\Exe\CallWriter #
#                            _NEWSGOLD.elf                                     #
#                            Format: elf, variant: -ynpra                      #
#           Command line  =  C:\arm\callwriter\Release_NEWSGOLD\Obj\conf_loade #
#                            r.r79                                             #
#                            C:\arm\callwriter\Release_NEWSGOLD\Obj\config_dat #
#                            a.r79                                             #
#                            C:\arm\callwriter\Release_NEWSGOLD\Obj\func.r79   #
#                            C:\arm\callwriter\Release_NEWSGOLD\Obj\main.r79   #
#                            -o                                                #
#                            C:\arm\callwriter\Release_NEWSGOLD\Exe\CallWriter #
#                            _NEWSGOLD.elf                                     #
#                            -Felf -l                                          #
#                            C:\arm\callwriter\Release_NEWSGOLD\List\CallWrite #
#                            r_NEWSGOLD.map                                    #
#                            -xmsnio -f C:\arm\callwriter\test.xcl (-carm      #
#                            -V(CODE)CODE_AREA,12 -V(DATA)DATA_AREA,12         #
#                            -Z(CODE_AREA)ELFBEGIN,DATA_ID,START,CODE,DATA_C,I #
#                            NITTAB,DATA_Z,DATA_N,CONFIG_C=0-FFFFFFFF          #
#                            -Z(DATA_AREA)DATA_I=0-FFFFFFFF) -ynpra            #
#                            "C:\arm2\Embedded Workbench 4.0 Evaluation\ARM\LI #
#                            B\dl5tpainl8f.r79"                                #
#                            -s main                                           #
#                                                                              #
#                        Copyright 1987-2007 IAR Systems. All rights reserved. #
################################################################################





                ****************************************
                *                                      *
                *           CROSS REFERENCE            *
                *                                      *
                ****************************************

       Program entry at : CODE_AREA 00000AEC  Relocatable, from module : main




                ****************************************
                *                                      *
                *            RUNTIME MODEL             *
                *                                      *
                ****************************************

  StackAlign4                = USED
  StackAlign8                = USED
  __cpu_mode                 = __pcs__interwork
  __data_model               = absolute
  __dlib_full_locale_support = 1
  __endian                   = little
  __rt_version               = 6



                ****************************************
                *                                      *
                *              MODULE MAP              *
                *                                      *
                ****************************************


  DEFINED ABSOLUTE ENTRIES
    *************************************************************************

  DEFINED ABSOLUTE ENTRIES
    *************************************************************************

  FILE NAME : C:\arm\callwriter\Release_NEWSGOLD\Obj\conf_loader.r79
  PROGRAM MODULE, NAME : conf_loader

  SEGMENTS IN THE MODULE
  ======================
DATA_I
  Relative segment, address: DATA_AREA 00000000 - 00000003 (0x4 bytes), align: 2
  Segment part 4.             Intra module refs:   LoadConfigData
           ENTRY                   ADDRESS         REF BY
           =====                   =======         ======
           successed_config_filename
                                   00000000        maincsm_onmessage (main)
    -------------------------------------------------------------------------
CODE
  Segment part 6. NOT NEEDED.
    -------------------------------------------------------------------------
CODE
  Relative segment, address: CODE_AREA 00000088 - 000001B3 (0x12c bytes), align: 2
  Segment part 7.             Intra module refs:   InitConfig
           ENTRY                   ADDRESS         REF BY
           =====                   =======         ======
           LoadConfigData          00000088 
               stack 1 = 00000000 ( 00000030 )
    -------------------------------------------------------------------------
CODE
  Segment part 8. NOT NEEDED.
    -------------------------------------------------------------------------
CODE
  Relative segment, address: CODE_AREA 000001B4 - 0000020B (0x58 bytes), align: 2
  Segment part 9.
           ENTRY                   ADDRESS         REF BY
           =====                   =======         ======
           InitConfig              000001B4        main (main)
                                                   maincsm_onmessage (main)
               stack 1 = 00000000 ( 0000000C )
    -------------------------------------------------------------------------
CSTACK
  Segment part 1. NOT NEEDED.
    -------------------------------------------------------------------------
DATA_ID
  Relative segment, address: CODE_AREA 00000000 - 00000003 (0x4 bytes), align: 2
  Segment part 5.             Intra module refs:   successed_config_filename
    -------------------------------------------------------------------------
DATA_ID
  Segment part 10. NOT NEEDED.
           ENTRY                   ADDRESS         REF BY
           =====                   =======         ======
           ?*?DATA_ID              
    -------------------------------------------------------------------------
INITTAB
  Relative segment, address: CODE_AREA 000010F0 - 000010FB (0xc bytes), align: 2
  Segment part 11. ROOT.
           ENTRY                   ADDRESS         REF BY
           =====                   =======         ======
           ?init?tab?DATA_I        000010F0 
    -------------------------------------------------------------------------
CONFIG_C
  Segment part 12. NOT NEEDED.
    -------------------------------------------------------------------------
DATA_C
  Relative segment, address: CODE_AREA 000010E8 - 000010E8 (0x1 bytes), align: 0
  Segment part 2.             Intra module refs:   Segment part 5
    -------------------------------------------------------------------------
DATA_C
  Relative segment, address: CODE_AREA 00000F8C - 00000F9F (0x14 bytes), align: 2
  Segment part 3.             Intra module refs:   InitConfig

    *************************************************************************

  FILE NAME : C:\arm\callwriter\Release_NEWSGOLD\Obj\config_data.r79
  PROGRAM MODULE, NAME : config_data

  SEGMENTS IN THE MODULE
  ======================
CONFIG_C
  Relative segment, address: CODE_AREA 00001394 - 000013BF (0x2c bytes), align: 2
  Segment part 2. ROOT.
           ENTRY                   ADDRESS         REF BY
           =====                   =======         ======
           cfghdr0                 00001394        LoadConfigData (conf_loader)
    -------------------------------------------------------------------------
CONFIG_C
  Relative segment, address: CODE_AREA 000013C0 - 0000143F (0x80 bytes), align: 2
  Segment part 3. ROOT.
           ENTRY                   ADDRESS         REF BY
           =====                   =======         ======
           folder                  000013C0        Obs_CreateAmrFile (main)
    -------------------------------------------------------------------------
CONFIG_C
  Relative segment, address: CODE_AREA 00001440 - 0000146B (0x2c bytes), align: 2
  Segment part 4. ROOT.
           ENTRY                   ADDRESS         REF BY
           =====                   =======         ======
           cfghdr1                 00001440 
    -------------------------------------------------------------------------
CONFIG_C
  Relative segment, address: CODE_AREA 0000146C - 0000146F (0x4 bytes), align: 2
  Segment part 5. ROOT.
           ENTRY                   ADDRESS         REF BY
           =====                   =======         ======
           profile                 0000146C        MyIDLECSM_onMessage (main)
    -------------------------------------------------------------------------
CONFIG_C
  Relative segment, address: CODE_AREA 00001470 - 0000158F (0x120 bytes), align: 2
  Segment part 6. ROOT.
           ENTRY                   ADDRESS         REF BY
           =====                   =======         ======
           cfgcbox1                00001470 
    -------------------------------------------------------------------------
CONFIG_C
  Relative segment, address: CODE_AREA 00001590 - 000015BB (0x2c bytes), align: 2
  Segment part 7. ROOT.
           ENTRY                   ADDRESS         REF BY
           =====                   =======         ======
           cfghdr2                 00001590 
    -------------------------------------------------------------------------
CONFIG_C
  Relative segment, address: CODE_AREA 000015BC - 000015BF (0x4 bytes), align: 2
  Segment part 8. ROOT.
           ENTRY                   ADDRESS         REF BY
           =====                   =======         ======
           bitrate                 000015BC        Obs_CreateAmrFile (main)
    -------------------------------------------------------------------------
CONFIG_C
  Relative segment, address: CODE_AREA 000015C0 - 0000161F (0x60 bytes), align: 2
  Segment part 9. ROOT.
           ENTRY                   ADDRESS         REF BY
           =====                   =======         ======
           cfgcbox2                000015C0 
    -------------------------------------------------------------------------
CONFIG_C
  Relative segment, address: CODE_AREA 00001620 - 0000164B (0x2c bytes), align: 2
  Segment part 10. ROOT.
           ENTRY                   ADDRESS         REF BY
           =====                   =======         ======
           cfghdr3                 00001620 
    -------------------------------------------------------------------------
CONFIG_C
  Relative segment, address: CODE_AREA 0000164C - 0000164F (0x4 bytes), align: 2
  Segment part 11. ROOT.
           ENTRY                   ADDRESS         REF BY
           =====                   =======         ======
           amrmode                 0000164C        Obs_CreateAmrFile (main)
    -------------------------------------------------------------------------
CONFIG_C
  Relative segment, address: CODE_AREA 00001650 - 000016AF (0x60 bytes), align: 2
  Segment part 12. ROOT.
           ENTRY                   ADDRESS         REF BY
           =====                   =======         ======
           cfgcbox3                00001650 
    -------------------------------------------------------------------------
CONFIG_C
  Relative segment, address: CODE_AREA 000016B0 - 000016DB (0x2c bytes), align: 2
  Segment part 13. ROOT.
           ENTRY                   ADDRESS         REF BY
           =====                   =======         ======
           cfghdr4                 000016B0 
    -------------------------------------------------------------------------
CONFIG_C
  Relative segment, address: CODE_AREA 000016DC - 000016DF (0x4 bytes), align: 2
  Segment part 14. ROOT.
           ENTRY                   ADDRESS         REF BY
           =====                   =======         ======
           opmod                   000016DC        Segment part 46 (main)
    -------------------------------------------------------------------------
CONFIG_C
  Relative segment, address: CODE_AREA 000016E0 - 0000171F (0x40 bytes), align: 2
  Segment part 15. ROOT.
           ENTRY                   ADDRESS         REF BY
           =====                   =======         ======
           cfgcbox4                000016E0 
    -------------------------------------------------------------------------
CONFIG_C
  Relative segment, address: CODE_AREA 00001720 - 0000174B (0x2c bytes), align: 2
  Segment part 16. ROOT.
           ENTRY                   ADDRESS         REF BY
           =====                   =======         ======
           cfghdr5                 00001720 
    -------------------------------------------------------------------------
CONFIG_C
  Relative segment, address: CODE_AREA 0000174C - 00001757 (0xc bytes), align: 2
  Segment part 17. ROOT.
           ENTRY                   ADDRESS         REF BY
           =====                   =======         ======
           loud                    0000174C        OpenCall (main)
    -------------------------------------------------------------------------
CONFIG_C
  Relative segment, address: CODE_AREA 00001758 - 00001783 (0x2c bytes), align: 2
  Segment part 18. ROOT.
           ENTRY                   ADDRESS         REF BY
           =====                   =======         ======
           cfghdr6                 00001758 
    -------------------------------------------------------------------------
CONFIG_C
  Relative segment, address: CODE_AREA 00001784 - 00001787 (0x4 bytes), align: 2
  Segment part 19. ROOT.
           ENTRY                   ADDRESS         REF BY
           =====                   =======         ======
           ena_loud                00001784        OpenCall (main)
    -------------------------------------------------------------------------
CONFIG_C
  Relative segment, address: CODE_AREA 00001788 - 000017B3 (0x2c bytes), align: 2
  Segment part 20. ROOT.
           ENTRY                   ADDRESS         REF BY
           =====                   =======         ======
           cfghdr7                 00001788 
    -------------------------------------------------------------------------
CONFIG_C
  Relative segment, address: CODE_AREA 000017B4 - 000017BF (0xc bytes), align: 2
  Segment part 21. ROOT.
           ENTRY                   ADDRESS         REF BY
           =====                   =======         ======
           mic                     000017B4        OpenCall (main)
    -------------------------------------------------------------------------
CONFIG_C
  Relative segment, address: CODE_AREA 000017C0 - 000017EB (0x2c bytes), align: 2
  Segment part 22. ROOT.
           ENTRY                   ADDRESS         REF BY
           =====                   =======         ======
           cfghdr_m11              000017C0 
    -------------------------------------------------------------------------
CONFIG_C
  Relative segment, address: CODE_AREA 000017EC - 00001817 (0x2c bytes), align: 2
  Segment part 23. ROOT.
           ENTRY                   ADDRESS         REF BY
           =====                   =======         ======
           cfghdr8                 000017EC 
    -------------------------------------------------------------------------
CONFIG_C
  Relative segment, address: CODE_AREA 00001818 - 0000181B (0x4 bytes), align: 2
  Segment part 24. ROOT.
           ENTRY                   ADDRESS         REF BY
           =====                   =======         ======
           time_on_on              00001818        Auto (main)
    -------------------------------------------------------------------------
CONFIG_C
  Relative segment, address: CODE_AREA 0000181C - 00001847 (0x2c bytes), align: 2
  Segment part 25. ROOT.
           ENTRY                   ADDRESS         REF BY
           =====                   =======         ======
           cfghdr9                 0000181C 
    -------------------------------------------------------------------------
CONFIG_C
  Relative segment, address: CODE_AREA 00001848 - 0000184B (0x4 bytes), align: 2
  Segment part 26. ROOT.
           ENTRY                   ADDRESS         REF BY
           =====                   =======         ======
           time_on_sec             00001848        Auto (main)
    -------------------------------------------------------------------------
CONFIG_C
  Relative segment, address: CODE_AREA 0000184C - 00001877 (0x2c bytes), align: 2
  Segment part 27. ROOT.
           ENTRY                   ADDRESS         REF BY
           =====                   =======         ======
           cfghdr10                0000184C 
    -------------------------------------------------------------------------
CONFIG_C
  Relative segment, address: CODE_AREA 00001878 - 0000187B (0x4 bytes), align: 2
  Segment part 28. ROOT.
           ENTRY                   ADDRESS         REF BY
           =====                   =======         ======
           time_on_min             00001878        Auto (main)
    -------------------------------------------------------------------------
CONFIG_C
  Relative segment, address: CODE_AREA 0000187C - 000018A7 (0x2c bytes), align: 2
  Segment part 29. ROOT.
           ENTRY                   ADDRESS         REF BY
           =====                   =======         ======
           cfghdr_m10              0000187C 
    -------------------------------------------------------------------------
CONFIG_C
  Relative segment, address: CODE_AREA 000018A8 - 000018D3 (0x2c bytes), align: 2
  Segment part 30. ROOT.
           ENTRY                   ADDRESS         REF BY
           =====                   =======         ======
           cfghdr_m21              000018A8 
    -------------------------------------------------------------------------
CONFIG_C
  Relative segment, address: CODE_AREA 000018D4 - 000018FF (0x2c bytes), align: 2
  Segment part 31. ROOT.
           ENTRY                   ADDRESS         REF BY
           =====                   =======         ======
           cfghdr11                000018D4 
    -------------------------------------------------------------------------
CONFIG_C
  Relative segment, address: CODE_AREA 00001900 - 00001903 (0x4 bytes), align: 2
  Segment part 32. ROOT.
           ENTRY                   ADDRESS         REF BY
           =====                   =======         ======
           time_off_off            00001900        Close (main)
    -------------------------------------------------------------------------
CONFIG_C
  Relative segment, address: CODE_AREA 00001904 - 0000192F (0x2c bytes), align: 2
  Segment part 33. ROOT.
           ENTRY                   ADDRESS         REF BY
           =====                   =======         ======
           cfghdr12                00001904 
    -------------------------------------------------------------------------
CONFIG_C
  Relative segment, address: CODE_AREA 00001930 - 00001933 (0x4 bytes), align: 2
  Segment part 34. ROOT.
           ENTRY                   ADDRESS         REF BY
           =====                   =======         ======
           time_off_sec            00001930        Close (main)
    -------------------------------------------------------------------------
CONFIG_C
  Relative segment, address: CODE_AREA 00001934 - 0000195F (0x2c bytes), align: 2
  Segment part 35. ROOT.
           ENTRY                   ADDRESS         REF BY
           =====                   =======         ======
           cfghdr13                00001934 
    -------------------------------------------------------------------------
CONFIG_C
  Relative segment, address: CODE_AREA 00001960 - 00001963 (0x4 bytes), align: 2
  Segment part 36. ROOT.
           ENTRY                   ADDRESS         REF BY
           =====                   =======         ======
           time_off_min            00001960        Close (main)
    -------------------------------------------------------------------------
CONFIG_C
  Relative segment, address: CODE_AREA 00001964 - 0000198F (0x2c bytes), align: 2
  Segment part 37. ROOT.
           ENTRY                   ADDRESS         REF BY
           =====                   =======         ======
           cfghdr_m20              00001964 
    -------------------------------------------------------------------------
CONFIG_C
  Relative segment, address: CODE_AREA 00001990 - 000019BB (0x2c bytes), align: 2
  Segment part 38. ROOT.
           ENTRY                   ADDRESS         REF BY
           =====                   =======         ======
           cfghdr_m31              00001990 
    -------------------------------------------------------------------------
CONFIG_C
  Relative segment, address: CODE_AREA 000019BC - 000019E7 (0x2c bytes), align: 2
  Segment part 39. ROOT.
           ENTRY                   ADDRESS         REF BY
           =====                   =======         ======
           cfghdr14                000019BC 
    -------------------------------------------------------------------------
CONFIG_C
  Relative segment, address: CODE_AREA 000019E8 - 000019EB (0x4 bytes), align: 2
  Segment part 40. ROOT.
           ENTRY                   ADDRESS         REF BY
           =====                   =======         ======
           Key1                    000019E8        my_keyhook (main)
    -------------------------------------------------------------------------
CONFIG_C
  Relative segment, address: CODE_AREA 000019EC - 00001A17 (0x2c bytes), align: 2
  Segment part 41. ROOT.
           ENTRY                   ADDRESS         REF BY
           =====                   =======         ======
           cfghdr15                000019EC 
    -------------------------------------------------------------------------
CONFIG_C
  Relative segment, address: CODE_AREA 00001A18 - 00001A1B (0x4 bytes), align: 2
  Segment part 42. ROOT.
           ENTRY                   ADDRESS         REF BY
           =====                   =======         ======
           Key1Type                00001A18        my_keyhook (main)
    -------------------------------------------------------------------------
CONFIG_C
  Relative segment, address: CODE_AREA 00001A1C - 00001A7B (0x60 bytes), align: 2
  Segment part 43. ROOT.
           ENTRY                   ADDRESS         REF BY
           =====                   =======         ======
           cfgcbox15               00001A1C 
    -------------------------------------------------------------------------
CONFIG_C
  Relative segment, address: CODE_AREA 00001A7C - 00001AA7 (0x2c bytes), align: 2
  Segment part 44. ROOT.
           ENTRY                   ADDRESS         REF BY
           =====                   =======         ======
           cfghdr16                00001A7C 
    -------------------------------------------------------------------------
CONFIG_C
  Relative segment, address: CODE_AREA 00001AA8 - 00001AAB (0x4 bytes), align: 2
  Segment part 45. ROOT.
           ENTRY                   ADDRESS         REF BY
           =====                   =======         ======
           Key2                    00001AA8        my_keyhook (main)
    -------------------------------------------------------------------------
CONFIG_C
  Relative segment, address: CODE_AREA 00001AAC - 00001AD7 (0x2c bytes), align: 2
  Segment part 46. ROOT.
           ENTRY                   ADDRESS         REF BY
           =====                   =======         ======
           cfghdr17                00001AAC 
    -------------------------------------------------------------------------
CONFIG_C
  Relative segment, address: CODE_AREA 00001AD8 - 00001ADB (0x4 bytes), align: 2
  Segment part 47. ROOT.
           ENTRY                   ADDRESS         REF BY
           =====                   =======         ======
           Key2Type                00001AD8        my_keyhook (main)
    -------------------------------------------------------------------------
CONFIG_C
  Relative segment, address: CODE_AREA 00001ADC - 00001B5B (0x80 bytes), align: 2
  Segment part 48. ROOT.
           ENTRY                   ADDRESS         REF BY
           =====                   =======         ======
           cfgcbox17               00001ADC 
    -------------------------------------------------------------------------
CONFIG_C
  Relative segment, address: CODE_AREA 00001B5C - 00001B87 (0x2c bytes), align: 2
  Segment part 49. ROOT.
           ENTRY                   ADDRESS         REF BY
           =====                   =======         ======
           cfghdr_m30              00001B5C 
    -------------------------------------------------------------------------
CONFIG_C
  Relative segment, address: CODE_AREA 00001B88 - 00001BB3 (0x2c bytes), align: 2
  Segment part 50. ROOT.
           ENTRY                   ADDRESS         REF BY
           =====                   =======         ======
           cfghdr_m41              00001B88 
    -------------------------------------------------------------------------
CONFIG_C
  Relative segment, address: CODE_AREA 00001BB4 - 00001BDF (0x2c bytes), align: 2
  Segment part 51. ROOT.
           ENTRY                   ADDRESS         REF BY
           =====                   =======         ======
           cfghdr_m40              00001BB4 
    -------------------------------------------------------------------------
CSTACK
  Segment part 1. NOT NEEDED.

    *************************************************************************

  FILE NAME : C:\arm\callwriter\Release_NEWSGOLD\Obj\func.r79
  PROGRAM MODULE, NAME : func

  SEGMENTS IN THE MODULE
  ======================
ELFBEGIN
  Relative segment, address: CODE_AREA 00000000, align: 0
  Segment part 0. ROOT.
           ENTRY                   ADDRESS         REF BY
           =====                   =======         ======
           ELF_BEGIN               00000000        Killer (main)
    -------------------------------------------------------------------------
CODE
  Relative segment, address: CODE_AREA 0000020C - 00000213 (0x8 bytes), align: 2
  Segment part 1. ROOT.
           ENTRY                   ADDRESS         REF BY
           =====                   =======         ======
           kill_data               0000020C        Killer (main)
           seqkill                 00000210 

    *************************************************************************

  FILE NAME : C:\arm\callwriter\Release_NEWSGOLD\Obj\main.r79
  PROGRAM MODULE, NAME : main

  SEGMENTS IN THE MODULE
  ======================
CODE
  Segment part 11. NOT NEEDED.
    -------------------------------------------------------------------------
CODE
  Relative segment, address: CODE_AREA 00000214 - 000003F3 (0x1e0 bytes), align: 2
  Segment part 12.            Intra module refs:   OpenCall
           ENTRY                   ADDRESS         REF BY
           =====                   =======         ======
           Obs_CreateAmrFile       00000214 
               stack 1 = 00000000 ( 00000020 )
    -------------------------------------------------------------------------
CODE
  Segment part 13. NOT NEEDED.
    -------------------------------------------------------------------------
CODE
  Relative segment, address: CODE_AREA 000003F4 - 0000041F (0x2c bytes), align: 2
  Segment part 14.            Intra module refs:   CloseCall
           ENTRY                   ADDRESS         REF BY
           =====                   =======         ======
           Obs_StopAmrWrite        000003F4 
               stack 1 = 00000000 ( 00000008 )
    -------------------------------------------------------------------------
CODE
  Segment part 15. NOT NEEDED.
    -------------------------------------------------------------------------
CODE
  Segment part 16. NOT NEEDED.
           ENTRY                   ADDRESS         REF BY
           =====                   =======         ======
           Obs_StartAmrWrite       
               not allocated function
    -------------------------------------------------------------------------
CODE
  Segment part 17. NOT NEEDED.
    -------------------------------------------------------------------------
CODE
  Segment part 18. NOT NEEDED.
           ENTRY                   ADDRESS         REF BY
           =====                   =======         ======
           Obs_DeleteObj           
               not allocated function
    -------------------------------------------------------------------------
CODE
  Segment part 19. NOT NEEDED.
    -------------------------------------------------------------------------
CODE
  Relative segment, address: CODE_AREA 00000420 - 0000043F (0x20 bytes), align: 2
  Segment part 20.            Intra module refs:   OpenCall
           ENTRY                   ADDRESS         REF BY
           =====                   =======         ======
           func                    00000420 
               stack 1 = 00000000 ( 00000004 )
    -------------------------------------------------------------------------
CODE
  Segment part 21. NOT NEEDED.
    -------------------------------------------------------------------------
CODE
  Relative segment, address: CODE_AREA 00000440 - 000005F7 (0x1b8 bytes), align: 2
  Segment part 22.            Intra module refs:   MyIDLECSM_onMessage
                                                   key
           ENTRY                   ADDRESS         REF BY
           =====                   =======         ======
           OpenCall                00000440 
               stack 1 = 00000000 ( 00000024 )
    -------------------------------------------------------------------------
CODE
  Segment part 23. NOT NEEDED.
    -------------------------------------------------------------------------
CODE
  Relative segment, address: CODE_AREA 000005F8 - 0000064F (0x58 bytes), align: 2
  Segment part 24.            Intra module refs:   MyIDLECSM_onMessage
                                                   key
           ENTRY                   ADDRESS         REF BY
           =====                   =======         ======
           CloseCall               000005F8 
               stack 1 = 00000000 ( 0000000C )
    -------------------------------------------------------------------------
CODE
  Segment part 25. NOT NEEDED.
    -------------------------------------------------------------------------
CODE
  Relative segment, address: CODE_AREA 00000650 - 000006EF (0xa0 bytes), align: 2
  Segment part 26.            Intra module refs:   OpenCall
           ENTRY                   ADDRESS         REF BY
           =====                   =======         ======
           Close                   00000650 
               stack 1 = 00000000 ( 00000004 )
    -------------------------------------------------------------------------
CODE
  Segment part 27. NOT NEEDED.
    -------------------------------------------------------------------------
CODE
  Relative segment, address: CODE_AREA 000006F0 - 0000079F (0xb0 bytes), align: 2
  Segment part 28.            Intra module refs:   MyIDLECSM_onMessage
           ENTRY                   ADDRESS         REF BY
           =====                   =======         ======
           Auto                    000006F0 
               stack 1 = 00000000 ( 00000004 )
    -------------------------------------------------------------------------
CODE
  Segment part 29. NOT NEEDED.
    -------------------------------------------------------------------------
CODE
  Relative segment, address: CODE_AREA 000007A0 - 000007EB (0x4c bytes), align: 2
  Segment part 30.            Intra module refs:   maincsm_onmessage
           ENTRY                   ADDRESS         REF BY
           =====                   =======         ======
           strcmp_nocase           000007A0 
    -------------------------------------------------------------------------
CODE
  Segment part 31. NOT NEEDED.
    -------------------------------------------------------------------------
CODE
  Relative segment, address: CODE_AREA 000007EC - 000008DF (0xf4 bytes), align: 2
  Segment part 32.            Intra module refs:   main
           ENTRY                   ADDRESS         REF BY
           =====                   =======         ======
           MyIDLECSM_onMessage     000007EC 
               stack 1 = 00000000 ( 00000014 )
    -------------------------------------------------------------------------
CODE
  Segment part 33. NOT NEEDED.
    -------------------------------------------------------------------------
CODE
  Relative segment, address: CODE_AREA 000008E0 - 0000092B (0x4c bytes), align: 2
  Segment part 34.            Intra module refs:   Segment part 6
           ENTRY                   ADDRESS         REF BY
           =====                   =======         ======
           maincsm_onmessage       000008E0 
               stack 1 = 00000000 ( 00000004 )
    -------------------------------------------------------------------------
CODE
  Segment part 35. NOT NEEDED.
    -------------------------------------------------------------------------
CODE
  Relative segment, address: CODE_AREA 0000092C - 0000093B (0x10 bytes), align: 2
  Segment part 36.            Intra module refs:   Segment part 6
           LOCAL                   ADDRESS         
           =====                   =======         
           maincsm_oncreate        0000092C 
               stack 1 = 00000000 ( 00000004 )
    -------------------------------------------------------------------------
CODE
  Segment part 37. NOT NEEDED.
    -------------------------------------------------------------------------
CODE
  Relative segment, address: CODE_AREA 0000093C - 00000957 (0x1c bytes), align: 2
  Segment part 38.            Intra module refs:   maincsm_onclose
           LOCAL                   ADDRESS         
           =====                   =======         
           Killer                  0000093C 
               stack 1 = 00000000 ( 00000004 )
    -------------------------------------------------------------------------
CODE
  Segment part 39. NOT NEEDED.
    -------------------------------------------------------------------------
CODE
  Relative segment, address: CODE_AREA 00000958 - 0000099F (0x48 bytes), align: 2
  Segment part 40.            Intra module refs:   Segment part 6
           LOCAL                   ADDRESS         
           =====                   =======         
           maincsm_onclose         00000958 
               stack 1 = 00000000 ( 00000008 )
    -------------------------------------------------------------------------
CODE
  Relative segment, address: CODE_AREA 000009A0 - 000009A3 (0x4 bytes), align: 2
  Segment part 41.            Intra module refs:   maincsm_onclose
                                                   maincsm_oncreate
    -------------------------------------------------------------------------
CODE
  Segment part 42. NOT NEEDED.
    -------------------------------------------------------------------------
DATA_C
  Segment part 2. NOT NEEDED.
    -------------------------------------------------------------------------
DATA_C
  Segment part 3. NOT NEEDED.
    -------------------------------------------------------------------------
DATA_C
  Relative segment, address: CODE_AREA 00000FA0 - 00000FE7 (0x48 bytes), align: 2
  Segment part 4.             Intra module refs:   OpenCall
    -------------------------------------------------------------------------
DATA_C
  Segment part 5. NOT NEEDED.
    -------------------------------------------------------------------------
DATA_C
  Relative segment, address: CODE_AREA 00000FE8 - 0000103B (0x54 bytes), align: 2
  Segment part 6.             Intra module refs:   Segment part 50
    -------------------------------------------------------------------------
DATA_C
  Relative segment, address: CODE_AREA 0000103C - 0000103F (0x4 bytes), align: 2
  Segment part 9.             Intra module refs:   Segment part 6
           ENTRY                   ADDRESS         REF BY
           =====                   =======         ======
           minus11                 0000103C 
    -------------------------------------------------------------------------
CODE
  Relative segment, address: CODE_AREA 000009A4 - 000009EB (0x48 bytes), align: 2
  Segment part 43.            Intra module refs:   my_keyhook
           ENTRY                   ADDRESS         REF BY
           =====                   =======         ======
           key                     000009A4 
               stack 1 = 00000000 ( 0000000C )
    -------------------------------------------------------------------------
CODE
  Segment part 44. NOT NEEDED.
    -------------------------------------------------------------------------
DATA_Z
  Relative segment, address: CODE_AREA 00001108 - 00001273 (0x16c bytes), align: 2
  Segment part 7.             Intra module refs:   OpenCall
                                                   Segment part 49
                                                   maincsm_onmessage
           ENTRY                   ADDRESS         REF BY
           =====                   =======         ======
           RecordName              00001144 
           action                  00001114 
           autocall                00001120 
           d                       00001108 
           elfname                 00001124 
           icsm                    00001128 
           in                      00001118 
           mode                    00001141 
           name                    00001254 
           object                  00001110 
           old_icsm_onMessage      0000112C 
           out                     0000111C 
           real_time               00001130 
           t                       00001138 
           tmr                     00001244 
    -------------------------------------------------------------------------
DATA_Z
  Segment part 8. NOT NEEDED.
           ENTRY                   ADDRESS         REF BY
           =====                   =======         ======
           number                  
    -------------------------------------------------------------------------
DATA_Z
  Relative segment, address: CODE_AREA 00001274 - 0000138B (0x118 bytes), align: 2
  Segment part 10.            Intra module refs:   Segment part 6
    -------------------------------------------------------------------------
CODE
  Relative segment, address: CODE_AREA 000009EC - 00000AE7 (0xfc bytes), align: 2
  Segment part 45.            Intra module refs:   Segment part 41
           ENTRY                   ADDRESS         REF BY
           =====                   =======         ======
           my_keyhook              000009EC 
               stack 1 = 00000000 ( 00000014 )
    -------------------------------------------------------------------------
CODE
  Relative segment, address: CODE_AREA 00000AE8 - 00000AEB (0x4 bytes), align: 2
  Segment part 46.            Intra module refs:   MyIDLECSM_onMessage
                                                   my_keyhook
    -------------------------------------------------------------------------
CODE
  Segment part 47. NOT NEEDED.
    -------------------------------------------------------------------------
CODE
  Relative segment, address: CODE_AREA 00000AEC - 00000BD7 (0xec bytes), align: 2
  Segment part 48.
           ENTRY                   ADDRESS         REF BY
           =====                   =======         ======
           main                    00000AEC        Absolute parts (?ABS_ENTRY_MOD)
               stack 1 = 00000000 ( 00000040 )
    -------------------------------------------------------------------------
CODE
  Relative segment, address: CODE_AREA 00000BD8 - 00000BDB (0x4 bytes), align: 2
  Segment part 49.            Intra module refs:   Auto
                                                   Close
                                                   CloseCall
                                                   MyIDLECSM_onMessage
                                                   Obs_CreateAmrFile
                                                   Obs_StopAmrWrite
                                                   key
                                                   main
                                                   maincsm_onclose
                                                   my_keyhook
    -------------------------------------------------------------------------
CODE
  Relative segment, address: CODE_AREA 00000BDC - 00000BDF (0x4 bytes), align: 2
  Segment part 50.            Intra module refs:   CloseCall
                                                   main
    -------------------------------------------------------------------------
CODE
  Segment part 51. NOT NEEDED.Intra module refs:   func
    -------------------------------------------------------------------------
CODE
  Segment part 52. NOT NEEDED.Intra module refs:   main
                                                   maincsm_onmessage
    -------------------------------------------------------------------------
CODE
  Segment part 53. NOT NEEDED.Intra module refs:   Killer
    -------------------------------------------------------------------------
CSTACK
  Segment part 1. NOT NEEDED.
    -------------------------------------------------------------------------
INITTAB
  Relative segment, address: CODE_AREA 000010FC - 00001107 (0xc bytes), align: 2
  Segment part 54. ROOT.
           ENTRY                   ADDRESS         REF BY
           =====                   =======         ======
           ?init?tab?DATA_Z        000010FC 

    *************************************************************************

  FILE NAME : C:\arm2\Embedded Workbench 4.0 Evaluation\ARM\LIB\dl5tpainl8f.r79
  LIBRARY MODULE, NAME : ?errno

  SEGMENTS IN THE MODULE
  ======================
DATA_Z
  Relative segment, address: CODE_AREA 0000138C - 00001393 (0x8 bytes), align: 2
  Segment part 2.             Intra module refs:   _Geterrno
           ENTRY                   ADDRESS         REF BY
           =====                   =======         ======
           _Errno                  00001390 
           _Tls_setup__Errno       0000138C 
    -------------------------------------------------------------------------
CODE
  Segment part 3. NOT NEEDED.
    -------------------------------------------------------------------------
CODE
  Relative segment, address: CODE_AREA 00000BE0 - 00000C03 (0x24 bytes), align: 2
  Segment part 4.
           ENTRY                   ADDRESS         REF BY
           =====                   =======         ======
           _Geterrno               00000BE0        _Stoul (?xstoul)
               stack 1 = 00000000 ( 00000008 )
    -------------------------------------------------------------------------
CSTACK
  Segment part 1. NOT NEEDED.
    -------------------------------------------------------------------------
INITTAB
  Segment part 5. TENTATIVE. Used definition from main
           ENTRY                   ADDRESS         REF BY
           =====                   =======         ======
           ?init?tab?DATA_Z        

    -------------------------------------------------------------------------
  LIBRARY MODULE, NAME : ?isxxx

  SEGMENTS IN THE MODULE
  ======================
CODE
  Segment part 2. NOT NEEDED.
    -------------------------------------------------------------------------
CODE
  Segment part 3. NOT NEEDED.
           ENTRY                   ADDRESS         REF BY
           =====                   =======         ======
           isalpha                 
               not allocated function
    -------------------------------------------------------------------------
CODE
  Segment part 4. NOT NEEDED.
    -------------------------------------------------------------------------
CODE
  Segment part 5. NOT NEEDED.
           ENTRY                   ADDRESS         REF BY
           =====                   =======         ======
           iscntrl                 
               not allocated function
    -------------------------------------------------------------------------
CODE
  Segment part 6. NOT NEEDED.
    -------------------------------------------------------------------------
CODE
  Segment part 7. NOT NEEDED.
           ENTRY                   ADDRESS         REF BY
           =====                   =======         ======
           islower                 
               not allocated function
    -------------------------------------------------------------------------
CODE
  Segment part 8. NOT NEEDED.
    -------------------------------------------------------------------------
CODE
  Segment part 9. NOT NEEDED.
           ENTRY                   ADDRESS         REF BY
           =====                   =======         ======
           ispunct                 
               not allocated function
    -------------------------------------------------------------------------
CODE
  Segment part 10. NOT NEEDED.
    -------------------------------------------------------------------------
CODE
  Relative segment, address: CODE_AREA 00000C04 - 00000C1F (0x1c bytes), align: 2
  Segment part 11.
           ENTRY                   ADDRESS         REF BY
           =====                   =======         ======
           isspace                 00000C04        _Stoul (?xstoul)
               stack 1 = 00000000 ( 00000008 )
    -------------------------------------------------------------------------
CODE
  Segment part 12. NOT NEEDED.
    -------------------------------------------------------------------------
CODE
  Segment part 13. NOT NEEDED.
           ENTRY                   ADDRESS         REF BY
           =====                   =======         ======
           isupper                 
               not allocated function
    -------------------------------------------------------------------------
CODE
  Segment part 14. NOT NEEDED.Intra module refs:   isspace
    -------------------------------------------------------------------------
CODE
  Segment part 15. NOT NEEDED.
    -------------------------------------------------------------------------
CODE
  Segment part 16. NOT NEEDED.
    -------------------------------------------------------------------------
CODE
  Segment part 17. NOT NEEDED.
    -------------------------------------------------------------------------
CODE
  Segment part 18. NOT NEEDED.
    -------------------------------------------------------------------------
CODE
  Segment part 19. NOT NEEDED.Intra module refs:   isspace
    -------------------------------------------------------------------------
CODE
  Segment part 20. NOT NEEDED.
    -------------------------------------------------------------------------
CSTACK
  Segment part 1. NOT NEEDED.

    -------------------------------------------------------------------------
  LIBRARY MODULE, NAME : ?localeconv

  SEGMENTS IN THE MODULE
  ======================
DATA_I
  Segment part 6. NOT NEEDED.
           ENTRY                   ADDRESS         REF BY
           =====                   =======         ======
           _Locale_lconv           
           _Tls_setup__Locale_lconv
                                   
    -------------------------------------------------------------------------
CODE
  Segment part 8. NOT NEEDED.
    -------------------------------------------------------------------------
CODE
  Segment part 9. NOT NEEDED.
           ENTRY                   ADDRESS         REF BY
           =====                   =======         ======
           localeconv              
               not allocated function
    -------------------------------------------------------------------------
CSTACK
  Segment part 1. NOT NEEDED.
    -------------------------------------------------------------------------
DATA_ID
  Segment part 7. NOT NEEDED.
    -------------------------------------------------------------------------
DATA_ID
  Segment part 10. TENTATIVE. Used definition from conf_loader
           ENTRY                   ADDRESS         REF BY
           =====                   =======         ======
           ?*?DATA_ID              
    -------------------------------------------------------------------------
INITTAB
  Segment part 11. TENTATIVE. Used definition from conf_loader
           ENTRY                   ADDRESS         REF BY
           =====                   =======         ======
           ?init?tab?DATA_I        
    -------------------------------------------------------------------------
DATA_C
  Segment part 2. NOT NEEDED.
    -------------------------------------------------------------------------
DATA_C
  Segment part 3. NOT NEEDED.
    -------------------------------------------------------------------------
DATA_C
  Segment part 4. NOT NEEDED.
    -------------------------------------------------------------------------
DATA_C
  Segment part 5. NOT NEEDED.

    -------------------------------------------------------------------------
  LIBRARY MODULE, NAME : ?memchr

  SEGMENTS IN THE MODULE
  ======================
CODE
  Segment part 3. NOT NEEDED.
           ENTRY                   ADDRESS         REF BY
           =====                   =======         ======
           memchr                  
               not allocated function
    -------------------------------------------------------------------------
CODE
  Segment part 4. NOT NEEDED.
    -------------------------------------------------------------------------
DATA_C
  Segment part 2. NOT NEEDED.
           ENTRY                   ADDRESS         REF BY
           =====                   =======         ======
           _Instansiator_memchr    
    -------------------------------------------------------------------------
CODE
  Relative segment, address: CODE_AREA 00000C20 - 00000C4F (0x30 bytes), align: 2
  Segment part 5.
           ENTRY                   ADDRESS         REF BY
           =====                   =======         ======
           _Memchr                 00000C20        _Stoul (?xstoul)
    -------------------------------------------------------------------------
CSTACK
  Segment part 1. NOT NEEDED.

    -------------------------------------------------------------------------
  LIBRARY MODULE, NAME : ?setlocale

  SEGMENTS IN THE MODULE
  ======================
DATA_C
  Relative segment, address: CODE_AREA 000010E9 - 000010E9 (0x1 bytes), align: 0
  Segment part 2.             Intra module refs:   Segment part 8
    -------------------------------------------------------------------------
DATA_C
  Segment part 3. NOT NEEDED.
    -------------------------------------------------------------------------
DATA_C
  Segment part 4. NOT NEEDED.
    -------------------------------------------------------------------------
DATA_C
  Segment part 5. NOT NEEDED.
    -------------------------------------------------------------------------
DATA_C
  Segment part 6. NOT NEEDED.
    -------------------------------------------------------------------------
DATA_C
  Segment part 9. NOT NEEDED.
           ENTRY                   ADDRESS         REF BY
           =====                   =======         ======
           _EncodingNameArray      
           _LocaleDescArray        
    -------------------------------------------------------------------------
CODE
  Segment part 10. NOT NEEDED.
    -------------------------------------------------------------------------
CODE
  Segment part 11. NOT NEEDED.
           LOCAL                   ADDRESS         
           =====                   =======         
           _LocaleGetId            
               not allocated function
    -------------------------------------------------------------------------
CODE
  Segment part 12. NOT NEEDED.
    -------------------------------------------------------------------------
CODE
  Relative segment, address: CODE_AREA 00000C50 - 00000C77 (0x28 bytes), align: 2
  Segment part 13.
           ENTRY                   ADDRESS         REF BY
           =====                   =======         ======
           _LocaleForCat           00000C50        isspace (?isxxx)
                                                   tolower (?tolower)
               stack 1 = 00000000 ( 00000010 )
    -------------------------------------------------------------------------
CODE
  Segment part 14. NOT NEEDED.
    -------------------------------------------------------------------------
CODE
  Segment part 15. NOT NEEDED.
           ENTRY                   ADDRESS         REF BY
           =====                   =======         ======
           _LocaleEncoding         
               not allocated function
    -------------------------------------------------------------------------
CODE
  Segment part 16. NOT NEEDED.
    -------------------------------------------------------------------------
CODE
  Segment part 17. NOT NEEDED.
           LOCAL                   ADDRESS         
           =====                   =======         
           _LocaleParseString      
               not allocated function
    -------------------------------------------------------------------------
CODE
  Segment part 18. NOT NEEDED.
    -------------------------------------------------------------------------
CODE
  Segment part 19. NOT NEEDED.
    -------------------------------------------------------------------------
CODE
  Segment part 20. NOT NEEDED.
           LOCAL                   ADDRESS         
           =====                   =======         
           _LocaleMakeString       
               not allocated function
    -------------------------------------------------------------------------
CODE
  Segment part 21. NOT NEEDED.
    -------------------------------------------------------------------------
CODE
  Segment part 22. NOT NEEDED.
    -------------------------------------------------------------------------
CODE
  Segment part 23. NOT NEEDED.
           LOCAL                   ADDRESS         
           =====                   =======         
           _LocaleUpdate           
               not allocated function
    -------------------------------------------------------------------------
CODE
  Segment part 24. NOT NEEDED.
    -------------------------------------------------------------------------
CODE
  Segment part 25. NOT NEEDED.
    -------------------------------------------------------------------------
DATA_I
  Relative segment, address: DATA_AREA 00000004 - 00000087 (0x84 bytes), align: 2
  Segment part 7.             Intra module refs:   Segment part 27
           ENTRY                   ADDRESS         REF BY
           =====                   =======         ======
           _IsdstStr               00000028 
           _Locale_LconvArray      00000034 
           _Locale_Profile         00000004 
           _Tls_setup__IsdstStr    0000002C 
           _Tls_setup__Locale_Profile
                                   00000030 
           _Tls_setup__TzoneStr    00000024 
           _TzoneStr               00000020 
    -------------------------------------------------------------------------
CODE
  Segment part 26. NOT NEEDED.
           ENTRY                   ADDRESS         REF BY
           =====                   =======         ======
           setlocale               
               not allocated function
    -------------------------------------------------------------------------
CODE
  Relative segment, address: CODE_AREA 00000C78 - 00000C7B (0x4 bytes), align: 2
  Segment part 27.            Intra module refs:   _LocaleForCat
    -------------------------------------------------------------------------
CODE
  Segment part 28. NOT NEEDED.
    -------------------------------------------------------------------------
CODE
  Segment part 29. NOT NEEDED.
    -------------------------------------------------------------------------
CODE
  Segment part 30. NOT NEEDED.
    -------------------------------------------------------------------------
CODE
  Segment part 31. NOT NEEDED.
    -------------------------------------------------------------------------
CODE
  Segment part 32. NOT NEEDED.
    -------------------------------------------------------------------------
CODE
  Segment part 33. NOT NEEDED.
    -------------------------------------------------------------------------
CODE
  Segment part 34. NOT NEEDED.
    -------------------------------------------------------------------------
CSTACK
  Segment part 1. NOT NEEDED.
    -------------------------------------------------------------------------
DATA_ID
  Relative segment, address: CODE_AREA 00000004 - 00000087 (0x84 bytes), align: 2
  Segment part 8.             Intra module refs:   Segment part 7
    -------------------------------------------------------------------------
DATA_ID
  Segment part 35. TENTATIVE. Used definition from conf_loader
           ENTRY                   ADDRESS         REF BY
           =====                   =======         ======
           ?*?DATA_ID              
    -------------------------------------------------------------------------
INITTAB
  Segment part 36. TENTATIVE. Used definition from conf_loader
           ENTRY                   ADDRESS         REF BY
           =====                   =======         ======
           ?init?tab?DATA_I        

    -------------------------------------------------------------------------
  LIBRARY MODULE, NAME : ?strcat

  SEGMENTS IN THE MODULE
  ======================
CODE
  Segment part 3. NOT NEEDED.
           ENTRY                   ADDRESS         REF BY
           =====                   =======         ======
           strcat                  
               not allocated function
    -------------------------------------------------------------------------
DATA_C
  Segment part 2. NOT NEEDED.
           ENTRY                   ADDRESS         REF BY
           =====                   =======         ======
           _Instansiator_strcat    
    -------------------------------------------------------------------------
CSTACK
  Segment part 1. NOT NEEDED.

    -------------------------------------------------------------------------
  LIBRARY MODULE, NAME : ?strcmp

  SEGMENTS IN THE MODULE
  ======================
CODE
  Segment part 3. NOT NEEDED.
           ENTRY                   ADDRESS         REF BY
           =====                   =======         ======
           strcmp                  
               not allocated function
    -------------------------------------------------------------------------
DATA_C
  Segment part 2. NOT NEEDED.
           ENTRY                   ADDRESS         REF BY
           =====                   =======         ======
           _Instansiator_strcmp    
    -------------------------------------------------------------------------
CSTACK
  Segment part 1. NOT NEEDED.

    -------------------------------------------------------------------------
  LIBRARY MODULE, NAME : ?strcpy

  SEGMENTS IN THE MODULE
  ======================
CODE
  Segment part 3. NOT NEEDED.
           ENTRY                   ADDRESS         REF BY
           =====                   =======         ======
           strcpy                  
               not allocated function
    -------------------------------------------------------------------------
DATA_C
  Segment part 2. NOT NEEDED.
           ENTRY                   ADDRESS         REF BY
           =====                   =======         ======
           _Instansiator_strcpy    
    -------------------------------------------------------------------------
CSTACK
  Segment part 1. NOT NEEDED.

    -------------------------------------------------------------------------
  LIBRARY MODULE, NAME : ?strlen

  SEGMENTS IN THE MODULE
  ======================
CODE
  Segment part 3. NOT NEEDED.
           ENTRY                   ADDRESS         REF BY
           =====                   =======         ======
           strlen                  
               not allocated function
    -------------------------------------------------------------------------
DATA_C
  Segment part 2. NOT NEEDED.
           ENTRY                   ADDRESS         REF BY
           =====                   =======         ======
           _Instansiator_strlen    
    -------------------------------------------------------------------------
CSTACK
  Segment part 1. NOT NEEDED.

    -------------------------------------------------------------------------
  LIBRARY MODULE, NAME : ?strncmp

  SEGMENTS IN THE MODULE
  ======================
CODE
  Segment part 3. NOT NEEDED.
           ENTRY                   ADDRESS         REF BY
           =====                   =======         ======
           strncmp                 
               not allocated function
    -------------------------------------------------------------------------
DATA_C
  Segment part 2. NOT NEEDED.
           ENTRY                   ADDRESS         REF BY
           =====                   =======         ======
           _Instansiator_strncmp   
    -------------------------------------------------------------------------
CSTACK
  Segment part 1. NOT NEEDED.

    -------------------------------------------------------------------------
  LIBRARY MODULE, NAME : ?strpbrk

  SEGMENTS IN THE MODULE
  ======================
CODE
  Segment part 3. NOT NEEDED.
           ENTRY                   ADDRESS         REF BY
           =====                   =======         ======
           strpbrk                 
               not allocated function
    -------------------------------------------------------------------------
CODE
  Segment part 4. NOT NEEDED.
    -------------------------------------------------------------------------
DATA_C
  Segment part 2. NOT NEEDED.
           ENTRY                   ADDRESS         REF BY
           =====                   =======         ======
           _Instansiator_strpbrk   
    -------------------------------------------------------------------------
CODE
  Segment part 5. NOT NEEDED.
           ENTRY                   ADDRESS         REF BY
           =====                   =======         ======
           _Strpbrk                
               not allocated function
    -------------------------------------------------------------------------
CSTACK
  Segment part 1. NOT NEEDED.

    -------------------------------------------------------------------------
  LIBRARY MODULE, NAME : ?strtoul

  SEGMENTS IN THE MODULE
  ======================
CODE
  Relative segment, address: CODE_AREA 00000C7C - 00000C8B (0x10 bytes), align: 2
  Segment part 3.
           ENTRY                   ADDRESS         REF BY
           =====                   =======         ======
           strtoul                 00000C7C        func (main)
               stack 1 = 00000000 ( 00000008 )
    -------------------------------------------------------------------------
CODE
  Segment part 4. NOT NEEDED. Intra module refs:   strtoul
    -------------------------------------------------------------------------
DATA_C
  Segment part 2. NOT NEEDED.
           ENTRY                   ADDRESS         REF BY
           =====                   =======         ======
           _Instansiator_strtoul   
    -------------------------------------------------------------------------
CSTACK
  Segment part 1. NOT NEEDED.

    -------------------------------------------------------------------------
  LIBRARY MODULE, NAME : ?tolower

  SEGMENTS IN THE MODULE
  ======================
CODE
  Segment part 2. NOT NEEDED.
    -------------------------------------------------------------------------
CODE
  Relative segment, address: CODE_AREA 00000C8C - 00000CA7 (0x1c bytes), align: 2
  Segment part 3.
           ENTRY                   ADDRESS         REF BY
           =====                   =======         ======
           tolower                 00000C8C        _Stoul (?xstoul)
               stack 1 = 00000000 ( 00000008 )
    -------------------------------------------------------------------------
CODE
  Segment part 4. NOT NEEDED. Intra module refs:   tolower
    -------------------------------------------------------------------------
CODE
  Segment part 5. NOT NEEDED. Intra module refs:   tolower
    -------------------------------------------------------------------------
CSTACK
  Segment part 1. NOT NEEDED.

    -------------------------------------------------------------------------
  LIBRARY MODULE, NAME : ?toupper

  SEGMENTS IN THE MODULE
  ======================
CODE
  Segment part 2. NOT NEEDED.
           ENTRY                   ADDRESS         REF BY
           =====                   =======         ======
           _LocaleC_islower        
               not allocated function
    -------------------------------------------------------------------------
CODE
  Segment part 3. NOT NEEDED.
    -------------------------------------------------------------------------
CODE
  Segment part 4. NOT NEEDED.
           ENTRY                   ADDRESS         REF BY
           =====                   =======         ======
           toupper                 
               not allocated function
    -------------------------------------------------------------------------
CODE
  Segment part 5. NOT NEEDED.
    -------------------------------------------------------------------------
CODE
  Segment part 6. NOT NEEDED.
    -------------------------------------------------------------------------
CSTACK
  Segment part 1. NOT NEEDED.

    -------------------------------------------------------------------------
  LIBRARY MODULE, NAME : ?xgetptime

  SEGMENTS IN THE MODULE
  ======================
CODE
  Segment part 2. NOT NEEDED.
    -------------------------------------------------------------------------
CODE
  Segment part 3. NOT NEEDED.
           ENTRY                   ADDRESS         REF BY
           =====                   =======         ======
           _GetptimesFor           
               not allocated function
    -------------------------------------------------------------------------
CODE
  Segment part 4. NOT NEEDED.
    -------------------------------------------------------------------------
CODE
  Segment part 5. NOT NEEDED.
           ENTRY                   ADDRESS         REF BY
           =====                   =======         ======
           _Getptimes              
               not allocated function
    -------------------------------------------------------------------------
CODE
  Segment part 6. NOT NEEDED.
    -------------------------------------------------------------------------
CODE
  Segment part 7. NOT NEEDED.
    -------------------------------------------------------------------------
CSTACK
  Segment part 1. NOT NEEDED.

    -------------------------------------------------------------------------
  LIBRARY MODULE, NAME : ?xstoul

  SEGMENTS IN THE MODULE
  ======================
DATA_C
  Relative segment, address: CODE_AREA 00001040 - 0000108F (0x50 bytes), align: 2
  Segment part 2.             Intra module refs:   _Stoul
    -------------------------------------------------------------------------
CODE
  Segment part 3. NOT NEEDED.
    -------------------------------------------------------------------------
CODE
  Relative segment, address: CODE_AREA 00000CA8 - 00000E47 (0x1a0 bytes), align: 2
  Segment part 4.
           ENTRY                   ADDRESS         REF BY
           =====                   =======         ======
           _Stoul                  00000CA8        strtoul (?strtoul)
               stack 1 = 00000000 ( 00000030 )
    -------------------------------------------------------------------------
CODE
  Segment part 5. NOT NEEDED. Intra module refs:   _Stoul
    -------------------------------------------------------------------------
CODE
  Segment part 6. NOT NEEDED. Intra module refs:   _Stoul
    -------------------------------------------------------------------------
CODE
  Segment part 7. NOT NEEDED. Intra module refs:   _Stoul
    -------------------------------------------------------------------------
CODE
  Segment part 8. NOT NEEDED. Intra module refs:   _Stoul
    -------------------------------------------------------------------------
CODE
  Segment part 9. NOT NEEDED. Intra module refs:   _Stoul
    -------------------------------------------------------------------------
CSTACK
  Segment part 1. NOT NEEDED.

    -------------------------------------------------------------------------
  LIBRARY MODULE, NAME : ?xlocale_c

  SEGMENTS IN THE MODULE
  ======================
CODE
  Segment part 27. NOT NEEDED.
           ENTRY                   ADDRESS         REF BY
           =====                   =======         ======
           isdigit                 
               not allocated function
    -------------------------------------------------------------------------
CODE
  Segment part 28. TENTATIVE. Used definition from ?toupper
           ENTRY                   ADDRESS         REF BY
           =====                   =======         ======
           _LocaleC_islower        
    -------------------------------------------------------------------------
CODE
  Relative segment, address: CODE_AREA 00000E48 - 00000E63 (0x1c bytes), align: 2
  Segment part 29.            Intra module refs:   _LocaleC_tolower
           ENTRY                   ADDRESS         REF BY
           =====                   =======         ======
           _LocaleC_isupper        00000E48 
    -------------------------------------------------------------------------
CODE
  Segment part 30. NOT NEEDED.
           ENTRY                   ADDRESS         REF BY
           =====                   =======         ======
           _LocaleC_isalpha        
               not allocated function
    -------------------------------------------------------------------------
CODE
  Segment part 31. NOT NEEDED.
           ENTRY                   ADDRESS         REF BY
           =====                   =======         ======
           _LocaleC_iscntrl        
               not allocated function
    -------------------------------------------------------------------------
CODE
  Segment part 32. NOT NEEDED.
           ENTRY                   ADDRESS         REF BY
           =====                   =======         ======
           _LocaleC_ispunct        
               not allocated function
    -------------------------------------------------------------------------
CODE
  Relative segment, address: CODE_AREA 00000E64 - 00000E8B (0x28 bytes), align: 2
  Segment part 33.
           ENTRY                   ADDRESS         REF BY
           =====                   =======         ======
           _LocaleC_isspace        00000E64        isspace (?isxxx)
    -------------------------------------------------------------------------
CODE
  Relative segment, address: CODE_AREA 00000E8C - 00000EA7 (0x1c bytes), align: 2
  Segment part 34.
           ENTRY                   ADDRESS         REF BY
           =====                   =======         ======
           _LocaleC_tolower        00000E8C        tolower (?tolower)
               stack 1 = 00000000 ( 00000008 )
    -------------------------------------------------------------------------
CODE
  Segment part 35. NOT NEEDED.
           ENTRY                   ADDRESS         REF BY
           =====                   =======         ======
           _LocaleC_toupper        
               not allocated function
    -------------------------------------------------------------------------
CODE
  Segment part 36. NOT NEEDED.
    -------------------------------------------------------------------------
DATA_C
  Relative segment, address: CODE_AREA 000010EA - 000010EA (0x1 bytes), align: 0
  Segment part 2.             Intra module refs:   _LocaleC_lconv
    -------------------------------------------------------------------------
DATA_C
  Relative segment, address: CODE_AREA 000010EB - 000010EC (0x2 bytes), align: 0
  Segment part 3.             Intra module refs:   _LocaleC_lconv
    -------------------------------------------------------------------------
DATA_C
  Relative segment, address: CODE_AREA 00001090 - 00001097 (0x8 bytes), align: 2
  Segment part 4.             Intra module refs:   _LocaleC_lconv
    -------------------------------------------------------------------------
DATA_C
  Relative segment, address: CODE_AREA 00001098 - 0000109F (0x8 bytes), align: 2
  Segment part 5.             Intra module refs:   _LocaleC_lconv
    -------------------------------------------------------------------------
DATA_C
  Segment part 6. NOT NEEDED.
    -------------------------------------------------------------------------
DATA_C
  Segment part 7. NOT NEEDED.
    -------------------------------------------------------------------------
DATA_C
  Segment part 8. NOT NEEDED.
    -------------------------------------------------------------------------
DATA_C
  Segment part 9. NOT NEEDED.
    -------------------------------------------------------------------------
DATA_C
  Segment part 10. NOT NEEDED.
    -------------------------------------------------------------------------
DATA_C
  Segment part 11. NOT NEEDED.
    -------------------------------------------------------------------------
DATA_C
  Segment part 12. NOT NEEDED.
    -------------------------------------------------------------------------
DATA_C
  Segment part 13. NOT NEEDED.
    -------------------------------------------------------------------------
DATA_C
  Segment part 14. NOT NEEDED.
           ENTRY                   ADDRESS         REF BY
           =====                   =======         ======
           _LocaleC_Tinfo          
    -------------------------------------------------------------------------
DATA_C
  Segment part 15. NOT NEEDED.
           ENTRY                   ADDRESS         REF BY
           =====                   =======         ======
           _LocaleC_Name           
    -------------------------------------------------------------------------
DATA_C
  Relative segment, address: CODE_AREA 000010A0 - 000010E7 (0x48 bytes), align: 2
  Segment part 16.
           ENTRY                   ADDRESS         REF BY
           =====                   =======         ======
           _LocaleC_lconv          000010A0        Segment part 8 (?setlocale)
    -------------------------------------------------------------------------
DATA_C
  Segment part 17. NOT NEEDED.
           ENTRY                   ADDRESS         REF BY
           =====                   =======         ======
           _LocaleC_CollateTable   
    -------------------------------------------------------------------------
DATA_C
  Segment part 18. NOT NEEDED.
           ENTRY                   ADDRESS         REF BY
           =====                   =======         ======
           _LocaleC_WCollateTable
                                   
    -------------------------------------------------------------------------
DATA_C
  Segment part 19. NOT NEEDED.
           ENTRY                   ADDRESS         REF BY
           =====                   =======         ======
           _Instansiator__LocaleC_islower
                                   
    -------------------------------------------------------------------------
DATA_C
  Segment part 20. NOT NEEDED.
           ENTRY                   ADDRESS         REF BY
           =====                   =======         ======
           _Instansiator__LocaleC_isupper
                                   
    -------------------------------------------------------------------------
DATA_C
  Segment part 21. NOT NEEDED.
           ENTRY                   ADDRESS         REF BY
           =====                   =======         ======
           _Instansiator__LocaleC_isalpha
                                   
    -------------------------------------------------------------------------
DATA_C
  Segment part 22. NOT NEEDED.
           ENTRY                   ADDRESS         REF BY
           =====                   =======         ======
           _Instansiator__LocaleC_iscntrl
                                   
    -------------------------------------------------------------------------
DATA_C
  Segment part 23. NOT NEEDED.
           ENTRY                   ADDRESS         REF BY
           =====                   =======         ======
           _Instansiator__LocaleC_ispunct
                                   
    -------------------------------------------------------------------------
DATA_C
  Segment part 24. NOT NEEDED.
           ENTRY                   ADDRESS         REF BY
           =====                   =======         ======
           _Instansiator__LocaleC_isspace
                                   
    -------------------------------------------------------------------------
DATA_C
  Segment part 25. NOT NEEDED.
           ENTRY                   ADDRESS         REF BY
           =====                   =======         ======
           _Instansiator__LocaleC_tolower
                                   
    -------------------------------------------------------------------------
DATA_C
  Segment part 26. NOT NEEDED.
           ENTRY                   ADDRESS         REF BY
           =====                   =======         ======
           _Instansiator__LocaleC_toupper
                                   
    -------------------------------------------------------------------------
CODE
  Segment part 37. NOT NEEDED.
           ENTRY                   ADDRESS         REF BY
           =====                   =======         ======
           _LocaleC_towupper       
[...]
    -------------------------------------------------------------------------
CODE
  Segment part 51. NOT NEEDED.
           ENTRY                   ADDRESS         REF BY
           =====                   =======         ======
           _LocaleC_iswspace       
               not allocated function
    -------------------------------------------------------------------------
CODE
  Segment part 52. NOT NEEDED.
    -------------------------------------------------------------------------
CODE
  Segment part 53. NOT NEEDED.
           ENTRY                   ADDRESS         REF BY
           =====                   =======         ======
           _LocaleC_iswdigit       
               not allocated function
    -------------------------------------------------------------------------
CODE
  Segment part 54. NOT NEEDED.
    -------------------------------------------------------------------------
CODE
  Segment part 55. NOT NEEDED.
           ENTRY                   ADDRESS         REF BY
           =====                   =======         ======
           _LocaleC_iswxdigit      
               not allocated function
    -------------------------------------------------------------------------
CODE
  Segment part 56. NOT NEEDED.
    -------------------------------------------------------------------------
CODE
  Segment part 57. NOT NEEDED.Intra module refs:   _LocaleC_tolower
    -------------------------------------------------------------------------
CODE
  Segment part 58. NOT NEEDED.
    -------------------------------------------------------------------------
CSTACK
  Segment part 1. NOT NEEDED.

    -------------------------------------------------------------------------
  LIBRARY MODULE, NAME : ?div_module

  SEGMENTS IN THE MODULE
  ======================
CODE
  Segment part 0. NOT NEEDED.
           ENTRY                   ADDRESS         REF BY
           =====                   =======         ======
           ??divu8_t               
    -------------------------------------------------------------------------
CODE
  Segment part 1. NOT NEEDED.
           ENTRY                   ADDRESS         REF BY
           =====                   =======         ======
           ??divu8_a               
    -------------------------------------------------------------------------
CODE
  Segment part 2. NOT NEEDED.
           ENTRY                   ADDRESS         REF BY
           =====                   =======         ======
           ??divu16_t              
    -------------------------------------------------------------------------
CODE
  Segment part 3. NOT NEEDED.
           ENTRY                   ADDRESS         REF BY
           =====                   =======         ======
           ??divu16_a              
    -------------------------------------------------------------------------
CODE
  Segment part 4. NOT NEEDED.
           ENTRY                   ADDRESS         REF BY
           =====                   =======         ======
           ??divu32_t              
    -------------------------------------------------------------------------
CODE
  Relative segment, address: CODE_AREA 00000EA8 - 00000EB3 (0xc bytes), align: 2
  Segment part 5.
           ENTRY                   ADDRESS         REF BY
           =====                   =======         ======
           ??divu32_a              00000EA8        _Stoul (?xstoul)
    -------------------------------------------------------------------------
CODE
  Segment part 6. NOT NEEDED.
           ENTRY                   ADDRESS         REF BY
           =====                   =======         ======
           ??div8_t                
    -------------------------------------------------------------------------
CODE
  Segment part 7. NOT NEEDED.
           ENTRY                   ADDRESS         REF BY
           =====                   =======         ======
           ??div8_a                
    -------------------------------------------------------------------------
CODE
  Segment part 8. NOT NEEDED.
           ENTRY                   ADDRESS         REF BY
           =====                   =======         ======
           ??div16_t               
    -------------------------------------------------------------------------
CODE
  Segment part 9. NOT NEEDED.
           ENTRY                   ADDRESS         REF BY
           =====                   =======         ======
           ??div16_a               
    -------------------------------------------------------------------------
CODE
  Segment part 10. NOT NEEDED.
           ENTRY                   ADDRESS         REF BY
           =====                   =======         ======
           ??div32_t               
    -------------------------------------------------------------------------
CODE
  Segment part 11. NOT NEEDED.
           ENTRY                   ADDRESS         REF BY
           =====                   =======         ======
           ??div32_a               
    -------------------------------------------------------------------------
CODE
  Relative segment, address: CODE_AREA 00000EB4 - 00000F8B (0xd8 bytes), align: 2
  Segment part 12.            Intra module refs:   ??divu32_a




                ****************************************
                *                                      *
                *            MODULE SUMMARY            *
                *                                      *
                ****************************************

Module            CODE   DATA
------            ----   ----
                 (Rel)  (Rel)
?div_module        228
?errno              44
?isxxx              28
?memchr             48
?setlocale         177    132
?strtoul            16
?tolower            28
?xlocale_c         187
?xstoul            496
conf_loader        413      4
  + shared          12
config_data      2 124
func                 8
main             3 312
  + shared          12
N/A (alignment)
------           -----    ---
Total:           7 133    136


                ****************************************
                *                                      *
                *              CALL GRAPH              *
                *                                      *
                ****************************************

  ->Sub-tree of type: Indirectly called function tree that does not make
                    : indirect calls (Is not an interrupt and is not flagged
                    : as not overlayable)
                             CSTACK
    | Stack used (prev) :  00000000
  01  Close
      | Stack used (prev) :  00000000
      | + function block  :  00000004
  <-Sub-tree of type: Indirectly called function tree that does not make
                    : indirect calls (Is not an interrupt and is not flagged
                    : as not overlayable)
    | Stack used          :  00000004


  ->Sub-tree of type: Indirectly called function tree that does not make
                    : indirect calls (Is not an interrupt and is not flagged
                    : as not overlayable)
                             CSTACK
    | Stack used (prev) :  00000000
  01  Auto
      | Stack used (prev) :  00000000
      | + function block  :  00000004
  <-Sub-tree of type: Indirectly called function tree that does not make
                    : indirect calls (Is not an interrupt and is not flagged
                    : as not overlayable)
    | Stack used          :  00000004


  ->Sub-tree of type: Indirectly called function tree that does not make
                    : indirect calls (Is not an interrupt and is not flagged
                    : as not overlayable)
                             CSTACK
    | Stack used (prev) :  00000000
  01  MyIDLECSM_onMessage
      | Stack used (prev) :  00000000
      | + function block  :  00000014
  <-Sub-tree of type: Indirectly called function tree that does not make
                    : indirect calls (Is not an interrupt and is not flagged
                    : as not overlayable)
    | Stack used          :  00000014


  ->Sub-tree of type: Indirectly called function tree that does not make
                    : indirect calls (Is not an interrupt and is not flagged
                    : as not overlayable)
                             CSTACK
    | Stack used (prev) :  00000000
  01  maincsm_onmessage
      | Stack used (prev) :  00000000
      | + function block  :  00000004
  <-Sub-tree of type: Indirectly called function tree that does not make
                    : indirect calls (Is not an interrupt and is not flagged
                    : as not overlayable)
    | Stack used          :  00000004


  ->Sub-tree of type: Indirectly called function tree that does not make
                    : indirect calls (Is not an interrupt and is not flagged
                    : as not overlayable)
                             CSTACK
    | Stack used (prev) :  00000000
  01  maincsm_oncreate
      | Stack used (prev) :  00000000
      | + function block  :  00000004
  <-Sub-tree of type: Indirectly called function tree that does not make
                    : indirect calls (Is not an interrupt and is not flagged
                    : as not overlayable)
    | Stack used          :  00000004


  ->Sub-tree of type: Indirectly called function tree that does not make
                    : indirect calls (Is not an interrupt and is not flagged
                    : as not overlayable)
                             CSTACK
    | Stack used (prev) :  00000000
  01  Killer
      | Stack used (prev) :  00000000
      | + function block  :  00000004
  <-Sub-tree of type: Indirectly called function tree that does not make
                    : indirect calls (Is not an interrupt and is not flagged
                    : as not overlayable)
    | Stack used          :  00000004


  ->Sub-tree of type: Indirectly called function tree that does not make
                    : indirect calls (Is not an interrupt and is not flagged
                    : as not overlayable)
                             CSTACK
    | Stack used (prev) :  00000000
  01  maincsm_onclose
      | Stack used (prev) :  00000000
      | + function block  :  00000008
  <-Sub-tree of type: Indirectly called function tree that does not make
                    : indirect calls (Is not an interrupt and is not flagged
                    : as not overlayable)
    | Stack used          :  00000008


  ->Sub-tree of type: Indirectly called function tree that does not make
                    : indirect calls (Is not an interrupt and is not flagged
                    : as not overlayable)
                             CSTACK
    | Stack used (prev) :  00000000
  01  my_keyhook
      | Stack used (prev) :  00000000
      | + function block  :  00000014
  <-Sub-tree of type: Indirectly called function tree that does not make
                    : indirect calls (Is not an interrupt and is not flagged
                    : as not overlayable)
    | Stack used          :  00000014


  ->Sub-tree of type: Indirectly called function tree that does not make
                    : indirect calls (Is not an interrupt and is not flagged
                    : as not overlayable)
                             CSTACK
    | Stack used (prev) :  00000000
  01  strtoul
      | Stack used (prev) :  00000000
      | + function block  :  00000008
  <-Sub-tree of type: Indirectly called function tree that does not make
                    : indirect calls (Is not an interrupt and is not flagged
                    : as not overlayable)
    | Stack used          :  00000008


  ->Sub-tree of type: Indirectly called function tree that does not make
                    : indirect calls (Is not an interrupt and is not flagged
                    : as not overlayable)
                             CSTACK
    | Stack used (prev) :  00000000
  01  _LocaleC_isupper
      | Stack used (prev) :  00000000
      | + function block  :  00000000
  <-Sub-tree of type: Indirectly called function tree that does not make
                    : indirect calls (Is not an interrupt and is not flagged
                    : as not overlayable)
    | Stack used          :  00000000


  ->Sub-tree of type: Indirectly called function tree that does not make
                    : indirect calls (Is not an interrupt and is not flagged
                    : as not overlayable)
                             CSTACK
    | Stack used (prev) :  00000000
  01  _LocaleC_isspace
      | Stack used (prev) :  00000000
      | + function block  :  00000000
  <-Sub-tree of type: Indirectly called function tree that does not make
                    : indirect calls (Is not an interrupt and is not flagged
                    : as not overlayable)
    | Stack used          :  00000000


  ->Sub-tree of type: Indirectly called function tree that does not make
                    : indirect calls (Is not an interrupt and is not flagged
                    : as not overlayable)
                             CSTACK
    | Stack used (prev) :  00000000
  01  _LocaleC_tolower
      | Stack used (prev) :  00000000
      | + function block  :  00000008
  <-Sub-tree of type: Indirectly called function tree that does not make
                    : indirect calls (Is not an interrupt and is not flagged
                    : as not overlayable)
    | Stack used          :  00000008


  ->Sub-tree of type: Function tree
                             CSTACK
    | Stack used (prev) :  00000014
  01  LoadConfigData
      | Stack used (prev) :  00000014
      | + function block  :  00000030
  <-Sub-tree of type: Function tree
    | Stack used          :  00000044


  ->Sub-tree of type: Function tree
                             CSTACK
    | Stack used (prev) :  00000044
  01  InitConfig
      | Stack used (prev) :  00000044
      | + function block  :  0000000C
  <-Sub-tree of type: Function tree
    | Stack used          :  00000050


  ->Sub-tree of type: Function tree
                             CSTACK
    | Stack used (prev) :  00000050
  01  Obs_CreateAmrFile
      | Stack used (prev) :  00000050
      | + function block  :  00000020
  <-Sub-tree of type: Function tree
    | Stack used          :  00000070


  ->Sub-tree of type: Function tree
                             CSTACK
    | Stack used (prev) :  00000070
  01  Obs_StopAmrWrite
      | Stack used (prev) :  00000070
      | + function block  :  00000008
  <-Sub-tree of type: Function tree
    | Stack used          :  00000078


  ->Sub-tree of type: Function tree
                             CSTACK
    | Stack used (prev) :  00000078
  01  func
      | Stack used (prev) :  00000078
      | + function block  :  00000004
  <-Sub-tree of type: Function tree
    | Stack used          :  0000007C


  ->Sub-tree of type: Function tree
                             CSTACK
    | Stack used (prev) :  0000007C
  01  OpenCall
      | Stack used (prev) :  0000007C
      | + function block  :  00000024
  <-Sub-tree of type: Function tree
    | Stack used          :  000000A0


  ->Sub-tree of type: Function tree
                             CSTACK
    | Stack used (prev) :  000000A0
  01  CloseCall
      | Stack used (prev) :  000000A0
      | + function block  :  0000000C
  <-Sub-tree of type: Function tree
    | Stack used          :  000000AC


  ->Sub-tree of type: Function tree
                             CSTACK
    | Stack used (prev) :  000000AC
  01  strcmp_nocase
      | Stack used (prev) :  000000AC
      | + function block  :  00000000
  <-Sub-tree of type: Function tree
    | Stack used          :  000000AC


  ->Sub-tree of type: Function tree
                             CSTACK
    | Stack used (prev) :  000000AC
  01  key
      | Stack used (prev) :  000000AC
      | + function block  :  0000000C
  <-Sub-tree of type: Function tree
    | Stack used          :  000000B8


  ->Sub-tree of type: Function tree
                             CSTACK
    | Stack used (prev) :  000000B8
  01  main
      | Stack used (prev) :  000000B8
      | + function block  :  00000040
  <-Sub-tree of type: Function tree
    | Stack used          :  000000F8


  ->Sub-tree of type: Function tree
                             CSTACK
    | Stack used (prev) :  000000F8
  01  _Geterrno
      | Stack used (prev) :  000000F8
      | + function block  :  00000008
  <-Sub-tree of type: Function tree
    | Stack used          :  00000100


  ->Sub-tree of type: Function tree
                             CSTACK
    | Stack used (prev) :  00000100
  01  isspace
      | Stack used (prev) :  00000100
      | + function block  :  00000008
  <-Sub-tree of type: Function tree
    | Stack used          :  00000108


  ->Sub-tree of type: Function tree
                             CSTACK
    | Stack used (prev) :  00000108
  01  _Memchr
      | Stack used (prev) :  00000108
      | + function block  :  00000000
  <-Sub-tree of type: Function tree
    | Stack used          :  00000108


  ->Sub-tree of type: Function tree
                             CSTACK
    | Stack used (prev) :  00000108
  01  _LocaleForCat
      | Stack used (prev) :  00000108
      | + function block  :  00000010
  <-Sub-tree of type: Function tree
    | Stack used          :  00000118


  ->Sub-tree of type: Function tree
                             CSTACK
    | Stack used (prev) :  00000118
  01  tolower
      | Stack used (prev) :  00000118
      | + function block  :  00000008
  <-Sub-tree of type: Function tree
    | Stack used          :  00000120


  ->Sub-tree of type: Function tree
                             CSTACK
    | Stack used (prev) :  00000120
  01  _Stoul
      | Stack used (prev) :  00000120
      | + function block  :  00000030
  <-Sub-tree of type: Function tree
    | Stack used          :  00000150




                ****************************************
                *                                      *
                *      SEGMENTS IN ADDRESS ORDER       *
                *                                      *
                ****************************************


SEGMENT              SPACE    START ADDRESS   END ADDRESS     SIZE  TYPE  ALIGN
=======              =====    =============   ===========     ====  ====  =====
ELFBEGIN             CODE_AREA           00000000                     rel    0
DATA_ID              CODE_AREA      00000000 - 00000087          88   rel    2
START                CODE_AREA           00000088                     dse    0
CODE                 CODE_AREA      00000088 - 00000F8B         F04   rel    2
DATA_C               CODE_AREA      00000F8C - 000010EC         161   rel    2
INITTAB              CODE_AREA      000010F0 - 00001107          18   rel    2
DATA_Z               CODE_AREA      00001108 - 00001393         28C   rel    2
DATA_N               CODE_AREA           00001394                     dse    0
CONFIG_C             CODE_AREA      00001394 - 00001BDF         84C   rel    2
DATA_I               DATA_AREA      00000000 - 00000087          88   rel    2

                ****************************************
                *                                      *
                *        END OF CROSS REFERENCE        *
                *                                      *
                ****************************************

 7 133 bytes of CODE memory
   136 bytes of DATA memory

Errors: none
Warnings: none

