##############################################################################
#                                                                            #
# IAR ARM ANSI C/C++ Compiler V4.42A/W32 EVALUATION    14/Apr/2011  09:16:49 #
# Copyright 1999-2005 IAR Systems. All rights reserved.                      #
#                                                                            #
#    Cpu mode        =  interwork                                            #
#    Endian          =  little                                               #
#    Stack alignment =  4                                                    #
#    Source file     =  D:\pasha\elf\SVN2\NATICQ1\manage_cl.c                #
#    Command line    =  D:\pasha\elf\SVN2\NATICQ1\manage_cl.c -D NEWSGOLD    #
#                       -D ELKA --preprocess D:\pasha\elf\SVN2\NATICQ1\Relea #
#                       se_ELKA\List\ -lC D:\pasha\elf\SVN2\NATICQ1\Release_ #
#                       ELKA\List\ -o D:\pasha\elf\SVN2\NATICQ1\Release_ELKA #
#                       \Obj\ -s9 --no_unroll --cpu_mode arm --endian        #
#                       little --cpu ARM926EJ-S --stack_align 4 --interwork  #
#                       -e --fpu None --dlib_config "D:\pasha\Embedded       #
#                       Workbench 4.0 Evaluation2\ARM\LIB\dl5tpainl8n.h" -I  #
#                       "D:\pasha\Embedded Workbench 4.0                     #
#                       Evaluation2\ARM\INC\" --inline_threshold=2           #
#    List file       =  D:\pasha\elf\SVN2\NATICQ1\Release_ELKA\List\manage_c #
#                       l.lst                                                #
#    Object file     =  D:\pasha\elf\SVN2\NATICQ1\Release_ELKA\Obj\manage_cl #
#                       .r79                                                 #
#                                                                            #
#                                                                            #
##############################################################################

D:\pasha\elf\SVN2\NATICQ1\manage_cl.c
      1          #include "../inc/swilib.h"
      2          #include "rect_patcher.h"
      3          #include "language.h"
      4          #include "NatICQ.h"
      5          #include "manage_cl.h"
      6          #include "strings.h"
      7          #include "main.h"
      8          #include "lang.h"
      9          
     10          extern int S_ICONS[];
     11          extern int CurrentPrivateStatus;
     12          

   \                                 In segment DATA_C, align 4, align-sorted
     13          static const int mmanage_cl_softkeys[] = {0,1,2};
   \                     mmanage_cl_softkeys:
   \   00000000   000000000100       DC32 0, 1, 2
   \              000002000000
     14          
     15          static SOFTKEY_DESC mmanage_cl_sk[] =
     16          {
     17            {0x0018, 0x0000, (int)""},
     18            {0x0001, 0x0000, NULL},
     19            {0x003D, 0x0000, (int)LGP_DOIT_PIC}
     20          };
     21          

   \                                 In segment DATA_C, align 4, align-sorted
     22          const SOFTKEYSTAB mmanage_cl_skt =
   \                     mmanage_cl_skt:
   \   00000000   ........0000       DC32 mmanage_cl_sk, 0
   \              0000        
     23          {
     24            mmanage_cl_sk, 0
     25          };
     26          
     27          static SOFTKEY_DESC acgd_sk[] =
     28          {
     29            {0x0018, 0x0000, (int)""},
     30            {0x0001, 0x0000, NULL},
     31            {0x003D, 0x0000, (int)LGP_DOIT_PIC}
     32          };
     33          

   \                                 In segment DATA_C, align 4, align-sorted
     34          const SOFTKEYSTAB acgd_skt =
   \                     acgd_skt:
   \   00000000   ........0000       DC32 acgd_sk, 0
   \              0000        
     35          {
     36            acgd_sk, 0
     37          };
     38          
     39          

   \                                 In segment DATA_C, align 4, align-sorted
     40          static const int pl_softkeys[] = {0,1,2};
   \                     pl_softkeys:
   \   00000000   000000000100       DC32 0, 1, 2
   \              000002000000
     41          
     42          static SOFTKEY_DESC pl_sk[] =
     43          {
     44            {0x0018, 0x0000, (int)""},
     45            {0x0001, 0x0000, NULL},
     46            {0x003D, 0x0000, (int)LGP_DOIT_PIC}
     47          };
     48          

   \                                 In segment DATA_C, align 4, align-sorted
     49          const SOFTKEYSTAB pl_skt =
   \                     pl_skt:
   \   00000000   ........0000       DC32 pl_sk, 0
   \              0000        
     50          {
     51            pl_sk, 0
     52          };
     53          
     54          typedef struct{
     55            unsigned int grp_id;
     56            char name[64];
     57          }GRP_ARRAY;
     58          

   \                                 In segment CODE, align 4, keep-with-next
     59          int acgd_onkey(GUI *data, GUI_MSG *msg)
     60          {
   \                     acgd_onkey:
   \   00000000   F04F2DE9           PUSH     {R4-R11,LR}
   \   00000004   6CD04DE2           SUB      SP,SP,#+108
   \   00000008   0040A0E1           MOV      R4,R0
   \   0000000C   0190A0E1           MOV      R9,R1
     61            TPKT *p;
     62            EDITCONTROL ec;
     63            unsigned int uin=0;
     64            unsigned int group=0;
     65            WSHDR *ws;
     66            int j;
     67            char name[64], *s;
     68            int len;
     69            GRP_ARRAY *grp=EDIT_GetUserPointer(data);
   \   00000010   DF0100EF           SWI      +479
   \   00000014   0070A0E1           MOV      R7,R0
     70            
     71            if (msg->keys==0xFFF)
   \   00000018   F200D9E1           LDRSH    R0,[R9, #+2]
   \   0000001C   0050A0E3           MOV      R5,#+0
   \   00000020   0080A0E3           MOV      R8,#+0
   \   00000024   0560A0E1           MOV      R6,R5
   \   00000028   FF10A0E3           MOV      R1,#+255
   \   0000002C   F01E81E3           ORR      R1,R1,#0xF00
   \   00000030   010050E1           CMP      R0,R1
   \   00000034   4500001A           BNE      ??acgd_onkey_0
     72            {
     73              ExtractEditControl(data,2,&ec);
   \   00000038   40208DE2           ADD      R2,SP,#+64
   \   0000003C   0210A0E3           MOV      R1,#+2
   \   00000040   0400A0E1           MOV      R0,R4
   \   00000044   690100EF           SWI      +361
     74              ws=ec.pWS;
   \   00000048   68009DE5           LDR      R0,[SP, #+104]
     75              for (int i=0; i<ws->wsbody[0]; i++)
   \   0000004C   0010A0E3           MOV      R1,#+0
   \   00000050   000090E5           LDR      R0,[R0, #+0]
   \   00000054   B020D0E1           LDRH     R2,[R0, #+0]
   \   00000058   000052E3           CMP      R2,#+0
   \   0000005C   0600001A           BNE      ??acgd_onkey_1
   \   00000060   080000EA           B        ??acgd_onkey_2
     76              {
     77                uin*=10;
     78                uin+=(ws->wsbody[i+1]-'0');     
   \                     ??acgd_onkey_3:
   \   00000064   813080E0           ADD      R3,R0,R1, LSL #+1
   \   00000068   B230D3E1           LDRH     R3,[R3, #+2]
   \   0000006C   0A20A0E3           MOV      R2,#+10
     79              }
   \   00000070   011081E2           ADD      R1,R1,#+1
   \   00000074   303043E2           SUB      R3,R3,#+48
   \   00000078   923828E0           MLA      R8,R2,R8,R3
   \                     ??acgd_onkey_1:
   \   0000007C   B020D0E1           LDRH     R2,[R0, #+0]
   \   00000080   020051E1           CMP      R1,R2
   \   00000084   F6FFFFBA           BLT      ??acgd_onkey_3
     80              
     81              ExtractEditControl(data,4,&ec);
   \                     ??acgd_onkey_2:
   \   00000088   40208DE2           ADD      R2,SP,#+64
   \   0000008C   0410A0E3           MOV      R1,#+4
   \   00000090   0400A0E1           MOV      R0,R4
   \   00000094   690100EF           SWI      +361
     82              ws=ec.pWS;
   \   00000098   68A09DE5           LDR      R10,[SP, #+104]
     83              s=name;
   \   0000009C   0D90A0E1           MOV      R9,SP
     84              for (int i=0; i<ws->wsbody[0] && i<64; i++)
   \   000000A0   00B0A0E3           MOV      R11,#+0
   \   000000A4   040000EA           B        ??acgd_onkey_4
     85              {
     86                *s++=char16to8(ws->wsbody[i+1]);
   \                     ??acgd_onkey_5:
   \   000000A8   8B0080E0           ADD      R0,R0,R11, LSL #+1
   \   000000AC   B200D0E1           LDRH     R0,[R0, #+2]
     87              }
   \   000000B0   01B08BE2           ADD      R11,R11,#+1
   \   000000B4   ........           _BLF     char16to8,??char16to8??rA
   \   000000B8   ........           STRB     R0,[R9], #+1
   \                     ??acgd_onkey_4:
   \   000000BC   00009AE5           LDR      R0,[R10, #+0]
   \   000000C0   B010D0E1           LDRH     R1,[R0, #+0]
   \   000000C4   01005BE1           CMP      R11,R1
   \   000000C8   40005BB3           CMPLT    R11,#+64
   \   000000CC   F5FFFFBA           BLT      ??acgd_onkey_5
     88              len=s-name;
   \   000000D0   0D00A0E1           MOV      R0,SP
   \   000000D4   00A049E0           SUB      R10,R9,R0
     89              *s=0;
   \   000000D8   0050C9E5           STRB     R5,[R9, #+0]
     90              
     91              EDIT_SetFocus(data, 6);
   \   000000DC   0610A0E3           MOV      R1,#+6
   \   000000E0   0400A0E1           MOV      R0,R4
   \   000000E4   9B0100EF           SWI      +411
     92              j=EDIT_GetItemNumInFocusedComboBox(data);
   \   000000E8   0400A0E1           MOV      R0,R4
   \   000000EC   800100EF           SWI      +384
     93              if (j) group=grp[j-1].grp_id;
   \   000000F0   000050E3           CMP      R0,#+0
   \   000000F4   4410A013           MOVNE    R1,#+68
   \   000000F8   91702010           MLANE    R0,R1,R0,R7
   \   000000FC   44601015           LDRNE    R6,[R0, #-68]
     94          
     95              p=malloc(sizeof(PKT)+4+len);
   \   00000100   0C008AE2           ADD      R0,R10,#+12
   \   00000104   140000EF           SWI      +20
   \   00000108   0040A0E1           MOV      R4,R0
     96              p->pkt.uin=uin;
   \   0000010C   008084E5           STR      R8,[R4, #+0]
     97              p->pkt.type=T_ADDCONTACT_WITH_GRP;
   \   00000110   1B00A0E3           MOV      R0,#+27
   \   00000114   B400C4E1           STRH     R0,[R4, #+4]
     98              p->pkt.data_len=len+4;
   \   00000118   04008AE2           ADD      R0,R10,#+4
   \   0000011C   B600C4E1           STRH     R0,[R4, #+6]
     99              *(unsigned int *)(p->data)=group;
   \   00000120   086084E5           STR      R6,[R4, #+8]
    100              strncpy(p->data+4,name,len);
   \   00000124   0A20A0E1           MOV      R2,R10
   \   00000128   0D10A0E1           MOV      R1,SP
   \   0000012C   0C0084E2           ADD      R0,R4,#+12
   \   00000130   160100EF           SWI      +278
    101              SUBPROC((void *)SendAnswer,0,p);
   \   00000134   ........           LDR      R0,??DataTable2  ;; SendAnswer
   \   00000138   0420A0E1           MOV      R2,R4
   \   0000013C   0010A0E3           MOV      R1,#+0
   \   00000140   710100EF           SWI      +369
    102              return (1);
   \   00000144   0100A0E3           MOV      R0,#+1
   \   00000148   6CD08DE2           ADD      SP,SP,#+108
   \   0000014C   F08FBDE8           POP      {R4-R11,PC}
    103            }
    104            return (0);
   \                     ??acgd_onkey_0:
   \   00000150   0000A0E3           MOV      R0,#+0
   \   00000154   6CD08DE2           ADD      SP,SP,#+108
   \   00000158   F08FBDE8           POP      {R4-R11,PC}      ;; return
    105          }
    106          
    107          
    108          

   \                                 In segment CODE, align 4, keep-with-next
    109          void acgd_ghook(GUI *data, int cmd)
    110          {
   \                     acgd_ghook:
   \   00000000   F0402DE9           PUSH     {R4-R7,LR}
    111            static SOFTKEY_DESC sk_add={0x0FFF,0x0000,NULL};
    112            sk_add.lgp_id=(int)lgpData[LGP_Add];
   \   00000004   F4609FE5           LDR      R6,??acgd_ghook_0  ;; ??sk_add
   \   00000008   0040A0E1           MOV      R4,R0
   \   0000000C   F0009FE5           LDR      R0,??acgd_ghook_0+0x4  ;; lgpData + 60
   \   00000010   2CD04DE2           SUB      SP,SP,#+44
   \   00000014   000090E5           LDR      R0,[R0, #+0]
   \   00000018   0150A0E1           MOV      R5,R1
   \   0000001C   040086E5           STR      R0,[R6, #+4]
    113            
    114            GRP_ARRAY *grp=EDIT_GetUserPointer(data);
   \   00000020   0400A0E1           MOV      R0,R4
   \   00000024   DF0100EF           SWI      +479
   \   00000028   0070A0E1           MOV      R7,R0
    115            EDITCONTROL ec;
    116            int i, j;
    117            i=EDIT_GetFocus(data);
   \   0000002C   0400A0E1           MOV      R0,R4
   \   00000030   820100EF           SWI      +386
    118            if (cmd==3)
   \   00000034   030055E3           CMP      R5,#+3
   \   00000038   0200001A           BNE      ??acgd_ghook_1
    119            {
    120              mfree(grp);   
   \   0000003C   0700A0E1           MOV      R0,R7
   \   00000040   150000EF           SWI      +21
   \   00000044   050000EA           B        ??acgd_ghook_2
    121            }
    122            if (cmd==7)
   \                     ??acgd_ghook_1:
   \   00000048   070055E3           CMP      R5,#+7
   \   0000004C   0500001A           BNE      ??acgd_ghook_3
    123            {
    124              SetSoftKey(data,&sk_add,SET_SOFT_KEY_N);  
   \   00000050   0020A0E3           MOV      R2,#+0
   \   00000054   0610A0E1           MOV      R1,R6
   \   00000058   0400A0E1           MOV      R0,R4
   \   0000005C   680100EF           SWI      +360
   \                     ??acgd_ghook_2:
   \   00000060   2CD08DE2           ADD      SP,SP,#+44
   \   00000064   F080BDE8           POP      {R4-R7,PC}
    125            }
    126            if (cmd==0x0A)
   \                     ??acgd_ghook_3:
   \   00000068   0A0055E3           CMP      R5,#+10
   \   0000006C   0100001A           BNE      ??acgd_ghook_4
    127            {
    128              DisableIDLETMR();
   \   00000070   7F0100EF           SWI      +383
   \   00000074   F9FFFFEA           B        ??acgd_ghook_2
    129            }
    130            if (cmd==0x0D)
   \                     ??acgd_ghook_4:
   \   00000078   0D0055E3           CMP      R5,#+13
    131            {
    132              if (i==6)
   \   0000007C   06005003           CMPEQ    R0,#+6
   \   00000080   1C00001A           BNE      ??acgd_ghook_5
    133              {
    134                WSHDR *ews=AllocWS(64);
   \   00000084   4000A0E3           MOV      R0,#+64
   \   00000088   250100EF           SWI      +293
   \   0000008C   0050A0E1           MOV      R5,R0
    135                ExtractEditControl(data,i,&ec);
   \   00000090   0D20A0E1           MOV      R2,SP
   \   00000094   0610A0E3           MOV      R1,#+6
   \   00000098   0400A0E1           MOV      R0,R4
   \   0000009C   690100EF           SWI      +361
    136                if ((j=EDIT_GetItemNumInFocusedComboBox(data)))
   \   000000A0   0400A0E1           MOV      R0,R4
   \   000000A4   800100EF           SWI      +384
   \   000000A8   000050E3           CMP      R0,#+0
   \   000000AC   0500000A           BEQ      ??acgd_ghook_6
    137                {
    138                  ascii2ws(ews,grp[j-1].name);                              
   \   000000B0   4410A0E3           MOV      R1,#+68
   \   000000B4   917020E0           MLA      R0,R1,R0,R7
   \   000000B8   401040E2           SUB      R1,R0,#+64
   \   000000BC   0500A0E1           MOV      R0,R5
   \   000000C0   ........           _BLF     ascii2ws,??ascii2ws??rA
   \   000000C4   060000EA           B        ??acgd_ghook_7
    139                }
    140                else
    141                {
    142                  ExtractEditControl(data,i-1,&ec);
   \                     ??acgd_ghook_6:
   \   000000C8   0D20A0E1           MOV      R2,SP
   \   000000CC   0510A0E3           MOV      R1,#+5
   \   000000D0   0400A0E1           MOV      R0,R4
   \   000000D4   690100EF           SWI      +361
    143                  wstrcpy(ews,ec.pWS);
   \   000000D8   28109DE5           LDR      R1,[SP, #+40]
   \   000000DC   0500A0E1           MOV      R0,R5
   \   000000E0   1F0100EF           SWI      +287
    144                }
    145                EDIT_SetTextToFocused(data,ews);
   \                     ??acgd_ghook_7:
   \   000000E4   0510A0E1           MOV      R1,R5
   \   000000E8   0400A0E1           MOV      R0,R4
   \   000000EC   810100EF           SWI      +385
    146                FreeWS(ews);
   \   000000F0   0500A0E1           MOV      R0,R5
   \   000000F4   290100EF           SWI      +297
    147              }
    148            }
    149          }
   \                     ??acgd_ghook_5:
   \   000000F8   2CD08DE2           ADD      SP,SP,#+44       ;; stack cleaning
   \   000000FC   F080BDE8           POP      {R4-R7,PC}       ;; return
   \                     ??acgd_ghook_0:
   \   00000100   ........           DC32     ??sk_add
   \   00000104   ........           DC32     lgpData + 60
    150          

   \                                 In segment CODE, align 4, keep-with-next
    151          void acgd_locret(void){}
   \                     acgd_locret:
   \   00000000   1EFF2FE1           BX       LR               ;; return
    152          
    153          HEADER_DESC acgd_hdr={0,0,0,0,NULL,(int)"Добавление контакта",LGP_NULL};
    154          
    155          INPUTDIA_DESC acgd_desc=
    156          {
    157            1,
    158            acgd_onkey,
    159            acgd_ghook,
    160            (void *)acgd_locret,
    161            0,
    162            &acgd_skt,
    163            {0,0,0,0},
    164            4,
    165            100,
    166            101,
    167            0,
    168          
    169          //  0x00000001 - Выровнять по правому краю
    170          //  0x00000002 - Выровнять по центру
    171          //  0x00000004 - Инверсия знакомест
    172          //  0x00000008 - UnderLine
    173          //  0x00000020 - Не переносить слова
    174          //  0x00000200 - bold
    175            0,
    176          
    177          //  0x00000002 - ReadOnly
    178          //  0x00000004 - Не двигается курсор
    179          //  0x40000000 - Поменять местами софт-кнопки
    180            0x40000000
    181          };
    182          
    183          extern volatile CLIST *cltop;

   \                                 In segment CODE, align 4, keep-with-next
    184          int CreateAddContactGrpDialog(CLIST *cl_sel)
    185          {
   \                     CreateAddContactGrpDialog:
   \   00000000   F04F2DE9           PUSH     {R4-R11,LR}
   \   00000004   30D04DE2           SUB      SP,SP,#+48
   \   00000008   0040A0E1           MOV      R4,R0
    186            WSHDR *ews;
    187            void *ma=malloc_adr();
    188            void *eq;
    189            EDITCONTROL ec;
    190            GRP_ARRAY *grp=NULL;
    191            int grp_n=0;
   \   0000000C   0060A0E3           MOV      R6,#+0
   \   00000010   148000EF           SWI      +32788
   \   00000014   0050A0E1           MOV      R5,R0
    192            int to_combo=0;
   \   00000018   0610A0E1           MOV      R1,R6
   \   0000001C   00108DE5           STR      R1,[SP, #+0]
    193            
    194            eq=AllocEQueue(ma,mfree_adr());
   \   00000020   158000EF           SWI      +32789
   \   00000024   0010A0E1           MOV      R1,R0
   \   00000028   0500A0E1           MOV      R0,R5
   \   0000002C   630100EF           SWI      +355
   \   00000030   0070A0E1           MOV      R7,R0
    195            ews=AllocWS(128);
   \   00000034   8000A0E3           MOV      R0,#+128
   \   00000038   250100EF           SWI      +293
   \   0000003C   0080A0E1           MOV      R8,R0
   \   00000040   48039FE5           LDR      R0,??CreateAddContactGrpDialog_0+0x4  ;; lgpData + 68
   \   00000044   0090A0E3           MOV      R9,#+0
   \   00000048   001090E5           LDR      R1,[R0, #+0]
   \   0000004C   0800A0E1           MOV      R0,R8
    196            
    197            ascii2ws(ews,(char*)lgpData[LGP_EnterUin]);
   \   00000050   ........           _BLF     ascii2ws,??ascii2ws??rA
    198            PrepareEditControl(&ec);
   \   00000054   04008DE2           ADD      R0,SP,#+4
   \   00000058   640100EF           SWI      +356
    199            ConstructEditControl(&ec,ECT_HEADER,ECF_APPEND_EOL,ews,ews->wsbody[0]);
   \   0000005C   000098E5           LDR      R0,[R8, #+0]
   \   00000060   0830A0E1           MOV      R3,R8
   \   00000064   B000D0E1           LDRH     R0,[R0, #+0]
   \   00000068   4020A0E3           MOV      R2,#+64
   \   0000006C   0110A0E3           MOV      R1,#+1
   \   00000070   01002DE9           PUSH     {R0}
    200            AddEditControlToEditQend(eq,&ec,ma);   //1
    201            
    202            PrepareEditControl(&ec);
    203            if (cl_sel)
   \   00000074   C4AF8FE2           ADR      R10,??CreateAddContactGrpDialog_0  ;; "%u"
   \   00000078   08008DE2           ADD      R0,SP,#+8
   \   0000007C   650100EF           SWI      +357
   \   00000080   0520A0E1           MOV      R2,R5
   \   00000084   08108DE2           ADD      R1,SP,#+8
   \   00000088   0700A0E1           MOV      R0,R7
   \   0000008C   660100EF           SWI      +358
   \   00000090   08008DE2           ADD      R0,SP,#+8
   \   00000094   640100EF           SWI      +356
   \   00000098   000054E3           CMP      R4,#+0
   \   0000009C   04D08DE2           ADD      SP,SP,#+4
   \   000000A0   0400000A           BEQ      ??CreateAddContactGrpDialog_1
    204            {
    205              wsprintf(ews,"%u",cl_sel->uin);
   \   000000A4   0C2094E5           LDR      R2,[R4, #+12]
   \   000000A8   0A10A0E1           MOV      R1,R10
   \   000000AC   0800A0E1           MOV      R0,R8
   \   000000B0   240100EF           SWI      +292
   \   000000B4   020000EA           B        ??CreateAddContactGrpDialog_2
    206            }
    207            else
    208            {
    209              CutWSTR(ews,0);
   \                     ??CreateAddContactGrpDialog_1:
   \   000000B8   0010A0E3           MOV      R1,#+0
   \   000000BC   0800A0E1           MOV      R0,R8
   \   000000C0   260100EF           SWI      +294
    210            }
    211            ConstructEditControl(&ec,ECT_NORMAL_NUM,ECF_APPEND_EOL|ECF_DISABLE_MINUS|ECF_DISABLE_POINT,ews,9);
   \                     ??CreateAddContactGrpDialog_2:
   \   000000C4   0900A0E3           MOV      R0,#+9
   \   000000C8   01002DE9           PUSH     {R0}
   \   000000CC   0830A0E1           MOV      R3,R8
   \   000000D0   4020A0E3           MOV      R2,#+64
   \   000000D4   602A82E3           ORR      R2,R2,#0x60000
   \   000000D8   0610A0E3           MOV      R1,#+6
   \   000000DC   08008DE2           ADD      R0,SP,#+8
   \   000000E0   650100EF           SWI      +357
    212            AddEditControlToEditQend(eq,&ec,ma);   //2
   \   000000E4   0520A0E1           MOV      R2,R5
   \   000000E8   08108DE2           ADD      R1,SP,#+8
   \   000000EC   0700A0E1           MOV      R0,R7
   \   000000F0   660100EF           SWI      +358
    213            
    214            
    215            ascii2ws(ews,lgpData[LGP_EnterName]);
   \   000000F4   98029FE5           LDR      R0,??CreateAddContactGrpDialog_0+0x8  ;; lgpData + 264
   \   000000F8   001090E5           LDR      R1,[R0, #+0]
   \   000000FC   0800A0E1           MOV      R0,R8
   \   00000100   ........           _BLF     ascii2ws,??ascii2ws??rA
    216            PrepareEditControl(&ec);
   \   00000104   08008DE2           ADD      R0,SP,#+8
   \   00000108   640100EF           SWI      +356
    217            ConstructEditControl(&ec,ECT_HEADER,ECF_APPEND_EOL,ews,ews->wsbody[0]);
   \   0000010C   000098E5           LDR      R0,[R8, #+0]
   \   00000110   0830A0E1           MOV      R3,R8
   \   00000114   B000D0E1           LDRH     R0,[R0, #+0]
   \   00000118   4020A0E3           MOV      R2,#+64
   \   0000011C   0110A0E3           MOV      R1,#+1
   \   00000120   01002DE9           PUSH     {R0}
   \   00000124   0C008DE2           ADD      R0,SP,#+12
   \   00000128   650100EF           SWI      +357
    218            AddEditControlToEditQend(eq,&ec,ma);   //3
   \   0000012C   0520A0E1           MOV      R2,R5
   \   00000130   0C108DE2           ADD      R1,SP,#+12
   \   00000134   0700A0E1           MOV      R0,R7
   \   00000138   660100EF           SWI      +358
    219            
    220            PrepareEditControl(&ec);
   \   0000013C   0C008DE2           ADD      R0,SP,#+12
   \   00000140   640100EF           SWI      +356
    221            if (cl_sel)
   \   00000144   000054E3           CMP      R4,#+0
   \   00000148   08D08DE2           ADD      SP,SP,#+8
   \   0000014C   0A00000A           BEQ      ??CreateAddContactGrpDialog_3
    222            {
    223              if (cl_sel->name)
   \   00000150   140094E2           ADDS     R0,R4,#+20
   \   00000154   0300000A           BEQ      ??CreateAddContactGrpDialog_4
    224              {
    225                ascii2ws(ews,cl_sel->name);
   \   00000158   141084E2           ADD      R1,R4,#+20
   \   0000015C   0800A0E1           MOV      R0,R8
   \   00000160   ........           _BLF     ascii2ws,??ascii2ws??rA
   \   00000164   070000EA           B        ??CreateAddContactGrpDialog_5
    226              }
    227              else
    228              {
    229                wsprintf(ews,"%u",cl_sel->uin);
   \                     ??CreateAddContactGrpDialog_4:
   \   00000168   0C2094E5           LDR      R2,[R4, #+12]
   \   0000016C   0A10A0E1           MOV      R1,R10
   \   00000170   0800A0E1           MOV      R0,R8
   \   00000174   240100EF           SWI      +292
   \   00000178   020000EA           B        ??CreateAddContactGrpDialog_5
    230              }
    231            }
    232            else
    233            {
    234              CutWSTR(ews,0);
   \                     ??CreateAddContactGrpDialog_3:
   \   0000017C   0010A0E3           MOV      R1,#+0
   \   00000180   0800A0E1           MOV      R0,R8
   \   00000184   260100EF           SWI      +294
    235            }
    236            ConstructEditControl(&ec,ECT_NORMAL_TEXT,ECF_APPEND_EOL,ews,64);
   \                     ??CreateAddContactGrpDialog_5:
   \   00000188   4000A0E3           MOV      R0,#+64
   \   0000018C   01002DE9           PUSH     {R0}
   \   00000190   0830A0E1           MOV      R3,R8
   \   00000194   4020A0E3           MOV      R2,#+64
   \   00000198   0310A0E3           MOV      R1,#+3
   \   0000019C   08008DE2           ADD      R0,SP,#+8
   \   000001A0   650100EF           SWI      +357
    237            AddEditControlToEditQend(eq,&ec,ma);   //4
   \   000001A4   0520A0E1           MOV      R2,R5
   \   000001A8   08108DE2           ADD      R1,SP,#+8
   \   000001AC   0700A0E1           MOV      R0,R7
   \   000001B0   660100EF           SWI      +358
    238            
    239            for (CLIST *cl=(CLIST *)cltop; cl!=0; cl=cl->next)
   \   000001B4   DC019FE5           LDR      R0,??CreateAddContactGrpDialog_0+0xC  ;; cltop
   \   000001B8   00A090E5           LDR      R10,[R0, #+0]
   \   000001BC   04D08DE2           ADD      SP,SP,#+4
   \   000001C0   00005AE3           CMP      R10,#+0
   \   000001C4   1C00000A           BEQ      ??CreateAddContactGrpDialog_6
    240            {
    241              if (cl->isgroup)
   \                     ??CreateAddContactGrpDialog_7:
   \   000001C8   08009AE5           LDR      R0,[R10, #+8]
   \   000001CC   000050E3           CMP      R0,#+0
   \   000001D0   1600000A           BEQ      ??CreateAddContactGrpDialog_8
   \   000001D4   010086E2           ADD      R0,R6,#+1
   \   000001D8   4420A0E3           MOV      R2,#+68
   \   000001DC   920001E0           MUL      R1,R2,R0
   \   000001E0   0900A0E1           MOV      R0,R9
    242              {
    243                GRP_ARRAY *cur_grp;
    244                grp=realloc(grp,(grp_n+1)*sizeof(GRP_ARRAY));
   \   000001E4   BA0000EF           SWI      +186
   \   000001E8   0090A0E1           MOV      R9,R0
    245                cur_grp=grp+grp_n;
   \   000001EC   4400A0E3           MOV      R0,#+68
   \   000001F0   90962BE0           MLA      R11,R0,R6,R9
    246                cur_grp->grp_id=cl->group;
   \   000001F4   10009AE5           LDR      R0,[R10, #+16]
    247                strncpy(cur_grp->name, cl->name,64);
   \   000001F8   4020A0E3           MOV      R2,#+64
   \   000001FC   00008BE5           STR      R0,[R11, #+0]
   \   00000200   14108AE2           ADD      R1,R10,#+20
   \   00000204   04008BE2           ADD      R0,R11,#+4
   \   00000208   160100EF           SWI      +278
    248                cur_grp->name[63]=0;
   \   0000020C   0000A0E3           MOV      R0,#+0
   \   00000210   4300CBE5           STRB     R0,[R11, #+67]
    249                if (cl_sel)
   \   00000214   000054E3           CMP      R4,#+0
   \   00000218   0300000A           BEQ      ??CreateAddContactGrpDialog_9
    250                {
    251                  if (cl_sel->group==cur_grp->grp_id)  to_combo=grp_n;
   \   0000021C   100094E5           LDR      R0,[R4, #+16]
   \   00000220   00109BE5           LDR      R1,[R11, #+0]
   \   00000224   010050E1           CMP      R0,R1
   \   00000228   00608D05           STREQ    R6,[SP, #+0]
    252                }
    253                grp_n++;
   \                     ??CreateAddContactGrpDialog_9:
   \   0000022C   016086E2           ADD      R6,R6,#+1
    254              }
    255            }
   \                     ??CreateAddContactGrpDialog_8:
   \   00000230   00A09AE5           LDR      R10,[R10, #+0]
   \   00000234   00005AE3           CMP      R10,#+0
   \   00000238   E2FFFF1A           BNE      ??CreateAddContactGrpDialog_7
    256            ascii2ws(ews,(char*)lgpData[LGP_ChooseGroup]);
   \                     ??CreateAddContactGrpDialog_6:
   \   0000023C   58019FE5           LDR      R0,??CreateAddContactGrpDialog_0+0x10  ;; lgpData + 268
   \   00000240   001090E5           LDR      R1,[R0, #+0]
   \   00000244   0800A0E1           MOV      R0,R8
   \   00000248   ........           _BLF     ascii2ws,??ascii2ws??rA
    257            PrepareEditControl(&ec);
   \   0000024C   04008DE2           ADD      R0,SP,#+4
   \   00000250   640100EF           SWI      +356
    258            ConstructEditControl(&ec,ECT_HEADER,ECF_APPEND_EOL,ews,ews->wsbody[0]);
   \   00000254   000098E5           LDR      R0,[R8, #+0]
   \   00000258   0830A0E1           MOV      R3,R8
   \   0000025C   B000D0E1           LDRH     R0,[R0, #+0]
   \   00000260   4020A0E3           MOV      R2,#+64
   \   00000264   0110A0E3           MOV      R1,#+1
   \   00000268   01002DE9           PUSH     {R0}
   \   0000026C   08008DE2           ADD      R0,SP,#+8
   \   00000270   650100EF           SWI      +357
    259            AddEditControlToEditQend(eq,&ec,ma);    //5
   \   00000274   0520A0E1           MOV      R2,R5
   \   00000278   08108DE2           ADD      R1,SP,#+8
   \   0000027C   0700A0E1           MOV      R0,R7
   \   00000280   660100EF           SWI      +358
    260            
    261            
    262            PrepareEditControl(&ec);
   \   00000284   08008DE2           ADD      R0,SP,#+8
   \   00000288   640100EF           SWI      +356
    263            CutWSTR(ews,0);
   \   0000028C   0010A0E3           MOV      R1,#+0
   \   00000290   0800A0E1           MOV      R0,R8
   \   00000294   260100EF           SWI      +294
    264            if(grp_n)
   \   00000298   000056E3           CMP      R6,#+0
   \   0000029C   04D08DE2           ADD      SP,SP,#+4
   \   000002A0   0200000A           BEQ      ??CreateAddContactGrpDialog_10
    265            {
    266              ascii2ws(ews,grp->name);
   \   000002A4   041089E2           ADD      R1,R9,#+4
   \   000002A8   0800A0E1           MOV      R0,R8
   \   000002AC   ........           _BLF     ascii2ws,??ascii2ws??rA
    267            }
    268            ConstructComboBox(&ec,ECT_COMBO_BOX,ECF_APPEND_EOL,ews,64,0,grp_n,1+to_combo);
   \                     ??CreateAddContactGrpDialog_10:
   \   000002B0   00009DE5           LDR      R0,[SP, #+0]
    269            AddEditControlToEditQend(eq,&ec,ma);    //6
    270            
    271            patch_header(&acgd_hdr);
   \   000002B4   E4409FE5           LDR      R4,??CreateAddContactGrpDialog_0+0x14  ;; acgd_desc
   \   000002B8   010080E2           ADD      R0,R0,#+1
   \   000002BC   01002DE9           PUSH     {R0}
   \   000002C0   40002DE9           PUSH     {R6}
   \   000002C4   0830A0E1           MOV      R3,R8
   \   000002C8   0000A0E3           MOV      R0,#+0
   \   000002CC   01002DE9           PUSH     {R0}
   \   000002D0   4020A0E3           MOV      R2,#+64
   \   000002D4   0710A0E3           MOV      R1,#+7
   \   000002D8   4000A0E3           MOV      R0,#+64
   \   000002DC   01002DE9           PUSH     {R0}
   \   000002E0   14008DE2           ADD      R0,SP,#+20
   \   000002E4   840100EF           SWI      +388
   \   000002E8   0520A0E1           MOV      R2,R5
   \   000002EC   14108DE2           ADD      R1,SP,#+20
   \   000002F0   0700A0E1           MOV      R0,R7
   \   000002F4   660100EF           SWI      +358
   \   000002F8   0000A0E3           MOV      R0,#+0
   \   000002FC   B803C4E1           STRH     R0,[R4, #+56]
   \   00000300   1800A0E3           MOV      R0,#+24
   \   00000304   BA03C4E1           STRH     R0,[R4, #+58]
   \   00000308   888100EF           SWI      +33160
   \   0000030C   010040E2           SUB      R0,R0,#+1
   \   00000310   BC03C4E1           STRH     R0,[R4, #+60]
   \   00000314   8A8100EF           SWI      +33162
   \   00000318   170080E2           ADD      R0,R0,#+23
   \   0000031C   BE03C4E1           STRH     R0,[R4, #+62]
    272            patch_input(&acgd_desc);
   \   00000320   0000A0E3           MOV      R0,#+0
   \   00000324   B801C4E1           STRH     R0,[R4, #+24]
   \   00000328   8A8100EF           SWI      +33162
   \   0000032C   190080E2           ADD      R0,R0,#+25
   \   00000330   BA01C4E1           STRH     R0,[R4, #+26]
   \   00000334   888100EF           SWI      +33160
   \   00000338   010040E2           SUB      R0,R0,#+1
   \   0000033C   BC01C4E1           STRH     R0,[R4, #+28]
   \   00000340   898100EF           SWI      +33161
   \   00000344   0050A0E1           MOV      R5,R0
   \   00000348   8B8100EF           SWI      +33163
   \   0000034C   000045E0           SUB      R0,R5,R0
   \   00000350   010040E2           SUB      R0,R0,#+1
   \   00000354   BE01C4E1           STRH     R0,[R4, #+30]
    273            FreeWS(ews);
   \   00000358   0800A0E1           MOV      R0,R8
   \   0000035C   290100EF           SWI      +297
    274          //<<<<<<< .mine
    275            
    276            acgd_sk[1].lgp_id=(int)lgpData[LGP_Close];  
   \   00000360   3C009FE5           LDR      R0,??CreateAddContactGrpDialog_0+0x18  ;; lgpData + 32
    277          //=======
    278           
    279          //>>>>>>> .r2875
    280            return CreateInputTextDialog(&acgd_desc,&acgd_hdr,eq,1,grp);
   \   00000364   0130A0E3           MOV      R3,#+1
   \   00000368   000090E5           LDR      R0,[R0, #+0]
   \   0000036C   0720A0E1           MOV      R2,R7
   \   00000370   BC0084E5           STR      R0,[R4, #+188]
   \   00000374   00022DE9           PUSH     {R9}
   \   00000378   381084E2           ADD      R1,R4,#+56
   \   0000037C   0400A0E1           MOV      R0,R4
   \   00000380   670100EF           SWI      +359
   \   00000384   44D08DE2           ADD      SP,SP,#+68
   \   00000388   F08FBDE8           POP      {R4-R11,PC}      ;; return
   \                     ??CreateAddContactGrpDialog_0:
   \   0000038C   25750000           DC8      "%u",+0
   \   00000390   ........           DC32     lgpData + 68
   \   00000394   ........           DC32     lgpData + 264
   \   00000398   ........           DC32     cltop
   \   0000039C   ........           DC32     lgpData + 268
   \   000003A0   ........           DC32     acgd_desc
   \   000003A4   ........           DC32     lgpData + 32
    281          }
    282          

   \                                 In segment DATA_C, align 4, align-sorted
    283          const int PR_LIST_ID[5]=
   \                     PR_LIST_ID:
   \   00000000   000000000200       DC32 0, 2, 3, 4, 1
   \              000003000000
   \              040000000100
   \              0000        
    284          {
    285            PL_ALL_CAN_SEE,
    286            PL_VISLIST_CAN_SEE,
    287            PL_INVISLIST_CANNOT_SEE,
    288            PL_CONTACTLIST_CAN_SEE,
    289            PL_NOBODY_CAN_SEE
    290          };
    291           
    292          

   \                                 In segment CODE, align 4, keep-with-next
    293          void SetPrivateStatus(int status)
    294          {
   \                     SetPrivateStatus:
   \   00000000   10402DE9           PUSH     {R4,LR}
   \   00000004   0040A0E1           MOV      R4,R0
    295            TPKT *p;
    296            p=malloc(sizeof(PKT)+1);
   \   00000008   0900A0E3           MOV      R0,#+9
   \   0000000C   140000EF           SWI      +20
    297            p->pkt.uin=0;
   \   00000010   0010A0E3           MOV      R1,#+0
   \   00000014   001080E5           STR      R1,[R0, #+0]
    298            p->pkt.type=T_SETPRIVACY;
   \   00000018   1E10A0E3           MOV      R1,#+30
   \   0000001C   B410C0E1           STRH     R1,[R0, #+4]
    299            p->pkt.data_len=1;
   \   00000020   0110A0E3           MOV      R1,#+1
   \   00000024   B610C0E1           STRH     R1,[R0, #+6]
    300            p->data[0]=status;
    301            CurrentPrivateStatus=status;
   \   00000028   ........           LDR      R1,??DataTable3  ;; CurrentPrivateStatus
   \   0000002C   0840C0E5           STRB     R4,[R0, #+8]
   \   00000030   004081E5           STR      R4,[R1, #+0]
    302            SUBPROC((void *)SendAnswer,0,p);
   \   00000034   0020A0E1           MOV      R2,R0
   \   00000038   ........           LDR      R0,??DataTable2  ;; SendAnswer
   \   0000003C   0010A0E3           MOV      R1,#+0
   \   00000040   710100EF           SWI      +369
    303          }
   \   00000044   1080BDE8           POP      {R4,PC}          ;; return
    304          

   \                                 In segment CODE, align 4, keep-with-next
    305          int GetPrivatePosInMenu(void)
    306          {
    307            int i=0;
   \                     GetPrivatePosInMenu:
   \   00000000   0000A0E3           MOV      R0,#+0
    308            for (; i<5; i++)
    309            {
    310              if (PR_LIST_ID[i]==CurrentPrivateStatus) break;
   \                     ??GetPrivatePosInMenu_0:
   \   00000004   20109FE5           LDR      R1,??GetPrivatePosInMenu_1  ;; PR_LIST_ID
   \   00000008   ........           LDR      R2,??DataTable3  ;; CurrentPrivateStatus
   \   0000000C   001191E7           LDR      R1,[R1, +R0, LSL #+2]
   \   00000010   002092E5           LDR      R2,[R2, #+0]
   \   00000014   020051E1           CMP      R1,R2
   \   00000018   1EFF2F01           BXEQ     LR
    311            }
   \   0000001C   010080E2           ADD      R0,R0,#+1
   \   00000020   050050E3           CMP      R0,#+5
   \   00000024   F6FFFFBA           BLT      ??GetPrivatePosInMenu_0
    312            return (i);
   \   00000028   1EFF2FE1           BX       LR               ;; return
   \                     ??GetPrivatePosInMenu_1:
   \   0000002C   ........           DC32     PR_LIST_ID
    313          }
    314          
    315          #define PRIVATE_LIST_MAX 5
    316          

   \                                 In segment CODE, align 4, keep-with-next
    317          static void PL_VisibleForAll(GUI *data)
    318          {
   \                     PL_VisibleForAll:
   \   00000000   00402DE9           PUSH     {LR}
    319            SetPrivateStatus(PL_ALL_CAN_SEE);
   \   00000004   0000A0E3           MOV      R0,#+0
   \   00000008   ........           BL       SetPrivateStatus
    320            GeneralFuncF1(1);
   \   0000000C   0100A0E3           MOV      R0,#+1
   \   00000010   3B0100EF           SWI      +315
    321          }
   \   00000014   0080BDE8           POP      {PC}             ;; return
    322          

   \                                 In segment CODE, align 4, keep-with-next
    323          static void PL_VisibleOnlyForVisList(GUI *data)
    324          {
   \                     PL_VisibleOnlyForVisList:
   \   00000000   00402DE9           PUSH     {LR}
    325            SetPrivateStatus(PL_VISLIST_CAN_SEE);
   \   00000004   0200A0E3           MOV      R0,#+2
   \   00000008   ........           BL       SetPrivateStatus
    326            GeneralFuncF1(1);
   \   0000000C   0100A0E3           MOV      R0,#+1
   \   00000010   3B0100EF           SWI      +315
    327          }
   \   00000014   0080BDE8           POP      {PC}             ;; return
    328          

   \                                 In segment CODE, align 4, keep-with-next
    329          static void PL_VisibleForAllExceptInvisList(GUI *data)
    330          {
   \                     PL_VisibleForAllExceptInvisList:
   \   00000000   00402DE9           PUSH     {LR}
    331            SetPrivateStatus(PL_INVISLIST_CANNOT_SEE);
   \   00000004   0300A0E3           MOV      R0,#+3
   \   00000008   ........           BL       SetPrivateStatus
    332            GeneralFuncF1(1);
   \   0000000C   0100A0E3           MOV      R0,#+1
   \   00000010   3B0100EF           SWI      +315
    333          }
   \   00000014   0080BDE8           POP      {PC}             ;; return
    334          

   \                                 In segment CODE, align 4, keep-with-next
    335          static void PL_VisibleOnlyForContactList(GUI *data)
    336          {
   \                     PL_VisibleOnlyForContactList:
   \   00000000   00402DE9           PUSH     {LR}
    337            SetPrivateStatus(PL_CONTACTLIST_CAN_SEE);
   \   00000004   0400A0E3           MOV      R0,#+4
   \   00000008   ........           BL       SetPrivateStatus
    338            GeneralFuncF1(1);
   \   0000000C   0100A0E3           MOV      R0,#+1
   \   00000010   3B0100EF           SWI      +315
    339          }
   \   00000014   0080BDE8           POP      {PC}             ;; return

   \                                 In segment CODE, align 4, keep-with-next
    340          static void PL_InvisibleForAll(GUI *data)
    341          {
   \                     PL_InvisibleForAll:
   \   00000000   00402DE9           PUSH     {LR}
    342            SetPrivateStatus(PL_NOBODY_CAN_SEE);
   \   00000004   0100A0E3           MOV      R0,#+1
   \   00000008   ........           BL       SetPrivateStatus
    343            GeneralFuncF1(1);
   \   0000000C   0100A0E3           MOV      R0,#+1
   \   00000010   3B0100EF           SWI      +315
    344          }
   \   00000014   0080BDE8           POP      {PC}             ;; return
    345          

   \                                 In segment CODE, align 4, keep-with-next
    346          static void private_list_ghook(void *data, int cmd)
    347          {
   \                     private_list_ghook:
   \   00000000   00402DE9           PUSH     {LR}
    348            if (cmd==0x0A)
   \   00000004   0A0051E3           CMP      R1,#+10
   \   00000008   0080BD18           POPNE    {PC}
    349            {
    350              DisableIDLETMR();
   \   0000000C   7F0100EF           SWI      +383
    351            }
    352          }
   \   00000010   0080BDE8           POP      {PC}             ;; return
    353          
    354          static MENUITEM_DESC private_list_ITEMS[PRIVATE_LIST_MAX]=
    355          {
    356            {S_ICONS+ICON_ALL_CAN_SEE,          NULL, LGP_NULL,0,NULL,MENU_FLAG3,MENU_FLAG2},
    357            {S_ICONS+ICON_VISLIST_CAN_SEE,      NULL, LGP_NULL,0,NULL,MENU_FLAG3,MENU_FLAG2},
    358            {S_ICONS+ICON_INVISLIST_CANNOT_SEE, NULL, LGP_NULL,0,NULL,MENU_FLAG3,MENU_FLAG2},
    359            {S_ICONS+ICON_CONTACTLIST_CAN_SEE,  NULL, LGP_NULL,0,NULL,MENU_FLAG3,MENU_FLAG2},
    360            {S_ICONS+ICON_NOBODY_CAN_SEE,       NULL, LGP_NULL,0,NULL,MENU_FLAG3,MENU_FLAG2}
    361          };
    362          

   \                                 In segment DATA_C, align 4, align-sorted
    363          static const MENUPROCS_DESC private_list_HNDLS[PRIVATE_LIST_MAX]=
   \                     private_list_HNDLS:
   \   00000000   ............       DC32 PL_VisibleForAll, PL_VisibleOnlyForVisList
   \              ....        
   \   00000008   ............       DC32 PL_VisibleForAllExceptInvisList, PL_VisibleOnlyForContactList
   \              ....        
   \   00000010   ........           DC32 PL_InvisibleForAll
    364          {
    365            PL_VisibleForAll,
    366            PL_VisibleOnlyForVisList,
    367            PL_VisibleForAllExceptInvisList,
    368            PL_VisibleOnlyForContactList,
    369            PL_InvisibleForAll
    370          };
    371          
    372          static HEADER_DESC private_list_HDR={0,0,NULL,NULL,NULL,NULL,LGP_NULL};
    373          

   \                                 In segment DATA_C, align 4, align-sorted
    374          static const MENU_DESC private_list_MNU=
   \                     private_list_MNU:
   \   00000000   080000000000       DC32 8, 0H, private_list_ghook, 0H, pl_softkeys, pl_skt, 17, 0H
   \              0000........
   \              00000000....
   \              ............
   \              110000000000
   \              0000        
   \   00000020   ............       DC32 private_list_ITEMS, private_list_HNDLS, 5
   \              ....05000000
    375          {
    376            8,NULL,private_list_ghook,NULL,
    377            pl_softkeys,
    378            &pl_skt,
    379            0x11,
    380            NULL,
    381            private_list_ITEMS,
    382            private_list_HNDLS,
    383            PRIVATE_LIST_MAX
    384          };
    385          
    386          

   \                                 In segment CODE, align 4, keep-with-next
    387          int CreatePrivateStatusMenu(void)
    388          {
   \                     CreatePrivateStatusMenu:
   \   00000000   10402DE9           PUSH     {R4,LR}
    389            patch_header(&private_list_HDR);
   \   00000004   90409FE5           LDR      R4,??CreatePrivateStatusMenu_0  ;; private_list_HDR
   \   00000008   0000A0E3           MOV      R0,#+0
   \   0000000C   B000C4E1           STRH     R0,[R4, #+0]
   \   00000010   1800A0E3           MOV      R0,#+24
   \   00000014   B200C4E1           STRH     R0,[R4, #+2]
   \   00000018   888100EF           SWI      +33160
   \   0000001C   010040E2           SUB      R0,R0,#+1
   \   00000020   B400C4E1           STRH     R0,[R4, #+4]
   \   00000024   8A8100EF           SWI      +33162
   \   00000028   170080E2           ADD      R0,R0,#+23
   \   0000002C   B600C4E1           STRH     R0,[R4, #+6]
    390            
    391            //Инициализация ленгпака
    392            private_list_HDR.lgp_id=(int)lgpData[LGP_PrivStatus];
   \   00000030   ........           LDR      R0,??DataTable5  ;; lgpData
   \   00000034   101190E5           LDR      R1,[R0, #+272]
   \   00000038   0C1084E5           STR      R1,[R4, #+12]
    393            private_list_ITEMS[0].lgp_id_small=(int)lgpData[LGP_All_Can_See]; 
   \   0000003C   F41090E5           LDR      R1,[R0, #+244]
   \   00000040   181084E5           STR      R1,[R4, #+24]
    394            private_list_ITEMS[1].lgp_id_small=(int)lgpData[LGP_Vislist_Can_See];
   \   00000044   F81090E5           LDR      R1,[R0, #+248]
   \   00000048   341084E5           STR      R1,[R4, #+52]
    395            private_list_ITEMS[2].lgp_id_small=(int)lgpData[LGP_Invislist_Cannot_See]; 
   \   0000004C   FC1090E5           LDR      R1,[R0, #+252]
   \   00000050   501084E5           STR      R1,[R4, #+80]
    396            private_list_ITEMS[3].lgp_id_small=(int)lgpData[LGP_ContactList_Can_See];
   \   00000054   001190E5           LDR      R1,[R0, #+256]
    397            private_list_ITEMS[4].lgp_id_small=(int)lgpData[LGP_Nobody_Can_See]; 
   \   00000058   040190E5           LDR      R0,[R0, #+260]
   \   0000005C   6C1084E5           STR      R1,[R4, #+108]
   \   00000060   880084E5           STR      R0,[R4, #+136]
    398          
    399            
    400            return CreateMenu(0,0,&private_list_MNU,&private_list_HDR,GetPrivatePosInMenu(),PRIVATE_LIST_MAX,0,0);  
   \   00000064   ........           BL       GetPrivatePosInMenu
   \   00000068   30209FE5           LDR      R2,??CreatePrivateStatusMenu_0+0x4  ;; private_list_MNU
   \   0000006C   0010A0E3           MOV      R1,#+0
   \   00000070   02002DE9           PUSH     {R1}
   \   00000074   02002DE9           PUSH     {R1}
   \   00000078   0430A0E1           MOV      R3,R4
   \   0000007C   0510A0E3           MOV      R1,#+5
   \   00000080   02002DE9           PUSH     {R1}
   \   00000084   01002DE9           PUSH     {R0}
   \   00000088   0010A0E3           MOV      R1,#+0
   \   0000008C   0000A0E3           MOV      R0,#+0
   \   00000090   520100EF           SWI      +338
   \   00000094   10D08DE2           ADD      SP,SP,#+16
   \   00000098   1080BDE8           POP      {R4,PC}          ;; return
   \                     ??CreatePrivateStatusMenu_0:
   \   0000009C   ........           DC32     private_list_HDR
   \   000000A0   ........           DC32     private_list_MNU
    401          }
    402          

   \                                 In segment CODE, align 4, keep-with-next
    403          static void AddContactGrp(GUI *data)
    404          {
    405            CreateAddContactGrpDialog(NULL);  
   \                     AddContactGrp:
   \   00000000   0000A0E3           MOV      R0,#+0
   \   00000004   ........           B        CreateAddContactGrpDialog  ;; tailcall
    406          }
    407          

   \                                 In segment CODE, align 4, keep-with-next
    408          static void PrivateStatus(GUI *data)
    409          {
    410            CreatePrivateStatusMenu();
   \                     PrivateStatus:
   \   00000000   ........           B        CreatePrivateStatusMenu  ;; tailcall
    411          }
    412          
    413          #define M_MANAGE_CL_MAX 2
    414          

   \                                 In segment CODE, align 4, keep-with-next
    415          static void mmanage_cl_ghook(void *data, int cmd)
    416          {  
   \                     mmanage_cl_ghook:
   \   00000000   00402DE9           PUSH     {LR}
    417            if (cmd==0x0A)
   \   00000004   0A0051E3           CMP      R1,#+10
   \   00000008   0080BD18           POPNE    {PC}
    418            {
    419              DisableIDLETMR();
   \   0000000C   7F0100EF           SWI      +383
    420            }
    421          }
   \   00000010   0080BDE8           POP      {PC}             ;; return
    422          
    423          static MENUITEM_DESC mmanage_cl_ITEMS[M_MANAGE_CL_MAX]=
    424          {
    425            {NULL, NULL, LGP_NULL,0,NULL,MENU_FLAG3,MENU_FLAG2},
    426            {NULL, NULL, LGP_NULL,0,NULL,MENU_FLAG3,MENU_FLAG2},
    427          };
    428          

   \                                 In segment DATA_C, align 4, align-sorted
    429          static const MENUPROCS_DESC mmanage_cl_HNDLS[M_MANAGE_CL_MAX]=
   \                     mmanage_cl_HNDLS:
   \   00000000   ............       DC32 AddContactGrp, PrivateStatus
   \              ....        

   \                                 In segment DATA_I, align 4, align-sorted
   \                     acgd_desc:
   \   00000000                      DS8 56
   \   00000038                      REQUIRE `?<Initializer for acgd_desc>`
   \                     acgd_hdr:
   \   00000038                      DS8 20
   \   0000004C                      REQUIRE `?<Initializer for acgd_hdr>`
   \   0000004C                      DS8 20
   \   00000060                      REQUIRE `?<Initializer for mmanage_cl_HDR>`
   \                     mmanage_cl_ITEMS:
   \   00000060                      DS8 56
   \   00000098                      REQUIRE `?<Initializer for mmanage_cl_ITEMS>`
   \                     mmanage_cl_sk:
   \   00000098                      DS8 24
   \   000000B0                      REQUIRE `?<Initializer for mmanage_cl_sk>`
   \                     acgd_sk:
   \   000000B0                      DS8 24
   \   000000C8                      REQUIRE `?<Initializer for acgd_sk>`
   \                     pl_sk:
   \   000000C8                      DS8 24
   \   000000E0                      REQUIRE `?<Initializer for pl_sk>`

   \                                 In segment DATA_I, align 4, align-sorted
   \                     ??sk_add:
   \   00000000                      DS8 8
   \   00000008                      REQUIRE `?<Initializer for sk_add>`

   \                                 In segment DATA_I, align 4, align-sorted
   \                     private_list_HDR:
   \   00000000                      DS8 20
   \   00000014                      REQUIRE `?<Initializer for private_list_HDR>`
   \                     private_list_ITEMS:
   \   00000014                      DS8 140
   \   000000A0                      REQUIRE `?<Initializer for private_list_ITEMS>`
    430          {
    431            AddContactGrp,
    432            PrivateStatus,
    433          };
    434          
    435          static HEADER_DESC mmanage_cl_HDR={0,0,NULL,NULL,NULL,NULL,LGP_NULL};
    436          

   \                                 In segment DATA_C, align 4, align-sorted
    437          static const MENU_DESC mmanage_cl_MNU=
   \                     mmanage_cl_MNU:
   \   00000000   080000000000       DC32 8, 0H, mmanage_cl_ghook, 0H, mmanage_cl_softkeys, mmanage_cl_skt
   \              0000........
   \              00000000....
   \              ............
   \   00000018   000000000000       DC32 0, 0H, mmanage_cl_ITEMS, mmanage_cl_HNDLS, 2
   \              0000........
   \              ........0200
   \              0000        
    438          {
    439            8,NULL,mmanage_cl_ghook,NULL,
    440            mmanage_cl_softkeys,
    441            &mmanage_cl_skt,
    442            0,
    443            NULL,
    444            mmanage_cl_ITEMS,
    445            mmanage_cl_HNDLS,
    446            M_MANAGE_CL_MAX
    447          };
    448          

   \                                 In segment CODE, align 4, keep-with-next
    449          int CreateManageCLMenu(void)
    450          {
   \                     CreateManageCLMenu:
   \   00000000   10402DE9           PUSH     {R4,LR}
    451            patch_header(&mmanage_cl_HDR);
   \   00000004   94409FE5           LDR      R4,??CreateManageCLMenu_0  ;; acgd_desc
   \   00000008   08D04DE2           SUB      SP,SP,#+8
   \   0000000C   0000A0E3           MOV      R0,#+0
   \   00000010   BC04C4E1           STRH     R0,[R4, #+76]
   \   00000014   1800A0E3           MOV      R0,#+24
   \   00000018   BE04C4E1           STRH     R0,[R4, #+78]
   \   0000001C   888100EF           SWI      +33160
   \   00000020   010040E2           SUB      R0,R0,#+1
   \   00000024   B005C4E1           STRH     R0,[R4, #+80]
   \   00000028   8A8100EF           SWI      +33162
   \   0000002C   170080E2           ADD      R0,R0,#+23
   \   00000030   B205C4E1           STRH     R0,[R4, #+82]
    452            
    453            mmanage_cl_sk[1].lgp_id=(int)lgpData[LGP_Close];
   \   00000034   ........           LDR      R0,??DataTable5  ;; lgpData
    454            pl_sk[1].lgp_id=(int)lgpData[LGP_Close];
    455            mmanage_cl_HDR.lgp_id=(int)lgpData[LGP_ManageList];
    456            mmanage_cl_ITEMS[0].lgp_id_small=(int)lgpData[LGP_AddCont]; 
    457            mmanage_cl_ITEMS[1].lgp_id_small=(int)lgpData[LGP_PrivStatus];
    458            
    459            mmanage_cl_sk[0].lgp_id=(int)lgpData[LGP_Select];
    460            mmanage_cl_sk[1].lgp_id=(int)lgpData[LGP_Close];
    461            
    462            acgd_sk[1].lgp_id=(int)lgpData[LGP_Close];
    463            
    464            pl_sk[0].lgp_id=(int)lgpData[LGP_Select];
    465            pl_sk[1].lgp_id=(int)lgpData[LGP_Close];
    466            
    467            return CreateMenu(0,0,&mmanage_cl_MNU,&mmanage_cl_HDR,0,M_MANAGE_CL_MAX,0,0);
   \   00000038   4C3084E2           ADD      R3,R4,#+76
   \   0000003C   142190E5           LDR      R2,[R0, #+276]
   \   00000040   201090E5           LDR      R1,[R0, #+32]
   \   00000044   582084E5           STR      R2,[R4, #+88]
   \   00000048   502090E5           LDR      R2,[R0, #+80]
   \   0000004C   A41084E5           STR      R1,[R4, #+164]
   \   00000050   642084E5           STR      R2,[R4, #+100]
   \   00000054   102190E5           LDR      R2,[R0, #+272]
   \   00000058   300090E5           LDR      R0,[R0, #+48]
   \   0000005C   D41084E5           STR      R1,[R4, #+212]
   \   00000060   802084E5           STR      R2,[R4, #+128]
   \   00000064   9C0084E5           STR      R0,[R4, #+156]
   \   00000068   BC1084E5           STR      R1,[R4, #+188]
   \   0000006C   30209FE5           LDR      R2,??CreateManageCLMenu_0+0x4  ;; mmanage_cl_MNU
   \   00000070   CC0084E5           STR      R0,[R4, #+204]
   \   00000074   0000A0E3           MOV      R0,#+0
   \   00000078   01002DE9           PUSH     {R0}
   \   0000007C   01002DE9           PUSH     {R0}
   \   00000080   0010A0E3           MOV      R1,#+0
   \   00000084   0200A0E3           MOV      R0,#+2
   \   00000088   01002DE9           PUSH     {R0}
   \   0000008C   0000A0E3           MOV      R0,#+0
   \   00000090   01002DE9           PUSH     {R0}
   \   00000094   520100EF           SWI      +338
   \   00000098   18D08DE2           ADD      SP,SP,#+24
   \   0000009C   1080BDE8           POP      {R4,PC}          ;; return
   \                     ??CreateManageCLMenu_0:
   \   000000A0   ........           DC32     acgd_desc
   \   000000A4   ........           DC32     mmanage_cl_MNU
    468          }

   \                                 In segment CODE, align 4, keep-with-next
   \                     ??DataTable2:
   \   00000000   ........           DC32     SendAnswer

   \                                 In segment CODE, align 4, keep-with-next
   \                     ??DataTable3:
   \   00000000   ........           DC32     CurrentPrivateStatus

   \                                 In segment CODE, align 4, keep-with-next
   \                     ??DataTable5:
   \   00000000   ........           DC32     lgpData

   \                                 In segment DATA_ID, align 4, align-sorted
   \                     `?<Initializer for acgd_desc>`:
   \   00000000   01000000....       DC32 1, acgd_onkey, acgd_ghook, acgd_locret, 0, acgd_skt
   \              ............
   \              ........0000
   \              0000........
   \   00000018   000000000000       DC16 0, 0, 0, 0
   \              0000        
   \   00000020   040000006400       DC32 4, 100, 101, 0, 0, 1073741824
   \              000065000000
   \              000000000000
   \              000000000040
   \                     `?<Initializer for acgd_hdr>`:
   \   00000038   000000000000       DC16 0, 0, 0, 0
   \              0000        
   \   00000040   00000000....       DC32 0H, `?<Constant "\\304\\356\\341\\340\\342\\353\\345\\355\\3`
   \              ....        
   \   00000048   FFFFFF7F           DC32 2147483647
   \                     `?<Initializer for mmanage_cl_HDR>`:
   \   0000004C   000000000000       DC16 0, 0, 0, 0
   \              0000        
   \   00000054   000000000000       DC32 0H, 0, 2147483647
   \              0000FFFFFF7F
   \                     `?<Initializer for mmanage_cl_ITEMS>`:
   \   00000060   000000000000       DC32 0H, 0, 2147483647, 0, 0H, 3, 1442, 0H, 0, 2147483647, 0, 0H, 3
   \              0000FFFFFF7F
   \              000000000000
   \              000003000000
   \              A20500000000
   \              000000000000
   \              FFFFFF7F0000
   \              000000000000
   \              03000000    
   \   00000094   A2050000           DC32 1442
   \                     `?<Initializer for mmanage_cl_sk>`:
   \   00000098   18000000           DC16 24, 0
   \   0000009C   ........           DC32 `?<Constant "">`
   \   000000A0   01000000           DC16 1, 0
   \   000000A4   00000000           DC32 0
   \   000000A8   3D000000           DC16 61, 0
   \   000000AC   FBC0FF7F           DC32 2147467515
   \                     `?<Initializer for acgd_sk>`:
   \   000000B0   18000000           DC16 24, 0
   \   000000B4   ........           DC32 `?<Constant "">`
   \   000000B8   01000000           DC16 1, 0
   \   000000BC   00000000           DC32 0
   \   000000C0   3D000000           DC16 61, 0
   \   000000C4   FBC0FF7F           DC32 2147467515
   \                     `?<Initializer for pl_sk>`:
   \   000000C8   18000000           DC16 24, 0
   \   000000CC   ........           DC32 `?<Constant "">`
   \   000000D0   01000000           DC16 1, 0
   \   000000D4   00000000           DC32 0
   \   000000D8   3D000000           DC16 61, 0
   \   000000DC   FBC0FF7F           DC32 2147467515

   \                                 In segment DATA_ID, align 4, align-sorted
   \                     `?<Initializer for sk_add>`:
   \   00000000   FF0F0000           DC16 4095, 0
   \   00000004   00000000           DC32 0

   \                                 In segment DATA_ID, align 4, align-sorted
   \                     `?<Initializer for private_list_HDR>`:
   \   00000000   000000000000       DC16 0, 0, 0, 0
   \              0000        
   \   00000008   000000000000       DC32 0H, 0, 2147483647
   \              0000FFFFFF7F
   \                     `?<Initializer for private_list_ITEMS>`:
   \   00000014   ........0000       DC32 S_ICONS + 5CH, 0, 2147483647, 0, 0H, 3, 1442, S_ICONS + 60H, 0
   \              0000FFFFFF7F
   \              000000000000
   \              000003000000
   \              A2050000....
   \              ....00000000
   \   00000038   FFFFFF7F0000       DC32 2147483647, 0, 0H, 3, 1442, S_ICONS + 64H, 0, 2147483647, 0, 0H, 3
   \              000000000000
   \              03000000A205
   \              0000........
   \              00000000FFFF
   \              FF7F00000000
   \              000000000300
   \              0000        
   \   00000064   A2050000....       DC32 1442, S_ICONS + 68H, 0, 2147483647, 0, 0H, 3, 1442, S_ICONS + 6CH
   \              ....00000000
   \              FFFFFF7F0000
   \              000000000000
   \              03000000A205
   \              0000........
   \   00000088   00000000FFFF       DC32 0, 2147483647, 0, 0H, 3, 1442
   \              FF7F00000000
   \              000000000300
   \              0000A2050000

   \                                 In segment DATA_C, align 1, align-sorted
   \                     `?<Constant "">`:
   \   00000000   00                 DC8 ""

   \                                 In segment DATA_C, align 4, align-sorted
   \                     `?<Constant "\\304\\356\\341\\340\\342\\353\\345\\355\\3`:
   \   00000000   C4EEE1E0E2EB       DC8 "\304\356\341\340\342\353\345\355\350\345 \352\356\355\362\340\352\362\340"
   \              E5EDE8E520EA
   \              EEEDF2E0EAF2
   \              E000        

   \                                 In segment DATA_C, align 1, align-sorted
   \   00000000   257500             DC8 "%u"

   Maximum stack usage in bytes:

     Function                       CSTACK
     --------                       ------
     AddContactGrp                      4
     CreateAddContactGrpDialog        104
     CreateManageCLMenu                32
     CreatePrivateStatusMenu           24
     GetPrivatePosInMenu                0
     PL_InvisibleForAll                 4
     PL_VisibleForAll                   4
     PL_VisibleForAllExceptInvisList
                                        4
     PL_VisibleOnlyForContactList       4
     PL_VisibleOnlyForVisList           4
     PrivateStatus                      4
     SetPrivateStatus                   8
     acgd_ghook                        64
     acgd_locret                        0
     acgd_onkey                       144
     mmanage_cl_ghook                   4
     private_list_ghook                 4


   Segment part sizes:

     Function/Label                 Bytes
     --------------                 -----
     mmanage_cl_softkeys              12
     mmanage_cl_skt                    8
     acgd_skt                          8
     pl_softkeys                      12
     pl_skt                            8
     acgd_onkey                      348
     acgd_ghook                      264
     acgd_locret                       4
     CreateAddContactGrpDialog       936
     PR_LIST_ID                       20
     SetPrivateStatus                 72
     GetPrivatePosInMenu              48
     PL_VisibleForAll                 24
     PL_VisibleOnlyForVisList         24
     PL_VisibleForAllExceptInvisList
                                      24
     PL_VisibleOnlyForContactList     24
     PL_InvisibleForAll               24
     private_list_ghook               20
     private_list_HNDLS               20
     private_list_MNU                 44
     CreatePrivateStatusMenu         164
     AddContactGrp                     8
     PrivateStatus                     4
     mmanage_cl_ghook                 20
     mmanage_cl_HNDLS                  8
     acgd_desc                       224
     sk_add                            8
     private_list_HDR                160
     mmanage_cl_MNU                   44
     CreateManageCLMenu              168
     ??DataTable2                      4
     ??DataTable3                      4
     ??DataTable5                      4
     ?<Initializer for acgd_desc>    224
     ?<Initializer for sk_add>         8
     ?<Initializer for private_list_HDR>
                                     160
     ?<Constant "">                    1
     ?<Constant "\304\356\341\340\342\353\345\355\3
                                      20
     ?<Constant "%u">                  3
      Others                         104

 
 2 280 bytes in segment CODE
   208 bytes in segment DATA_C
   392 bytes in segment DATA_I
   392 bytes in segment DATA_ID
    12 bytes in segment INITTAB
 
 2 188 bytes of CODE  memory (+ 104 bytes shared)
   600 bytes of CONST memory
   392 bytes of DATA  memory

Errors: none
Warnings: none
