################################################################################
#                                                                              #
#      IAR Universal Linker V4.59Z/386                                         #
#                                                                              #
#           Link time     =  21/Aug/2007  22:57:26                             #
#           Target CPU    =  ARM                                               #
#           List file     =  C:\ARM\ivoplay\Release\List\ivoplay.map           #
#           Output file 1 =  "C:\Program Files\Mobile Phone Manager\temp\ivopl #
#                            ay.elf"                                           #
#                            Format: elf, variant: -ynpra                      #
#           Command line  =  C:\ARM\ivoplay\Release\Obj\conf_loader.r79        #
#                            C:\ARM\ivoplay\Release\Obj\config.r79             #
#                            C:\ARM\ivoplay\Release\Obj\func.r79               #
#                            C:\ARM\ivoplay\Release\Obj\main.r79 -o            #
#                            "C:\Program Files\Mobile Phone Manager\temp\ivopl #
#                            ay.elf"                                           #
#                            -Felf -l                                          #
#                            C:\ARM\ivoplay\Release\List\ivoplay.map -xmsnio   #
#                            -f C:\ARM\ivoplay\test.xcl (-carm                 #
#                            -V(CODE)CODE_AREA,12 -V(DATA)DATA_AREA,12         #
#                            -Z(CODE_AREA)ELFBEGIN,DATA_ID,START,CODE,DATA_C,I #
#                            NITTAB,DATA_Z,DATA_N,CONFIG_C=0-FFFFFFFF          #
#                            -Z(DATA_AREA)DATA_I=0-FFFFFFFF) -ynpra -s main    #
#                                                                              #
#                        Copyright 1987-2006 IAR Systems. All rights reserved. #
################################################################################





                ****************************************
                *                                      *
                *           CROSS REFERENCE            *
                *                                      *
                ****************************************

       Program entry at : CODE_AREA 000026F0  Relocatable, from module : main




                ****************************************
                *                                      *
                *            RUNTIME MODEL             *
                *                                      *
                ****************************************

  StackAlign4  = USED
  __cpu_mode   = __pcs__interwork
  __data_model = absolute
  __endian     = little
  __rt_version = 6



                ****************************************
                *                                      *
                *              MODULE MAP              *
                *                                      *
                ****************************************


  DEFINED ABSOLUTE ENTRIES
    *************************************************************************

  DEFINED ABSOLUTE ENTRIES
    *************************************************************************

  FILE NAME : C:\ARM\ivoplay\Release\Obj\conf_loader.r79
  PROGRAM MODULE, NAME : conf_loader

  SEGMENTS IN THE MODULE
  ======================
DATA_I
  Relative segment, address: DATA_AREA 00000000 - 00000003 (0x4 bytes), align: 2
  Segment part 5.             Intra module refs:   LoadConfigData
           ENTRY                   ADDRESS         REF BY
           =====                   =======         ======
           successed_config_filename
                                   00000000        maincsm_onmessage (main)
    -------------------------------------------------------------------------
CODE
  Segment part 7. NOT NEEDED.
    -------------------------------------------------------------------------
CODE
  Relative segment, address: CODE_AREA 00000078 - 0000017B (0x104 bytes), align: 2
  Segment part 8.             Intra module refs:   InitConfig
           ENTRY                   ADDRESS         REF BY
           =====                   =======         ======
           LoadConfigData          00000078 
               stack 1 = 00000000 ( 00000020 )
    -------------------------------------------------------------------------
CODE
  Segment part 9. NOT NEEDED.
    -------------------------------------------------------------------------
CODE
  Relative segment, address: CODE_AREA 0000017C - 000001A3 (0x28 bytes), align: 2
  Segment part 10.
           ENTRY                   ADDRESS         REF BY
           =====                   =======         ======
           InitConfig              0000017C        main (main)
                                                   maincsm_onmessage (main)
               stack 1 = 00000000 ( 00000004 )
    -------------------------------------------------------------------------
CSTACK
  Segment part 1. NOT NEEDED.
    -------------------------------------------------------------------------
DATA_ID
  Relative segment, address: CODE_AREA 00000000 - 00000003 (0x4 bytes), align: 2
  Segment part 6.             Intra module refs:   successed_config_filename
    -------------------------------------------------------------------------
DATA_ID
  Segment part 11. NOT NEEDED.
           ENTRY                   ADDRESS         REF BY
           =====                   =======         ======
           ?*?DATA_ID              
    -------------------------------------------------------------------------
INITTAB
  Relative segment, address: CODE_AREA 00002C84 - 00002C8F (0xc bytes), align: 2
  Segment part 12. ROOT.
           ENTRY                   ADDRESS         REF BY
           =====                   =======         ======
           ?init?tab?DATA_I        00002C84 
    -------------------------------------------------------------------------
CONFIG_C
  Segment part 13. NOT NEEDED.
    -------------------------------------------------------------------------
DATA_C
  Relative segment, address: CODE_AREA 00002C78 - 00002C78 (0x1 bytes), align: 0
  Segment part 2.             Intra module refs:   Segment part 6
    -------------------------------------------------------------------------
DATA_C
  Relative segment, address: CODE_AREA 0000298C - 000029A7 (0x1c bytes), align: 2
  Segment part 3.             Intra module refs:   InitConfig
    -------------------------------------------------------------------------
DATA_C
  Relative segment, address: CODE_AREA 000029A8 - 000029C3 (0x1c bytes), align: 2
  Segment part 4.             Intra module refs:   InitConfig

    *************************************************************************

  FILE NAME : C:\ARM\ivoplay\Release\Obj\config.r79
  PROGRAM MODULE, NAME : config

  SEGMENTS IN THE MODULE
  ======================
CONFIG_C
  Relative segment, address: CODE_AREA 00023CC8 - 00023CF3 (0x2c bytes), align: 2
  Segment part 2. ROOT.
           ENTRY                   ADDRESS         REF BY
           =====                   =======         ======
           cfghdr0                 00023CC8        LoadConfigData (conf_loader)
    -------------------------------------------------------------------------
CONFIG_C
  Relative segment, address: CODE_AREA 00023CF4 - 00023D73 (0x80 bytes), align: 2
  Segment part 3. ROOT.
           ENTRY                   ADDRESS         REF BY
           =====                   =======         ======
           folder                  00023CF4        Segment part 257 (main)
    -------------------------------------------------------------------------
CONFIG_C
  Relative segment, address: CODE_AREA 00023D74 - 00023D9F (0x2c bytes), align: 2
  Segment part 4. ROOT.
           ENTRY                   ADDRESS         REF BY
           =====                   =======         ======
           cfghdr_m10              00023D74 
    -------------------------------------------------------------------------
CONFIG_C
  Relative segment, address: CODE_AREA 00023DA0 - 00023DCB (0x2c bytes), align: 2
  Segment part 5. ROOT.
           ENTRY                   ADDRESS         REF BY
           =====                   =======         ======
           cfghdr1                 00023DA0 
    -------------------------------------------------------------------------
CONFIG_C
  Relative segment, address: CODE_AREA 00023DCC - 00023DCF (0x4 bytes), align: 2
  Segment part 6. ROOT.
           ENTRY                   ADDRESS         REF BY
           =====                   =======         ======
           keyboard                00023DCC        si (main)
    -------------------------------------------------------------------------
CONFIG_C
  Relative segment, address: CODE_AREA 00023DD0 - 00023DFB (0x2c bytes), align: 2
  Segment part 7. ROOT.
           ENTRY                   ADDRESS         REF BY
           =====                   =======         ======
           cfghdr2                 00023DD0 
    -------------------------------------------------------------------------
CONFIG_C
  Relative segment, address: CODE_AREA 00023DFC - 00023DFF (0x4 bytes), align: 2
  Segment part 8. ROOT.
           ENTRY                   ADDRESS         REF BY
           =====                   =======         ======
           screen                  00023DFC        si (main)
    -------------------------------------------------------------------------
CONFIG_C
  Relative segment, address: CODE_AREA 00023E00 - 00023E2B (0x2c bytes), align: 2
  Segment part 9. ROOT.
           ENTRY                   ADDRESS         REF BY
           =====                   =======         ======
           cfghdr_m11              00023E00 
    -------------------------------------------------------------------------
CONFIG_C
  Relative segment, address: CODE_AREA 00023E2C - 00023E57 (0x2c bytes), align: 2
  Segment part 10. ROOT.
           ENTRY                   ADDRESS         REF BY
           =====                   =======         ======
           cfghdr_m20              00023E2C 
    -------------------------------------------------------------------------
CONFIG_C
  Relative segment, address: CODE_AREA 00023E58 - 00023E83 (0x2c bytes), align: 2
  Segment part 11. ROOT.
           ENTRY                   ADDRESS         REF BY
           =====                   =======         ======
           cfghdr6                 00023E58 
    -------------------------------------------------------------------------
CONFIG_C
  Relative segment, address: CODE_AREA 00023E84 - 00023E87 (0x4 bytes), align: 2
  Segment part 12. ROOT.
           ENTRY                   ADDRESS         REF BY
           =====                   =======         ======
           format_1                00023E84        stvspysku (main)
    -------------------------------------------------------------------------
CONFIG_C
  Relative segment, address: CODE_AREA 00023E88 - 00023EB3 (0x2c bytes), align: 2
  Segment part 13. ROOT.
           ENTRY                   ADDRESS         REF BY
           =====                   =======         ======
           cfghdr7                 00023E88 
    -------------------------------------------------------------------------
CONFIG_C
  Relative segment, address: CODE_AREA 00023EB4 - 00023EB7 (0x4 bytes), align: 2
  Segment part 14. ROOT.
           ENTRY                   ADDRESS         REF BY
           =====                   =======         ======
           format_2                00023EB4        stvspysku (main)
    -------------------------------------------------------------------------
CONFIG_C
  Relative segment, address: CODE_AREA 00023EB8 - 00023EE3 (0x2c bytes), align: 2
  Segment part 15. ROOT.
           ENTRY                   ADDRESS         REF BY
           =====                   =======         ======
           cfghdr8                 00023EB8 
    -------------------------------------------------------------------------
CONFIG_C
  Relative segment, address: CODE_AREA 00023EE4 - 00023EE7 (0x4 bytes), align: 2
  Segment part 16. ROOT.
           ENTRY                   ADDRESS         REF BY
           =====                   =======         ======
           format_3                00023EE4        stvspysku (main)
    -------------------------------------------------------------------------
CONFIG_C
  Relative segment, address: CODE_AREA 00023EE8 - 00023F13 (0x2c bytes), align: 2
  Segment part 17. ROOT.
           ENTRY                   ADDRESS         REF BY
           =====                   =======         ======
           cfghdr9                 00023EE8 
    -------------------------------------------------------------------------
CONFIG_C
  Relative segment, address: CODE_AREA 00023F14 - 00023F17 (0x4 bytes), align: 2
  Segment part 18. ROOT.
           ENTRY                   ADDRESS         REF BY
           =====                   =======         ======
           format_4                00023F14        stvspysku (main)
    -------------------------------------------------------------------------
CONFIG_C
  Relative segment, address: CODE_AREA 00023F18 - 00023F43 (0x2c bytes), align: 2
  Segment part 19. ROOT.
           ENTRY                   ADDRESS         REF BY
           =====                   =======         ======
           cfghdr_m21              00023F18 
    -------------------------------------------------------------------------
CONFIG_C
  Relative segment, address: CODE_AREA 00023F44 - 00023F6F (0x2c bytes), align: 2
  Segment part 20. ROOT.
           ENTRY                   ADDRESS         REF BY
           =====                   =======         ======
           cfghdr_m30              00023F44 
    -------------------------------------------------------------------------
CONFIG_C
  Relative segment, address: CODE_AREA 00023F70 - 00023F9B (0x2c bytes), align: 2
  Segment part 21. ROOT.
           ENTRY                   ADDRESS         REF BY
           =====                   =======         ======
           cfghdr4                 00023F70 
    -------------------------------------------------------------------------
CONFIG_C
  Relative segment, address: CODE_AREA 00023F9C - 00023F9F (0x4 bytes), align: 2
  Segment part 22. ROOT.
           ENTRY                   ADDRESS         REF BY
           =====                   =======         ======
           entime                  00023F9C        Segment part 134 (main)
    -------------------------------------------------------------------------
CONFIG_C
  Relative segment, address: CODE_AREA 00023FA0 - 00023FCB (0x2c bytes), align: 2
  Segment part 23. ROOT.
           ENTRY                   ADDRESS         REF BY
           =====                   =======         ======
           cfghdr5                 00023FA0 
    -------------------------------------------------------------------------
CONFIG_C
  Relative segment, address: CODE_AREA 00023FCC - 00023FCF (0x4 bytes), align: 2
  Segment part 24. ROOT.
           ENTRY                   ADDRESS         REF BY
           =====                   =======         ======
           dttt                    00023FCC        Segment part 136 (main)
    -------------------------------------------------------------------------
CONFIG_C
  Relative segment, address: CODE_AREA 00023FD0 - 00023FFB (0x2c bytes), align: 2
  Segment part 25. ROOT.
           ENTRY                   ADDRESS         REF BY
           =====                   =======         ======
           cfghdr_m31              00023FD0 
    -------------------------------------------------------------------------
CSTACK
  Segment part 1. NOT NEEDED.

    *************************************************************************

  FILE NAME : C:\ARM\ivoplay\Release\Obj\func.r79
  PROGRAM MODULE, NAME : func

  SEGMENTS IN THE MODULE
  ======================
ELFBEGIN
  Relative segment, address: CODE_AREA 00000000, align: 0
  Segment part 0. ROOT.
           ENTRY                   ADDRESS         REF BY
           =====                   =======         ======
           ELF_BEGIN               00000000        ElfKiller (main)
    -------------------------------------------------------------------------
CODE
  Relative segment, address: CODE_AREA 000001A4 - 000001A7 (0x4 bytes), align: 2
  Segment part 1. ROOT.
           ENTRY                   ADDRESS         REF BY
           =====                   =======         ======
           kill_data               000001A4        ElfKiller (main)
                                                   gui_methods (main)

    *************************************************************************

  FILE NAME : C:\ARM\ivoplay\Release\Obj\main.r79
  PROGRAM MODULE, NAME : main

  SEGMENTS IN THE MODULE
  ======================
DATA_Z
  Relative segment, address: CODE_AREA 00002C9C - 00002CAB (0x10 bytes), align: 2
  Segment part 44.            Intra module refs:   maincsm_onclose
           ENTRY                   ADDRESS         REF BY
           =====                   =======         ======
           fv                      00002C9C 
    -------------------------------------------------------------------------
DATA_Z
  Relative segment, address: CODE_AREA 00002CAC - 00002CBB (0x10 bytes), align: 2
  Segment part 45.            Intra module refs:   maincsm_onclose
           ENTRY                   ADDRESS         REF BY
           =====                   =======         ======
           play                    00002CAC 
    -------------------------------------------------------------------------
DATA_Z
  Relative segment, address: CODE_AREA 00002CBC - 00002CCB (0x10 bytes), align: 2
  Segment part 46.            Intra module refs:   Segment part 231
           ENTRY                   ADDRESS         REF BY
           =====                   =======         ======
           red                     00002CBC 
    -------------------------------------------------------------------------
DATA_Z
  Relative segment, address: CODE_AREA 00002CCC - 00002CDB (0x10 bytes), align: 2
  Segment part 47.            Intra module refs:   Segment part 137
                                                   Segment part 232
           ENTRY                   ADDRESS         REF BY
           =====                   =======         ======
           chas                    00002CCC 
    -------------------------------------------------------------------------
DATA_Z
  Relative segment, address: CODE_AREA 00002CDC - 00002CEB (0x10 bytes), align: 2
  Segment part 48.            Intra module refs:   maincsm_onclose
           ENTRY                   ADDRESS         REF BY
           =====                   =======         ======
           keyhooktmr              00002CDC 
    -------------------------------------------------------------------------
DATA_C
  Relative segment, address: CODE_AREA 000029C4 - 000029E7 (0x24 bytes), align: 2
  Segment part 2.             Intra module refs:   OnKey
    -------------------------------------------------------------------------
DATA_C
  Relative segment, address: CODE_AREA 000029E8 - 000029EF (0x8 bytes), align: 2
  Segment part 3.             Intra module refs:   Segment part 115
                                                   Segment part 170
                                                   Segment part 261
    -------------------------------------------------------------------------
DATA_C
  Relative segment, address: CODE_AREA 000029F0 - 000029FF (0x10 bytes), align: 2
  Segment part 4.             Intra module refs:   Segment part 101
    -------------------------------------------------------------------------
DATA_C
  Relative segment, address: CODE_AREA 00002C79 - 00002C7A (0x2 bytes), align: 0
  Segment part 5.             Intra module refs:   Segment part 95
    -------------------------------------------------------------------------
DATA_C
  Relative segment, address: CODE_AREA 00002A00 - 00002A07 (0x8 bytes), align: 2
  Segment part 6.             Intra module refs:   Segment part 95
    -------------------------------------------------------------------------
DATA_C
  Relative segment, address: CODE_AREA 00002A08 - 00002A17 (0x10 bytes), align: 2
  Segment part 7.             Intra module refs:   maincsm_onmessage
    -------------------------------------------------------------------------
DATA_C
  Relative segment, address: CODE_AREA 00002A18 - 00002A23 (0xc bytes), align: 2
  Segment part 8.             Intra module refs:   OnRedraw
    -------------------------------------------------------------------------
DATA_C
  Relative segment, address: CODE_AREA 00002A24 - 00002A2B (0x8 bytes), align: 2
  Segment part 9.             Intra module refs:   UpdateCSMname
    -------------------------------------------------------------------------
DATA_C
  Relative segment, address: CODE_AREA 00002A2C - 00002A33 (0x8 bytes), align: 2
  Segment part 10.            Intra module refs:   stvspysku
    -------------------------------------------------------------------------
DATA_C
  Relative segment, address: CODE_AREA 00002A34 - 00002A4B (0x18 bytes), align: 2
  Segment part 11.            Intra module refs:   skins
    -------------------------------------------------------------------------
DATA_C
  Relative segment, address: CODE_AREA 00002A4C - 00002A53 (0x8 bytes), align: 2
  Segment part 12.            Intra module refs:   main
    -------------------------------------------------------------------------
DATA_C
  Relative segment, address: CODE_AREA 00002A54 - 00002A6F (0x1c bytes), align: 2
  Segment part 13.            Intra module refs:   selbcfg_menu_onkey
    -------------------------------------------------------------------------
DATA_C
  Relative segment, address: CODE_AREA 00002A70 - 00002A7F (0x10 bytes), align: 2
  Segment part 14.            Intra module refs:   main
    -------------------------------------------------------------------------
DATA_C
  Segment part 15. NOT NEEDED.
    -------------------------------------------------------------------------
DATA_C
  Relative segment, address: CODE_AREA 00002A80 - 00002A9B (0x1c bytes), align: 2
  Segment part 16.            Intra module refs:   OnKey
    -------------------------------------------------------------------------
DATA_C
  Relative segment, address: CODE_AREA 00002A9C - 00002AA3 (0x8 bytes), align: 2
  Segment part 17.            Intra module refs:   CreateMenuFindPlaylist
    -------------------------------------------------------------------------
DATA_C
  Relative segment, address: CODE_AREA 00002AA4 - 00002AAB (0x8 bytes), align: 2
  Segment part 18.            Intra module refs:   selbcfg_menu_iconhndl
    -------------------------------------------------------------------------
DATA_C
  Relative segment, address: CODE_AREA 00002AAC - 00002ACF (0x24 bytes), align: 2
  Segment part 19.            Intra module refs:   Segment part 187
    -------------------------------------------------------------------------
DATA_C
  Relative segment, address: CODE_AREA 00002AD0 - 00002ADB (0xc bytes), align: 2
  Segment part 20.            Intra module refs:   WriteLastPlaylist
    -------------------------------------------------------------------------
DATA_C
  Relative segment, address: CODE_AREA 00002ADC - 00002AF7 (0x1c bytes), align: 2
  Segment part 21.            Intra module refs:   Segment part 193
    -------------------------------------------------------------------------
DATA_C
  Segment part 22. NOT NEEDED.
    -------------------------------------------------------------------------
DATA_C
  Segment part 23. NOT NEEDED.
    -------------------------------------------------------------------------
DATA_C
  Relative segment, address: CODE_AREA 00002AF8 - 00002AFF (0x8 bytes), align: 2
  Segment part 24.            Intra module refs:   Segment part 190
                                                   Segment part 249
    -------------------------------------------------------------------------
DATA_C
  Relative segment, address: CODE_AREA 00002B00 - 00002B0B (0xc bytes), align: 2
  Segment part 25.            Intra module refs:   SavePlaylist
    -------------------------------------------------------------------------
DATA_C
  Relative segment, address: CODE_AREA 00002B0C - 00002B13 (0x8 bytes), align: 2
  Segment part 26.            Intra module refs:   Segment part 120
                                                   Segment part 182
    -------------------------------------------------------------------------
DATA_C
  Relative segment, address: CODE_AREA 00002C7B - 00002C7B (0x1 bytes), align: 0
  Segment part 27.            Intra module refs:   SavePlaylist
    -------------------------------------------------------------------------
DATA_C
  Relative segment, address: CODE_AREA 00002B14 - 00002B1B (0x8 bytes), align: 2
  Segment part 28.            Intra module refs:   Segment part 95
    -------------------------------------------------------------------------
DATA_C
  Relative segment, address: CODE_AREA 00002B1C - 00002B27 (0xc bytes), align: 2
  Segment part 29.            Intra module refs:   OnRedraw
    -------------------------------------------------------------------------
DATA_C
  Relative segment, address: CODE_AREA 00002B28 - 00002B33 (0xc bytes), align: 2
  Segment part 30.            Intra module refs:   OnRedraw
    -------------------------------------------------------------------------
DATA_C
  Relative segment, address: CODE_AREA 00002B34 - 00002B3F (0xc bytes), align: 2
  Segment part 31.            Intra module refs:   Segment part 158
    -------------------------------------------------------------------------
DATA_C
  Relative segment, address: CODE_AREA 00002B40 - 00002B4B (0xc bytes), align: 2
  Segment part 32.            Intra module refs:   Segment part 157
    -------------------------------------------------------------------------
DATA_C
  Relative segment, address: CODE_AREA 00002B4C - 00002B57 (0xc bytes), align: 2
  Segment part 33.            Intra module refs:   OnRedraw
    -------------------------------------------------------------------------
DATA_C
  Relative segment, address: CODE_AREA 00002B58 - 00002B63 (0xc bytes), align: 2
  Segment part 34.            Intra module refs:   OnRedraw
    -------------------------------------------------------------------------
DATA_C
  Relative segment, address: CODE_AREA 00002B64 - 00002B6F (0xc bytes), align: 2
  Segment part 35.            Intra module refs:   OnRedraw
    -------------------------------------------------------------------------
DATA_C
  Relative segment, address: CODE_AREA 00002B70 - 00002B7B (0xc bytes), align: 2
  Segment part 36.            Intra module refs:   OnRedraw
    -------------------------------------------------------------------------
DATA_C
  Relative segment, address: CODE_AREA 00002B7C - 00002B83 (0x8 bytes), align: 2
  Segment part 37.            Intra module refs:   OnRedraw
    -------------------------------------------------------------------------
DATA_C
  Relative segment, address: CODE_AREA 00002B84 - 00002B8F (0xc bytes), align: 2
  Segment part 38.            Intra module refs:   OnRedraw
    -------------------------------------------------------------------------
DATA_C
  Relative segment, address: CODE_AREA 00002B90 - 00002B97 (0x8 bytes), align: 2
  Segment part 39.            Intra module refs:   OnRedraw
    -------------------------------------------------------------------------
DATA_C
  Relative segment, address: CODE_AREA 00002B98 - 00002BA7 (0x10 bytes), align: 2
  Segment part 40.            Intra module refs:   OnRedraw
    -------------------------------------------------------------------------
DATA_C
  Relative segment, address: CODE_AREA 00002BA8 - 00002BBF (0x18 bytes), align: 2
  Segment part 41.            Intra module refs:   OnRedraw
    -------------------------------------------------------------------------
DATA_C
  Segment part 42. NOT NEEDED.
    -------------------------------------------------------------------------
DATA_C
  Relative segment, address: CODE_AREA 00002BC0 - 00002BCF (0x10 bytes), align: 2
  Segment part 43.            Intra module refs:   OnRedraw
    -------------------------------------------------------------------------
DATA_C
  Relative segment, address: CODE_AREA 00002BD0 - 00002BEF (0x20 bytes), align: 2
  Segment part 49.            Intra module refs:   OnKey
           ENTRY                   ADDRESS         REF BY
           =====                   =======         ======
           ipc_my_name             00002BD0 
    -------------------------------------------------------------------------
DATA_C
  Relative segment, address: CODE_AREA 00002BF0 - 00002BF7 (0x8 bytes), align: 2
  Segment part 50.            Intra module refs:   OnKey
           ENTRY                   ADDRESS         REF BY
           =====                   =======         ======
           ipc_xtask_name          00002BF0 
    -------------------------------------------------------------------------
DATA_Z
  Relative segment, address: CODE_AREA 00002CEC - 00002CF7 (0xc bytes), align: 2
  Segment part 51.            Intra module refs:   OnKey
           ENTRY                   ADDRESS         REF BY
           =====                   =======         ======
           gipc                    00002CEC 
    -------------------------------------------------------------------------
DATA_Z
  Relative segment, address: CODE_AREA 00002CF8 - 00022AF7 (0x1fe00 bytes), align: 2
  Segment part 52.            Intra module refs:   Segment part 143
                                                   Segment part 169
                                                   Segment part 259
           ENTRY                   ADDRESS         REF BY
           =====                   =======         ======
           spysok                  00002CF8 
    -------------------------------------------------------------------------
DATA_Z
  Segment part 53. NOT NEEDED.
           ENTRY                   ADDRESS         REF BY
           =====                   =======         ======
           deliting                
    -------------------------------------------------------------------------
DATA_Z
  Relative segment, address: CODE_AREA 00022AF8 - 00022AFB (0x4 bytes), align: 2
  Segment part 54.            Intra module refs:   Segment part 113
                                                   Segment part 217
           ENTRY                   ADDRESS         REF BY
           =====                   =======         ======
           curskin                 00022AF8 
    -------------------------------------------------------------------------
DATA_Z
  Relative segment, address: CODE_AREA 00022AFC - 000234F3 (0x9f8 bytes), align: 2
  Segment part 55.            Intra module refs:   Segment part 114
                                                   Segment part 159
                                                   Segment part 253
           ENTRY                   ADDRESS         REF BY
           =====                   =======         ======
           charofskins             00022AFC 
    -------------------------------------------------------------------------
DATA_Z
  Relative segment, address: CODE_AREA 000234F4 - 000234F7 (0x4 bytes), align: 2
  Segment part 56.            Intra module refs:   Segment part 263
           ENTRY                   ADDRESS         REF BY
           =====                   =======         ======
           playlistmode            000234F4 
    -------------------------------------------------------------------------
DATA_Z
  Segment part 57. NOT NEEDED.
           ENTRY                   ADDRESS         REF BY
           =====                   =======         ======
           temp                    
    -------------------------------------------------------------------------
DATA_Z
  Relative segment, address: CODE_AREA 000234F8 - 000235F7 (0x100 bytes), align: 2
  Segment part 58.            Intra module refs:   Segment part 233
                                                   Segment part 264
           ENTRY                   ADDRESS         REF BY
           =====                   =======         ======
           fff                     000234F8 
    -------------------------------------------------------------------------
DATA_Z
  Relative segment, address: CODE_AREA 000235F8 - 000236F7 (0x100 bytes), align: 2
  Segment part 59.            Intra module refs:   Segment part 111
                                                   Segment part 265
           ENTRY                   ADDRESS         REF BY
           =====                   =======         ======
           playlistname            000235F8 
    -------------------------------------------------------------------------
DATA_Z
  Relative segment, address: CODE_AREA 000236F8 - 00023AF3 (0x3fc bytes), align: 2
  Segment part 60.            Intra module refs:   Segment part 153
                                                   Segment part 266
           ENTRY                   ADDRESS         REF BY
           =====                   =======         ======
           notplayed               000236F8 
    -------------------------------------------------------------------------
DATA_Z
  Segment part 61. NOT NEEDED.
           ENTRY                   ADDRESS         REF BY
           =====                   =======         ======
           illumusic               
    -------------------------------------------------------------------------
DATA_I
  Segment part 62. NOT NEEDED.
           ENTRY                   ADDRESS         REF BY
           =====                   =======         ======
           calbum                  
    -------------------------------------------------------------------------
DATA_I
  Segment part 64. NOT NEEDED.
           ENTRY                   ADDRESS         REF BY
           =====                   =======         ======
           ctrack                  
    -------------------------------------------------------------------------
DATA_I
  Segment part 66. NOT NEEDED.
           ENTRY                   ADDRESS         REF BY
           =====                   =======         ======
           cvykon                  
    -------------------------------------------------------------------------
DATA_Z
  Relative segment, address: CODE_AREA 00023AF4 - 00023B73 (0x80 bytes), align: 2
  Segment part 68.            Intra module refs:   Segment part 129
           ENTRY                   ADDRESS         REF BY
           =====                   =======         ======
           ttt                     00023AF4 
    -------------------------------------------------------------------------
DATA_Z
  Relative segment, address: CODE_AREA 00023B74 - 00023B77 (0x4 bytes), align: 2
  Segment part 69.            Intra module refs:   Segment part 140
                                                   Segment part 216
                                                   Segment part 241
           ENTRY                   ADDRESS         REF BY
           =====                   =======         ======
           random                  00023B74 
    -------------------------------------------------------------------------
DATA_Z
  Relative segment, address: CODE_AREA 00023B78 - 00023B7B (0x4 bytes), align: 2
  Segment part 70.            Intra module refs:   Segment part 254
           ENTRY                   ADDRESS         REF BY
           =====                   =======         ======
           kskins                  00023B78 
    -------------------------------------------------------------------------
DATA_Z
  Relative segment, address: CODE_AREA 00023B7C - 00023B7F (0x4 bytes), align: 2
  Segment part 71.            Intra module refs:   Segment part 112
                                                   Segment part 166
                                                   Segment part 242
           ENTRY                   ADDRESS         REF BY
           =====                   =======         ======
           mp3length               00023B7C 
    -------------------------------------------------------------------------
DATA_I
  Segment part 72. NOT NEEDED.
           ENTRY                   ADDRESS         REF BY
           =====                   =======         ======
           vysota                  
    -------------------------------------------------------------------------
DATA_Z
  Relative segment, address: CODE_AREA 00023B80 - 00023B8B (0xc bytes), align: 2
  Segment part 74.            Intra module refs:   Segment part 132
           ENTRY                   ADDRESS         REF BY
           =====                   =======         ======
           timehms                 00023B80 
    -------------------------------------------------------------------------
DATA_Z
  Relative segment, address: CODE_AREA 00023B8C - 00023B8F (0x4 bytes), align: 2
  Segment part 75.            Intra module refs:   Segment part 130
                                                   Segment part 238
           ENTRY                   ADDRESS         REF BY
           =====                   =======         ======
           timesec                 00023B8C 
    -------------------------------------------------------------------------
DATA_Z
  Relative segment, address: CODE_AREA 00023B90 - 00023B93 (0x4 bytes), align: 2
  Segment part 76.            Intra module refs:   Segment part 131
                                                   Segment part 239
           ENTRY                   ADDRESS         REF BY
           =====                   =======         ======
           timemin                 00023B90 
    -------------------------------------------------------------------------
DATA_Z
  Relative segment, address: CODE_AREA 00023B94 - 00023B97 (0x4 bytes), align: 2
  Segment part 77.            Intra module refs:   Segment part 150
                                                   Segment part 188
                                                   Segment part 260
           ENTRY                   ADDRESS         REF BY
           =====                   =======         ======
           cp                      00023B94 
    -------------------------------------------------------------------------
DATA_Z
  Relative segment, address: CODE_AREA 00023B98 - 00023B9B (0x4 bytes), align: 2
  Segment part 78.            Intra module refs:   Segment part 154
                                                   Segment part 165
                                                   Segment part 267
           ENTRY                   ADDRESS         REF BY
           =====                   =======         ======
           kilkist                 00023B98 
    -------------------------------------------------------------------------
DATA_I
  Relative segment, address: DATA_AREA 00000004 - 00000007 (0x4 bytes), align: 2
  Segment part 79.            Intra module refs:   Segment part 160
                                                   Segment part 215
           ENTRY                   ADDRESS         REF BY
           =====                   =======         ======
           cv                      00000004 
    -------------------------------------------------------------------------
DATA_Z
  Relative segment, address: CODE_AREA 00023B9C - 00023B9F (0x4 bytes), align: 2
  Segment part 81.            Intra module refs:   Segment part 125
                                                   Segment part 213
                                                   Segment part 262
           ENTRY                   ADDRESS         REF BY
           =====                   =======         ======
           playing                 00023B9C 
    -------------------------------------------------------------------------
DATA_Z
  Relative segment, address: CODE_AREA 00023BA0 - 00023BA3 (0x4 bytes), align: 2
  Segment part 82.            Intra module refs:   Segment part 133
                                                   Segment part 214
           ENTRY                   ADDRESS         REF BY
           =====                   =======         ======
           ringoff                 00023BA0 
    -------------------------------------------------------------------------
DATA_I
  Relative segment, address: DATA_AREA 00000008 - 0000000B (0x4 bytes), align: 2
  Segment part 83.            Intra module refs:   Segment part 177
                                                   Segment part 240
           ENTRY                   ADDRESS         REF BY
           =====                   =======         ======
           PLAY_ID                 00000008 
    -------------------------------------------------------------------------
DATA_C
  Relative segment, address: CODE_AREA 00002BF8 - 00002BFB (0x4 bytes), align: 2
  Segment part 85.            Intra module refs:   MAINCSM
           ENTRY                   ADDRESS         REF BY
           =====                   =======         ======
           minus11                 00002BF8 
    -------------------------------------------------------------------------
DATA_C
  Relative segment, address: CODE_AREA 00002C7C - 00002C7E (0x3 bytes), align: 0
  Segment part 86.            Intra module refs:   selbcfg_menu_iconhndl
    -------------------------------------------------------------------------
DATA_C
  Relative segment, address: CODE_AREA 00002C7F - 00002C7F (0x1 bytes), align: 0
  Segment part 87.            Intra module refs:   Segment part 189
    -------------------------------------------------------------------------
DATA_Z
  Relative segment, address: CODE_AREA 00023BA4 - 00023CBB (0x118 bytes), align: 2
  Segment part 88.            Intra module refs:   MAINCSM
           ENTRY                   ADDRESS         REF BY
           =====                   =======         ======
           maincsm_name_body       00023BA4 
    -------------------------------------------------------------------------
DATA_Z
  Relative segment, address: CODE_AREA 00023CBC - 00023CBF (0x4 bytes), align: 2
  Segment part 89.            Intra module refs:   Segment part 200
                                                   Segment part 268
           ENTRY                   ADDRESS         REF BY
           =====                   =======         ======
           MAINCSM_ID              00023CBC 
    -------------------------------------------------------------------------
DATA_Z
  Relative segment, address: CODE_AREA 00023CC0 - 00023CC3 (0x4 bytes), align: 2
  Segment part 90.            Intra module refs:   Segment part 126
                                                   Segment part 226
           ENTRY                   ADDRESS         REF BY
           =====                   =======         ======
           MAINGUI_ID              00023CC0 
    -------------------------------------------------------------------------
CODE
  Segment part 107. NOT NEEDED.
    -------------------------------------------------------------------------
CODE
  Relative segment, address: CODE_AREA 000001A8 - 000001D7 (0x30 bytes), align: 2
  Segment part 108.           Intra module refs:   CreateMenuFindPlaylist
           ENTRY                   ADDRESS         REF BY
           =====                   =======         ======
           strcmp_nocase           000001A8 
    -------------------------------------------------------------------------
CODE
  Segment part 109. NOT NEEDED.
    -------------------------------------------------------------------------
CODE
  Relative segment, address: CODE_AREA 000001D8 - 000007DB (0x604 bytes), align: 2
  Segment part 110.           Intra module refs:   gui_methods
           ENTRY                   ADDRESS         REF BY
           =====                   =======         ======
           OnRedraw                000001D8 
               stack 1 = 00000000 ( 00000130 )
    -------------------------------------------------------------------------
CODE
  Relative segment, address: CODE_AREA 000007DC - 000007DF (0x4 bytes), align: 2
  Segment part 111.           Intra module refs:   OnRedraw
    -------------------------------------------------------------------------
CODE
  Relative segment, address: CODE_AREA 000007E0 - 000007E3 (0x4 bytes), align: 2
  Segment part 112.           Intra module refs:   OnRedraw
    -------------------------------------------------------------------------
CODE
  Relative segment, address: CODE_AREA 000007E4 - 000007E7 (0x4 bytes), align: 2
  Segment part 113.           Intra module refs:   OnRedraw
    -------------------------------------------------------------------------
CODE
  Relative segment, address: CODE_AREA 000007E8 - 000007EB (0x4 bytes), align: 2
  Segment part 114.           Intra module refs:   OnRedraw
    -------------------------------------------------------------------------
CODE
  Relative segment, address: CODE_AREA 000007EC - 000007EF (0x4 bytes), align: 2
  Segment part 115.           Intra module refs:   OnRedraw
    -------------------------------------------------------------------------
CODE
  Segment part 116. NOT NEEDED.
    -------------------------------------------------------------------------
CODE
  Relative segment, address: CODE_AREA 000007F0 - 00000853 (0x64 bytes), align: 2
  Segment part 117.           Intra module refs:   maincsm_onclose
           ENTRY                   ADDRESS         REF BY
           =====                   =======         ======
           SaveOnlyPlaylistParams
                                   000007F0 
               stack 1 = 00000000 ( 00000010 )
    -------------------------------------------------------------------------
CODE
  Segment part 118. NOT NEEDED.
    -------------------------------------------------------------------------
CODE
  Relative segment, address: CODE_AREA 00000854 - 0000099B (0x148 bytes), align: 2
  Segment part 119.           Intra module refs:   OnKey
           ENTRY                   ADDRESS         REF BY
           =====                   =======         ======
           SavePlaylist            00000854 
               stack 1 = 00000000 ( 00000130 )
    -------------------------------------------------------------------------
CODE
  Relative segment, address: CODE_AREA 0000099C - 0000099F (0x4 bytes), align: 2
  Segment part 120.           Intra module refs:   SavePlaylist
    -------------------------------------------------------------------------
CODE
  Segment part 121. NOT NEEDED.
    -------------------------------------------------------------------------
CODE
  Relative segment, address: CODE_AREA 000009A0 - 00000A97 (0xf8 bytes), align: 2
  Segment part 122.           Intra module refs:   PlayNext
                                                   PlayPrevious
                                                   maincsm_onmessage
           ENTRY                   ADDRESS         REF BY
           =====                   =======         ======
           findmp3length           000009A0 
               stack 1 = 00000000 ( 00000C8C )
    -------------------------------------------------------------------------
CODE
  Segment part 123. NOT NEEDED.
    -------------------------------------------------------------------------
CODE
  Relative segment, address: CODE_AREA 00000A98 - 00000B5B (0xc4 bytes), align: 2
  Segment part 124.           Intra module refs:   Segment part 135
           ENTRY                   ADDRESS         REF BY
           =====                   =======         ======
           timepp                  00000A98 
               stack 1 = 00000000 ( 00000014 )
    -------------------------------------------------------------------------
CODE
  Relative segment, address: CODE_AREA 00000B5C - 00000B5F (0x4 bytes), align: 2
  Segment part 125.           Intra module refs:   OnRedraw
                                                   timepp
    -------------------------------------------------------------------------
CODE
  Relative segment, address: CODE_AREA 00000B60 - 00000B63 (0x4 bytes), align: 2
  Segment part 126.           Intra module refs:   timepp
    -------------------------------------------------------------------------
CODE
  Segment part 127. NOT NEEDED.
    -------------------------------------------------------------------------
CODE
  Relative segment, address: CODE_AREA 00000B64 - 00000D1B (0x1b8 bytes), align: 2
  Segment part 128.           Intra module refs:   PlayNext
                                                   PlayPrevious
                                                   Play_PauseResume
                                                   main
                                                   maincsm_onmessage
           ENTRY                   ADDRESS         REF BY
           =====                   =======         ======
           Play                    00000B64 
               stack 1 = 00000000 ( 000000F0 )
    -------------------------------------------------------------------------
CODE
  Relative segment, address: CODE_AREA 00000D1C - 00000D1F (0x4 bytes), align: 2
  Segment part 129.           Intra module refs:   OnRedraw
                                                   Play
    -------------------------------------------------------------------------
CODE
  Relative segment, address: CODE_AREA 00000D20 - 00000D23 (0x4 bytes), align: 2
  Segment part 130.           Intra module refs:   OnRedraw
                                                   Play
                                                   timepp
    -------------------------------------------------------------------------
CODE
  Relative segment, address: CODE_AREA 00000D24 - 00000D27 (0x4 bytes), align: 2
  Segment part 131.           Intra module refs:   OnRedraw
                                                   Play
                                                   timepp
    -------------------------------------------------------------------------
CODE
  Relative segment, address: CODE_AREA 00000D28 - 00000D2B (0x4 bytes), align: 2
  Segment part 132.           Intra module refs:   Play
                                                   timepp
    -------------------------------------------------------------------------
CODE
  Relative segment, address: CODE_AREA 00000D2C - 00000D2F (0x4 bytes), align: 2
  Segment part 133.           Intra module refs:   OnRedraw
                                                   Play
    -------------------------------------------------------------------------
CODE
  Relative segment, address: CODE_AREA 00000D30 - 00000D33 (0x4 bytes), align: 2
  Segment part 134.           Intra module refs:   OnRedraw
                                                   Play
    -------------------------------------------------------------------------
CODE
  Relative segment, address: CODE_AREA 00000D34 - 00000D37 (0x4 bytes), align: 2
  Segment part 135.           Intra module refs:   Play
                                                   timepp
    -------------------------------------------------------------------------
CODE
  Relative segment, address: CODE_AREA 00000D38 - 00000D3B (0x4 bytes), align: 2
  Segment part 136.           Intra module refs:   Play
                                                   timepp
    -------------------------------------------------------------------------
CODE
  Relative segment, address: CODE_AREA 00000D3C - 00000D3F (0x4 bytes), align: 2
  Segment part 137.           Intra module refs:   Play
                                                   timepp
    -------------------------------------------------------------------------
CODE
  Segment part 138. NOT NEEDED.
    -------------------------------------------------------------------------
CODE
  Relative segment, address: CODE_AREA 00000D40 - 00000E9F (0x160 bytes), align: 2
  Segment part 139.           Intra module refs:   main
           ENTRY                   ADDRESS         REF BY
           =====                   =======         ======
           LoadPlaylist            00000D40 
               stack 1 = 00000000 ( 00005074 )
    -------------------------------------------------------------------------
CODE
  Relative segment, address: CODE_AREA 00000EA0 - 00000EA3 (0x4 bytes), align: 2
  Segment part 140.           Intra module refs:   LoadPlaylist
                                                   OnRedraw
                                                   SaveOnlyPlaylistParams
                                                   SavePlaylist
    -------------------------------------------------------------------------
CODE
  Segment part 141. NOT NEEDED.
    -------------------------------------------------------------------------
CODE
  Relative segment, address: CODE_AREA 00000EA4 - 00001063 (0x1c0 bytes), align: 2
  Segment part 142.           Intra module refs:   main
           ENTRY                   ADDRESS         REF BY
           =====                   =======         ======
           LoadM3uPlaylist         00000EA4 
               stack 1 = 00000000 ( 00005288 )
    -------------------------------------------------------------------------
CODE
  Relative segment, address: CODE_AREA 00001064 - 00001067 (0x4 bytes), align: 2
  Segment part 143.           Intra module refs:   LoadM3uPlaylist
                                                   LoadPlaylist
                                                   SavePlaylist
    -------------------------------------------------------------------------
CODE
  Segment part 144. NOT NEEDED.
    -------------------------------------------------------------------------
CODE
  Relative segment, address: CODE_AREA 00001068 - 00001073 (0xc bytes), align: 2
  Segment part 145.           Intra module refs:   showvolume
           ENTRY                   ADDRESS         REF BY
           =====                   =======         ======
           r                       00001068 
               stack 1 = 00000000 ( 00000004 )
    -------------------------------------------------------------------------
CODE
  Segment part 146. NOT NEEDED.
    -------------------------------------------------------------------------
CODE
  Segment part 147. NOT NEEDED.
           ENTRY                   ADDRESS         REF BY
           =====                   =======         ======
           find                    
               not allocated function
    -------------------------------------------------------------------------
CODE
  Segment part 148. NOT NEEDED.
    -------------------------------------------------------------------------
CODE
  Segment part 149. NOT NEEDED.
           ENTRY                   ADDRESS         REF BY
           =====                   =======         ======
           findtegs                
               not allocated function
    -------------------------------------------------------------------------
CODE
  Relative segment, address: CODE_AREA 00001074 - 00001077 (0x4 bytes), align: 2
  Segment part 150.           Intra module refs:   LoadPlaylist
                                                   OnRedraw
                                                   Play
                                                   SaveOnlyPlaylistParams
                                                   SavePlaylist
    -------------------------------------------------------------------------
CODE
  Segment part 151. NOT NEEDED.
    -------------------------------------------------------------------------
CODE
  Relative segment, address: CODE_AREA 00001078 - 00001157 (0xe0 bytes), align: 2
  Segment part 152.           Intra module refs:   PlayNext
                                                   PlayPrevious
                                                   maincsm_onmessage
           ENTRY                   ADDRESS         REF BY
           =====                   =======         ======
           whattoplaynext          00001078 
               stack 1 = 00000000 ( 00000018 )
    -------------------------------------------------------------------------
CODE
  Relative segment, address: CODE_AREA 00001158 - 0000115B (0x4 bytes), align: 2
  Segment part 153.           Intra module refs:   Play
                                                   whattoplaynext
    -------------------------------------------------------------------------
CODE
  Relative segment, address: CODE_AREA 0000115C - 0000115F (0x4 bytes), align: 2
  Segment part 154.           Intra module refs:   LoadM3uPlaylist
                                                   LoadPlaylist
                                                   OnRedraw
                                                   SaveOnlyPlaylistParams
                                                   SavePlaylist
                                                   whattoplaynext
    -------------------------------------------------------------------------
CODE
  Segment part 155. NOT NEEDED.
    -------------------------------------------------------------------------
CODE
  Relative segment, address: CODE_AREA 00001160 - 0000120F (0xb0 bytes), align: 2
  Segment part 156.           Intra module refs:   VolumeDown
                                                   VolumeUp
           ENTRY                   ADDRESS         REF BY
           =====                   =======         ======
           showvolume              00001160 
               stack 1 = 00000000 ( 00000108 )
    -------------------------------------------------------------------------
CODE
  Relative segment, address: CODE_AREA 00001210 - 00001213 (0x4 bytes), align: 2
  Segment part 157.           Intra module refs:   OnRedraw
                                                   showvolume
    -------------------------------------------------------------------------
CODE
  Relative segment, address: CODE_AREA 00001214 - 00001217 (0x4 bytes), align: 2
  Segment part 158.           Intra module refs:   OnRedraw
                                                   showvolume
    -------------------------------------------------------------------------
CODE
  Relative segment, address: CODE_AREA 00001218 - 0000121B (0x4 bytes), align: 2
  Segment part 159.           Intra module refs:   showvolume
    -------------------------------------------------------------------------
CODE
  Relative segment, address: CODE_AREA 0000121C - 0000121F (0x4 bytes), align: 2
  Segment part 160.           Intra module refs:   OnRedraw
                                                   Play
                                                   showvolume
    -------------------------------------------------------------------------
CODE
  Segment part 161. NOT NEEDED.
    -------------------------------------------------------------------------
CODE
  Relative segment, address: CODE_AREA 00001220 - 000012B3 (0x94 bytes), align: 2
  Segment part 162.           Intra module refs:   OnKey
                                                   my_keyhook
           ENTRY                   ADDRESS         REF BY
           =====                   =======         ======
           PlayNext                00001220 
               stack 1 = 00000000 ( 00000104 )
    -------------------------------------------------------------------------
CODE
  Segment part 163. NOT NEEDED.
    -------------------------------------------------------------------------
CODE
  Relative segment, address: CODE_AREA 000012B4 - 0000133F (0x8c bytes), align: 2
  Segment part 164.           Intra module refs:   OnKey
                                                   my_keyhook
           ENTRY                   ADDRESS         REF BY
           =====                   =======         ======
           PlayPrevious            000012B4 
               stack 1 = 00000000 ( 00000104 )
    -------------------------------------------------------------------------
CODE
  Relative segment, address: CODE_AREA 00001340 - 00001343 (0x4 bytes), align: 2
  Segment part 165.           Intra module refs:   PlayNext
                                                   PlayPrevious
    -------------------------------------------------------------------------
CODE
  Relative segment, address: CODE_AREA 00001344 - 00001347 (0x4 bytes), align: 2
  Segment part 166.           Intra module refs:   PlayNext
                                                   PlayPrevious
    -------------------------------------------------------------------------
CODE
  Segment part 167. NOT NEEDED.
    -------------------------------------------------------------------------
CODE
  Relative segment, address: CODE_AREA 00001348 - 00001407 (0xc0 bytes), align: 2
  Segment part 168.           Intra module refs:   OnKey
                                                   my_keyhook
           ENTRY                   ADDRESS         REF BY
           =====                   =======         ======
           Play_PauseResume        00001348 
               stack 1 = 00000000 ( 00000104 )
    -------------------------------------------------------------------------
CODE
  Relative segment, address: CODE_AREA 00001408 - 0000140B (0x4 bytes), align: 2
  Segment part 169.           Intra module refs:   LoadM3uPlaylist
                                                   LoadPlaylist
                                                   Play
                                                   PlayNext
                                                   PlayPrevious
                                                   Play_PauseResume
                                                   SavePlaylist
    -------------------------------------------------------------------------
CODE
  Relative segment, address: CODE_AREA 0000140C - 0000140F (0x4 bytes), align: 2
  Segment part 170.           Intra module refs:   PlayNext
                                                   PlayPrevious
                                                   Play_PauseResume
                                                   showvolume
    -------------------------------------------------------------------------
CODE
  Segment part 171. NOT NEEDED.
    -------------------------------------------------------------------------
CODE
  Relative segment, address: CODE_AREA 00001410 - 00001457 (0x48 bytes), align: 2
  Segment part 172.           Intra module refs:   my_keyhook
           ENTRY                   ADDRESS         REF BY
           =====                   =======         ======
           VolumeDown              00001410 
               stack 1 = 00000000 ( 00000004 )
    -------------------------------------------------------------------------
CODE
  Segment part 173. NOT NEEDED.
    -------------------------------------------------------------------------
CODE
  Relative segment, address: CODE_AREA 00001458 - 000014B7 (0x60 bytes), align: 2
  Segment part 174.           Intra module refs:   OnKey
           ENTRY                   ADDRESS         REF BY
           =====                   =======         ======
           VolumeMute              00001458 
               stack 1 = 00000000 ( 00000004 )
    -------------------------------------------------------------------------
CODE
  Segment part 175. NOT NEEDED.
    -------------------------------------------------------------------------
CODE
  Relative segment, address: CODE_AREA 000014B8 - 000014FF (0x48 bytes), align: 2
  Segment part 176.           Intra module refs:   my_keyhook
           ENTRY                   ADDRESS         REF BY
           =====                   =======         ======
           VolumeUp                000014B8 
               stack 1 = 00000000 ( 00000004 )
    -------------------------------------------------------------------------
CODE
  Relative segment, address: CODE_AREA 00001500 - 00001503 (0x4 bytes), align: 2
  Segment part 177.           Intra module refs:   Play
                                                   Play_PauseResume
                                                   VolumeDown
                                                   VolumeMute
                                                   VolumeUp
    -------------------------------------------------------------------------
CODE
  Segment part 178. NOT NEEDED.
    -------------------------------------------------------------------------
DATA_Z
  Relative segment, address: CODE_AREA 00023CC4 - 00023CC7 (0x4 bytes), align: 2
  Segment part 91.            Intra module refs:   my_keyhook
           ENTRY                   ADDRESS         REF BY
           =====                   =======         ======
           press                   00023CC4 
    -------------------------------------------------------------------------
CODE
  Relative segment, address: CODE_AREA 00001504 - 00001617 (0x114 bytes), align: 2
  Segment part 179.           Intra module refs:   Segment part 258
           ENTRY                   ADDRESS         REF BY
           =====                   =======         ======
           my_keyhook              00001504 
               stack 1 = 00000000 ( 00000004 )
    -------------------------------------------------------------------------
CODE
  Segment part 180. NOT NEEDED.
    -------------------------------------------------------------------------
CODE
  Relative segment, address: CODE_AREA 00001618 - 00001677 (0x60 bytes), align: 2
  Segment part 181.           Intra module refs:   maincsm_onclose
           ENTRY                   ADDRESS         REF BY
           =====                   =======         ======
           SaveParams              00001618 
               stack 1 = 00000000 ( 00000010 )
    -------------------------------------------------------------------------
CODE
  Relative segment, address: CODE_AREA 00001678 - 0000167B (0x4 bytes), align: 2
  Segment part 182.           Intra module refs:   SaveParams
    -------------------------------------------------------------------------
CODE
  Segment part 183. NOT NEEDED.
    -------------------------------------------------------------------------
CODE
  Relative segment, address: CODE_AREA 0000167C - 000016FF (0x84 bytes), align: 2
  Segment part 184.           Intra module refs:   maincsm_onclose
           ENTRY                   ADDRESS         REF BY
           =====                   =======         ======
           WriteLastPlaylist       0000167C 
               stack 1 = 00000000 ( 00000140 )
    -------------------------------------------------------------------------
CODE
  Segment part 185. NOT NEEDED.
    -------------------------------------------------------------------------
CODE
  Relative segment, address: CODE_AREA 00001700 - 000017BB (0xbc bytes), align: 2
  Segment part 186.           Intra module refs:   main
           ENTRY                   ADDRESS         REF BY
           =====                   =======         ======
           ReadLastPlaylist        00001700 
               stack 1 = 00000000 ( 000002F4 )
    -------------------------------------------------------------------------
CODE
  Relative segment, address: CODE_AREA 000017BC - 000017BF (0x4 bytes), align: 2
  Segment part 187.           Intra module refs:   ReadLastPlaylist
                                                   WriteLastPlaylist
    -------------------------------------------------------------------------
CODE
  Relative segment, address: CODE_AREA 000017C0 - 000017C3 (0x4 bytes), align: 2
  Segment part 188.           Intra module refs:   PlayNext
                                                   PlayPrevious
                                                   Play_PauseResume
                                                   ReadLastPlaylist
                                                   WriteLastPlaylist
    -------------------------------------------------------------------------
CODE
  Relative segment, address: CODE_AREA 000017C4 - 000017C7 (0x4 bytes), align: 2
  Segment part 189.           Intra module refs:   LoadM3uPlaylist
                                                   ReadLastPlaylist
    -------------------------------------------------------------------------
CODE
  Relative segment, address: CODE_AREA 000017C8 - 000017CB (0x4 bytes), align: 2
  Segment part 190.           Intra module refs:   LoadM3uPlaylist
                                                   LoadPlaylist
                                                   ReadLastPlaylist
    -------------------------------------------------------------------------
CODE
  Segment part 191. NOT NEEDED.
    -------------------------------------------------------------------------
CODE
  Relative segment, address: CODE_AREA 000017CC - 0000182B (0x60 bytes), align: 2
  Segment part 192.           Intra module refs:   main
           ENTRY                   ADDRESS         REF BY
           =====                   =======         ======
           LoadParams              000017CC 
               stack 1 = 00000000 ( 00000010 )
    -------------------------------------------------------------------------
CODE
  Relative segment, address: CODE_AREA 0000182C - 0000182F (0x4 bytes), align: 2
  Segment part 193.           Intra module refs:   LoadParams
                                                   SaveParams
    -------------------------------------------------------------------------
CODE
  Segment part 194. NOT NEEDED.
    -------------------------------------------------------------------------
CODE
  Relative segment, address: CODE_AREA 00001830 - 0000183B (0xc bytes), align: 2
  Segment part 195.           Intra module refs:   gui_methods
           ENTRY                   ADDRESS         REF BY
           =====                   =======         ======
           onCreate                00001830 
    -------------------------------------------------------------------------
CODE
  Segment part 196. NOT NEEDED.
    -------------------------------------------------------------------------
CODE
  Relative segment, address: CODE_AREA 0000183C - 00001847 (0xc bytes), align: 2
  Segment part 197.           Intra module refs:   gui_methods
           ENTRY                   ADDRESS         REF BY
           =====                   =======         ======
           onClose                 0000183C 
    -------------------------------------------------------------------------
CODE
  Segment part 198. NOT NEEDED.
    -------------------------------------------------------------------------
CODE
  Relative segment, address: CODE_AREA 00001848 - 000018E3 (0x9c bytes), align: 2
  Segment part 199.           Intra module refs:   Segment part 99
           ENTRY                   ADDRESS         REF BY
           =====                   =======         ======
           selbcfg_menu_onkey      00001848 
               stack 1 = 00000000 ( 00000010 )
    -------------------------------------------------------------------------
CODE
  Relative segment, address: CODE_AREA 000018E4 - 000018E7 (0x4 bytes), align: 2
  Segment part 200.           Intra module refs:   selbcfg_menu_onkey
    -------------------------------------------------------------------------
CODE
  Segment part 201. NOT NEEDED.
    -------------------------------------------------------------------------
CODE
  Relative segment, address: CODE_AREA 000018E8 - 00001927 (0x40 bytes), align: 2
  Segment part 202.           Intra module refs:   Segment part 99
           ENTRY                   ADDRESS         REF BY
           =====                   =======         ======
           selbcfg_menu_ghook      000018E8 
               stack 1 = 00000000 ( 0000000C )
    -------------------------------------------------------------------------
CODE
  Segment part 203. NOT NEEDED.
    -------------------------------------------------------------------------
DATA_I
  Relative segment, address: DATA_AREA 0000000C - 00000017 (0xc bytes), align: 2
  Segment part 92.            Intra module refs:   Segment part 99
           ENTRY                   ADDRESS         REF BY
           =====                   =======         ======
           selbcfg_softkeys        0000000C 
    -------------------------------------------------------------------------
DATA_I
  Relative segment, address: DATA_AREA 00000018 - 0000002F (0x18 bytes), align: 2
  Segment part 94.            Intra module refs:   Segment part 97
           ENTRY                   ADDRESS         REF BY
           =====                   =======         ======
           selbcfg_sk              00000018 
    -------------------------------------------------------------------------
DATA_I
  Relative segment, address: DATA_AREA 00000030 - 00000037 (0x8 bytes), align: 2
  Segment part 96.            Intra module refs:   Segment part 99
           ENTRY                   ADDRESS         REF BY
           =====                   =======         ======
           selbcfg_skt             00000030 
    -------------------------------------------------------------------------
CODE
  Relative segment, address: CODE_AREA 00001928 - 000019C3 (0x9c bytes), align: 2
  Segment part 204.           Intra module refs:   Segment part 99
           ENTRY                   ADDRESS         REF BY
           =====                   =======         ======
           selbcfg_menu_iconhndl   00001928 
               stack 1 = 00000000 ( 00000018 )
    -------------------------------------------------------------------------
CODE
  Segment part 205. NOT NEEDED.
    -------------------------------------------------------------------------
DATA_I
  Relative segment, address: DATA_AREA 00000038 - 00000063 (0x2c bytes), align: 2
  Segment part 98.            Intra module refs:   CreateMenuFindPlaylist
           ENTRY                   ADDRESS         REF BY
           =====                   =======         ======
           selbcfg_STRUCT          00000038 
    -------------------------------------------------------------------------
DATA_I
  Relative segment, address: DATA_AREA 00000064 - 00000077 (0x14 bytes), align: 2
  Segment part 100.           Intra module refs:   CreateMenuFindPlaylist
           ENTRY                   ADDRESS         REF BY
           =====                   =======         ======
           selbcfg_HDR             00000064 
    -------------------------------------------------------------------------
DATA_C
  Relative segment, address: CODE_AREA 00002BFC - 00002C17 (0x1c bytes), align: 2
  Segment part 102.           Intra module refs:   CreateMenuFindPlaylist
           ENTRY                   ADDRESS         REF BY
           =====                   =======         ======
           playlists_path          00002BFC 
    -------------------------------------------------------------------------
CODE
  Relative segment, address: CODE_AREA 000019C4 - 00001B17 (0x154 bytes), align: 2
  Segment part 206.           Intra module refs:   OnKey
           ENTRY                   ADDRESS         REF BY
           =====                   =======         ======
           CreateMenuFindPlaylist
                                   000019C4 
               stack 1 = 00000000 ( 00000268 )
    -------------------------------------------------------------------------
CODE
  Segment part 207. NOT NEEDED.
    -------------------------------------------------------------------------
CODE
  Relative segment, address: CODE_AREA 00001B18 - 00001B2B (0x14 bytes), align: 2
  Segment part 208.           Intra module refs:   gui_methods
           ENTRY                   ADDRESS         REF BY
           =====                   =======         ======
           onFocus                 00001B18 
               stack 1 = 00000000 ( 00000004 )
    -------------------------------------------------------------------------
CODE
  Segment part 209. NOT NEEDED.
    -------------------------------------------------------------------------
CODE
  Relative segment, address: CODE_AREA 00001B2C - 00001B3F (0x14 bytes), align: 2
  Segment part 210.           Intra module refs:   gui_methods
           ENTRY                   ADDRESS         REF BY
           =====                   =======         ======
           onUnfocus               00001B2C 
    -------------------------------------------------------------------------
CODE
  Segment part 211. NOT NEEDED.
    -------------------------------------------------------------------------
CODE
  Relative segment, address: CODE_AREA 00001B40 - 00001E23 (0x2e4 bytes), align: 2
  Segment part 212.           Intra module refs:   gui_methods
           ENTRY                   ADDRESS         REF BY
           =====                   =======         ======
           OnKey                   00001B40 
               stack 1 = 00000000 ( 0000000C )
    -------------------------------------------------------------------------
CODE
  Relative segment, address: CODE_AREA 00001E24 - 00001E27 (0x4 bytes), align: 2
  Segment part 213.           Intra module refs:   OnKey
                                                   PlayNext
                                                   PlayPrevious
                                                   Play_PauseResume
    -------------------------------------------------------------------------
CODE
  Relative segment, address: CODE_AREA 00001E28 - 00001E2B (0x4 bytes), align: 2
  Segment part 214.           Intra module refs:   OnKey
                                                   VolumeDown
                                                   VolumeMute
                                                   VolumeUp
    -------------------------------------------------------------------------
CODE
  Relative segment, address: CODE_AREA 00001E2C - 00001E2F (0x4 bytes), align: 2
  Segment part 215.           Intra module refs:   LoadParams
                                                   OnKey
                                                   SaveParams
                                                   VolumeDown
                                                   VolumeMute
                                                   VolumeUp
    -------------------------------------------------------------------------
CODE
  Relative segment, address: CODE_AREA 00001E30 - 00001E33 (0x4 bytes), align: 2
[...]
      | Stack used (prev) :  00000000
      | + function block  :  00000014
  <-Sub-tree of type: Indirectly called function tree that does not make
                    : indirect calls (Is not an interrupt and is not flagged
                    : as not overlayable)
    | Stack used          :  00000014


  ->Sub-tree of type: Indirectly called function tree that does not make
                    : indirect calls (Is not an interrupt and is not flagged
                    : as not overlayable)
                             CSTACK
    | Stack used (prev) :  00000000
  01  r
      | Stack used (prev) :  00000000
      | + function block  :  00000004
  <-Sub-tree of type: Indirectly called function tree that does not make
                    : indirect calls (Is not an interrupt and is not flagged
                    : as not overlayable)
    | Stack used          :  00000004


  ->Sub-tree of type: Indirectly called function tree that does not make
                    : indirect calls (Is not an interrupt and is not flagged
                    : as not overlayable)
                             CSTACK
    | Stack used (prev) :  00000000
  01  my_keyhook
      | Stack used (prev) :  00000000
      | + function block  :  00000004
  <-Sub-tree of type: Indirectly called function tree that does not make
                    : indirect calls (Is not an interrupt and is not flagged
                    : as not overlayable)
    | Stack used          :  00000004


  ->Sub-tree of type: Indirectly called function tree that does not make
                    : indirect calls (Is not an interrupt and is not flagged
                    : as not overlayable)
                             CSTACK
    | Stack used (prev) :  00000000
  01  onCreate
      | Stack used (prev) :  00000000
      | + function block  :  00000000
  <-Sub-tree of type: Indirectly called function tree that does not make
                    : indirect calls (Is not an interrupt and is not flagged
                    : as not overlayable)
    | Stack used          :  00000000


  ->Sub-tree of type: Indirectly called function tree that does not make
                    : indirect calls (Is not an interrupt and is not flagged
                    : as not overlayable)
                             CSTACK
    | Stack used (prev) :  00000000
  01  onClose
      | Stack used (prev) :  00000000
      | + function block  :  00000000
  <-Sub-tree of type: Indirectly called function tree that does not make
                    : indirect calls (Is not an interrupt and is not flagged
                    : as not overlayable)
    | Stack used          :  00000000


  ->Sub-tree of type: Indirectly called function tree that does not make
                    : indirect calls (Is not an interrupt and is not flagged
                    : as not overlayable)
                             CSTACK
    | Stack used (prev) :  00000000
  01  selbcfg_menu_onkey
      | Stack used (prev) :  00000000
      | + function block  :  00000010
  <-Sub-tree of type: Indirectly called function tree that does not make
                    : indirect calls (Is not an interrupt and is not flagged
                    : as not overlayable)
    | Stack used          :  00000010


  ->Sub-tree of type: Indirectly called function tree that does not make
                    : indirect calls (Is not an interrupt and is not flagged
                    : as not overlayable)
                             CSTACK
    | Stack used (prev) :  00000000
  01  selbcfg_menu_ghook
      | Stack used (prev) :  00000000
      | + function block  :  0000000C
  <-Sub-tree of type: Indirectly called function tree that does not make
                    : indirect calls (Is not an interrupt and is not flagged
                    : as not overlayable)
    | Stack used          :  0000000C


  ->Sub-tree of type: Indirectly called function tree that does not make
                    : indirect calls (Is not an interrupt and is not flagged
                    : as not overlayable)
                             CSTACK
    | Stack used (prev) :  00000000
  01  selbcfg_menu_iconhndl
      | Stack used (prev) :  00000000
      | + function block  :  00000018
  <-Sub-tree of type: Indirectly called function tree that does not make
                    : indirect calls (Is not an interrupt and is not flagged
                    : as not overlayable)
    | Stack used          :  00000018


  ->Sub-tree of type: Indirectly called function tree that does not make
                    : indirect calls (Is not an interrupt and is not flagged
                    : as not overlayable)
                             CSTACK
    | Stack used (prev) :  00000000
  01  onFocus
      | Stack used (prev) :  00000000
      | + function block  :  00000004
  <-Sub-tree of type: Indirectly called function tree that does not make
                    : indirect calls (Is not an interrupt and is not flagged
                    : as not overlayable)
    | Stack used          :  00000004


  ->Sub-tree of type: Indirectly called function tree that does not make
                    : indirect calls (Is not an interrupt and is not flagged
                    : as not overlayable)
                             CSTACK
    | Stack used (prev) :  00000000
  01  onUnfocus
      | Stack used (prev) :  00000000
      | + function block  :  00000000
  <-Sub-tree of type: Indirectly called function tree that does not make
                    : indirect calls (Is not an interrupt and is not flagged
                    : as not overlayable)
    | Stack used          :  00000000


  ->Sub-tree of type: Indirectly called function tree that does not make
                    : indirect calls (Is not an interrupt and is not flagged
                    : as not overlayable)
                             CSTACK
    | Stack used (prev) :  00000000
  01  OnKey
      | Stack used (prev) :  00000000
      | + function block  :  0000000C
  <-Sub-tree of type: Indirectly called function tree that does not make
                    : indirect calls (Is not an interrupt and is not flagged
                    : as not overlayable)
    | Stack used          :  0000000C


  ->Sub-tree of type: Indirectly called function tree that does not make
                    : indirect calls (Is not an interrupt and is not flagged
                    : as not overlayable)
                             CSTACK
    | Stack used (prev) :  00000000
  01  method8
      | Stack used (prev) :  00000000
      | + function block  :  00000000
  <-Sub-tree of type: Indirectly called function tree that does not make
                    : indirect calls (Is not an interrupt and is not flagged
                    : as not overlayable)
    | Stack used          :  00000000


  ->Sub-tree of type: Indirectly called function tree that does not make
                    : indirect calls (Is not an interrupt and is not flagged
                    : as not overlayable)
                             CSTACK
    | Stack used (prev) :  00000000
  01  method9
      | Stack used (prev) :  00000000
      | + function block  :  00000000
  <-Sub-tree of type: Indirectly called function tree that does not make
                    : indirect calls (Is not an interrupt and is not flagged
                    : as not overlayable)
    | Stack used          :  00000000


  ->Sub-tree of type: Indirectly called function tree that does not make
                    : indirect calls (Is not an interrupt and is not flagged
                    : as not overlayable)
                             CSTACK
    | Stack used (prev) :  00000000
  01  maincsm_oncreate
      | Stack used (prev) :  00000000
      | + function block  :  0000000C
  <-Sub-tree of type: Indirectly called function tree that does not make
                    : indirect calls (Is not an interrupt and is not flagged
                    : as not overlayable)
    | Stack used          :  0000000C


  ->Sub-tree of type: Indirectly called function tree that does not make
                    : indirect calls (Is not an interrupt and is not flagged
                    : as not overlayable)
                             CSTACK
    | Stack used (prev) :  00000000
  01  ElfKiller
      | Stack used (prev) :  00000000
      | + function block  :  00000004
  <-Sub-tree of type: Indirectly called function tree that does not make
                    : indirect calls (Is not an interrupt and is not flagged
                    : as not overlayable)
    | Stack used          :  00000004


  ->Sub-tree of type: Indirectly called function tree that does not make
                    : indirect calls (Is not an interrupt and is not flagged
                    : as not overlayable)
                             CSTACK
    | Stack used (prev) :  00000000
  01  maincsm_onclose
      | Stack used (prev) :  00000000
      | + function block  :  00000004
  <-Sub-tree of type: Indirectly called function tree that does not make
                    : indirect calls (Is not an interrupt and is not flagged
                    : as not overlayable)
    | Stack used          :  00000004


  ->Sub-tree of type: Indirectly called function tree that does not make
                    : indirect calls (Is not an interrupt and is not flagged
                    : as not overlayable)
                             CSTACK
    | Stack used (prev) :  00000000
  01  maincsm_onmessage
      | Stack used (prev) :  00000000
      | + function block  :  0000010C
  <-Sub-tree of type: Indirectly called function tree that does not make
                    : indirect calls (Is not an interrupt and is not flagged
                    : as not overlayable)
    | Stack used          :  0000010C


  ->Sub-tree of type: Function tree
                             CSTACK
    | Stack used (prev) :  00000130
  01  LoadConfigData
      | Stack used (prev) :  00000130
      | + function block  :  00000020
  <-Sub-tree of type: Function tree
    | Stack used          :  00000150


  ->Sub-tree of type: Function tree
                             CSTACK
    | Stack used (prev) :  00000150
  01  InitConfig
      | Stack used (prev) :  00000150
      | + function block  :  00000004
  <-Sub-tree of type: Function tree
    | Stack used          :  00000154


  ->Sub-tree of type: Function tree
                             CSTACK
    | Stack used (prev) :  00000154
  01  strcmp_nocase
      | Stack used (prev) :  00000154
      | + function block  :  00000000
  <-Sub-tree of type: Function tree
    | Stack used          :  00000154


  ->Sub-tree of type: Function tree
                             CSTACK
    | Stack used (prev) :  00000154
  01  SaveOnlyPlaylistParams
      | Stack used (prev) :  00000154
      | + function block  :  00000010
  <-Sub-tree of type: Function tree
    | Stack used          :  00000164


  ->Sub-tree of type: Function tree
                             CSTACK
    | Stack used (prev) :  00000164
  01  SavePlaylist
      | Stack used (prev) :  00000164
      | + function block  :  00000130
  <-Sub-tree of type: Function tree
    | Stack used          :  00000294


  ->Sub-tree of type: Function tree
                             CSTACK
    | Stack used (prev) :  00000294
  01  findmp3length
      | Stack used (prev) :  00000294
      | + function block  :  00000C8C
  <-Sub-tree of type: Function tree
    | Stack used          :  00000F20


  ->Sub-tree of type: Function tree
                             CSTACK
    | Stack used (prev) :  00000F20
  01  Play
      | Stack used (prev) :  00000F20
      | + function block  :  000000F0
  <-Sub-tree of type: Function tree
    | Stack used          :  00001010


  ->Sub-tree of type: Function tree
                             CSTACK
    | Stack used (prev) :  00001010
  01  LoadPlaylist
      | Stack used (prev) :  00001010
      | + function block  :  00005074
  <-Sub-tree of type: Function tree
    | Stack used          :  00006084


  ->Sub-tree of type: Function tree
                             CSTACK
    | Stack used (prev) :  00006084
  01  LoadM3uPlaylist
      | Stack used (prev) :  00006084
      | + function block  :  00005288
  <-Sub-tree of type: Function tree
    | Stack used          :  0000B30C


  ->Sub-tree of type: Function tree
                             CSTACK
    | Stack used (prev) :  0000B30C
  01  whattoplaynext
      | Stack used (prev) :  0000B30C
      | + function block  :  00000018
  <-Sub-tree of type: Function tree
    | Stack used          :  0000B324


  ->Sub-tree of type: Function tree
                             CSTACK
    | Stack used (prev) :  0000B324
  01  showvolume
      | Stack used (prev) :  0000B324
      | + function block  :  00000108
  <-Sub-tree of type: Function tree
    | Stack used          :  0000B42C


  ->Sub-tree of type: Function tree
                             CSTACK
    | Stack used (prev) :  0000B42C
  01  PlayNext
      | Stack used (prev) :  0000B42C
      | + function block  :  00000104
  <-Sub-tree of type: Function tree
    | Stack used          :  0000B530


  ->Sub-tree of type: Function tree
                             CSTACK
    | Stack used (prev) :  0000B530
  01  PlayPrevious
      | Stack used (prev) :  0000B530
      | + function block  :  00000104
  <-Sub-tree of type: Function tree
    | Stack used          :  0000B634


  ->Sub-tree of type: Function tree
                             CSTACK
    | Stack used (prev) :  0000B634
  01  Play_PauseResume
      | Stack used (prev) :  0000B634
      | + function block  :  00000104
  <-Sub-tree of type: Function tree
    | Stack used          :  0000B738


  ->Sub-tree of type: Function tree
                             CSTACK
    | Stack used (prev) :  0000B738
  01  VolumeDown
      | Stack used (prev) :  0000B738
      | + function block  :  00000004
  <-Sub-tree of type: Function tree
    | Stack used          :  0000B73C


  ->Sub-tree of type: Function tree
                             CSTACK
    | Stack used (prev) :  0000B73C
  01  VolumeMute
      | Stack used (prev) :  0000B73C
      | + function block  :  00000004
  <-Sub-tree of type: Function tree
    | Stack used          :  0000B740


  ->Sub-tree of type: Function tree
                             CSTACK
    | Stack used (prev) :  0000B740
  01  VolumeUp
      | Stack used (prev) :  0000B740
      | + function block  :  00000004
  <-Sub-tree of type: Function tree
    | Stack used          :  0000B744


  ->Sub-tree of type: Function tree
                             CSTACK
    | Stack used (prev) :  0000B744
  01  SaveParams
      | Stack used (prev) :  0000B744
      | + function block  :  00000010
  <-Sub-tree of type: Function tree
    | Stack used          :  0000B754


  ->Sub-tree of type: Function tree
                             CSTACK
    | Stack used (prev) :  0000B754
  01  WriteLastPlaylist
      | Stack used (prev) :  0000B754
      | + function block  :  00000140
  <-Sub-tree of type: Function tree
    | Stack used          :  0000B894


  ->Sub-tree of type: Function tree
                             CSTACK
    | Stack used (prev) :  0000B894
  01  ReadLastPlaylist
      | Stack used (prev) :  0000B894
      | + function block  :  000002F4
  <-Sub-tree of type: Function tree
    | Stack used          :  0000BB88


  ->Sub-tree of type: Function tree
                             CSTACK
    | Stack used (prev) :  0000BB88
  01  LoadParams
      | Stack used (prev) :  0000BB88
      | + function block  :  00000010
  <-Sub-tree of type: Function tree
    | Stack used          :  0000BB98


  ->Sub-tree of type: Function tree
                             CSTACK
    | Stack used (prev) :  0000BB98
  01  CreateMenuFindPlaylist
      | Stack used (prev) :  0000BB98
      | + function block  :  00000268
  <-Sub-tree of type: Function tree
    | Stack used          :  0000BE00


  ->Sub-tree of type: Function tree
                             CSTACK
    | Stack used (prev) :  0000BE00
  01  si
      | Stack used (prev) :  0000BE00
      | + function block  :  0000000C
  <-Sub-tree of type: Function tree
    | Stack used          :  0000BE0C


  ->Sub-tree of type: Function tree
                             CSTACK
    | Stack used (prev) :  0000BE0C
  01  UpdateCSMname
      | Stack used (prev) :  0000BE0C
      | + function block  :  00000008
  <-Sub-tree of type: Function tree
    | Stack used          :  0000BE14


  ->Sub-tree of type: Function tree
                             CSTACK
    | Stack used (prev) :  0000BE14
  01  IsFile
      | Stack used (prev) :  0000BE14
      | + function block  :  00000000
  <-Sub-tree of type: Function tree
    | Stack used          :  0000BE14


  ->Sub-tree of type: Function tree
                             CSTACK
    | Stack used (prev) :  0000BE14
  01  stvspysku
      | Stack used (prev) :  0000BE14
      | + function block  :  0000034C
  <-Sub-tree of type: Function tree
    | Stack used          :  0000C160


  ->Sub-tree of type: Function tree
                             CSTACK
    | Stack used (prev) :  0000C160
  01  skins
      | Stack used (prev) :  0000C160
      | + function block  :  00000340
  <-Sub-tree of type: Function tree
    | Stack used          :  0000C4A0


  ->Sub-tree of type: Function tree
                             CSTACK
    | Stack used (prev) :  0000C4A0
  01  main
      | Stack used (prev) :  0000C4A0
      | + function block  :  000001C0
  <-Sub-tree of type: Function tree
    | Stack used          :  0000C660


  ->Sub-tree of type: Function tree
                             CSTACK
    | Stack used (prev) :  0000C660
  01  patch_header
      | Stack used (prev) :  0000C660
      | + function block  :  00000008
  <-Sub-tree of type: Function tree
    | Stack used          :  0000C668




                ****************************************
                *                                      *
                *      SEGMENTS IN ADDRESS ORDER       *
                *                                      *
                ****************************************


SEGMENT              SPACE    START ADDRESS   END ADDRESS     SIZE  TYPE  ALIGN
=======              =====    =============   ===========     ====  ====  =====
ELFBEGIN             CODE_AREA           00000000                     rel    0
DATA_ID              CODE_AREA      00000000 - 00000077          78   rel    2
START                CODE_AREA           00000078                     dse    0
CODE                 CODE_AREA      00000078 - 0000298B        2914   rel    2
DATA_C               CODE_AREA      0000298C - 00002C81         2F6   rel    2
INITTAB              CODE_AREA      00002C84 - 00002C9B          18   rel    2
DATA_Z               CODE_AREA      00002C9C - 00023CC7       2102C   rel    2
DATA_N               CODE_AREA           00023CC8                     dse    0
CONFIG_C             CODE_AREA      00023CC8 - 00023FFB         334   rel    2
DATA_I               DATA_AREA      00000000 - 00000077          78   rel    2

                ****************************************
                *                                      *
                *        END OF CROSS REFERENCE        *
                *                                      *
                ****************************************

 147 450 bytes of CODE memory
     120 bytes of DATA memory

Errors: none
Warnings: none

