################################################################################
#                                                                              #
#      IAR Universal Linker V4.60I/386                                         #
#                                                                              #
#           Link time     =  14/Dec/2010  23:59:25                             #
#           Target CPU    =  ARM                                               #
#           List file     =  C:\arm\test_redraw\Release_ELKA\List\TEST_el.map  #
#           Output file 1 =  C:\arm\test_redraw\Release_ELKA\Exe\TEST_el.elf   #
#                            Format: elf, variant: -ynpra                      #
#           Command line  =  C:\arm\test_redraw\Release_ELKA\Obj\conf_loader.r #
#                            79                                                #
#                            C:\arm\test_redraw\Release_ELKA\Obj\config_data.r #
#                            79                                                #
#                            C:\arm\test_redraw\Release_ELKA\Obj\func.r79      #
#                            C:\arm\test_redraw\Release_ELKA\Obj\main.r79 -o   #
#                            C:\arm\test_redraw\Release_ELKA\Exe\TEST_el.elf   #
#                            -Felf -l                                          #
#                            C:\arm\test_redraw\Release_ELKA\List\TEST_el.map  #
#                            -xmsnio -f C:\arm\test_redraw\test.xcl (-carm     #
#                            -V(CODE)CODE_AREA,12 -V(DATA)DATA_AREA,12         #
#                            -Z(CODE_AREA)ELFBEGIN,DATA_ID,START,CODE,DATA_C,I #
#                            NITTAB,DATA_Z,DATA_N,CONFIG_C=0-FFFFFFFF          #
#                            -Z(DATA_AREA)DATA_I=0-FFFFFFFF) -ynpra -s main    #
#                                                                              #
#                        Copyright 1987-2007 IAR Systems. All rights reserved. #
################################################################################





                ****************************************
                *                                      *
                *           CROSS REFERENCE            *
                *                                      *
                ****************************************

       Program entry at : CODE_AREA 000002BC  Relocatable, from module : main




                ****************************************
                *                                      *
                *            RUNTIME MODEL             *
                *                                      *
                ****************************************

  StackAlign4  = USED
  __cpu_mode   = __pcs__interwork
  __data_model = absolute
  __endian     = little
  __rt_version = 6



                ****************************************
                *                                      *
                *              MODULE MAP              *
                *                                      *
                ****************************************


  DEFINED ABSOLUTE ENTRIES
    *************************************************************************

  DEFINED ABSOLUTE ENTRIES
    *************************************************************************

  FILE NAME : C:\arm\test_redraw\Release_ELKA\Obj\conf_loader.r79
  PROGRAM MODULE, NAME : conf_loader

  SEGMENTS IN THE MODULE
  ======================
DATA_I
  Relative segment, address: DATA_AREA 00000000 - 00000003 (0x4 bytes), align: 2
  Segment part 5.             Intra module refs:   LoadConfigData
           ENTRY                   ADDRESS         REF BY
           =====                   =======         ======
           successed_config_filename
                                   00000000        maincsm_onmessage (main)
    -------------------------------------------------------------------------
CODE
  Segment part 7. NOT NEEDED.
    -------------------------------------------------------------------------
CODE
  Relative segment, address: CODE_AREA 00000004 - 0000012F (0x12c bytes), align: 2
  Segment part 8.             Intra module refs:   InitConfig
           ENTRY                   ADDRESS         REF BY
           =====                   =======         ======
           LoadConfigData          00000004 
               stack 1 = 00000000 ( 00000030 )
    -------------------------------------------------------------------------
CODE
  Segment part 9. NOT NEEDED.
    -------------------------------------------------------------------------
CODE
  Relative segment, address: CODE_AREA 00000130 - 00000157 (0x28 bytes), align: 2
  Segment part 10.
           ENTRY                   ADDRESS         REF BY
           =====                   =======         ======
           InitConfig              00000130        main (main)
                                                   maincsm_onmessage (main)
               stack 1 = 00000000 ( 00000004 )
    -------------------------------------------------------------------------
CSTACK
  Segment part 1. NOT NEEDED.
    -------------------------------------------------------------------------
DATA_ID
  Relative segment, address: CODE_AREA 00000000 - 00000003 (0x4 bytes), align: 2
  Segment part 6.             Intra module refs:   successed_config_filename
    -------------------------------------------------------------------------
DATA_ID
  Segment part 11. NOT NEEDED.
           ENTRY                   ADDRESS         REF BY
           =====                   =======         ======
           ?*?DATA_ID              
    -------------------------------------------------------------------------
INITTAB
  Relative segment, address: CODE_AREA 00000408 - 00000413 (0xc bytes), align: 2
  Segment part 12. ROOT.
           ENTRY                   ADDRESS         REF BY
           =====                   =======         ======
           ?init?tab?DATA_I        00000408 
    -------------------------------------------------------------------------
CONFIG_C
  Segment part 13. NOT NEEDED.
    -------------------------------------------------------------------------
DATA_C
  Relative segment, address: CODE_AREA 00000404 - 00000404 (0x1 bytes), align: 0
  Segment part 2.             Intra module refs:   Segment part 6
    -------------------------------------------------------------------------
DATA_C
  Relative segment, address: CODE_AREA 00000344 - 0000035B (0x18 bytes), align: 2
  Segment part 3.             Intra module refs:   InitConfig
    -------------------------------------------------------------------------
DATA_C
  Relative segment, address: CODE_AREA 0000035C - 00000373 (0x18 bytes), align: 2
  Segment part 4.             Intra module refs:   InitConfig

    *************************************************************************

  FILE NAME : C:\arm\test_redraw\Release_ELKA\Obj\config_data.r79
  PROGRAM MODULE, NAME : config_data

  SEGMENTS IN THE MODULE
  ======================
CONFIG_C
  Relative segment, address: CODE_AREA 00000548 - 00000573 (0x2c bytes), align: 2
  Segment part 2. ROOT.
           ENTRY                   ADDRESS         REF BY
           =====                   =======         ======
           cfghdr0                 00000548        LoadConfigData (conf_loader)
    -------------------------------------------------------------------------
CONFIG_C
  Relative segment, address: CODE_AREA 00000574 - 00000577 (0x4 bytes), align: 2
  Segment part 3. ROOT.
           ENTRY                   ADDRESS         REF BY
           =====                   =======         ======
           ENA_HELLO_MSG           00000574 
    -------------------------------------------------------------------------
CONFIG_C
  Relative segment, address: CODE_AREA 00000578 - 000005B7 (0x40 bytes), align: 2
  Segment part 4. ROOT.
           ENTRY                   ADDRESS         REF BY
           =====                   =======         ======
           cfgcbox0                00000578 
    -------------------------------------------------------------------------
CSTACK
  Segment part 1. NOT NEEDED.

    *************************************************************************

  FILE NAME : C:\arm\test_redraw\Release_ELKA\Obj\func.r79
  PROGRAM MODULE, NAME : func

  SEGMENTS IN THE MODULE
  ======================
ELFBEGIN
  Relative segment, address: CODE_AREA 00000000, align: 0
  Segment part 0. ROOT.
           ENTRY                   ADDRESS         REF BY
           =====                   =======         ======
           ELF_BEGIN               00000000        Killer (main)
    -------------------------------------------------------------------------
CODE
  Relative segment, address: CODE_AREA 00000158 - 0000015F (0x8 bytes), align: 2
  Segment part 1. ROOT.
           ENTRY                   ADDRESS         REF BY
           =====                   =======         ======
           kill_data               00000158        Killer (main)
           seqkill                 0000015C 

    *************************************************************************

  FILE NAME : C:\arm\test_redraw\Release_ELKA\Obj\main.r79
  PROGRAM MODULE, NAME : main

  SEGMENTS IN THE MODULE
  ======================
DATA_C
  Relative segment, address: CODE_AREA 00000374 - 00000383 (0x10 bytes), align: 2
  Segment part 2.             Intra module refs:   MyDraw
    -------------------------------------------------------------------------
DATA_C
  Relative segment, address: CODE_AREA 00000384 - 000003A3 (0x20 bytes), align: 2
  Segment part 3.             Intra module refs:   MyDraw
    -------------------------------------------------------------------------
DATA_C
  Relative segment, address: CODE_AREA 000003A4 - 000003B7 (0x14 bytes), align: 2
  Segment part 4.             Intra module refs:   maincsm_onmessage
    -------------------------------------------------------------------------
DATA_C
  Relative segment, address: CODE_AREA 000003B8 - 000003C3 (0xc bytes), align: 2
  Segment part 5.             Intra module refs:   main
    -------------------------------------------------------------------------
DATA_C
  Relative segment, address: CODE_AREA 000003C4 - 000003C7 (0x4 bytes), align: 2
  Segment part 6.             Intra module refs:   Segment part 11
           ENTRY                   ADDRESS         REF BY
           =====                   =======         ======
           minus11                 000003C4 
    -------------------------------------------------------------------------
DATA_Z
  Segment part 7. NOT NEEDED.
           ENTRY                   ADDRESS         REF BY
           =====                   =======         ======
           under_idle              
    -------------------------------------------------------------------------
CODE
  Segment part 12. NOT NEEDED.
    -------------------------------------------------------------------------
CODE
  Segment part 13. NOT NEEDED.
           ENTRY                   ADDRESS         REF BY
           =====                   =======         ======
           DrwImg                  
               not allocated function
    -------------------------------------------------------------------------
CODE
  Segment part 14. NOT NEEDED.
    -------------------------------------------------------------------------
DATA_Z
  Relative segment, address: CODE_AREA 00000420 - 0000042F (0x10 bytes), align: 2
  Segment part 8.             Intra module refs:   maincsm_onclose
           ENTRY                   ADDRESS         REF BY
           =====                   =======         ======
           tmr                     00000420 
    -------------------------------------------------------------------------
CODE
  Segment part 15. NOT NEEDED.
           ENTRY                   ADDRESS         REF BY
           =====                   =======         ======
           IsIDLE                  
               not allocated function
    -------------------------------------------------------------------------
CODE
  Segment part 16. NOT NEEDED.
    -------------------------------------------------------------------------
DATA_Z
  Segment part 9. NOT NEEDED.
           ENTRY                   ADDRESS         REF BY
           =====                   =======         ======
           ti                      
    -------------------------------------------------------------------------
CODE
  Relative segment, address: CODE_AREA 00000160 - 000001CF (0x70 bytes), align: 2
  Segment part 17.            Intra module refs:   Segment part 30
           ENTRY                   ADDRESS         REF BY
           =====                   =======         ======
           MyDraw                  00000160 
               stack 1 = 00000000 ( 0000003C )
    -------------------------------------------------------------------------
CODE
  Segment part 18. NOT NEEDED.
    -------------------------------------------------------------------------
CODE
  Relative segment, address: CODE_AREA 000001D0 - 0000021B (0x4c bytes), align: 2
  Segment part 19.            Intra module refs:   maincsm_onmessage
           ENTRY                   ADDRESS         REF BY
           =====                   =======         ======
           strcmp_nocase           000001D0 
    -------------------------------------------------------------------------
CODE
  Segment part 20. NOT NEEDED.
    -------------------------------------------------------------------------
CODE
  Relative segment, address: CODE_AREA 0000021C - 0000026B (0x50 bytes), align: 2
  Segment part 21.            Intra module refs:   Segment part 11
           ENTRY                   ADDRESS         REF BY
           =====                   =======         ======
           maincsm_onmessage       0000021C 
               stack 1 = 00000000 ( 00000004 )
    -------------------------------------------------------------------------
CODE
  Segment part 22. NOT NEEDED.
    -------------------------------------------------------------------------
CODE
  Relative segment, address: CODE_AREA 0000026C - 0000026F (0x4 bytes), align: 2
  Segment part 23.            Intra module refs:   Segment part 11
           LOCAL                   ADDRESS         
           =====                   =======         
           maincsm_oncreate        0000026C 
    -------------------------------------------------------------------------
CODE
  Segment part 24. NOT NEEDED.
    -------------------------------------------------------------------------
CODE
  Relative segment, address: CODE_AREA 00000270 - 0000028B (0x1c bytes), align: 2
  Segment part 25.            Intra module refs:   maincsm_onclose
           LOCAL                   ADDRESS         
           =====                   =======         
           Killer                  00000270 
               stack 1 = 00000000 ( 00000004 )
    -------------------------------------------------------------------------
CODE
  Segment part 26. NOT NEEDED.
    -------------------------------------------------------------------------
CODE
  Relative segment, address: CODE_AREA 0000028C - 000002BB (0x30 bytes), align: 2
  Segment part 27.            Intra module refs:   Segment part 11
           LOCAL                   ADDRESS         
           =====                   =======         
           maincsm_onclose         0000028C 
               stack 1 = 00000000 ( 00000004 )
    -------------------------------------------------------------------------
CODE
  Segment part 28. NOT NEEDED.
    -------------------------------------------------------------------------
DATA_Z
  Relative segment, address: CODE_AREA 00000430 - 00000547 (0x118 bytes), align: 2
  Segment part 10.            Intra module refs:   Segment part 11
    -------------------------------------------------------------------------
DATA_C
  Relative segment, address: CODE_AREA 000003C8 - 00000403 (0x3c bytes), align: 2
  Segment part 11.            Intra module refs:   main
    -------------------------------------------------------------------------
CODE
  Relative segment, address: CODE_AREA 000002BC - 0000033F (0x84 bytes), align: 2
  Segment part 29.
           ENTRY                   ADDRESS         REF BY
           =====                   =======         ======
           main                    000002BC        Absolute parts (?ABS_ENTRY_MOD)
               stack 1 = 00000000 ( 00000038 )
    -------------------------------------------------------------------------
CODE
  Relative segment, address: CODE_AREA 00000340 - 00000343 (0x4 bytes), align: 2
  Segment part 30.            Intra module refs:   MyDraw
                                                   main
                                                   maincsm_onclose
    -------------------------------------------------------------------------
CODE
  Segment part 31. NOT NEEDED.Intra module refs:   main
                                                   maincsm_onmessage
    -------------------------------------------------------------------------
CODE
  Segment part 32. NOT NEEDED.Intra module refs:   Killer
    -------------------------------------------------------------------------
CSTACK
  Segment part 1. NOT NEEDED.
    -------------------------------------------------------------------------
INITTAB
  Relative segment, address: CODE_AREA 00000414 - 0000041F (0xc bytes), align: 2
  Segment part 33. ROOT.
           ENTRY                   ADDRESS         REF BY
           =====                   =======         ======
           ?init?tab?DATA_Z        00000414 




                ****************************************
                *                                      *
                *            MODULE SUMMARY            *
                *                                      *
                ****************************************

Module        CODE   DATA
------        ----   ----
             (Rel)  (Rel)
conf_loader    405      4
config_data    112
func             8
main           936
------       -----      -
Total:       1 461      4


                ****************************************
                *                                      *
                *              CALL GRAPH              *
                *                                      *
                ****************************************

  ->Sub-tree of type: Indirectly called function tree that does not make
                    : indirect calls (Is not an interrupt and is not flagged
                    : as not overlayable)
                             CSTACK
    | Stack used (prev) :  00000000
  01  MyDraw
      | Stack used (prev) :  00000000
      | + function block  :  0000003C
  <-Sub-tree of type: Indirectly called function tree that does not make
                    : indirect calls (Is not an interrupt and is not flagged
                    : as not overlayable)
    | Stack used          :  0000003C


  ->Sub-tree of type: Indirectly called function tree that does not make
                    : indirect calls (Is not an interrupt and is not flagged
                    : as not overlayable)
                             CSTACK
    | Stack used (prev) :  00000000
  01  maincsm_onmessage
      | Stack used (prev) :  00000000
      | + function block  :  00000004
  <-Sub-tree of type: Indirectly called function tree that does not make
                    : indirect calls (Is not an interrupt and is not flagged
                    : as not overlayable)
    | Stack used          :  00000004


  ->Sub-tree of type: Indirectly called function tree that does not make
                    : indirect calls (Is not an interrupt and is not flagged
                    : as not overlayable)
                             CSTACK
    | Stack used (prev) :  00000000
  01  maincsm_oncreate
      | Stack used (prev) :  00000000
      | + function block  :  00000000
  <-Sub-tree of type: Indirectly called function tree that does not make
                    : indirect calls (Is not an interrupt and is not flagged
                    : as not overlayable)
    | Stack used          :  00000000


  ->Sub-tree of type: Indirectly called function tree that does not make
                    : indirect calls (Is not an interrupt and is not flagged
                    : as not overlayable)
                             CSTACK
    | Stack used (prev) :  00000000
  01  Killer
      | Stack used (prev) :  00000000
      | + function block  :  00000004
  <-Sub-tree of type: Indirectly called function tree that does not make
                    : indirect calls (Is not an interrupt and is not flagged
                    : as not overlayable)
    | Stack used          :  00000004


  ->Sub-tree of type: Indirectly called function tree that does not make
                    : indirect calls (Is not an interrupt and is not flagged
                    : as not overlayable)
                             CSTACK
    | Stack used (prev) :  00000000
  01  maincsm_onclose
      | Stack used (prev) :  00000000
      | + function block  :  00000004
  <-Sub-tree of type: Indirectly called function tree that does not make
                    : indirect calls (Is not an interrupt and is not flagged
                    : as not overlayable)
    | Stack used          :  00000004


  ->Sub-tree of type: Function tree
                             CSTACK
    | Stack used (prev) :  0000003C
  01  LoadConfigData
      | Stack used (prev) :  0000003C
      | + function block  :  00000030
  <-Sub-tree of type: Function tree
    | Stack used          :  0000006C


  ->Sub-tree of type: Function tree
                             CSTACK
    | Stack used (prev) :  0000006C
  01  InitConfig
      | Stack used (prev) :  0000006C
      | + function block  :  00000004
  <-Sub-tree of type: Function tree
    | Stack used          :  00000070


  ->Sub-tree of type: Function tree
                             CSTACK
    | Stack used (prev) :  00000070
  01  strcmp_nocase
      | Stack used (prev) :  00000070
      | + function block  :  00000000
  <-Sub-tree of type: Function tree
    | Stack used          :  00000070


  ->Sub-tree of type: Function tree
                             CSTACK
    | Stack used (prev) :  00000070
  01  main
      | Stack used (prev) :  00000070
      | + function block  :  00000038
  <-Sub-tree of type: Function tree
    | Stack used          :  000000A8




                ****************************************
                *                                      *
                *      SEGMENTS IN ADDRESS ORDER       *
                *                                      *
                ****************************************


SEGMENT              SPACE    START ADDRESS   END ADDRESS     SIZE  TYPE  ALIGN
=======              =====    =============   ===========     ====  ====  =====
ELFBEGIN             CODE_AREA           00000000                     rel    0
DATA_ID              CODE_AREA      00000000 - 00000003           4   rel    2
START                CODE_AREA           00000004                     dse    0
CODE                 CODE_AREA      00000004 - 00000343         340   rel    2
DATA_C               CODE_AREA      00000344 - 00000404          C1   rel    2
INITTAB              CODE_AREA      00000408 - 0000041F          18   rel    2
DATA_Z               CODE_AREA      00000420 - 00000547         128   rel    2
DATA_N               CODE_AREA           00000548                     dse    0
CONFIG_C             CODE_AREA      00000548 - 000005B7          70   rel    2
DATA_I               DATA_AREA      00000000 - 00000003           4   rel    2

                ****************************************
                *                                      *
                *        END OF CROSS REFERENCE        *
                *                                      *
                ****************************************

 1 461 bytes of CODE memory
     4 bytes of DATA memory

Errors: none
Warnings: none

