################################################################################
#                                                                              #
#      IAR Universal Linker V4.60I/386                                         #
#                                                                              #
#           Link time     =  18/Jul/2010  14:39:41                             #
#           Target CPU    =  ARM                                               #
#           List file     =  "D:\pasha\elf\evil_src\reminder ms\mrs editor\Rel #
#                            ease\List\CallAdress.map"                         #
#           Output file 1 =  "D:\pasha\elf\evil_src\reminder ms\mrs editor\Rel #
#                            ease\Exe\CallAdress.elf"                          #
#                            Format: elf, variant: -ynpra                      #
#           Command line  =  "D:\pasha\elf\evil_src\reminder ms\mrs editor\Rel #
#                            ease\Obj\conf_loader.r79"                         #
#                            "D:\pasha\elf\evil_src\reminder ms\mrs editor\Rel #
#                            ease\Obj\config_data.r79"                         #
#                            "D:\pasha\elf\evil_src\reminder ms\mrs editor\Rel #
#                            ease\Obj\func.r79"                                #
#                            "D:\pasha\elf\evil_src\reminder ms\mrs editor\Rel #
#                            ease\Obj\main.r79"                                #
#                            "D:\pasha\elf\evil_src\reminder ms\mrs editor\Rel #
#                            ease\Obj\strings.r79"                             #
#                            -o                                                #
#                            "D:\pasha\elf\evil_src\reminder ms\mrs editor\Rel #
#                            ease\Exe\CallAdress.elf"                          #
#                            -Felf -l                                          #
#                            "D:\pasha\elf\evil_src\reminder ms\mrs editor\Rel #
#                            ease\List\CallAdress.map"                         #
#                            -xmsnio -f                                        #
#                            "D:\pasha\elf\evil_src\reminder ms\mrs editor\tes #
#                            t.xcl"                                            #
#                            (-carm -V(CODE)CODE_AREA,12                       #
#                            -V(DATA)DATA_AREA,12                              #
#                            -Z(CODE_AREA)ELFBEGIN,DATA_ID,START,CODE,DATA_C,I #
#                            NITTAB,DATA_Z,DATA_N,CONFIG_C=0-FFFFFFFF          #
#                            -Z(DATA_AREA)DATA_I=0-FFFFFFFF) -ynpra -s main    #
#                                                                              #
#                        Copyright 1987-2007 IAR Systems. All rights reserved. #
################################################################################





                ****************************************
                *                                      *
                *           CROSS REFERENCE            *
                *                                      *
                ****************************************

       Program entry at : CODE_AREA 000010AC  Relocatable, from module : main




                ****************************************
                *                                      *
                *            RUNTIME MODEL             *
                *                                      *
                ****************************************

  StackAlign4  = USED
  __cpu_mode   = __pcs__interwork
  __data_model = absolute
  __endian     = little
  __rt_version = 6



                ****************************************
                *                                      *
                *              MODULE MAP              *
                *                                      *
                ****************************************


  DEFINED ABSOLUTE ENTRIES
    *************************************************************************

  DEFINED ABSOLUTE ENTRIES
    *************************************************************************

  FILE NAME : D:\pasha\elf\evil_src\reminder ms\mrs editor\Release\Obj\conf_loader.r79
  PROGRAM MODULE, NAME : conf_loader

  SEGMENTS IN THE MODULE
  ======================
DATA_I
  Relative segment, address: DATA_AREA 00000000 - 00000003 (0x4 bytes), align: 2
  Segment part 5.             Intra module refs:   LoadConfigData
           ENTRY                   ADDRESS         REF BY
           =====                   =======         ======
           successed_config_filename
                                   00000000 
    -------------------------------------------------------------------------
CODE
  Segment part 7. NOT NEEDED.
    -------------------------------------------------------------------------
CODE
  Relative segment, address: CODE_AREA 00000028 - 00000153 (0x12c bytes), align: 2
  Segment part 8.             Intra module refs:   InitConfig
           ENTRY                   ADDRESS         REF BY
           =====                   =======         ======
           LoadConfigData          00000028 
               stack 1 = 00000000 ( 00000030 )
    -------------------------------------------------------------------------
CODE
  Segment part 9. NOT NEEDED.
    -------------------------------------------------------------------------
CODE
  Relative segment, address: CODE_AREA 00000154 - 0000017B (0x28 bytes), align: 2
  Segment part 10.
           ENTRY                   ADDRESS         REF BY
           =====                   =======         ======
           InitConfig              00000154        main (main)
               stack 1 = 00000000 ( 00000004 )
    -------------------------------------------------------------------------
CSTACK
  Segment part 1. NOT NEEDED.
    -------------------------------------------------------------------------
DATA_ID
  Relative segment, address: CODE_AREA 00000000 - 00000003 (0x4 bytes), align: 2
  Segment part 6.             Intra module refs:   successed_config_filename
    -------------------------------------------------------------------------
DATA_ID
  Segment part 11. NOT NEEDED.
           ENTRY                   ADDRESS         REF BY
           =====                   =======         ======
           ?*?DATA_ID              
    -------------------------------------------------------------------------
INITTAB
  Relative segment, address: CODE_AREA 00002004 - 0000200F (0xc bytes), align: 2
  Segment part 12. ROOT.
           ENTRY                   ADDRESS         REF BY
           =====                   =======         ======
           ?init?tab?DATA_I        00002004 
    -------------------------------------------------------------------------
CONFIG_C
  Segment part 13. NOT NEEDED.
    -------------------------------------------------------------------------
DATA_C
  Relative segment, address: CODE_AREA 00002000 - 00002000 (0x1 bytes), align: 0
  Segment part 2.             Intra module refs:   Segment part 6
    -------------------------------------------------------------------------
DATA_C
  Relative segment, address: CODE_AREA 00001898 - 000018B3 (0x1c bytes), align: 2
  Segment part 3.             Intra module refs:   InitConfig
    -------------------------------------------------------------------------
DATA_C
  Relative segment, address: CODE_AREA 000018B4 - 000018CF (0x1c bytes), align: 2
  Segment part 4.             Intra module refs:   InitConfig

    *************************************************************************

  FILE NAME : D:\pasha\elf\evil_src\reminder ms\mrs editor\Release\Obj\config_data.r79
  PROGRAM MODULE, NAME : config_data

  SEGMENTS IN THE MODULE
  ======================
CONFIG_C
  Relative segment, address: CODE_AREA 000024E4 - 0000250F (0x2c bytes), align: 2
  Segment part 2. ROOT.
           ENTRY                   ADDRESS         REF BY
           =====                   =======         ======
           cfghdr0                 000024E4        LoadConfigData (conf_loader)
    -------------------------------------------------------------------------
CONFIG_C
  Relative segment, address: CODE_AREA 00002510 - 00002513 (0x4 bytes), align: 2
  Segment part 3. ROOT.
           ENTRY                   ADDRESS         REF BY
           =====                   =======         ======
           ENA_HELLO_MSG           00002510 
    -------------------------------------------------------------------------
CONFIG_C
  Relative segment, address: CODE_AREA 00002514 - 00002553 (0x40 bytes), align: 2
  Segment part 4. ROOT.
           ENTRY                   ADDRESS         REF BY
           =====                   =======         ======
           cfgcbox0                00002514 
    -------------------------------------------------------------------------
CONFIG_C
  Relative segment, address: CODE_AREA 00002554 - 0000257F (0x2c bytes), align: 2
  Segment part 5. ROOT.
           ENTRY                   ADDRESS         REF BY
           =====                   =======         ======
           cfghdr8                 00002554 
    -------------------------------------------------------------------------
CONFIG_C
  Relative segment, address: CODE_AREA 00002580 - 000025BF (0x40 bytes), align: 2
  Segment part 6. ROOT.
           ENTRY                   ADDRESS         REF BY
           =====                   =======         ======
           fontpath                00002580 
    -------------------------------------------------------------------------
CONFIG_C
  Relative segment, address: CODE_AREA 000025C0 - 000025EB (0x2c bytes), align: 2
  Segment part 7. ROOT.
           ENTRY                   ADDRESS         REF BY
           =====                   =======         ======
           cfghdr11                000025C0 
    -------------------------------------------------------------------------
CONFIG_C
  Relative segment, address: CODE_AREA 000025EC - 000025EF (0x4 bytes), align: 2
  Segment part 8. ROOT.
           ENTRY                   ADDRESS         REF BY
           =====                   =======         ======
           fullfont                000025EC 
    -------------------------------------------------------------------------
CONFIG_C
  Relative segment, address: CODE_AREA 000025F0 - 0000262F (0x40 bytes), align: 2
  Segment part 9. ROOT.
           ENTRY                   ADDRESS         REF BY
           =====                   =======         ======
           cfgcbox3                000025F0 
    -------------------------------------------------------------------------
CONFIG_C
  Relative segment, address: CODE_AREA 00002630 - 0000265B (0x2c bytes), align: 2
  Segment part 10. ROOT.
           ENTRY                   ADDRESS         REF BY
           =====                   =======         ======
           cfghdr12                00002630 
    -------------------------------------------------------------------------
CONFIG_C
  Relative segment, address: CODE_AREA 0000265C - 0000269B (0x40 bytes), align: 2
  Segment part 11. ROOT.
           ENTRY                   ADDRESS         REF BY
           =====                   =======         ======
           iconpath                0000265C 
    -------------------------------------------------------------------------
CONFIG_C
  Relative segment, address: CODE_AREA 0000269C - 000026C7 (0x2c bytes), align: 2
  Segment part 12. ROOT.
           ENTRY                   ADDRESS         REF BY
           =====                   =======         ======
           cfghdr13                0000269C 
    -------------------------------------------------------------------------
CONFIG_C
  Relative segment, address: CODE_AREA 000026C8 - 000026CB (0x4 bytes), align: 2
  Segment part 13. ROOT.
           ENTRY                   ADDRESS         REF BY
           =====                   =======         ======
           IDLEICON_X              000026C8 
    -------------------------------------------------------------------------
CONFIG_C
  Relative segment, address: CODE_AREA 000026CC - 000026CF (0x4 bytes), align: 2
  Segment part 14. ROOT.
           ENTRY                   ADDRESS         REF BY
           =====                   =======         ======
           IDLEICON_Y_C            000026CC 
    -------------------------------------------------------------------------
CONFIG_C
  Relative segment, address: CODE_AREA 000026D0 - 000026FB (0x2c bytes), align: 2
  Segment part 15. ROOT.
           ENTRY                   ADDRESS         REF BY
           =====                   =======         ======
           cfghdr16                000026D0 
    -------------------------------------------------------------------------
CONFIG_C
  Relative segment, address: CODE_AREA 000026FC - 0000273B (0x40 bytes), align: 2
  Segment part 16. ROOT.
           ENTRY                   ADDRESS         REF BY
           =====                   =======         ======
           sound_wav               000026FC 
    -------------------------------------------------------------------------
CONFIG_C
  Relative segment, address: CODE_AREA 0000273C - 00002767 (0x2c bytes), align: 2
  Segment part 17. ROOT.
           ENTRY                   ADDRESS         REF BY
           =====                   =======         ======
           cfghdr17                0000273C 
    -------------------------------------------------------------------------
CONFIG_C
  Relative segment, address: CODE_AREA 00002768 - 000027A7 (0x40 bytes), align: 2
  Segment part 18. ROOT.
           ENTRY                   ADDRESS         REF BY
           =====                   =======         ======
           rms_file                00002768        main (main)
    -------------------------------------------------------------------------
CONFIG_C
  Relative segment, address: CODE_AREA 000027A8 - 000027D3 (0x2c bytes), align: 2
  Segment part 19. ROOT.
           ENTRY                   ADDRESS         REF BY
           =====                   =======         ======
           cfghdr19                000027A8 
    -------------------------------------------------------------------------
CONFIG_C
  Relative segment, address: CODE_AREA 000027D4 - 000027D7 (0x4 bytes), align: 2
  Segment part 20. ROOT.
           ENTRY                   ADDRESS         REF BY
           =====                   =======         ======
           space                   000027D4 
    -------------------------------------------------------------------------
CONFIG_C
  Relative segment, address: CODE_AREA 000027D8 - 00002803 (0x2c bytes), align: 2
  Segment part 21. ROOT.
           ENTRY                   ADDRESS         REF BY
           =====                   =======         ======
           cfghdr20                000027D8 
    -------------------------------------------------------------------------
CONFIG_C
  Relative segment, address: CODE_AREA 00002804 - 00002823 (0x20 bytes), align: 2
  Segment part 22. ROOT.
           ENTRY                   ADDRESS         REF BY
           =====                   =======         ======
           todo                    00002804 
    -------------------------------------------------------------------------
CONFIG_C
  Relative segment, address: CODE_AREA 00002824 - 0000284F (0x2c bytes), align: 2
  Segment part 23. ROOT.
           ENTRY                   ADDRESS         REF BY
           =====                   =======         ======
           cfghdr99                00002824 
    -------------------------------------------------------------------------
CONFIG_C
  Relative segment, address: CODE_AREA 00002850 - 0000286F (0x20 bytes), align: 2
  Segment part 24. ROOT.
           ENTRY                   ADDRESS         REF BY
           =====                   =======         ======
           no_zadach               00002850 
    -------------------------------------------------------------------------
CONFIG_C
  Relative segment, address: CODE_AREA 00002870 - 0000289B (0x2c bytes), align: 2
  Segment part 25. ROOT.
           ENTRY                   ADDRESS         REF BY
           =====                   =======         ======
           cfghdr21                00002870 
    -------------------------------------------------------------------------
CONFIG_C
  Relative segment, address: CODE_AREA 0000289C - 0000289F (0x4 bytes), align: 2
  Segment part 26. ROOT.
           ENTRY                   ADDRESS         REF BY
           =====                   =======         ======
           HIDE_MODE               0000289C 
    -------------------------------------------------------------------------
CONFIG_C
  Relative segment, address: CODE_AREA 000028A0 - 000028DF (0x40 bytes), align: 2
  Segment part 27. ROOT.
           ENTRY                   ADDRESS         REF BY
           =====                   =======         ======
           cfgcbox8                000028A0 
    -------------------------------------------------------------------------
CONFIG_C
  Relative segment, address: CODE_AREA 000028E0 - 0000290B (0x2c bytes), align: 2
  Segment part 28. ROOT.
           ENTRY                   ADDRESS         REF BY
           =====                   =======         ======
           cfghdr78                000028E0 
    -------------------------------------------------------------------------
CONFIG_C
  Relative segment, address: CODE_AREA 0000290C - 0000290F (0x4 bytes), align: 2
  Segment part 29. ROOT.
           ENTRY                   ADDRESS         REF BY
           =====                   =======         ======
           APP_MODE                0000290C 
    -------------------------------------------------------------------------
CONFIG_C
  Relative segment, address: CODE_AREA 00002910 - 0000294F (0x40 bytes), align: 2
  Segment part 30. ROOT.
           ENTRY                   ADDRESS         REF BY
           =====                   =======         ======
           cfgcbox78               00002910 
    -------------------------------------------------------------------------
CONFIG_C
  Relative segment, address: CODE_AREA 00002950 - 0000297B (0x2c bytes), align: 2
  Segment part 31. ROOT.
           ENTRY                   ADDRESS         REF BY
           =====                   =======         ======
           cfghdr79                00002950 
    -------------------------------------------------------------------------
CONFIG_C
  Relative segment, address: CODE_AREA 0000297C - 0000297F (0x4 bytes), align: 2
  Segment part 32. ROOT.
           ENTRY                   ADDRESS         REF BY
           =====                   =======         ======
           luki                    0000297C 
    -------------------------------------------------------------------------
CSTACK
  Segment part 1. NOT NEEDED.

    *************************************************************************

  FILE NAME : D:\pasha\elf\evil_src\reminder ms\mrs editor\Release\Obj\func.r79
  PROGRAM MODULE, NAME : func

  SEGMENTS IN THE MODULE
  ======================
ELFBEGIN
  Relative segment, address: CODE_AREA 00000000, align: 0
  Segment part 0. ROOT.
           ENTRY                   ADDRESS         REF BY
           =====                   =======         ======
           ELF_BEGIN               00000000        ElfKiller (main)
    -------------------------------------------------------------------------
CODE
  Relative segment, address: CODE_AREA 0000017C - 00000183 (0x8 bytes), align: 2
  Segment part 1. ROOT.
           ENTRY                   ADDRESS         REF BY
           =====                   =======         ======
           kill_data               0000017C        ElfKiller (main)
                                                   method7 (main)
           seqkill                 00000180 

    *************************************************************************

  FILE NAME : D:\pasha\elf\evil_src\reminder ms\mrs editor\Release\Obj\main.r79
  PROGRAM MODULE, NAME : main

  SEGMENTS IN THE MODULE
  ======================
DATA_C
  Relative segment, address: CODE_AREA 000018D0 - 000018DF (0x10 bytes), align: 2
  Segment part 2.             Intra module refs:   create_ed
    -------------------------------------------------------------------------
DATA_C
  Relative segment, address: CODE_AREA 000018E0 - 000018E7 (0x8 bytes), align: 2
  Segment part 3.             Intra module refs:   Segment part 78
                                                   menu_sk1
    -------------------------------------------------------------------------
DATA_C
  Relative segment, address: CODE_AREA 000018E8 - 000018EF (0x8 bytes), align: 2
  Segment part 4.             Intra module refs:   Segment part 78
    -------------------------------------------------------------------------
DATA_C
  Relative segment, address: CODE_AREA 000018F0 - 000018FF (0x10 bytes), align: 2
  Segment part 5.             Intra module refs:   Segment part 77
    -------------------------------------------------------------------------
DATA_C
  Relative segment, address: CODE_AREA 00001900 - 0000190F (0x10 bytes), align: 2
  Segment part 6.             Intra module refs:   create_ed
    -------------------------------------------------------------------------
DATA_C
  Relative segment, address: CODE_AREA 00001910 - 0000191F (0x10 bytes), align: 2
  Segment part 7.             Intra module refs:   create_ed
    -------------------------------------------------------------------------
DATA_C
  Relative segment, address: CODE_AREA 00001920 - 00001933 (0x14 bytes), align: 2
  Segment part 8.             Intra module refs:   open_file
    -------------------------------------------------------------------------
DATA_C
  Relative segment, address: CODE_AREA 00001934 - 00001943 (0x10 bytes), align: 2
  Segment part 9.             Intra module refs:   create_ed
    -------------------------------------------------------------------------
DATA_C
  Relative segment, address: CODE_AREA 00001944 - 00001953 (0x10 bytes), align: 2
  Segment part 10.            Intra module refs:   create_ed
    -------------------------------------------------------------------------
DATA_C
  Relative segment, address: CODE_AREA 00001954 - 00001963 (0x10 bytes), align: 2
  Segment part 11.            Intra module refs:   create_ed
    -------------------------------------------------------------------------
DATA_C
  Relative segment, address: CODE_AREA 00001964 - 0000197F (0x1c bytes), align: 2
  Segment part 12.            Intra module refs:   about
    -------------------------------------------------------------------------
DATA_C
  Relative segment, address: CODE_AREA 00001980 - 0000198F (0x10 bytes), align: 2
  Segment part 13.            Intra module refs:   create_ed
    -------------------------------------------------------------------------
DATA_C
  Relative segment, address: CODE_AREA 00001990 - 0000199F (0x10 bytes), align: 2
  Segment part 14.            Intra module refs:   create_ed
    -------------------------------------------------------------------------
DATA_C
  Relative segment, address: CODE_AREA 000019A0 - 000019AB (0xc bytes), align: 2
  Segment part 15.            Intra module refs:   main
    -------------------------------------------------------------------------
DATA_C
  Relative segment, address: CODE_AREA 000019AC - 000019C7 (0x1c bytes), align: 2
  Segment part 16.            Intra module refs:   UpdateCSMname
    -------------------------------------------------------------------------
DATA_C
  Relative segment, address: CODE_AREA 000019C8 - 000019DF (0x18 bytes), align: 2
  Segment part 17.            Intra module refs:   save_file
    -------------------------------------------------------------------------
DATA_C
  Relative segment, address: CODE_AREA 000019E0 - 000019EF (0x10 bytes), align: 2
  Segment part 18.            Intra module refs:   save_file
    -------------------------------------------------------------------------
DATA_C
  Relative segment, address: CODE_AREA 000019F0 - 000019FB (0xc bytes), align: 2
  Segment part 19.            Intra module refs:   save_file
    -------------------------------------------------------------------------
DATA_C
  Relative segment, address: CODE_AREA 000019FC - 00001A0B (0x10 bytes), align: 2
  Segment part 20.            Intra module refs:   save_file
    -------------------------------------------------------------------------
DATA_C
  Relative segment, address: CODE_AREA 00001A0C - 00001A1B (0x10 bytes), align: 2
  Segment part 21.            Intra module refs:   save_file
    -------------------------------------------------------------------------
DATA_C
  Relative segment, address: CODE_AREA 00001A1C - 00001A27 (0xc bytes), align: 2
  Segment part 22.            Intra module refs:   save_file
    -------------------------------------------------------------------------
DATA_C
  Relative segment, address: CODE_AREA 00001A28 - 00001A2B (0x4 bytes), align: 2
  Segment part 23.            Intra module refs:   save_file
    -------------------------------------------------------------------------
DATA_C
  Relative segment, address: CODE_AREA 00001A2C - 00001A33 (0x8 bytes), align: 2
  Segment part 24.            Intra module refs:   save_file
    -------------------------------------------------------------------------
DATA_C
  Segment part 25. NOT NEEDED.
    -------------------------------------------------------------------------
DATA_C
  Relative segment, address: CODE_AREA 00001A34 - 00001A43 (0x10 bytes), align: 2
  Segment part 26.            Intra module refs:   create_ed
    -------------------------------------------------------------------------
DATA_C
  Relative segment, address: CODE_AREA 00001A44 - 00001A5B (0x18 bytes), align: 2
  Segment part 27.            Intra module refs:   open_file
    -------------------------------------------------------------------------
DATA_C
  Relative segment, address: CODE_AREA 00001A5C - 00001A67 (0xc bytes), align: 2
  Segment part 28.            Intra module refs:   open_file
    -------------------------------------------------------------------------
DATA_C
  Relative segment, address: CODE_AREA 00001A68 - 00001A6F (0x8 bytes), align: 2
  Segment part 29.            Intra module refs:   open_file
    -------------------------------------------------------------------------
DATA_C
  Relative segment, address: CODE_AREA 00001A70 - 00001A77 (0x8 bytes), align: 2
  Segment part 30.            Intra module refs:   Segment part 103
    -------------------------------------------------------------------------
DATA_C
  Relative segment, address: CODE_AREA 00001A78 - 00001A7B (0x4 bytes), align: 2
  Segment part 31.            Intra module refs:   open_file
    -------------------------------------------------------------------------
DATA_C
  Relative segment, address: CODE_AREA 00001A7C - 00001A83 (0x8 bytes), align: 2
  Segment part 32.            Intra module refs:   Segment part 101
    -------------------------------------------------------------------------
DATA_C
  Relative segment, address: CODE_AREA 00001A84 - 00001A9F (0x1c bytes), align: 2
  Segment part 33.            Intra module refs:   Check_if_is_file
    -------------------------------------------------------------------------
DATA_C
  Relative segment, address: CODE_AREA 00001AA0 - 00001AA7 (0x8 bytes), align: 2
  Segment part 34.            Intra module refs:   menuitems
    -------------------------------------------------------------------------
DATA_C
  Relative segment, address: CODE_AREA 00002001 - 00002003 (0x3 bytes), align: 0
  Segment part 35.            Intra module refs:   menu_sk1
    -------------------------------------------------------------------------
DATA_C
  Relative segment, address: CODE_AREA 00001AA8 - 00001AAF (0x8 bytes), align: 2
  Segment part 36.            Intra module refs:   menuitems
    -------------------------------------------------------------------------
DATA_C
  Relative segment, address: CODE_AREA 00001AB0 - 00001AB7 (0x8 bytes), align: 2
  Segment part 37.            Intra module refs:   menuitems
    -------------------------------------------------------------------------
DATA_C
  Relative segment, address: CODE_AREA 00001AB8 - 00001ABF (0x8 bytes), align: 2
  Segment part 38.            Intra module refs:   menuitems
    -------------------------------------------------------------------------
DATA_C
  Relative segment, address: CODE_AREA 00001AC0 - 00001AC7 (0x8 bytes), align: 2
  Segment part 39.            Intra module refs:   menuitems
    -------------------------------------------------------------------------
DATA_C
  Relative segment, address: CODE_AREA 00001AC8 - 00001ACF (0x8 bytes), align: 2
  Segment part 40.            Intra module refs:   Segment part 73
                                                   menuhdr
    -------------------------------------------------------------------------
DATA_C
  Relative segment, address: CODE_AREA 00001AD0 - 00001AD3 (0x4 bytes), align: 2
  Segment part 41.            Intra module refs:   MAINCSM
           ENTRY                   ADDRESS         REF BY
           =====                   =======         ======
           minus11                 00001AD0 
    -------------------------------------------------------------------------
DATA_Z
  Relative segment, address: CODE_AREA 0000201C - 00002133 (0x118 bytes), align: 2
  Segment part 42.            Intra module refs:   MAINCSM
           ENTRY                   ADDRESS         REF BY
           =====                   =======         ======
           maincsm_name_body       0000201C 
    -------------------------------------------------------------------------
DATA_Z
  Relative segment, address: CODE_AREA 00002134 - 00002137 (0x4 bytes), align: 2
  Segment part 43.            Intra module refs:   Segment part 157
           ENTRY                   ADDRESS         REF BY
           =====                   =======         ======
           MAINCSM_ID              00002134 
    -------------------------------------------------------------------------
DATA_Z
  Relative segment, address: CODE_AREA 00002138 - 0000213B (0x4 bytes), align: 2
  Segment part 44.            Intra module refs:   Segment part 140
           ENTRY                   ADDRESS         REF BY
           =====                   =======         ======
           ggui                    00002138 
    -------------------------------------------------------------------------
DATA_Z
  Relative segment, address: CODE_AREA 0000213C - 0000213F (0x4 bytes), align: 2
  Segment part 45.            Intra module refs:   Segment part 100
           ENTRY                   ADDRESS         REF BY
           =====                   =======         ======
           f                       0000213C 
    -------------------------------------------------------------------------
DATA_Z
  Relative segment, address: CODE_AREA 00002140 - 00002143 (0x4 bytes), align: 2
  Segment part 46.            Intra module refs:   Segment part 102
           ENTRY                   ADDRESS         REF BY
           =====                   =======         ======
           fsize                   00002140 
    -------------------------------------------------------------------------
DATA_Z
  Relative segment, address: CODE_AREA 00002144 - 00002147 (0x4 bytes), align: 2
  Segment part 47.            Intra module refs:   Segment part 99
           ENTRY                   ADDRESS         REF BY
           =====                   =======         ======
           ul                      00002144 
    -------------------------------------------------------------------------
DATA_Z
  Relative segment, address: CODE_AREA 00002148 - 0000214B (0x4 bytes), align: 2
  Segment part 48.            Intra module refs:   open_file
           ENTRY                   ADDRESS         REF BY
           =====                   =======         ======
           i                       00002148 
    -------------------------------------------------------------------------
DATA_Z
  Relative segment, address: CODE_AREA 0000214C - 0000214F (0x4 bytes), align: 2
  Segment part 49.            Intra module refs:   open_file
           ENTRY                   ADDRESS         REF BY
           =====                   =======         ======
           j                       0000214C 
    -------------------------------------------------------------------------
DATA_Z
  Segment part 50. NOT NEEDED.
           ENTRY                   ADDRESS         REF BY
           =====                   =======         ======
           y                       
    -------------------------------------------------------------------------
DATA_Z
  Segment part 51. NOT NEEDED.
           ENTRY                   ADDRESS         REF BY
           =====                   =======         ======
           u                       
    -------------------------------------------------------------------------
DATA_Z
  Relative segment, address: CODE_AREA 00002150 - 00002153 (0x4 bytes), align: 2
  Segment part 52.            Intra module refs:   day_extractor
           ENTRY                   ADDRESS         REF BY
           =====                   =======         ======
           ex                      00002150 
    -------------------------------------------------------------------------
DATA_Z
  Relative segment, address: CODE_AREA 00002154 - 00002157 (0x4 bytes), align: 2
  Segment part 53.            Intra module refs:   day_extractor
           ENTRY                   ADDRESS         REF BY
           =====                   =======         ======
           ex1                     00002154 
    -------------------------------------------------------------------------
DATA_Z
  Relative segment, address: CODE_AREA 00002158 - 0000215B (0x4 bytes), align: 2
  Segment part 54.            Intra module refs:   day_extractor
           ENTRY                   ADDRESS         REF BY
           =====                   =======         ======
           len_ex                  00002158 
    -------------------------------------------------------------------------
DATA_Z
  Relative segment, address: CODE_AREA 0000215C - 0000215F (0x4 bytes), align: 2
  Segment part 55.            Intra module refs:   Segment part 151
           ENTRY                   ADDRESS         REF BY
           =====                   =======         ======
           save_m                  0000215C 
    -------------------------------------------------------------------------
DATA_Z
  Segment part 56. NOT NEEDED.
           ENTRY                   ADDRESS         REF BY
           =====                   =======         ======
           beg_len                 
    -------------------------------------------------------------------------
DATA_Z
  Segment part 57. NOT NEEDED.
           ENTRY                   ADDRESS         REF BY
           =====                   =======         ======
           kil                     
    -------------------------------------------------------------------------
DATA_Z
  Relative segment, address: CODE_AREA 00002160 - 0000219F (0x40 bytes), align: 2
  Segment part 58.            Intra module refs:   Segment part 104
                                                   Segment part 135
           ENTRY                   ADDRESS         REF BY
           =====                   =======         ======
           rms_path                00002160 
    -------------------------------------------------------------------------
DATA_Z
  Relative segment, address: CODE_AREA 000021A0 - 000021DF (0x40 bytes), align: 2
  Segment part 59.            Intra module refs:   day_extractor
           ENTRY                   ADDRESS         REF BY
           =====                   =======         ======
           app1                    000021A0 
    -------------------------------------------------------------------------
DATA_Z
  Relative segment, address: CODE_AREA 000021E0 - 0000221F (0x40 bytes), align: 2
  Segment part 60.            Intra module refs:   day_extractor
           ENTRY                   ADDRESS         REF BY
           =====                   =======         ======
           app2                    000021E0 
    -------------------------------------------------------------------------
DATA_Z
  Relative segment, address: CODE_AREA 00002220 - 0000225F (0x40 bytes), align: 2
  Segment part 61.            Intra module refs:   day_extractor
           ENTRY                   ADDRESS         REF BY
           =====                   =======         ======
           app3                    00002220 
    -------------------------------------------------------------------------
DATA_Z
  Relative segment, address: CODE_AREA 00002260 - 0000229F (0x40 bytes), align: 2
  Segment part 62.            Intra module refs:   day_extractor
           ENTRY                   ADDRESS         REF BY
           =====                   =======         ======
           app4                    00002260 
    -------------------------------------------------------------------------
DATA_Z
  Relative segment, address: CODE_AREA 000022A0 - 000022DF (0x40 bytes), align: 2
  Segment part 63.            Intra module refs:   day_extractor
           ENTRY                   ADDRESS         REF BY
           =====                   =======         ======
           app5                    000022A0 
    -------------------------------------------------------------------------
DATA_Z
  Relative segment, address: CODE_AREA 000022E0 - 0000231F (0x40 bytes), align: 2
  Segment part 64.            Intra module refs:   day_extractor
           ENTRY                   ADDRESS         REF BY
           =====                   =======         ======
           app6                    000022E0 
    -------------------------------------------------------------------------
DATA_Z
  Relative segment, address: CODE_AREA 00002320 - 0000235F (0x40 bytes), align: 2
  Segment part 65.            Intra module refs:   day_extractor
           ENTRY                   ADDRESS         REF BY
           =====                   =======         ======
           app7                    00002320 
    -------------------------------------------------------------------------
DATA_Z
  Relative segment, address: CODE_AREA 00002360 - 0000239F (0x40 bytes), align: 2
  Segment part 66.            Intra module refs:   day_extractor
           ENTRY                   ADDRESS         REF BY
           =====                   =======         ======
           app8                    00002360 
    -------------------------------------------------------------------------
DATA_Z
  Relative segment, address: CODE_AREA 000023A0 - 000023DF (0x40 bytes), align: 2
  Segment part 67.            Intra module refs:   open_file
           ENTRY                   ADDRESS         REF BY
           =====                   =======         ======
           day_1                   000023A0 
    -------------------------------------------------------------------------
DATA_Z
  Relative segment, address: CODE_AREA 000023E0 - 000024DF (0x100 bytes), align: 2
  Segment part 68.            Intra module refs:   Segment part 96
           ENTRY                   ADDRESS         REF BY
           =====                   =======         ======
           day_1_1                 000023E0 
    -------------------------------------------------------------------------
CODE
  Segment part 90. NOT NEEDED.
    -------------------------------------------------------------------------
CODE
  Relative segment, address: CODE_AREA 00000184 - 0000022B (0xa8 bytes), align: 2
  Segment part 91.            Intra module refs:   main
           ENTRY                   ADDRESS         REF BY
           =====                   =======         ======
           Check_if_is_file        00000184 
               stack 1 = 00000000 ( 0000003C )
    -------------------------------------------------------------------------
CODE
  Segment part 92. NOT NEEDED.
    -------------------------------------------------------------------------
CODE
  Relative segment, address: CODE_AREA 0000022C - 000005F7 (0x3cc bytes), align: 2
  Segment part 93.            Intra module refs:   open_file
           ENTRY                   ADDRESS         REF BY
           =====                   =======         ======
           day_extractor           0000022C 
               stack 1 = 00000000 ( 00000024 )
    -------------------------------------------------------------------------
CODE
  Segment part 94. NOT NEEDED.
    -------------------------------------------------------------------------
CODE
  Relative segment, address: CODE_AREA 000005F8 - 000008EF (0x2f8 bytes), align: 2
  Segment part 95.            Intra module refs:   search
           ENTRY                   ADDRESS         REF BY
           =====                   =======         ======
           open_file               000005F8 
               stack 1 = 00000000 ( 0000007C )
    -------------------------------------------------------------------------
CODE
  Relative segment, address: CODE_AREA 000008F0 - 000008F3 (0x4 bytes), align: 2
  Segment part 96.            Intra module refs:   day_extractor
                                                   open_file
    -------------------------------------------------------------------------
CODE
  Segment part 97. NOT NEEDED.
    -------------------------------------------------------------------------
CODE
  Relative segment, address: CODE_AREA 000008F4 - 00000F2B (0x638 bytes), align: 2
  Segment part 98.            Intra module refs:   Segment part 152
           ENTRY                   ADDRESS         REF BY
           =====                   =======         ======
           save_file               000008F4 
               stack 1 = 00000000 ( 00000094 )
    -------------------------------------------------------------------------
CODE
  Relative segment, address: CODE_AREA 00000F2C - 00000F2F (0x4 bytes), align: 2
  Segment part 99.            Intra module refs:   Check_if_is_file
                                                   open_file
                                                   save_file
    -------------------------------------------------------------------------
CODE
  Relative segment, address: CODE_AREA 00000F30 - 00000F33 (0x4 bytes), align: 2
  Segment part 100.           Intra module refs:   open_file
                                                   save_file
    -------------------------------------------------------------------------
CODE
  Relative segment, address: CODE_AREA 00000F34 - 00000F37 (0x4 bytes), align: 2
  Segment part 101.           Intra module refs:   open_file
                                                   save_file
    -------------------------------------------------------------------------
CODE
  Relative segment, address: CODE_AREA 00000F38 - 00000F3B (0x4 bytes), align: 2
  Segment part 102.           Intra module refs:   open_file
                                                   save_file
    -------------------------------------------------------------------------
CODE
  Relative segment, address: CODE_AREA 00000F3C - 00000F3F (0x4 bytes), align: 2
  Segment part 103.           Intra module refs:   open_file
                                                   save_file
    -------------------------------------------------------------------------
CODE
  Relative segment, address: CODE_AREA 00000F40 - 00000F43 (0x4 bytes), align: 2
  Segment part 104.           Intra module refs:   Check_if_is_file
                                                   open_file
                                                   save_file
    -------------------------------------------------------------------------
CODE
  Segment part 105. NOT NEEDED.
    -------------------------------------------------------------------------
CODE
  Relative segment, address: CODE_AREA 00000F44 - 00000F47 (0x4 bytes), align: 2
  Segment part 106.           Intra module refs:   gui_methods
           ENTRY                   ADDRESS         REF BY
           =====                   =======         ======
           OnRedraw                00000F44 
    -------------------------------------------------------------------------
CODE
  Segment part 107. NOT NEEDED.
    -------------------------------------------------------------------------
CODE
  Relative segment, address: CODE_AREA 00000F48 - 00000F53 (0xc bytes), align: 2
  Segment part 108.           Intra module refs:   gui_methods
           ENTRY                   ADDRESS         REF BY
           =====                   =======         ======
           onCreate                00000F48 
    -------------------------------------------------------------------------
CODE
  Segment part 109. NOT NEEDED.
    -------------------------------------------------------------------------
CODE
  Relative segment, address: CODE_AREA 00000F54 - 00000F5F (0xc bytes), align: 2
  Segment part 110.           Intra module refs:   gui_methods
           ENTRY                   ADDRESS         REF BY
           =====                   =======         ======
           onClose                 00000F54 
    -------------------------------------------------------------------------
CODE
  Segment part 111. NOT NEEDED.
    -------------------------------------------------------------------------
CODE
  Relative segment, address: CODE_AREA 00000F60 - 00000F73 (0x14 bytes), align: 2
  Segment part 112.           Intra module refs:   gui_methods
           ENTRY                   ADDRESS         REF BY
           =====                   =======         ======
           onFocus                 00000F60 
               stack 1 = 00000000 ( 00000004 )
    -------------------------------------------------------------------------
CODE
  Segment part 113. NOT NEEDED.
    -------------------------------------------------------------------------
CODE
  Relative segment, address: CODE_AREA 00000F74 - 00000F87 (0x14 bytes), align: 2
  Segment part 114.           Intra module refs:   gui_methods
           ENTRY                   ADDRESS         REF BY
           =====                   =======         ======
           onUnfocus               00000F74 
    -------------------------------------------------------------------------
CODE
  Segment part 115. NOT NEEDED.
    -------------------------------------------------------------------------
CODE
  Relative segment, address: CODE_AREA 00000F88 - 00000F97 (0x10 bytes), align: 2
  Segment part 116.           Intra module refs:   gui_methods
           ENTRY                   ADDRESS         REF BY
           =====                   =======         ======
           OnKey                   00000F88 
               stack 1 = 00000000 ( 00000004 )
    -------------------------------------------------------------------------
CODE
  Segment part 117. NOT NEEDED.
    -------------------------------------------------------------------------
CODE
  Relative segment, address: CODE_AREA 00000F98 - 00000F9B (0x4 bytes), align: 2
  Segment part 118.           Intra module refs:   gui_methods
           ENTRY                   ADDRESS         REF BY
           =====                   =======         ======
           method7                 00000F98 
               stack 1 = 00000000 ( 00000004 )
    -------------------------------------------------------------------------
CODE
  Segment part 119. NOT NEEDED.
    -------------------------------------------------------------------------
CODE
  Relative segment, address: CODE_AREA 00000F9C - 00000FA3 (0x8 bytes), align: 2
  Segment part 120.           Intra module refs:   gui_methods
           ENTRY                   ADDRESS         REF BY
           =====                   =======         ======
           method8                 00000F9C 
    -------------------------------------------------------------------------
CODE
  Segment part 121. NOT NEEDED.
    -------------------------------------------------------------------------
CODE
  Relative segment, address: CODE_AREA 00000FA4 - 00000FAB (0x8 bytes), align: 2
  Segment part 122.           Intra module refs:   gui_methods
           ENTRY                   ADDRESS         REF BY
           =====                   =======         ======
           method9                 00000FA4 
    -------------------------------------------------------------------------
CODE
  Segment part 123. NOT NEEDED.
    -------------------------------------------------------------------------
DATA_C
  Relative segment, address: CODE_AREA 00001AD4 - 00001AFF (0x2c bytes), align: 2
  Segment part 69.            Intra module refs:   maincsm_oncreate
           ENTRY                   ADDRESS         REF BY
           =====                   =======         ======
           gui_methods             00001AD4 
    -------------------------------------------------------------------------
DATA_C
  Relative segment, address: CODE_AREA 00001B00 - 00001B07 (0x8 bytes), align: 2
  Segment part 70.            Intra module refs:   maincsm_oncreate
           ENTRY                   ADDRESS         REF BY
           =====                   =======         ======
           Canvas                  00001B00 
    -------------------------------------------------------------------------
CODE
  Relative segment, address: CODE_AREA 00000FAC - 0000102F (0x84 bytes), align: 2
  Segment part 124.           Intra module refs:   MAINCSM
           ENTRY                   ADDRESS         REF BY
           =====                   =======         ======
           maincsm_oncreate        00000FAC 
               stack 1 = 00000000 ( 00000010 )
    -------------------------------------------------------------------------
CODE
  Segment part 125. NOT NEEDED.
    -------------------------------------------------------------------------
CODE
  Relative segment, address: CODE_AREA 00001030 - 0000104B (0x1c bytes), align: 2
  Segment part 126.           Intra module refs:   maincsm_onclose
           ENTRY                   ADDRESS         REF BY
           =====                   =======         ======
           ElfKiller               00001030 
               stack 1 = 00000000 ( 00000004 )
    -------------------------------------------------------------------------
CODE
  Segment part 127. NOT NEEDED.
    -------------------------------------------------------------------------
CODE
  Relative segment, address: CODE_AREA 0000104C - 0000105F (0x14 bytes), align: 2
  Segment part 128.           Intra module refs:   MAINCSM
           ENTRY                   ADDRESS         REF BY
           =====                   =======         ======
           maincsm_onclose         0000104C 
               stack 1 = 00000000 ( 00000004 )
    -------------------------------------------------------------------------
CODE
  Segment part 129. NOT NEEDED.
    -------------------------------------------------------------------------
CODE
  Relative segment, address: CODE_AREA 00001060 - 0000108F (0x30 bytes), align: 2
  Segment part 130.           Intra module refs:   MAINCSM
           ENTRY                   ADDRESS         REF BY
           =====                   =======         ======
           maincsm_onmessage       00001060 
    -------------------------------------------------------------------------
CODE
  Segment part 131. NOT NEEDED.
    -------------------------------------------------------------------------
DATA_C
  Relative segment, address: CODE_AREA 00001B08 - 00001B43 (0x3c bytes), align: 2
  Segment part 71.            Intra module refs:   UpdateCSMname
                                                   main
           ENTRY                   ADDRESS         REF BY
           =====                   =======         ======
           MAINCSM                 00001B08 
    -------------------------------------------------------------------------
CODE
  Relative segment, address: CODE_AREA 00001090 - 000010AB (0x1c bytes), align: 2
  Segment part 132.           Intra module refs:   main
           ENTRY                   ADDRESS         REF BY
           =====                   =======         ======
           UpdateCSMname           00001090 
               stack 1 = 00000000 ( 00000004 )
    -------------------------------------------------------------------------
CODE
  Segment part 133. NOT NEEDED.
    -------------------------------------------------------------------------
CODE
  Relative segment, address: CODE_AREA 000010AC - 00001107 (0x5c bytes), align: 2
  Segment part 134.
           ENTRY                   ADDRESS         REF BY
           =====                   =======         ======
           main                    000010AC        Absolute parts (?ABS_ENTRY_MOD)
               stack 1 = 00000000 ( 00000030 )
    -------------------------------------------------------------------------
CODE
  Relative segment, address: CODE_AREA 00001108 - 0000110B (0x4 bytes), align: 2
  Segment part 135.           Intra module refs:   main
    -------------------------------------------------------------------------
CODE
  Segment part 136. NOT NEEDED.
    -------------------------------------------------------------------------
CODE
  Relative segment, address: CODE_AREA 0000110C - 0000112B (0x20 bytes), align: 2
  Segment part 137.           Intra module refs:   Segment part 80
           ENTRY                   ADDRESS         REF BY
           =====                   =======         ======
           edchat_ghook            0000110C 
               stack 1 = 00000000 ( 00000004 )
    -------------------------------------------------------------------------
CODE
  Segment part 138. NOT NEEDED.
    -------------------------------------------------------------------------
DATA_I
  Relative segment, address: DATA_AREA 00000004 - 0000000B (0x8 bytes), align: 2
  Segment part 72.            Intra module refs:   edchat_ghook
    -------------------------------------------------------------------------
DATA_Z
  Segment part 74. NOT NEEDED.
           ENTRY                   ADDRESS         REF BY
           =====                   =======         ======
           itemnum                 
    -------------------------------------------------------------------------
DATA_Z
  Relative segment, address: CODE_AREA 000024E0 - 000024E3 (0x4 bytes), align: 2
  Segment part 75.            Intra module refs:   create_ed
           ENTRY                   ADDRESS         REF BY
           =====                   =======         ======
           wd_id                   000024E0 
    -------------------------------------------------------------------------
CODE
  Relative segment, address: CODE_AREA 0000112C - 0000116B (0x40 bytes), align: 2
  Segment part 139.           Intra module refs:   Segment part 80
           ENTRY                   ADDRESS         REF BY
           =====                   =======         ======
           edchat_onkey            0000112C 
               stack 1 = 00000000 ( 00000008 )
    -------------------------------------------------------------------------
CODE
  Relative segment, address: CODE_AREA 0000116C - 0000116F (0x4 bytes), align: 2
  Segment part 140.           Intra module refs:   day_extractor
                                                   edchat_onkey
                                                   open_file
                                                   save_file
    -------------------------------------------------------------------------
CODE
  Segment part 141. NOT NEEDED.
    -------------------------------------------------------------------------
CODE
  Relative segment, address: CODE_AREA 00001170 - 00001173 (0x4 bytes), align: 2
  Segment part 142.           Intra module refs:   Segment part 80
           ENTRY                   ADDRESS         REF BY
           =====                   =======         ======
           edchat_locret           00001170 
    -------------------------------------------------------------------------
CODE
  Segment part 143. NOT NEEDED.
    -------------------------------------------------------------------------
DATA_I
  Relative segment, address: DATA_AREA 0000000C - 0000001F (0x14 bytes), align: 2
  Segment part 76.            Intra module refs:   create_ed
           ENTRY                   ADDRESS         REF BY
           =====                   =======         ======
           edchat_hdr              0000000C 
    -------------------------------------------------------------------------
DATA_C
  Relative segment, address: CODE_AREA 00001B44 - 00001B5B (0x18 bytes), align: 2
  Segment part 78.            Intra module refs:   menu_skt
    -------------------------------------------------------------------------
DATA_C
  Relative segment, address: CODE_AREA 00001B5C - 00001B63 (0x8 bytes), align: 2
  Segment part 79.            Intra module refs:   Segment part 80
           ENTRY                   ADDRESS         REF BY
           =====                   =======         ======
           menu_skt                00001B5C 
    -------------------------------------------------------------------------
DATA_C
  Relative segment, address: CODE_AREA 00001B64 - 00001B9B (0x38 bytes), align: 2
  Segment part 80.            Intra module refs:   create_ed
    -------------------------------------------------------------------------
CODE
  Relative segment, address: CODE_AREA 00001174 - 0000166B (0x4f8 bytes), align: 2
  Segment part 144.           Intra module refs:   maincsm_oncreate
           ENTRY                   ADDRESS         REF BY
           =====                   =======         ======
           create_ed               00001174 
               stack 1 = 00000000 ( 00000064 )
    -------------------------------------------------------------------------
CODE
  Segment part 145. NOT NEEDED.
    -------------------------------------------------------------------------
CODE
  Relative segment, address: CODE_AREA 0000166C - 00001697 (0x2c bytes), align: 2
  Segment part 146.           Intra module refs:   menuprocs
           ENTRY                   ADDRESS         REF BY
           =====                   =======         ======
           search                  0000166C 
               stack 1 = 00000000 ( 00000004 )
    -------------------------------------------------------------------------
CODE
  Segment part 147. NOT NEEDED.
    -------------------------------------------------------------------------
CODE
  Relative segment, address: CODE_AREA 00001698 - 000016CB (0x34 bytes), align: 2
  Segment part 148.           Intra module refs:   menuprocs
           ENTRY                   ADDRESS         REF BY
           =====                   =======         ======
           save                    00001698 
               stack 1 = 00000000 ( 00000004 )
    -------------------------------------------------------------------------
CODE
  Segment part 149. NOT NEEDED.
    -------------------------------------------------------------------------
CODE
  Relative segment, address: CODE_AREA 000016CC - 000016FF (0x34 bytes), align: 2
  Segment part 150.           Intra module refs:   menuprocs
           ENTRY                   ADDRESS         REF BY
           =====                   =======         ======
           delet                   000016CC 
               stack 1 = 00000000 ( 00000004 )
    -------------------------------------------------------------------------
CODE
  Relative segment, address: CODE_AREA 00001700 - 00001703 (0x4 bytes), align: 2
  Segment part 151.           Intra module refs:   delet
                                                   save
                                                   save_file
    -------------------------------------------------------------------------
CODE
  Relative segment, address: CODE_AREA 00001704 - 00001707 (0x4 bytes), align: 2
  Segment part 152.           Intra module refs:   delet
                                                   save
    -------------------------------------------------------------------------
CODE
  Segment part 153. NOT NEEDED.
    -------------------------------------------------------------------------
CODE
  Relative segment, address: CODE_AREA 00001708 - 0000171F (0x18 bytes), align: 2
  Segment part 154.           Intra module refs:   menuprocs
           ENTRY                   ADDRESS         REF BY
           =====                   =======         ======
           about                   00001708 
               stack 1 = 00000000 ( 00000004 )
    -------------------------------------------------------------------------
CODE
  Segment part 155. NOT NEEDED.
    -------------------------------------------------------------------------
CODE
  Relative segment, address: CODE_AREA 00001720 - 00001733 (0x14 bytes), align: 2
  Segment part 156.           Intra module refs:   menuprocs
           ENTRY                   ADDRESS         REF BY
           =====                   =======         ======
           exit                    00001720 
               stack 1 = 00000000 ( 00000004 )
    -------------------------------------------------------------------------
CODE
  Relative segment, address: CODE_AREA 00001734 - 00001737 (0x4 bytes), align: 2
  Segment part 157.           Intra module refs:   edchat_onkey
                                                   exit
                                                   main
    -------------------------------------------------------------------------
CODE
  Segment part 158. NOT NEEDED.
    -------------------------------------------------------------------------
DATA_I
  Relative segment, address: DATA_AREA 00000020 - 00000027 (0x8 bytes), align: 2
  Segment part 81.            Intra module refs:   menuhdr
           ENTRY                   ADDRESS         REF BY
           =====                   =======         ======
           icon                    00000020 
    -------------------------------------------------------------------------
DATA_C
  Relative segment, address: CODE_AREA 00001B9C - 00001BAF (0x14 bytes), align: 2
  Segment part 83.            Intra module refs:   MMenu
           ENTRY                   ADDRESS         REF BY
           =====                   =======         ======
           menuhdr                 00001B9C 
    -------------------------------------------------------------------------
DATA_C
  Relative segment, address: CODE_AREA 00001BB0 - 00001BBB (0xc bytes), align: 2
  Segment part 84.            Intra module refs:   tmenu
           ENTRY                   ADDRESS         REF BY
           =====                   =======         ======
           menusoftkeys            00001BB0 
    -------------------------------------------------------------------------
DATA_C
  Relative segment, address: CODE_AREA 00001BBC - 00001C47 (0x8c bytes), align: 2
  Segment part 85.            Intra module refs:   tmenu
           ENTRY                   ADDRESS         REF BY
           =====                   =======         ======
           menuitems               00001BBC 
    -------------------------------------------------------------------------
DATA_C
  Relative segment, address: CODE_AREA 00001C48 - 00001C5B (0x14 bytes), align: 2
  Segment part 86.            Intra module refs:   tmenu
           ENTRY                   ADDRESS         REF BY
           =====                   =======         ======
           menuprocs               00001C48 
    -------------------------------------------------------------------------
DATA_C
  Relative segment, address: CODE_AREA 00001C5C - 00001C73 (0x18 bytes), align: 2
  Segment part 87.            Intra module refs:   menu_skt1
           ENTRY                   ADDRESS         REF BY
           =====                   =======         ======
           menu_sk1                00001C5C 
    -------------------------------------------------------------------------
DATA_C
  Relative segment, address: CODE_AREA 00001C74 - 00001C7B (0x8 bytes), align: 2
  Segment part 88.            Intra module refs:   tmenu
           ENTRY                   ADDRESS         REF BY
           =====                   =======         ======
           menu_skt1               00001C74 
    -------------------------------------------------------------------------
DATA_C
  Relative segment, address: CODE_AREA 00001C7C - 00001CA7 (0x2c bytes), align: 2
  Segment part 89.            Intra module refs:   MMenu
           ENTRY                   ADDRESS         REF BY
           =====                   =======         ======
           tmenu                   00001C7C 
    -------------------------------------------------------------------------
CODE
  Relative segment, address: CODE_AREA 00001738 - 00001797 (0x60 bytes), align: 2
  Segment part 159.           Intra module refs:   edchat_onkey
           ENTRY                   ADDRESS         REF BY
           =====                   =======         ======
           MMenu                   00001738 
               stack 1 = 00000000 ( 00000018 )
    -------------------------------------------------------------------------
CODE
  Segment part 160. NOT NEEDED.Intra module refs   day_extractor
                                                   open_file
    -------------------------------------------------------------------------
CODE
  Segment part 161. NOT NEEDED.Intra module refs   open_file
                                                   save_file
    -------------------------------------------------------------------------
CODE
  Segment part 162. NOT NEEDED.Intra module refs   ElfKiller
                                                   method7
    -------------------------------------------------------------------------
CODE
  Segment part 163. NOT NEEDED.Intra module refs   main
    -------------------------------------------------------------------------
CSTACK
  Segment part 1. NOT NEEDED.
    -------------------------------------------------------------------------
DATA_ID
  Relative segment, address: CODE_AREA 00000004 - 0000000B (0x8 bytes), align: 2
  Segment part 73.            Intra module refs:   Segment part 72
    -------------------------------------------------------------------------
DATA_ID
  Relative segment, address: CODE_AREA 0000000C - 0000001F (0x14 bytes), align: 2
  Segment part 77.            Intra module refs:   edchat_hdr
    -------------------------------------------------------------------------
DATA_ID
  Relative segment, address: CODE_AREA 00000020 - 00000027 (0x8 bytes), align: 2
  Segment part 82.            Intra module refs:   icon
    -------------------------------------------------------------------------
DATA_ID
  Segment part 164. TENTATIVE. Used definition from conf_loader
           ENTRY                   ADDRESS         REF BY
           =====                   =======         ======
           ?*?DATA_ID              
    -------------------------------------------------------------------------
INITTAB
  Segment part 165. TENTATIVE. Used definition from conf_loader
           ENTRY                   ADDRESS         REF BY
           =====                   =======         ======
           ?init?tab?DATA_I        
    -------------------------------------------------------------------------
INITTAB
  Relative segment, address: CODE_AREA 00002010 - 0000201B (0xc bytes), align: 2
  Segment part 166. ROOT.
           ENTRY                   ADDRESS         REF BY
           =====                   =======         ======
           ?init?tab?DATA_Z        00002010 

    *************************************************************************

  FILE NAME : D:\pasha\elf\evil_src\reminder ms\mrs editor\Release\Obj\strings.r79
  PROGRAM MODULE, NAME : strings

  SEGMENTS IN THE MODULE
  ======================
DATA_C
  Relative segment, address: CODE_AREA 00001CA8 - 00001EFF (0x258 bytes), align: 2
  Segment part 2.             Intra module refs:   char16to8
           ENTRY                   ADDRESS         REF BY
           =====                   =======         ======
           unicode2char            00001CA8 
    -------------------------------------------------------------------------
DATA_C
  Relative segment, address: CODE_AREA 00001F00 - 00001FFF (0x100 bytes), align: 2
  Segment part 3.             Intra module refs:   char8to16
           ENTRY                   ADDRESS         REF BY
           =====                   =======         ======
           win2unicode             00001F00 
    -------------------------------------------------------------------------
CODE
  Segment part 4. NOT NEEDED.
    -------------------------------------------------------------------------
CODE
  Relative segment, address: CODE_AREA 00001798 - 000017B7 (0x20 bytes), align: 2
  Segment part 5.             Intra module refs:   ascii2ws
           ENTRY                   ADDRESS         REF BY
           =====                   =======         ======
           char8to16               00001798 
    -------------------------------------------------------------------------
CODE
  Segment part 6. NOT NEEDED.
    -------------------------------------------------------------------------
CODE
  Relative segment, address: CODE_AREA 000017B8 - 000017FB (0x44 bytes), align: 2
  Segment part 7.             Intra module refs:   ws2ascii
           ENTRY                   ADDRESS         REF BY
           =====                   =======         ======
           char16to8               000017B8 
    -------------------------------------------------------------------------
CODE
  Segment part 8. NOT NEEDED.
    -------------------------------------------------------------------------
CODE
  Relative segment, address: CODE_AREA 000017FC - 0000183B (0x40 bytes), align: 2
  Segment part 9.
           ENTRY                   ADDRESS         REF BY
           =====                   =======         ======
           ascii2ws                000017FC        day_extractor (main)
                                                   open_file (main)
               stack 1 = 00000000 ( 0000000C )
    -------------------------------------------------------------------------
CODE
  Segment part 10. NOT NEEDED.
    -------------------------------------------------------------------------
CODE
  Relative segment, address: CODE_AREA 0000183C - 00001897 (0x5c bytes), align: 2
  Segment part 11.
           ENTRY                   ADDRESS         REF BY
           =====                   =======         ======
           ws2ascii                0000183C        open_file (main)
                                                   save_file (main)
               stack 1 = 00000000 ( 00000018 )
    -------------------------------------------------------------------------
CSTACK
  Segment part 1. NOT NEEDED.




                ****************************************
                *                                      *
                *            MODULE SUMMARY            *
                *                                      *
                ****************************************

Module             CODE   DATA
------             ----   ----
                  (Rel)  (Rel)
conf_loader         401      4
  + shared           12
config_data       1 180
func                  8
main              7 911     36
strings           1 112
N/A (alignment)
------           ------     --
Total:           10 624     40


                ****************************************
                *                                      *
                *              CALL GRAPH              *
                *                                      *
                ****************************************

  ->Sub-tree of type: Indirectly called function tree that does not make
                    : indirect calls (Is not an interrupt and is not flagged
                    : as not overlayable)
                             CSTACK
    | Stack used (prev) :  00000000
  01  open_file
      | Stack used (prev) :  00000000
      | + function block  :  0000007C
  <-Sub-tree of type: Indirectly called function tree that does not make
                    : indirect calls (Is not an interrupt and is not flagged
                    : as not overlayable)
    | Stack used          :  0000007C


  ->Sub-tree of type: Indirectly called function tree that does not make
                    : indirect calls (Is not an interrupt and is not flagged
                    : as not overlayable)
                             CSTACK
    | Stack used (prev) :  00000000
  01  save_file
      | Stack used (prev) :  00000000
      | + function block  :  00000094
  <-Sub-tree of type: Indirectly called function tree that does not make
                    : indirect calls (Is not an interrupt and is not flagged
                    : as not overlayable)
    | Stack used          :  00000094


  ->Sub-tree of type: Indirectly called function tree that does not make
                    : indirect calls (Is not an interrupt and is not flagged
                    : as not overlayable)
                             CSTACK
    | Stack used (prev) :  00000000
  01  OnRedraw
      | Stack used (prev) :  00000000
      | + function block  :  00000000
  <-Sub-tree of type: Indirectly called function tree that does not make
                    : indirect calls (Is not an interrupt and is not flagged
                    : as not overlayable)
    | Stack used          :  00000000


  ->Sub-tree of type: Indirectly called function tree that does not make
                    : indirect calls (Is not an interrupt and is not flagged
                    : as not overlayable)
                             CSTACK
    | Stack used (prev) :  00000000
  01  onCreate
      | Stack used (prev) :  00000000
      | + function block  :  00000000
  <-Sub-tree of type: Indirectly called function tree that does not make
                    : indirect calls (Is not an interrupt and is not flagged
                    : as not overlayable)
    | Stack used          :  00000000


  ->Sub-tree of type: Indirectly called function tree that does not make
                    : indirect calls (Is not an interrupt and is not flagged
                    : as not overlayable)
                             CSTACK
    | Stack used (prev) :  00000000
  01  onClose
      | Stack used (prev) :  00000000
      | + function block  :  00000000
  <-Sub-tree of type: Indirectly called function tree that does not make
                    : indirect calls (Is not an interrupt and is not flagged
                    : as not overlayable)
    | Stack used          :  00000000


  ->Sub-tree of type: Indirectly called function tree that does not make
                    : indirect calls (Is not an interrupt and is not flagged
                    : as not overlayable)
                             CSTACK
    | Stack used (prev) :  00000000
  01  onFocus
      | Stack used (prev) :  00000000
      | + function block  :  00000004
  <-Sub-tree of type: Indirectly called function tree that does not make
                    : indirect calls (Is not an interrupt and is not flagged
                    : as not overlayable)
    | Stack used          :  00000004


  ->Sub-tree of type: Indirectly called function tree that does not make
                    : indirect calls (Is not an interrupt and is not flagged
                    : as not overlayable)
                             CSTACK
    | Stack used (prev) :  00000000
  01  onUnfocus
      | Stack used (prev) :  00000000
      | + function block  :  00000000
  <-Sub-tree of type: Indirectly called function tree that does not make
                    : indirect calls (Is not an interrupt and is not flagged
                    : as not overlayable)
    | Stack used          :  00000000


  ->Sub-tree of type: Indirectly called function tree that does not make
                    : indirect calls (Is not an interrupt and is not flagged
                    : as not overlayable)
                             CSTACK
    | Stack used (prev) :  00000000
  01  OnKey
      | Stack used (prev) :  00000000
      | + function block  :  00000004
  <-Sub-tree of type: Indirectly called function tree that does not make
                    : indirect calls (Is not an interrupt and is not flagged
                    : as not overlayable)
    | Stack used          :  00000004


  ->Sub-tree of type: Indirectly called function tree that does not make
                    : indirect calls (Is not an interrupt and is not flagged
                    : as not overlayable)
                             CSTACK
    | Stack used (prev) :  00000000
  01  method7
      | Stack used (prev) :  00000000
      | + function block  :  00000004
  <-Sub-tree of type: Indirectly called function tree that does not make
                    : indirect calls (Is not an interrupt and is not flagged
                    : as not overlayable)
    | Stack used          :  00000004


  ->Sub-tree of type: Indirectly called function tree that does not make
                    : indirect calls (Is not an interrupt and is not flagged
                    : as not overlayable)
                             CSTACK
    | Stack used (prev) :  00000000
  01  method8
      | Stack used (prev) :  00000000
      | + function block  :  00000000
  <-Sub-tree of type: Indirectly called function tree that does not make
                    : indirect calls (Is not an interrupt and is not flagged
                    : as not overlayable)
    | Stack used          :  00000000


  ->Sub-tree of type: Indirectly called function tree that does not make
                    : indirect calls (Is not an interrupt and is not flagged
                    : as not overlayable)
                             CSTACK
    | Stack used (prev) :  00000000
  01  method9
      | Stack used (prev) :  00000000
      | + function block  :  00000000
  <-Sub-tree of type: Indirectly called function tree that does not make
                    : indirect calls (Is not an interrupt and is not flagged
                    : as not overlayable)
    | Stack used          :  00000000


  ->Sub-tree of type: Indirectly called function tree that does not make
                    : indirect calls (Is not an interrupt and is not flagged
                    : as not overlayable)
                             CSTACK
    | Stack used (prev) :  00000000
  01  maincsm_oncreate
      | Stack used (prev) :  00000000
      | + function block  :  00000010
  <-Sub-tree of type: Indirectly called function tree that does not make
                    : indirect calls (Is not an interrupt and is not flagged
                    : as not overlayable)
    | Stack used          :  00000010


  ->Sub-tree of type: Indirectly called function tree that does not make
                    : indirect calls (Is not an interrupt and is not flagged
                    : as not overlayable)
                             CSTACK
    | Stack used (prev) :  00000000
  01  ElfKiller
      | Stack used (prev) :  00000000
      | + function block  :  00000004
  <-Sub-tree of type: Indirectly called function tree that does not make
                    : indirect calls (Is not an interrupt and is not flagged
                    : as not overlayable)
    | Stack used          :  00000004


  ->Sub-tree of type: Indirectly called function tree that does not make
                    : indirect calls (Is not an interrupt and is not flagged
                    : as not overlayable)
                             CSTACK
    | Stack used (prev) :  00000000
  01  maincsm_onclose
      | Stack used (prev) :  00000000
      | + function block  :  00000004
  <-Sub-tree of type: Indirectly called function tree that does not make
                    : indirect calls (Is not an interrupt and is not flagged
                    : as not overlayable)
    | Stack used          :  00000004


  ->Sub-tree of type: Indirectly called function tree that does not make
                    : indirect calls (Is not an interrupt and is not flagged
                    : as not overlayable)
                             CSTACK
    | Stack used (prev) :  00000000
  01  maincsm_onmessage
      | Stack used (prev) :  00000000
      | + function block  :  00000000
  <-Sub-tree of type: Indirectly called function tree that does not make
                    : indirect calls (Is not an interrupt and is not flagged
                    : as not overlayable)
    | Stack used          :  00000000


  ->Sub-tree of type: Indirectly called function tree that does not make
                    : indirect calls (Is not an interrupt and is not flagged
                    : as not overlayable)
                             CSTACK
    | Stack used (prev) :  00000000
  01  edchat_ghook
      | Stack used (prev) :  00000000
      | + function block  :  00000004
  <-Sub-tree of type: Indirectly called function tree that does not make
                    : indirect calls (Is not an interrupt and is not flagged
                    : as not overlayable)
    | Stack used          :  00000004


  ->Sub-tree of type: Indirectly called function tree that does not make
                    : indirect calls (Is not an interrupt and is not flagged
                    : as not overlayable)
                             CSTACK
    | Stack used (prev) :  00000000
  01  edchat_onkey
      | Stack used (prev) :  00000000
      | + function block  :  00000008
  <-Sub-tree of type: Indirectly called function tree that does not make
                    : indirect calls (Is not an interrupt and is not flagged
                    : as not overlayable)
    | Stack used          :  00000008


  ->Sub-tree of type: Indirectly called function tree that does not make
                    : indirect calls (Is not an interrupt and is not flagged
                    : as not overlayable)
                             CSTACK
    | Stack used (prev) :  00000000
  01  edchat_locret
      | Stack used (prev) :  00000000
      | + function block  :  00000000
  <-Sub-tree of type: Indirectly called function tree that does not make
                    : indirect calls (Is not an interrupt and is not flagged
                    : as not overlayable)
    | Stack used          :  00000000


  ->Sub-tree of type: Indirectly called function tree that does not make
                    : indirect calls (Is not an interrupt and is not flagged
                    : as not overlayable)
                             CSTACK
    | Stack used (prev) :  00000000
  01  create_ed
      | Stack used (prev) :  00000000
      | + function block  :  00000064
  <-Sub-tree of type: Indirectly called function tree that does not make
                    : indirect calls (Is not an interrupt and is not flagged
                    : as not overlayable)
    | Stack used          :  00000064


  ->Sub-tree of type: Indirectly called function tree that does not make
                    : indirect calls (Is not an interrupt and is not flagged
                    : as not overlayable)
                             CSTACK
    | Stack used (prev) :  00000000
  01  search
      | Stack used (prev) :  00000000
      | + function block  :  00000004
  <-Sub-tree of type: Indirectly called function tree that does not make
                    : indirect calls (Is not an interrupt and is not flagged
                    : as not overlayable)
    | Stack used          :  00000004


  ->Sub-tree of type: Indirectly called function tree that does not make
                    : indirect calls (Is not an interrupt and is not flagged
                    : as not overlayable)
                             CSTACK
    | Stack used (prev) :  00000000
  01  save
      | Stack used (prev) :  00000000
      | + function block  :  00000004
  <-Sub-tree of type: Indirectly called function tree that does not make
                    : indirect calls (Is not an interrupt and is not flagged
                    : as not overlayable)
    | Stack used          :  00000004


  ->Sub-tree of type: Indirectly called function tree that does not make
                    : indirect calls (Is not an interrupt and is not flagged
                    : as not overlayable)
                             CSTACK
    | Stack used (prev) :  00000000
  01  delet
      | Stack used (prev) :  00000000
      | + function block  :  00000004
  <-Sub-tree of type: Indirectly called function tree that does not make
                    : indirect calls (Is not an interrupt and is not flagged
                    : as not overlayable)
    | Stack used          :  00000004


  ->Sub-tree of type: Indirectly called function tree that does not make
                    : indirect calls (Is not an interrupt and is not flagged
                    : as not overlayable)
                             CSTACK
    | Stack used (prev) :  00000000
  01  about
      | Stack used (prev) :  00000000
      | + function block  :  00000004
  <-Sub-tree of type: Indirectly called function tree that does not make
                    : indirect calls (Is not an interrupt and is not flagged
                    : as not overlayable)
    | Stack used          :  00000004


  ->Sub-tree of type: Indirectly called function tree that does not make
                    : indirect calls (Is not an interrupt and is not flagged
                    : as not overlayable)
                             CSTACK
    | Stack used (prev) :  00000000
  01  exit
      | Stack used (prev) :  00000000
      | + function block  :  00000004
  <-Sub-tree of type: Indirectly called function tree that does not make
                    : indirect calls (Is not an interrupt and is not flagged
                    : as not overlayable)
    | Stack used          :  00000004


  ->Sub-tree of type: Function tree
                             CSTACK
    | Stack used (prev) :  00000094
  01  LoadConfigData
      | Stack used (prev) :  00000094
      | + function block  :  00000030
  <-Sub-tree of type: Function tree
    | Stack used          :  000000C4


  ->Sub-tree of type: Function tree
                             CSTACK
    | Stack used (prev) :  000000C4
  01  InitConfig
      | Stack used (prev) :  000000C4
      | + function block  :  00000004
  <-Sub-tree of type: Function tree
    | Stack used          :  000000C8


  ->Sub-tree of type: Function tree
                             CSTACK
    | Stack used (prev) :  000000C8
  01  Check_if_is_file
      | Stack used (prev) :  000000C8
      | + function block  :  0000003C
  <-Sub-tree of type: Function tree
    | Stack used          :  00000104


  ->Sub-tree of type: Function tree
                             CSTACK
    | Stack used (prev) :  00000104
  01  day_extractor
      | Stack used (prev) :  00000104
      | + function block  :  00000024
  <-Sub-tree of type: Function tree
    | Stack used          :  00000128


  ->Sub-tree of type: Function tree
                             CSTACK
    | Stack used (prev) :  00000128
  01  UpdateCSMname
      | Stack used (prev) :  00000128
      | + function block  :  00000004
  <-Sub-tree of type: Function tree
    | Stack used          :  0000012C


  ->Sub-tree of type: Function tree
                             CSTACK
    | Stack used (prev) :  0000012C
  01  main
      | Stack used (prev) :  0000012C
      | + function block  :  00000030
  <-Sub-tree of type: Function tree
    | Stack used          :  0000015C


  ->Sub-tree of type: Function tree
                             CSTACK
    | Stack used (prev) :  0000015C
  01  MMenu
      | Stack used (prev) :  0000015C
      | + function block  :  00000018
  <-Sub-tree of type: Function tree
    | Stack used          :  00000174


  ->Sub-tree of type: Function tree
                             CSTACK
    | Stack used (prev) :  00000174
  01  char8to16
      | Stack used (prev) :  00000174
      | + function block  :  00000000
  <-Sub-tree of type: Function tree
    | Stack used          :  00000174


  ->Sub-tree of type: Function tree
                             CSTACK
    | Stack used (prev) :  00000174
  01  char16to8
      | Stack used (prev) :  00000174
      | + function block  :  00000000
  <-Sub-tree of type: Function tree
    | Stack used          :  00000174


  ->Sub-tree of type: Function tree
                             CSTACK
    | Stack used (prev) :  00000174
  01  ascii2ws
      | Stack used (prev) :  00000174
      | + function block  :  0000000C
  <-Sub-tree of type: Function tree
    | Stack used          :  00000180


  ->Sub-tree of type: Function tree
                             CSTACK
    | Stack used (prev) :  00000180
  01  ws2ascii
      | Stack used (prev) :  00000180
      | + function block  :  00000018
  <-Sub-tree of type: Function tree
    | Stack used          :  00000198




                ****************************************
                *                                      *
                *      SEGMENTS IN ADDRESS ORDER       *
                *                                      *
                ****************************************


SEGMENT              SPACE    START ADDRESS   END ADDRESS     SIZE  TYPE  ALIGN
=======              =====    =============   ===========     ====  ====  =====
ELFBEGIN             CODE_AREA           00000000                     rel    0
DATA_ID              CODE_AREA      00000000 - 00000027          28   rel    2
START                CODE_AREA           00000028                     dse    0
CODE                 CODE_AREA      00000028 - 00001897        1870   rel    2
DATA_C               CODE_AREA      00001898 - 00002003         76C   rel    2
INITTAB              CODE_AREA      00002004 - 0000201B          18   rel    2
DATA_Z               CODE_AREA      0000201C - 000024E3         4C8   rel    2
DATA_N               CODE_AREA           000024E4                     dse    0
CONFIG_C             CODE_AREA      000024E4 - 0000297F         49C   rel    2
DATA_I               DATA_AREA      00000000 - 00000027          28   rel    2

                ****************************************
                *                                      *
                *        END OF CROSS REFERENCE        *
                *                                      *
                ****************************************

 10 624 bytes of CODE memory
     40 bytes of DATA memory

Errors: none
Warnings: none

