Error[e46]: Undefined external "memcpy" referred in Main ( C:\arm\CBN\Unrar\Release\Obj\Main.r79 )
Error[e46]: Undefined external "strcpy" referred in Main ( C:\arm\CBN\Unrar\Release\Obj\Main.r79 )
Error[e46]: Undefined external "strlen" referred in Main ( C:\arm\CBN\Unrar\Release\Obj\Main.r79 )
################################################################################
#                                                                              #
#      IAR Universal Linker V4.60I/386                                         #
#                                                                              #
#           Link time     =  05/Aug/2009  15:53:50                             #
#           Target CPU    =  ARM                                               #
#           List file     =  C:\arm\CBN\Unrar\Release\List\TED.map             #
#           Output file 1 =  C:\arm\CBN\Unrar\Release\Exe\TED.elf              #
#                            Format: elf, variant: -ynpraw                     #
#           Command line  =  C:\arm\CBN\Unrar\Release\Obj\FUNC.r79             #
#                            C:\arm\CBN\Unrar\Release\Obj\Main.r79 -o          #
#                            C:\arm\CBN\Unrar\Release\Exe\TED.elf -Felf -l     #
#                            C:\arm\CBN\Unrar\Release\List\TED.map -xmsnio     #
#                            -f C:\arm\3D\test.xcl (-carm                      #
#                            -V(CODE)CODE_AREA,12 -V(DATA)DATA_AREA,12         #
#                            -Z(CODE_AREA)ELFBEGIN,DATA_ID,START,CODE,DATA_C,I #
#                            NITTAB,DATA_Z,DATA_N,CONFIG_C=0-FFFFFFFF          #
#                            -Z(DATA_AREA)DATA_I=0-FFFFFFFF) -ynpraw -s main   #
#                                                                              #
#                        Copyright 1987-2007 IAR Systems. All rights reserved. #
################################################################################





                ****************************************
                *                                      *
                *           CROSS REFERENCE            *
                *                                      *
                ****************************************

       Program entry at : CODE_AREA 00002D04  Relocatable, from module : Main




                ****************************************
                *                                      *
                *            RUNTIME MODEL             *
                *                                      *
                ****************************************

  StackAlign4  = USED
  __cpu_mode   = __pcs__interwork
  __data_model = absolute
  __endian     = little
  __rt_version = 6



                ****************************************
                *                                      *
                *              MODULE MAP              *
                *                                      *
                ****************************************


  DEFINED ABSOLUTE ENTRIES
    *************************************************************************

  DEFINED ABSOLUTE ENTRIES
    *************************************************************************

  FILE NAME : C:\arm\CBN\Unrar\Release\Obj\FUNC.r79
  PROGRAM MODULE, NAME : FUNC

  SEGMENTS IN THE MODULE
  ======================
ELFBEGIN
  Relative segment, address: CODE_AREA 00000000, align: 0
  Segment part 0. ROOT.
           ENTRY                   ADDRESS         REF BY
           =====                   =======         ======
           ELF_BEGIN               00000000        ElfKiller (Main)

    *************************************************************************

  FILE NAME : C:\arm\CBN\Unrar\Release\Obj\Main.r79
  PROGRAM MODULE, NAME : Main

  SEGMENTS IN THE MODULE
  ======================
DATA_Z
  Relative segment, address: CODE_AREA 00003084 - 00003183 (0x100 bytes), align: 2
  Segment part 2.             Intra module refs:   Segment part 331
           ENTRY                   ADDRESS         REF BY
           =====                   =======         ======
           filename                00003084 
    -------------------------------------------------------------------------
CODE
  Segment part 137. NOT NEEDED.
    -------------------------------------------------------------------------
CODE
  Relative segment, address: CODE_AREA 000004BC - 000004D3 (0x18 bytes), align: 2
  Segment part 138.           Intra module refs:   CorrHuff
                                                   InitHuff
                                                   MakeDecodeTables
                                                   ReadTables
                                                   ReadTables20
                                                   UnpInitData
                                                   UnpInitData20
           ENTRY                   ADDRESS         REF BY
           =====                   =======         ======
           memset                  000004BC 
    -------------------------------------------------------------------------
CODE
  Segment part 139. NOT NEEDED.
    -------------------------------------------------------------------------
DATA_Z
  Relative segment, address: CODE_AREA 00003184 - 00003187 (0x4 bytes), align: 2
  Segment part 3.             Intra module refs:   Segment part 329
           ENTRY                   ADDRESS         REF BY
           =====                   =======         ======
           in                      00003184 
    -------------------------------------------------------------------------
DATA_Z
  Relative segment, address: CODE_AREA 00003188 - 0000318B (0x4 bytes), align: 2
  Segment part 4.             Intra module refs:   Segment part 219
                                                   Segment part 330
           ENTRY                   ADDRESS         REF BY
           =====                   =======         ======
           outhandle               00003188 
    -------------------------------------------------------------------------
DATA_Z
  Relative segment, address: CODE_AREA 0000318C - 0000318F (0x4 bytes), align: 2
  Segment part 5.             Intra module refs:   Segment part 220
                                                   Segment part 328
           ENTRY                   ADDRESS         REF BY
           =====                   =======         ======
           err                     0000318C 
    -------------------------------------------------------------------------
DATA_Z
  Relative segment, address: CODE_AREA 00003190 - 00003193 (0x4 bytes), align: 2
  Segment part 6.             Intra module refs:   main
           ENTRY                   ADDRESS         REF BY
           =====                   =======         ======
           HeadType                00003190 
    -------------------------------------------------------------------------
DATA_Z
  Relative segment, address: CODE_AREA 00003194 - 00003197 (0x4 bytes), align: 2
  Segment part 7.             Intra module refs:   main
           ENTRY                   ADDRESS         REF BY
           =====                   =======         ======
           Flags                   00003194 
    -------------------------------------------------------------------------
DATA_Z
  Relative segment, address: CODE_AREA 00003198 - 0000319B (0x4 bytes), align: 2
  Segment part 8.             Intra module refs:   main
           ENTRY                   ADDRESS         REF BY
           =====                   =======         ======
           HeadSize                00003198 
    -------------------------------------------------------------------------
DATA_Z
  Relative segment, address: CODE_AREA 0000319C - 0000319F (0x4 bytes), align: 2
  Segment part 9.             Intra module refs:   main
           ENTRY                   ADDRESS         REF BY
           =====                   =======         ======
           PackSize                0000319C 
    -------------------------------------------------------------------------
DATA_Z
  Relative segment, address: CODE_AREA 000031A0 - 000031A3 (0x4 bytes), align: 2
  Segment part 10.            Intra module refs:   main
           ENTRY                   ADDRESS         REF BY
           =====                   =======         ======
           UnpSize                 000031A0 
    -------------------------------------------------------------------------
DATA_Z
  Relative segment, address: CODE_AREA 000031A4 - 000031A7 (0x4 bytes), align: 2
  Segment part 11.            Intra module refs:   main
           ENTRY                   ADDRESS         REF BY
           =====                   =======         ======
           Version                 000031A4 
    -------------------------------------------------------------------------
DATA_Z
  Relative segment, address: CODE_AREA 000031A8 - 000031AB (0x4 bytes), align: 2
  Segment part 12.            Intra module refs:   main
           ENTRY                   ADDRESS         REF BY
           =====                   =======         ======
           Method                  000031A8 
    -------------------------------------------------------------------------
DATA_Z
  Relative segment, address: CODE_AREA 000031AC - 000031AF (0x4 bytes), align: 2
  Segment part 13.            Intra module refs:   main
           ENTRY                   ADDRESS         REF BY
           =====                   =======         ======
           NameSize                000031AC 
    -------------------------------------------------------------------------
DATA_Z
  Relative segment, address: CODE_AREA 000031B0 - 000031B3 (0x4 bytes), align: 2
  Segment part 14.            Intra module refs:   main
           ENTRY                   ADDRESS         REF BY
           =====                   =======         ======
           NextPos                 000031B0 
    -------------------------------------------------------------------------
DATA_Z
  Relative segment, address: CODE_AREA 000031B4 - 000031B7 (0x4 bytes), align: 2
  Segment part 15.            Intra module refs:   main
           ENTRY                   ADDRESS         REF BY
           =====                   =======         ======
           Attrib                  000031B4 
    -------------------------------------------------------------------------
DATA_Z
  Segment part 16. NOT NEEDED.
           ENTRY                   ADDRESS         REF BY
           =====                   =======         ======
           AllSize                 
    -------------------------------------------------------------------------
DATA_C
  Segment part 17. NOT NEEDED.
           ENTRY                   ADDRESS         REF BY
           =====                   =======         ======
           MAX_SIZE                
    -------------------------------------------------------------------------
DATA_Z
  Relative segment, address: CODE_AREA 000031B8 - 000031BB (0x4 bytes), align: 2
  Segment part 18.            Intra module refs:   Segment part 198
                                                   Segment part 281
           ENTRY                   ADDRESS         REF BY
           =====                   =======         ======
           MAXWINSIZE              000031B8 
    -------------------------------------------------------------------------
DATA_Z
  Relative segment, address: CODE_AREA 000031BC - 000031BF (0x4 bytes), align: 2
  Segment part 19.            Intra module refs:   Segment part 165
                                                   Segment part 283
                                                   Segment part 290
           ENTRY                   ADDRESS         REF BY
           =====                   =======         ======
           MAXWINMASK              000031BC 
    -------------------------------------------------------------------------
DATA_C
  Segment part 20. NOT NEEDED.
           ENTRY                   ADDRESS         REF BY
           =====                   =======         ======
           SIZEOF_SHORTBLOCKHEAD   
    -------------------------------------------------------------------------
DATA_C
  Segment part 21. NOT NEEDED.
           ENTRY                   ADDRESS         REF BY
           =====                   =======         ======
           LHD_SOLID               
    -------------------------------------------------------------------------
DATA_C
  Segment part 22. NOT NEEDED.
           ENTRY                   ADDRESS         REF BY
           =====                   =======         ======
           ATTR_SUB                
    -------------------------------------------------------------------------
DATA_C
  Segment part 23. NOT NEEDED.
           ENTRY                   ADDRESS         REF BY
           =====                   =======         ======
           LOW_DIST_REP_COUNT      
    -------------------------------------------------------------------------
DATA_C
  Segment part 24. NOT NEEDED.
           ENTRY                   ADDRESS         REF BY
           =====                   =======         ======
           BLOCK_LZ                
    -------------------------------------------------------------------------
DATA_C
  Segment part 25. NOT NEEDED.
           ENTRY                   ADDRESS         REF BY
           =====                   =======         ======
           BLOCK_PPM               
    -------------------------------------------------------------------------
DATA_I
  Relative segment, address: DATA_AREA 00000000 - 0000001B (0x1c bytes), align: 2
  Segment part 26.            Intra module refs:   Segment part 169
                                                   Segment part 292
           ENTRY                   ADDRESS         REF BY
           =====                   =======         ======
           LDecode                 00000000 
    -------------------------------------------------------------------------
DATA_I
  Relative segment, address: DATA_AREA 0000001C - 00000037 (0x1c bytes), align: 2
  Segment part 28.            Intra module refs:   Segment part 168
                                                   Segment part 291
           ENTRY                   ADDRESS         REF BY
           =====                   =======         ======
           LBits                   0000001C 
    -------------------------------------------------------------------------
DATA_I
  Relative segment, address: DATA_AREA 00000038 - 000000F7 (0xc0 bytes), align: 2
  Segment part 30.            Intra module refs:   Segment part 170
                                                   Segment part 293
           ENTRY                   ADDRESS         REF BY
           =====                   =======         ======
           DDecode                 00000038 
    -------------------------------------------------------------------------
DATA_I
  Relative segment, address: DATA_AREA 000000F8 - 00000127 (0x30 bytes), align: 2
  Segment part 32.            Intra module refs:   Segment part 171
                                                   Segment part 294
           ENTRY                   ADDRESS         REF BY
           =====                   =======         ======
           DBits                   000000F8 
    -------------------------------------------------------------------------
DATA_I
  Segment part 34. NOT NEEDED.
           ENTRY                   ADDRESS         REF BY
           =====                   =======         ======
           DBitLengthCounts        
    -------------------------------------------------------------------------
DATA_I
  Relative segment, address: DATA_AREA 00000128 - 0000012F (0x8 bytes), align: 2
  Segment part 36.            Intra module refs:   Segment part 172
                                                   Segment part 299
           ENTRY                   ADDRESS         REF BY
           =====                   =======         ======
           SDDecode                00000128 
    -------------------------------------------------------------------------
DATA_I
  Relative segment, address: DATA_AREA 00000130 - 00000137 (0x8 bytes), align: 2
  Segment part 38.            Intra module refs:   Segment part 173
                                                   Segment part 300
           ENTRY                   ADDRESS         REF BY
           =====                   =======         ======
           SDBits                  00000130 
    -------------------------------------------------------------------------
DATA_I
  Relative segment, address: DATA_AREA 00000138 - 0000016B (0x34 bytes), align: 2
  Segment part 40.            Intra module refs:   InitLL
           ENTRY                   ADDRESS         REF BY
           =====                   =======         ======
           LLSize                  00000138 
    -------------------------------------------------------------------------
DATA_Z
  Relative segment, address: CODE_AREA 000031C0 - 00004E93 (0x1cd4 bytes), align: 2
  Segment part 42.            Intra module refs:   Segment part 210
           ENTRY                   ADDRESS         REF BY
           =====                   =======         ======
           DecodeN                 000031C0 
    -------------------------------------------------------------------------
DATA_Z
  Relative segment, address: CODE_AREA 00004E94 - 000055AF (0x71c bytes), align: 2
  Segment part 43.            Intra module refs:   Segment part 162
                                                   Segment part 209
           ENTRY                   ADDRESS         REF BY
           =====                   =======         ======
           LL                      00004E94 
    -------------------------------------------------------------------------
CODE
  Relative segment, address: CODE_AREA 000004D4 - 0000050F (0x3c bytes), align: 2
  Segment part 140.           Intra module refs:   UnpackInit
           ENTRY                   ADDRESS         REF BY
           =====                   =======         ======
           InitLL                  000004D4 
    -------------------------------------------------------------------------
CODE
  Segment part 141. NOT NEEDED.
    -------------------------------------------------------------------------
DATA_Z
  Relative segment, address: CODE_AREA 000055B0 - 00005743 (0x194 bytes), align: 2
  Segment part 44.            Intra module refs:   Segment part 200
           ENTRY                   ADDRESS         REF BY
           =====                   =======         ======
           UnpOldTable             000055B0 
    -------------------------------------------------------------------------
DATA_Z
  Relative segment, address: CODE_AREA 00005744 - 00005747 (0x4 bytes), align: 2
  Segment part 45.            Intra module refs:   Segment part 199
                                                   Segment part 282
                                                   Segment part 325
           ENTRY                   ADDRESS         REF BY
           =====                   =======         ======
           Window                  00005744 
    -------------------------------------------------------------------------
DATA_Z
  Relative segment, address: CODE_AREA 00005748 - 0000574B (0x4 bytes), align: 2
  Segment part 46.            Intra module refs:   Segment part 178
                                                   Segment part 333
           ENTRY                   ADDRESS         REF BY
           =====                   =======         ======
           InBuf                   00005748 
    -------------------------------------------------------------------------
DATA_Z
  Relative segment, address: CODE_AREA 0000574C - 0000574F (0x4 bytes), align: 2
  Segment part 47.            Intra module refs:   Segment part 203
                                                   Segment part 213
                                                   Segment part 306
           ENTRY                   ADDRESS         REF BY
           =====                   =======         ======
           InAddr                  0000574C 
    -------------------------------------------------------------------------
DATA_Z
  Relative segment, address: CODE_AREA 00005750 - 00005753 (0x4 bytes), align: 2
  Segment part 48.            Intra module refs:   Segment part 202
           ENTRY                   ADDRESS         REF BY
           =====                   =======         ======
           InBit                   00005750 
    -------------------------------------------------------------------------
CODE
  Segment part 142. NOT NEEDED.
           ENTRY                   ADDRESS         REF BY
           =====                   =======         ======
           InitBitInput            
               not allocated function
    -------------------------------------------------------------------------
CODE
  Segment part 143. NOT NEEDED.
    -------------------------------------------------------------------------
CODE
  Relative segment, address: CODE_AREA 00000510 - 00000537 (0x28 bytes), align: 2
  Segment part 144.           Intra module refs:   DecodeNum
                                                   DecodeNumber
                                                   HuffDecode
                                                   LongLZ
                                                   ReadEndOfBlock
                                                   ReadTables
                                                   ReadTables20
                                                   ShortLZ
                                                   Unpack20
                                                   Unpack29
           ENTRY                   ADDRESS         REF BY
           =====                   =======         ======
           addbits                 00000510 
    -------------------------------------------------------------------------
CODE
  Segment part 145. NOT NEEDED.
    -------------------------------------------------------------------------
CODE
  Relative segment, address: CODE_AREA 00000538 - 0000057F (0x48 bytes), align: 2
  Segment part 146.           Intra module refs:   DecodeNumber
                                                   GetFlagsBuf
                                                   HuffDecode
                                                   LongLZ
                                                   ReadEndOfBlock
                                                   ReadTables
                                                   ReadTables20
                                                   ShortLZ
                                                   Unpack20
                                                   Unpack29
           ENTRY                   ADDRESS         REF BY
           =====                   =======         ======
           getbits                 00000538 
    -------------------------------------------------------------------------
CODE
  Segment part 147. NOT NEEDED.
    -------------------------------------------------------------------------
DATA_Z
  Relative segment, address: CODE_AREA 00005754 - 00005757 (0x4 bytes), align: 2
  Segment part 49.            Intra module refs:   UnpInitData
           ENTRY                   ADDRESS         REF BY
           =====                   =======         ======
           PPMEscChar              00005754 
    -------------------------------------------------------------------------
DATA_Z
  Segment part 50. NOT NEEDED.
           ENTRY                   ADDRESS         REF BY
           =====                   =======         ======
           LastFilter              
    -------------------------------------------------------------------------
DATA_Z
  Relative segment, address: CODE_AREA 00005758 - 0000575B (0x4 bytes), align: 2
  Segment part 51.            Intra module refs:   Segment part 194
           ENTRY                   ADDRESS         REF BY
           =====                   =======         ======
           TablesRead              00005758 
    -------------------------------------------------------------------------
DATA_Z
  Relative segment, address: CODE_AREA 0000575C - 0000576B (0x10 bytes), align: 2
  Segment part 52.            Intra module refs:   Segment part 195
                                                   Segment part 278
                                                   Segment part 298
           ENTRY                   ADDRESS         REF BY
           =====                   =======         ======
           OldDist                 0000575C 
    -------------------------------------------------------------------------
DATA_Z
  Relative segment, address: CODE_AREA 0000576C - 0000576F (0x4 bytes), align: 2
  Segment part 53.            Intra module refs:   Segment part 231
                                                   Segment part 297
           ENTRY                   ADDRESS         REF BY
           =====                   =======         ======
           OldDistPtr              0000576C 
    -------------------------------------------------------------------------
DATA_Z
  Relative segment, address: CODE_AREA 00005770 - 00005773 (0x4 bytes), align: 2
  Segment part 54.            Intra module refs:   Segment part 197
                                                   Segment part 279
                                                   Segment part 295
           ENTRY                   ADDRESS         REF BY
           =====                   =======         ======
           LastDist                00005770 
    -------------------------------------------------------------------------
DATA_Z
  Relative segment, address: CODE_AREA 00005774 - 00005777 (0x4 bytes), align: 2
  Segment part 55.            Intra module refs:   Segment part 196
                                                   Segment part 280
                                                   Segment part 296
           ENTRY                   ADDRESS         REF BY
           =====                   =======         ======
           LastLength              00005774 
    -------------------------------------------------------------------------
DATA_Z
  Relative segment, address: CODE_AREA 00005778 - 0000577B (0x4 bytes), align: 2
  Segment part 56.            Intra module refs:   Segment part 201
                                                   Segment part 273
                                                   Segment part 289
           ENTRY                   ADDRESS         REF BY
           =====                   =======         ======
           UnpPtr                  00005778 
    -------------------------------------------------------------------------
DATA_Z
  Relative segment, address: CODE_AREA 0000577C - 0000577F (0x4 bytes), align: 2
  Segment part 57.            Intra module refs:   Segment part 218
                                                   Segment part 287
           ENTRY                   ADDRESS         REF BY
           =====                   =======         ======
           WrPtr                   0000577C 
    -------------------------------------------------------------------------
DATA_Z
  Relative segment, address: CODE_AREA 00005780 - 00005783 (0x4 bytes), align: 2
  Segment part 58.            Intra module refs:   Segment part 214
                                                   Segment part 305
           ENTRY                   ADDRESS         REF BY
           =====                   =======         ======
           ReadTop                 00005780 
    -------------------------------------------------------------------------
DATA_Z
  Relative segment, address: CODE_AREA 00005784 - 00005787 (0x4 bytes), align: 2
  Segment part 59.            Intra module refs:   Segment part 206
           ENTRY                   ADDRESS         REF BY
           =====                   =======         ======
           ReadBorder              00005784 
    -------------------------------------------------------------------------
DATA_Z
  Relative segment, address: CODE_AREA 00005788 - 0000578B (0x4 bytes), align: 2
  Segment part 60.            Intra module refs:   Segment part 189
           ENTRY                   ADDRESS         REF BY
           =====                   =======         ======
           UnpBlockType            00005788 
    -------------------------------------------------------------------------
DATA_Z
  Relative segment, address: CODE_AREA 0000578C - 0000578F (0x4 bytes), align: 2
  Segment part 61.            Intra module refs:   Segment part 186
                                                   Segment part 272
                                                   Segment part 288
                                                   Segment part 332
           ENTRY                   ADDRESS         REF BY
           =====                   =======         ======
           DestUnpSize             0000578C 
    -------------------------------------------------------------------------
DATA_Z
  Relative segment, address: CODE_AREA 00005790 - 00005793 (0x4 bytes), align: 2
  Segment part 62.            Intra module refs:   Segment part 166
                                                   Segment part 215
                                                   Segment part 286
           ENTRY                   ADDRESS         REF BY
           =====                   =======         ======
           Suspended               00005790 
    -------------------------------------------------------------------------
DATA_Z
  Relative segment, address: CODE_AREA 00005794 - 00005797 (0x4 bytes), align: 2
  Segment part 63.            Intra module refs:   Segment part 155
                                                   Segment part 222
           ENTRY                   ADDRESS         REF BY
           =====                   =======         ======
           UnpAllBuf               00005794 
    -------------------------------------------------------------------------
DATA_Z
  Relative segment, address: CODE_AREA 00005798 - 0000579B (0x4 bytes), align: 2
  Segment part 64.            Intra module refs:   Segment part 183
                                                   Segment part 221
           ENTRY                   ADDRESS         REF BY
           =====                   =======         ======
           UnpSomeRead             00005798 
    -------------------------------------------------------------------------
DATA_Z
  Relative segment, address: CODE_AREA 0000579C - 0000579F (0x4 bytes), align: 2
  Segment part 65.            Intra module refs:   Segment part 205
           ENTRY                   ADDRESS         REF BY
           =====                   =======         ======
           WrittenFileSize         0000579C 
    -------------------------------------------------------------------------
DATA_Z
  Relative segment, address: CODE_AREA 000057A0 - 000057A3 (0x4 bytes), align: 2
  Segment part 66.            Intra module refs:   Segment part 167
           ENTRY                   ADDRESS         REF BY
           =====                   =======         ======
           FileExtracted           000057A0 
    -------------------------------------------------------------------------
DATA_Z
  Relative segment, address: CODE_AREA 000057A4 - 000057A7 (0x4 bytes), align: 2
  Segment part 67.            Intra module refs:   Segment part 204
           ENTRY                   ADDRESS         REF BY
           =====                   =======         ======
           PPMError                000057A4 
    -------------------------------------------------------------------------
DATA_Z
  Relative segment, address: CODE_AREA 000057A8 - 000057AB (0x4 bytes), align: 2
  Segment part 68.            Intra module refs:   Segment part 190
           ENTRY                   ADDRESS         REF BY
           =====                   =======         ======
           PrevLowDist             000057A8 
    -------------------------------------------------------------------------
DATA_Z
  Relative segment, address: CODE_AREA 000057AC - 000057AF (0x4 bytes), align: 2
  Segment part 69.            Intra module refs:   Segment part 191
           ENTRY                   ADDRESS         REF BY
           =====                   =======         ======
           LowDistRepCount         000057AC 
    -------------------------------------------------------------------------
DATA_Z
  Relative segment, address: CODE_AREA 000057B0 - 00005BAF (0x400 bytes), align: 2
  Segment part 70.            Intra module refs:   Segment part 260
           ENTRY                   ADDRESS         REF BY
           =====                   =======         ======
           ChSet                   000057B0 
    -------------------------------------------------------------------------
DATA_Z
  Relative segment, address: CODE_AREA 00005BB0 - 00005FAF (0x400 bytes), align: 2
  Segment part 71.            Intra module refs:   Segment part 263
           ENTRY                   ADDRESS         REF BY
           =====                   =======         ======
           ChSetA                  00005BB0 
    -------------------------------------------------------------------------
DATA_Z
  Relative segment, address: CODE_AREA 00005FB0 - 000063AF (0x400 bytes), align: 2
  Segment part 72.            Intra module refs:   Segment part 261
           ENTRY                   ADDRESS         REF BY
           =====                   =======         ======
           ChSetB                  00005FB0 
    -------------------------------------------------------------------------
DATA_Z
  Relative segment, address: CODE_AREA 000063B0 - 000067AF (0x400 bytes), align: 2
  Segment part 73.            Intra module refs:   Segment part 264
           ENTRY                   ADDRESS         REF BY
           =====                   =======         ======
           ChSetC                  000063B0 
    -------------------------------------------------------------------------
DATA_Z
  Relative segment, address: CODE_AREA 000067B0 - 00006BAF (0x400 bytes), align: 2
  Segment part 74.            Intra module refs:   InitHuff
           ENTRY                   ADDRESS         REF BY
           =====                   =======         ======
           Place                   000067B0 
    -------------------------------------------------------------------------
DATA_Z
  Relative segment, address: CODE_AREA 00006BB0 - 00006FAF (0x400 bytes), align: 2
  Segment part 75.            Intra module refs:   Segment part 262
           ENTRY                   ADDRESS         REF BY
           =====                   =======         ======
           PlaceA                  00006BB0 
    -------------------------------------------------------------------------
DATA_Z
  Relative segment, address: CODE_AREA 00006FB0 - 000073AF (0x400 bytes), align: 2
  Segment part 76.            Intra module refs:   InitHuff
           ENTRY                   ADDRESS         REF BY
           =====                   =======         ======
           PlaceB                  00006FB0 
    -------------------------------------------------------------------------
DATA_Z
  Relative segment, address: CODE_AREA 000073B0 - 000077AF (0x400 bytes), align: 2
  Segment part 77.            Intra module refs:   InitHuff
           ENTRY                   ADDRESS         REF BY
           =====                   =======         ======
           PlaceC                  000073B0 
    -------------------------------------------------------------------------
DATA_Z
  Relative segment, address: CODE_AREA 000077B0 - 00007BAF (0x400 bytes), align: 2
  Segment part 78.            Intra module refs:   Segment part 266
           ENTRY                   ADDRESS         REF BY
           =====                   =======         ======
           NToPl                   000077B0 
    -------------------------------------------------------------------------
DATA_Z
  Relative segment, address: CODE_AREA 00007BB0 - 00007FAF (0x400 bytes), align: 2
  Segment part 79.            Intra module refs:   Segment part 265
           ENTRY                   ADDRESS         REF BY
           =====                   =======         ======
           NToPlB                  00007BB0 
    -------------------------------------------------------------------------
DATA_Z
  Relative segment, address: CODE_AREA 00007FB0 - 000083AF (0x400 bytes), align: 2
  Segment part 80.            Intra module refs:   Segment part 267
           ENTRY                   ADDRESS         REF BY
           =====                   =======         ======
           NToPlC                  00007FB0 
    -------------------------------------------------------------------------
DATA_Z
  Relative segment, address: CODE_AREA 000083B0 - 000083B3 (0x4 bytes), align: 2
  Segment part 81.            Intra module refs:   Segment part 255
           ENTRY                   ADDRESS         REF BY
           =====                   =======         ======
           FlagBuf                 000083B0 
    -------------------------------------------------------------------------
DATA_Z
  Relative segment, address: CODE_AREA 000083B4 - 000083B7 (0x4 bytes), align: 2
  Segment part 82.            Intra module refs:   Segment part 250
           ENTRY                   ADDRESS         REF BY
           =====                   =======         ======
           AvrPlc                  000083B4 
    -------------------------------------------------------------------------
DATA_Z
  Relative segment, address: CODE_AREA 000083B8 - 000083BB (0x4 bytes), align: 2
  Segment part 83.            Intra module refs:   Segment part 249
           ENTRY                   ADDRESS         REF BY
           =====                   =======         ======
           AvrPlcB                 000083B8 
    -------------------------------------------------------------------------
DATA_Z
  Relative segment, address: CODE_AREA 000083BC - 000083BF (0x4 bytes), align: 2
  Segment part 84.            Intra module refs:   Segment part 248
           ENTRY                   ADDRESS         REF BY
           =====                   =======         ======
           AvrLn1                  000083BC 
    -------------------------------------------------------------------------
DATA_Z
  Relative segment, address: CODE_AREA 000083C0 - 000083C3 (0x4 bytes), align: 2
  Segment part 85.            Intra module refs:   Segment part 247
           ENTRY                   ADDRESS         REF BY
           =====                   =======         ======
           AvrLn2                  000083C0 
    -------------------------------------------------------------------------
DATA_Z
  Relative segment, address: CODE_AREA 000083C4 - 000083C7 (0x4 bytes), align: 2
  Segment part 86.            Intra module refs:   Segment part 246
           ENTRY                   ADDRESS         REF BY
           =====                   =======         ======
           AvrLn3                  000083C4 
    -------------------------------------------------------------------------
DATA_Z
  Relative segment, address: CODE_AREA 000083C8 - 000083CB (0x4 bytes), align: 2
  Segment part 87.            Intra module refs:   Segment part 244
           ENTRY                   ADDRESS         REF BY
           =====                   =======         ======
           Buf60                   000083C8 
    -------------------------------------------------------------------------
DATA_Z
  Relative segment, address: CODE_AREA 000083CC - 000083CF (0x4 bytes), align: 2
  Segment part 88.            Intra module refs:   Segment part 245
           ENTRY                   ADDRESS         REF BY
           =====                   =======         ======
           NumHuf                  000083CC 
    -------------------------------------------------------------------------
DATA_Z
  Relative segment, address: CODE_AREA 000083D0 - 000083D3 (0x4 bytes), align: 2
  Segment part 89.            Intra module refs:   Segment part 256
           ENTRY                   ADDRESS         REF BY
           =====                   =======         ======
           StMode                  000083D0 
    -------------------------------------------------------------------------
DATA_Z
  Relative segment, address: CODE_AREA 000083D4 - 000083D7 (0x4 bytes), align: 2
  Segment part 90.            Intra module refs:   Segment part 257
           ENTRY                   ADDRESS         REF BY
           =====                   =======         ======
           LCount                  000083D4 
    -------------------------------------------------------------------------
DATA_Z
  Relative segment, address: CODE_AREA 000083D8 - 000083DB (0x4 bytes), align: 2
  Segment part 91.            Intra module refs:   Segment part 254
           ENTRY                   ADDRESS         REF BY
           =====                   =======         ======
           FlagsCnt                000083D8 
    -------------------------------------------------------------------------
DATA_Z
  Relative segment, address: CODE_AREA 000083DC - 000083DF (0x4 bytes), align: 2
  Segment part 92.            Intra module refs:   Segment part 253
           ENTRY                   ADDRESS         REF BY
           =====                   =======         ======
           Nhfb                    000083DC 
    -------------------------------------------------------------------------
DATA_Z
  Relative segment, address: CODE_AREA 000083E0 - 000083E3 (0x4 bytes), align: 2
  Segment part 93.            Intra module refs:   Segment part 252
           ENTRY                   ADDRESS         REF BY
           =====                   =======         ======
           Nlzb                    000083E0 
    -------------------------------------------------------------------------
DATA_Z
  Relative segment, address: CODE_AREA 000083E4 - 000083E7 (0x4 bytes), align: 2
  Segment part 94.            Intra module refs:   Segment part 251
           ENTRY                   ADDRESS         REF BY
           =====                   =======         ======
           MaxDist3                000083E4 
    -------------------------------------------------------------------------
DATA_Z
  Relative segment, address: CODE_AREA 000083E8 - 000087EB (0x404 bytes), align: 2
  Segment part 95.            Intra module refs:   Segment part 311
           ENTRY                   ADDRESS         REF BY
           =====                   =======         ======
           UnpOldTable20           000083E8 
    -------------------------------------------------------------------------
DATA_Z
  Relative segment, address: CODE_AREA 000087EC - 000087EF (0x4 bytes), align: 2
  Segment part 96.            Intra module refs:   Segment part 307
           ENTRY                   ADDRESS         REF BY
           =====                   =======         ======
           UnpAudioBlock           000087EC 
    -------------------------------------------------------------------------
DATA_Z
  Relative segment, address: CODE_AREA 000087F0 - 000087F3 (0x4 bytes), align: 2
  Segment part 97.            Intra module refs:   Segment part 310
           ENTRY                   ADDRESS         REF BY
           =====                   =======         ======
           UnpChannels             000087F0 
    -------------------------------------------------------------------------
DATA_Z
  Relative segment, address: CODE_AREA 000087F4 - 000087F7 (0x4 bytes), align: 2
  Segment part 98.            Intra module refs:   Segment part 315
           ENTRY                   ADDRESS         REF BY
           =====                   =======         ======
           UnpCurChannel           000087F4 
    -------------------------------------------------------------------------
DATA_Z
  Relative segment, address: CODE_AREA 000087F8 - 000087FB (0x4 bytes), align: 2
  Segment part 99.            Intra module refs:   Segment part 316
           ENTRY                   ADDRESS         REF BY
           =====                   =======         ======
           UnpChannelDelta         000087F8 
    -------------------------------------------------------------------------
DATA_Z
  Relative segment, address: CODE_AREA 000087FC - 0000896B (0x170 bytes), align: 2
  Segment part 100.           Intra module refs:   Segment part 314
           ENTRY                   ADDRESS         REF BY
           =====                   =======         ======
           AudV                    000087FC 
    -------------------------------------------------------------------------
CODE
  Segment part 148. NOT NEEDED.
           ENTRY                   ADDRESS         REF BY
           =====                   =======         ======
           IsFileExtracted         
               not allocated function
    -------------------------------------------------------------------------
CODE
  Segment part 149. NOT NEEDED.
    -------------------------------------------------------------------------
CODE
  Segment part 150. NOT NEEDED.
           ENTRY                   ADDRESS         REF BY
           =====                   =======         ======
           SetDestSize             
               not allocated function
    -------------------------------------------------------------------------
CODE
  Segment part 151. NOT NEEDED.
    -------------------------------------------------------------------------
CODE
  Segment part 152. NOT NEEDED.
           ENTRY                   ADDRESS         REF BY
           =====                   =======         ======
           SetSuspended            
               not allocated function
    -------------------------------------------------------------------------
CODE
  Segment part 153. NOT NEEDED.
    -------------------------------------------------------------------------
CODE
  Relative segment, address: CODE_AREA 00000580 - 0000060F (0x90 bytes), align: 2
  Segment part 154.           Intra module refs:   main
           ENTRY                   ADDRESS         REF BY
           =====                   =======         ======
           UnpackInit              00000580 
               stack 1 = 00000000 ( 0000000C )
    -------------------------------------------------------------------------
CODE
  Relative segment, address: CODE_AREA 00000610 - 00000613 (0x4 bytes), align: 2
  Segment part 155.           Intra module refs:   UnpackInit
    -------------------------------------------------------------------------
CODE
  Segment part 156. NOT NEEDED.
    -------------------------------------------------------------------------
CODE
  Relative segment, address: CODE_AREA 00000614 - 0000066F (0x5c bytes), align: 2
  Segment part 157.           Intra module refs:   main
           ENTRY                   ADDRESS         REF BY
           =====                   =======         ======
           DoUnpack                00000614 
               stack 1 = 00000000 ( 00000004 )
    -------------------------------------------------------------------------
CODE
  Segment part 158. NOT NEEDED.
    -------------------------------------------------------------------------
CODE
  Relative segment, address: CODE_AREA 00000670 - 0000071F (0xb0 bytes), align: 2
  Segment part 159.           Intra module refs:   Unpack29
           ENTRY                   ADDRESS         REF BY
           =====                   =======         ======
           CopyString              00000670 
               stack 1 = 00000000 ( 0000000C )
    -------------------------------------------------------------------------
CODE
  Segment part 160. NOT NEEDED.
    -------------------------------------------------------------------------
CODE
  Relative segment, address: CODE_AREA 00000720 - 0000086F (0x150 bytes), align: 2
  Segment part 161.           Intra module refs:   ReadLastTables
                                                   ReadTables
                                                   ReadTables20
                                                   Unpack20
                                                   Unpack29
           ENTRY                   ADDRESS         REF BY
           =====                   =======         ======
           DecodeNumber            00000720 
               stack 1 = 00000000 ( 00000010 )
    -------------------------------------------------------------------------
CODE
  Relative segment, address: CODE_AREA 00000870 - 00000873 (0x4 bytes), align: 2
  Segment part 162.           Intra module refs:   DecodeNumber
                                                   InitLL
    -------------------------------------------------------------------------
CODE
  Segment part 163. NOT NEEDED.
    -------------------------------------------------------------------------
CODE
  Relative segment, address: CODE_AREA 00000874 - 00000C4B (0x3d8 bytes), align: 2
  Segment part 164.           Intra module refs:   DoUnpack
           ENTRY                   ADDRESS         REF BY
           =====                   =======         ======
           Unpack29                00000874 
               stack 1 = 00000000 ( 00000024 )
    -------------------------------------------------------------------------
CODE
  Relative segment, address: CODE_AREA 00000C4C - 00000C4F (0x4 bytes), align: 2
  Segment part 165.           Intra module refs:   CopyString
                                                   Unpack29
                                                   UnpackInit
    -------------------------------------------------------------------------
CODE
  Relative segment, address: CODE_AREA 00000C50 - 00000C53 (0x4 bytes), align: 2
  Segment part 166.           Intra module refs:   Unpack29
                                                   UnpackInit
    -------------------------------------------------------------------------
CODE
  Relative segment, address: CODE_AREA 00000C54 - 00000C57 (0x4 bytes), align: 2
  Segment part 167.           Intra module refs:   Unpack29
    -------------------------------------------------------------------------
CODE
  Relative segment, address: CODE_AREA 00000C58 - 00000C5B (0x4 bytes), align: 2
  Segment part 168.           Intra module refs:   Unpack29
    -------------------------------------------------------------------------
CODE
  Relative segment, address: CODE_AREA 00000C5C - 00000C5F (0x4 bytes), align: 2
  Segment part 169.           Intra module refs:   Unpack29
    -------------------------------------------------------------------------
CODE
  Relative segment, address: CODE_AREA 00000C60 - 00000C63 (0x4 bytes), align: 2
  Segment part 170.           Intra module refs:   Unpack29
    -------------------------------------------------------------------------
CODE
  Relative segment, address: CODE_AREA 00000C64 - 00000C67 (0x4 bytes), align: 2
  Segment part 171.           Intra module refs:   Unpack29
    -------------------------------------------------------------------------
CODE
  Relative segment, address: CODE_AREA 00000C68 - 00000C6B (0x4 bytes), align: 2
  Segment part 172.           Intra module refs:   Unpack29
    -------------------------------------------------------------------------
CODE
  Relative segment, address: CODE_AREA 00000C6C - 00000C6F (0x4 bytes), align: 2
  Segment part 173.           Intra module refs:   Unpack29
    -------------------------------------------------------------------------
CODE
  Segment part 174. NOT NEEDED.
    -------------------------------------------------------------------------
CODE
  Relative segment, address: CODE_AREA 00000C70 - 00000CEF (0x80 bytes), align: 2
  Segment part 175.           Intra module refs:   Unpack29
           ENTRY                   ADDRESS         REF BY
           =====                   =======         ======
           ReadEndOfBlock          00000C70 
               stack 1 = 00000000 ( 00000014 )
    -------------------------------------------------------------------------
CODE
  Segment part 176. NOT NEEDED.
    -------------------------------------------------------------------------
CODE
  Relative segment, address: CODE_AREA 00000CF0 - 00000D97 (0xa8 bytes), align: 2
  Segment part 177.           Intra module refs:   ReadTables
                                                   ReadTables20
                                                   Unpack15
                                                   Unpack20
                                                   Unpack29
           ENTRY                   ADDRESS         REF BY
           =====                   =======         ======
           UnpReadBuf              00000CF0 
               stack 1 = 00000000 ( 00000018 )
    -------------------------------------------------------------------------
CODE
  Relative segment, address: CODE_AREA 00000D98 - 00000D9B (0x4 bytes), align: 2
  Segment part 178.           Intra module refs:   UnpReadBuf
                                                   UnpackInit
                                                   getbits
    -------------------------------------------------------------------------
CODE
  Segment part 179. NOT NEEDED.
    -------------------------------------------------------------------------
CODE
  Relative segment, address: CODE_AREA 00000D9C - 00000DBF (0x24 bytes), align: 2
  Segment part 180.           Intra module refs:   Unpack29
           ENTRY                   ADDRESS         REF BY
           =====                   =======         ======
           UnpWriteBuf             00000D9C 
               stack 1 = 00000000 ( 0000000C )
    -------------------------------------------------------------------------
CODE
  Segment part 181. NOT NEEDED.
    -------------------------------------------------------------------------
CODE
  Relative segment, address: CODE_AREA 00000DC0 - 00000DE3 (0x24 bytes), align: 2
  Segment part 182.           Intra module refs:   UnpWriteBuf
           ENTRY                   ADDRESS         REF BY
           =====                   =======         ======
           UnpWriteArea            00000DC0 
               stack 1 = 00000000 ( 00000004 )
    -------------------------------------------------------------------------
CODE
  Relative segment, address: CODE_AREA 00000DE4 - 00000DE7 (0x4 bytes), align: 2
  Segment part 183.           Intra module refs:   UnpWriteArea
                                                   UnpackInit
    -------------------------------------------------------------------------
CODE
  Segment part 184. NOT NEEDED.
    -------------------------------------------------------------------------
CODE
  Relative segment, address: CODE_AREA 00000DE8 - 00000E3B (0x54 bytes), align: 2
  Segment part 185.           Intra module refs:   UnpWriteArea
           ENTRY                   ADDRESS         REF BY
           =====                   =======         ======
           UnpWriteData            00000DE8 
               stack 1 = 00000000 ( 0000000C )
    -------------------------------------------------------------------------
CODE
  Relative segment, address: CODE_AREA 00000E3C - 00000E3F (0x4 bytes), align: 2
  Segment part 186.           Intra module refs:   UnpWriteData
                                                   Unpack29
    -------------------------------------------------------------------------
CODE
  Segment part 187. NOT NEEDED.
    -------------------------------------------------------------------------
CODE
  Relative segment, address: CODE_AREA 00000E40 - 0000110B (0x2cc bytes), align: 2
  Segment part 188.           Intra module refs:   ReadEndOfBlock
                                                   Unpack29
           ENTRY                   ADDRESS         REF BY
           =====                   =======         ======
           ReadTables              00000E40 
               stack 1 = 00000000 ( 000001CC )
    -------------------------------------------------------------------------
CODE
  Relative segment, address: CODE_AREA 0000110C - 0000110F (0x4 bytes), align: 2
  Segment part 189.           Intra module refs:   ReadTables
                                                   Unpack29
    -------------------------------------------------------------------------
CODE
  Relative segment, address: CODE_AREA 00001110 - 00001113 (0x4 bytes), align: 2
  Segment part 190.           Intra module refs:   ReadTables
                                                   Unpack29
    -------------------------------------------------------------------------
CODE
  Relative segment, address: CODE_AREA 00001114 - 00001117 (0x4 bytes), align: 2
  Segment part 191.           Intra module refs:   ReadTables
                                                   Unpack29
    -------------------------------------------------------------------------
CODE
  Segment part 192. NOT NEEDED.
    -------------------------------------------------------------------------
CODE
  Relative segment, address: CODE_AREA 00001118 - 000011DB (0xc4 bytes), align: 2
  Segment part 193.           Intra module refs:   Unpack15
                                                   Unpack20
                                                   Unpack29
                                                   UnpackInit
           ENTRY                   ADDRESS         REF BY
           =====                   =======         ======
           UnpInitData             00001118 
               stack 1 = 00000000 ( 0000000C )
    -------------------------------------------------------------------------
CODE
  Relative segment, address: CODE_AREA 000011DC - 000011DF (0x4 bytes), align: 2
  Segment part 194.           Intra module refs:   ReadEndOfBlock
                                                   ReadTables
                                                   UnpInitData
                                                   Unpack29
    -------------------------------------------------------------------------
CODE
  Relative segment, address: CODE_AREA 000011E0 - 000011E3 (0x4 bytes), align: 2
  Segment part 195.           Intra module refs:   UnpInitData
                                                   Unpack29
    -------------------------------------------------------------------------
CODE
  Relative segment, address: CODE_AREA 000011E4 - 000011E7 (0x4 bytes), align: 2
  Segment part 196.           Intra module refs:   UnpInitData
                                                   Unpack29
    -------------------------------------------------------------------------
CODE
  Relative segment, address: CODE_AREA 000011E8 - 000011EB (0x4 bytes), align: 2
  Segment part 197.           Intra module refs:   UnpInitData
                                                   Unpack29
    -------------------------------------------------------------------------
CODE
  Relative segment, address: CODE_AREA 000011EC - 000011EF (0x4 bytes), align: 2
  Segment part 198.           Intra module refs:   CopyString
                                                   UnpInitData
                                                   UnpackInit
    -------------------------------------------------------------------------
CODE
  Relative segment, address: CODE_AREA 000011F0 - 000011F3 (0x4 bytes), align: 2
  Segment part 199.           Intra module refs:   CopyString
                                                   UnpInitData
                                                   UnpWriteArea
                                                   Unpack29
                                                   UnpackInit
    -------------------------------------------------------------------------
CODE
  Relative segment, address: CODE_AREA 000011F4 - 000011F7 (0x4 bytes), align: 2
  Segment part 200.           Intra module refs:   ReadTables
                                                   UnpInitData
    -------------------------------------------------------------------------
CODE
  Relative segment, address: CODE_AREA 000011F8 - 000011FB (0x4 bytes), align: 2
  Segment part 201.           Intra module refs:   CopyString
                                                   UnpInitData
                                                   UnpWriteBuf
                                                   Unpack29
    -------------------------------------------------------------------------
CODE
  Relative segment, address: CODE_AREA 000011FC - 000011FF (0x4 bytes), align: 2
  Segment part 202.           Intra module refs:   ReadTables
                                                   UnpInitData
                                                   UnpackInit
                                                   addbits
                                                   getbits
    -------------------------------------------------------------------------
CODE
  Relative segment, address: CODE_AREA 00001200 - 00001203 (0x4 bytes), align: 2
  Segment part 203.           Intra module refs:   ReadTables
                                                   UnpInitData
                                                   UnpReadBuf
                                                   Unpack29
                                                   UnpackInit
                                                   addbits
                                                   getbits
    -------------------------------------------------------------------------
CODE
  Relative segment, address: CODE_AREA 00001204 - 00001207 (0x4 bytes), align: 2
  Segment part 204.           Intra module refs:   UnpInitData
                                                   Unpack29
    -------------------------------------------------------------------------
CODE
  Relative segment, address: CODE_AREA 00001208 - 0000120B (0x4 bytes), align: 2
  Segment part 205.           Intra module refs:   UnpInitData
                                                   UnpWriteData
                                                   Unpack29
    -------------------------------------------------------------------------
CODE
  Relative segment, address: CODE_AREA 0000120C - 0000120F (0x4 bytes), align: 2
  Segment part 206.           Intra module refs:   UnpInitData
                                                   UnpReadBuf
                                                   Unpack29
    -------------------------------------------------------------------------
CODE
  Segment part 207. NOT NEEDED.
    -------------------------------------------------------------------------
CODE
  Relative segment, address: CODE_AREA 00001210 - 0000138B (0x17c bytes), align: 2
  Segment part 208.           Intra module refs:   ReadTables
                                                   ReadTables20
           ENTRY                   ADDRESS         REF BY
           =====                   =======         ======
           MakeDecodeTables        00001210 
               stack 1 = 00000000 ( 00000094 )
    -------------------------------------------------------------------------
CODE
  Relative segment, address: CODE_AREA 0000138C - 0000138F (0x4 bytes), align: 2
  Segment part 209.           Intra module refs:   MakeDecodeTables
    -------------------------------------------------------------------------
CODE
  Relative segment, address: CODE_AREA 00001390 - 00001393 (0x4 bytes), align: 2
  Segment part 210.           Intra module refs:   DecodeNumber
                                                   MakeDecodeTables
    -------------------------------------------------------------------------
CODE
  Segment part 211. NOT NEEDED.
    -------------------------------------------------------------------------
DATA_I
  Relative segment, address: DATA_AREA 0000016C - 00000197 (0x2c bytes), align: 2
  Segment part 101.           Intra module refs:   Segment part 230
    -------------------------------------------------------------------------
DATA_I
  Relative segment, address: DATA_AREA 00000198 - 000001CB (0x34 bytes), align: 2
  Segment part 103.           Intra module refs:   Segment part 229
    -------------------------------------------------------------------------
DATA_I
  Relative segment, address: DATA_AREA 000001CC - 000001F3 (0x28 bytes), align: 2
  Segment part 105.           Intra module refs:   Segment part 228
    -------------------------------------------------------------------------
DATA_I
  Relative segment, address: DATA_AREA 000001F4 - 00000227 (0x34 bytes), align: 2
  Segment part 107.           Intra module refs:   Segment part 227
    -------------------------------------------------------------------------
DATA_I
  Relative segment, address: DATA_AREA 00000228 - 0000024B (0x24 bytes), align: 2
  Segment part 109.           Intra module refs:   Segment part 237
    -------------------------------------------------------------------------
DATA_I
  Relative segment, address: DATA_AREA 0000024C - 0000027F (0x34 bytes), align: 2
  Segment part 111.           Intra module refs:   Segment part 236
    -------------------------------------------------------------------------
DATA_I
  Relative segment, address: DATA_AREA 00000280 - 0000029F (0x20 bytes), align: 2
  Segment part 113.           Intra module refs:   Segment part 235
    -------------------------------------------------------------------------
DATA_I
  Relative segment, address: DATA_AREA 000002A0 - 000002D3 (0x34 bytes), align: 2
  Segment part 115.           Intra module refs:   Segment part 234
    -------------------------------------------------------------------------
DATA_I
  Relative segment, address: DATA_AREA 000002D4 - 000002F3 (0x20 bytes), align: 2
  Segment part 117.           Intra module refs:   Segment part 241
    -------------------------------------------------------------------------
DATA_I
  Relative segment, address: DATA_AREA 000002F4 - 00000327 (0x34 bytes), align: 2
  Segment part 119.           Intra module refs:   Segment part 240
    -------------------------------------------------------------------------
DATA_I
  Relative segment, address: DATA_AREA 00000328 - 00000343 (0x1c bytes), align: 2
  Segment part 121.           Intra module refs:   HuffDecode
    -------------------------------------------------------------------------
DATA_I
  Relative segment, address: DATA_AREA 00000344 - 00000377 (0x34 bytes), align: 2
  Segment part 123.           Intra module refs:   HuffDecode
    -------------------------------------------------------------------------
DATA_I
  Relative segment, address: DATA_AREA 00000378 - 0000038F (0x18 bytes), align: 2
  Segment part 125.           Intra module refs:   HuffDecode
    -------------------------------------------------------------------------
DATA_I
  Relative segment, address: DATA_AREA 00000390 - 000003C3 (0x34 bytes), align: 2
  Segment part 127.           Intra module refs:   HuffDecode
    -------------------------------------------------------------------------
CODE
  Relative segment, address: CODE_AREA 00001394 - 00001557 (0x1c4 bytes), align: 2
  Segment part 212.           Intra module refs:   DoUnpack
           ENTRY                   ADDRESS         REF BY
           =====                   =======         ======
           Unpack15                00001394 
               stack 1 = 00000000 ( 00000024 )
    -------------------------------------------------------------------------
CODE
  Relative segment, address: CODE_AREA 00001558 - 0000155B (0x4 bytes), align: 2
  Segment part 213.           Intra module refs:   Unpack15
    -------------------------------------------------------------------------
CODE
  Relative segment, address: CODE_AREA 0000155C - 0000155F (0x4 bytes), align: 2
  Segment part 214.           Intra module refs:   ReadTables
                                                   UnpInitData
                                                   UnpReadBuf
                                                   Unpack15
    -------------------------------------------------------------------------
CODE
  Relative segment, address: CODE_AREA 00001560 - 00001563 (0x4 bytes), align: 2
  Segment part 215.           Intra module refs:   Unpack15
    -------------------------------------------------------------------------
CODE
  Segment part 216. NOT NEEDED.
    -------------------------------------------------------------------------
CODE
  Relative segment, address: CODE_AREA 00001564 - 000015FB (0x98 bytes), align: 2
  Segment part 217.           Intra module refs:   Unpack15
                                                   Unpack20
           ENTRY                   ADDRESS         REF BY
           =====                   =======         ======
           OldUnpWriteBuf          00001564 
               stack 1 = 00000000 ( 0000001C )
    -------------------------------------------------------------------------
CODE
  Relative segment, address: CODE_AREA 000015FC - 000015FF (0x4 bytes), align: 2
  Segment part 218.           Intra module refs:   OldUnpWriteBuf
                                                   UnpInitData
                                                   UnpWriteBuf
                                                   Unpack15
                                                   Unpack29
    -------------------------------------------------------------------------
CODE
  Relative segment, address: CODE_AREA 00001600 - 00001603 (0x4 bytes), align: 2
  Segment part 219.           Intra module refs:   OldUnpWriteBuf
                                                   UnpWriteData
    -------------------------------------------------------------------------
CODE
  Relative segment, address: CODE_AREA 00001604 - 00001607 (0x4 bytes), align: 2
  Segment part 220.           Intra module refs:   OldUnpWriteBuf
                                                   UnpWriteData
    -------------------------------------------------------------------------
CODE
  Relative segment, address: CODE_AREA 00001608 - 0000160B (0x4 bytes), align: 2
  Segment part 221.           Intra module refs:   OldUnpWriteBuf
    -------------------------------------------------------------------------
CODE
  Relative segment, address: CODE_AREA 0000160C - 0000160F (0x4 bytes), align: 2
  Segment part 222.           Intra module refs:   OldUnpWriteBuf
    -------------------------------------------------------------------------
CODE
  Segment part 223. NOT NEEDED.
    -------------------------------------------------------------------------
CODE
  Relative segment, address: CODE_AREA 00001610 - 000018BB (0x2ac bytes), align: 2
  Segment part 224.           Intra module refs:   Unpack15
           ENTRY                   ADDRESS         REF BY
           =====                   =======         ======
           ShortLZ                 00001610 
               stack 1 = 00000000 ( 00000028 )
    -------------------------------------------------------------------------
CODE
  Segment part 225. NOT NEEDED.
    -------------------------------------------------------------------------
DATA_I
  Relative segment, address: DATA_AREA 000003C4 - 00000403 (0x40 bytes), align: 2
  Segment part 129.           Intra module refs:   ShortLZ
    -------------------------------------------------------------------------
DATA_I
  Relative segment, address: DATA_AREA 00000404 - 0000043F (0x3c bytes), align: 2
  Segment part 131.           Intra module refs:   ShortLZ
    -------------------------------------------------------------------------
DATA_I
  Relative segment, address: DATA_AREA 00000440 - 0000047F (0x40 bytes), align: 2
  Segment part 133.           Intra module refs:   ShortLZ
    -------------------------------------------------------------------------
DATA_I
  Relative segment, address: DATA_AREA 00000480 - 000004BB (0x3c bytes), align: 2
  Segment part 135.           Intra module refs:   ShortLZ
    -------------------------------------------------------------------------
CODE
  Relative segment, address: CODE_AREA 000018BC - 00001B2F (0x274 bytes), align: 2
  Segment part 226.           Intra module refs:   Unpack15
           ENTRY                   ADDRESS         REF BY
           =====                   =======         ======
           LongLZ                  000018BC 
               stack 1 = 00000000 ( 00000020 )
    -------------------------------------------------------------------------
CODE
  Relative segment, address: CODE_AREA 00001B30 - 00001B33 (0x4 bytes), align: 2
  Segment part 227.           Intra module refs:   LongLZ
                                                   ShortLZ
    -------------------------------------------------------------------------
CODE
  Relative segment, address: CODE_AREA 00001B34 - 00001B37 (0x4 bytes), align: 2
  Segment part 228.           Intra module refs:   LongLZ
                                                   ShortLZ
    -------------------------------------------------------------------------
CODE
  Relative segment, address: CODE_AREA 00001B38 - 00001B3B (0x4 bytes), align: 2
  Segment part 229.           Intra module refs:   LongLZ
                                                   ShortLZ
    -------------------------------------------------------------------------
CODE
  Relative segment, address: CODE_AREA 00001B3C - 00001B3F (0x4 bytes), align: 2
  Segment part 230.           Intra module refs:   LongLZ
                                                   ShortLZ
    -------------------------------------------------------------------------
CODE
  Relative segment, address: CODE_AREA 00001B40 - 00001B43 (0x4 bytes), align: 2
  Segment part 231.           Intra module refs:   LongLZ
                                                   ShortLZ
                                                   UnpInitData
    -------------------------------------------------------------------------
CODE
  Segment part 232. NOT NEEDED.
    -------------------------------------------------------------------------
CODE
  Relative segment, address: CODE_AREA 00001B44 - 00001D87 (0x244 bytes), align: 2
  Segment part 233.           Intra module refs:   Unpack15
           ENTRY                   ADDRESS         REF BY
           =====                   =======         ======
           HuffDecode              00001B44 
               stack 1 = 00000000 ( 00000028 )
    -------------------------------------------------------------------------
CODE
  Relative segment, address: CODE_AREA 00001D88 - 00001D8B (0x4 bytes), align: 2
  Segment part 234.           Intra module refs:   HuffDecode
                                                   LongLZ
    -------------------------------------------------------------------------
CODE
  Relative segment, address: CODE_AREA 00001D8C - 00001D8F (0x4 bytes), align: 2
  Segment part 235.           Intra module refs:   HuffDecode
                                                   LongLZ
    -------------------------------------------------------------------------
CODE
  Relative segment, address: CODE_AREA 00001D90 - 00001D93 (0x4 bytes), align: 2
  Segment part 236.           Intra module refs:   HuffDecode
                                                   LongLZ
    -------------------------------------------------------------------------
CODE
  Relative segment, address: CODE_AREA 00001D94 - 00001D97 (0x4 bytes), align: 2
  Segment part 237.           Intra module refs:   HuffDecode
                                                   LongLZ
    -------------------------------------------------------------------------
CODE
  Segment part 238. NOT NEEDED.
    -------------------------------------------------------------------------
CODE
  Relative segment, address: CODE_AREA 00001D98 - 00001E13 (0x7c bytes), align: 2
  Segment part 239.           Intra module refs:   Unpack15
           ENTRY                   ADDRESS         REF BY
           =====                   =======         ======
           GetFlagsBuf             00001D98 
               stack 1 = 00000000 ( 00000018 )
    -------------------------------------------------------------------------
CODE
  Relative segment, address: CODE_AREA 00001E14 - 00001E17 (0x4 bytes), align: 2
  Segment part 240.           Intra module refs:   GetFlagsBuf
                                                   HuffDecode
                                                   LongLZ
                                                   ShortLZ
    -------------------------------------------------------------------------
CODE
  Relative segment, address: CODE_AREA 00001E18 - 00001E1B (0x4 bytes), align: 2
  Segment part 241.           Intra module refs:   GetFlagsBuf
                                                   HuffDecode
                                                   LongLZ
                                                   ShortLZ
    -------------------------------------------------------------------------
CODE
  Segment part 242. NOT NEEDED.
    -------------------------------------------------------------------------
CODE
  Relative segment, address: CODE_AREA 00001E1C - 00001EB3 (0x98 bytes), align: 2
  Segment part 243.           Intra module refs:   Unpack15
           ENTRY                   ADDRESS         REF BY
           =====                   =======         ======
           OldUnpInitData          00001E1C 
    -------------------------------------------------------------------------
CODE
  Relative segment, address: CODE_AREA 00001EB4 - 00001EB7 (0x4 bytes), align: 2
  Segment part 244.           Intra module refs:   OldUnpInitData
                                                   ShortLZ
    -------------------------------------------------------------------------
CODE
  Relative segment, address: CODE_AREA 00001EB8 - 00001EBB (0x4 bytes), align: 2
  Segment part 245.           Intra module refs:   HuffDecode
                                                   LongLZ
                                                   OldUnpInitData
                                                   ShortLZ
    -------------------------------------------------------------------------
CODE
  Relative segment, address: CODE_AREA 00001EBC - 00001EBF (0x4 bytes), align: 2
  Segment part 246.           Intra module refs:   LongLZ
[...]
DATA_ID
  Relative segment, address: CODE_AREA 00000038 - 000000F7 (0xc0 bytes), align: 2
  Segment part 31.            Intra module refs:   DDecode
    -------------------------------------------------------------------------
DATA_ID
  Relative segment, address: CODE_AREA 000000F8 - 00000127 (0x30 bytes), align: 2
  Segment part 33.            Intra module refs:   DBits
    -------------------------------------------------------------------------
DATA_ID
  Segment part 35. NOT NEEDED.
    -------------------------------------------------------------------------
DATA_ID
  Relative segment, address: CODE_AREA 00000128 - 0000012F (0x8 bytes), align: 2
  Segment part 37.            Intra module refs:   SDDecode
    -------------------------------------------------------------------------
DATA_ID
  Relative segment, address: CODE_AREA 00000130 - 00000137 (0x8 bytes), align: 2
  Segment part 39.            Intra module refs:   SDBits
    -------------------------------------------------------------------------
DATA_ID
  Relative segment, address: CODE_AREA 00000138 - 0000016B (0x34 bytes), align: 2
  Segment part 41.            Intra module refs:   LLSize
    -------------------------------------------------------------------------
DATA_ID
  Relative segment, address: CODE_AREA 0000016C - 00000197 (0x2c bytes), align: 2
  Segment part 102.           Intra module refs:   Segment part 101
    -------------------------------------------------------------------------
DATA_ID
  Relative segment, address: CODE_AREA 00000198 - 000001CB (0x34 bytes), align: 2
  Segment part 104.           Intra module refs:   Segment part 103
    -------------------------------------------------------------------------
DATA_ID
  Relative segment, address: CODE_AREA 000001CC - 000001F3 (0x28 bytes), align: 2
  Segment part 106.           Intra module refs:   Segment part 105
    -------------------------------------------------------------------------
DATA_ID
  Relative segment, address: CODE_AREA 000001F4 - 00000227 (0x34 bytes), align: 2
  Segment part 108.           Intra module refs:   Segment part 107
    -------------------------------------------------------------------------
DATA_ID
  Relative segment, address: CODE_AREA 00000228 - 0000024B (0x24 bytes), align: 2
  Segment part 110.           Intra module refs:   Segment part 109
    -------------------------------------------------------------------------
DATA_ID
  Relative segment, address: CODE_AREA 0000024C - 0000027F (0x34 bytes), align: 2
  Segment part 112.           Intra module refs:   Segment part 111
    -------------------------------------------------------------------------
DATA_ID
  Relative segment, address: CODE_AREA 00000280 - 0000029F (0x20 bytes), align: 2
  Segment part 114.           Intra module refs:   Segment part 113
    -------------------------------------------------------------------------
DATA_ID
  Relative segment, address: CODE_AREA 000002A0 - 000002D3 (0x34 bytes), align: 2
  Segment part 116.           Intra module refs:   Segment part 115
    -------------------------------------------------------------------------
DATA_ID
  Relative segment, address: CODE_AREA 000002D4 - 000002F3 (0x20 bytes), align: 2
  Segment part 118.           Intra module refs:   Segment part 117
    -------------------------------------------------------------------------
DATA_ID
  Relative segment, address: CODE_AREA 000002F4 - 00000327 (0x34 bytes), align: 2
  Segment part 120.           Intra module refs:   Segment part 119
    -------------------------------------------------------------------------
DATA_ID
  Relative segment, address: CODE_AREA 00000328 - 00000343 (0x1c bytes), align: 2
  Segment part 122.           Intra module refs:   Segment part 121
    -------------------------------------------------------------------------
DATA_ID
  Relative segment, address: CODE_AREA 00000344 - 00000377 (0x34 bytes), align: 2
  Segment part 124.           Intra module refs:   Segment part 123
    -------------------------------------------------------------------------
DATA_ID
  Relative segment, address: CODE_AREA 00000378 - 0000038F (0x18 bytes), align: 2
  Segment part 126.           Intra module refs:   Segment part 125
    -------------------------------------------------------------------------
DATA_ID
  Relative segment, address: CODE_AREA 00000390 - 000003C3 (0x34 bytes), align: 2
  Segment part 128.           Intra module refs:   Segment part 127
    -------------------------------------------------------------------------
DATA_ID
  Relative segment, address: CODE_AREA 000003C4 - 00000403 (0x40 bytes), align: 2
  Segment part 130.           Intra module refs:   Segment part 129
    -------------------------------------------------------------------------
DATA_ID
  Relative segment, address: CODE_AREA 00000404 - 0000043F (0x3c bytes), align: 2
  Segment part 132.           Intra module refs:   Segment part 131
    -------------------------------------------------------------------------
DATA_ID
  Relative segment, address: CODE_AREA 00000440 - 0000047F (0x40 bytes), align: 2
  Segment part 134.           Intra module refs:   Segment part 133
    -------------------------------------------------------------------------
DATA_ID
  Relative segment, address: CODE_AREA 00000480 - 000004BB (0x3c bytes), align: 2
  Segment part 136.           Intra module refs:   Segment part 135
    -------------------------------------------------------------------------
DATA_ID
  Segment part 337. NOT NEEDED.
           ENTRY                   ADDRESS         REF BY
           =====                   =======         ======
           ?*?DATA_ID              
    -------------------------------------------------------------------------
INITTAB
  Relative segment, address: CODE_AREA 0000306C - 00003077 (0xc bytes), align: 2
  Segment part 338. ROOT.
           ENTRY                   ADDRESS         REF BY
           =====                   =======         ======
           ?init?tab?DATA_I        0000306C 
    -------------------------------------------------------------------------
INITTAB
  Relative segment, address: CODE_AREA 00003078 - 00003083 (0xc bytes), align: 2
  Segment part 339. ROOT.
           ENTRY                   ADDRESS         REF BY
           =====                   =======         ======
           ?init?tab?DATA_Z        00003078 




                ****************************************
                *                                      *
                *            MODULE SUMMARY            *
                *                                      *
                ****************************************

Module    CODE   DATA
------    ----   ----
         (Rel)  (Rel)
Main    35 180  1 212
------  ------  -----
Total:  35 180  1 212


                ****************************************
                *                                      *
                *              CALL GRAPH              *
                *                                      *
                ****************************************

  ->Sub-tree of type: Indirectly called function tree that does not make
                    : indirect calls (Is not an interrupt and is not flagged
                    : as not overlayable)
                             CSTACK
    | Stack used (prev) :  00000000
  01  ElfKiller
      | Stack used (prev) :  00000000
      | + function block  :  00000004
  <-Sub-tree of type: Indirectly called function tree that does not make
                    : indirect calls (Is not an interrupt and is not flagged
                    : as not overlayable)
    | Stack used          :  00000004


  ->Sub-tree of type: Function tree
                             CSTACK
    | Stack used (prev) :  00000004
  01  memset
      | Stack used (prev) :  00000004
      | + function block  :  00000000
  <-Sub-tree of type: Function tree
    | Stack used          :  00000004


  ->Sub-tree of type: Function tree
                             CSTACK
    | Stack used (prev) :  00000004
  01  InitLL
      | Stack used (prev) :  00000004
      | + function block  :  00000000
  <-Sub-tree of type: Function tree
    | Stack used          :  00000004


  ->Sub-tree of type: Function tree
                             CSTACK
    | Stack used (prev) :  00000004
  01  addbits
      | Stack used (prev) :  00000004
      | + function block  :  00000000
  <-Sub-tree of type: Function tree
    | Stack used          :  00000004


  ->Sub-tree of type: Function tree
                             CSTACK
    | Stack used (prev) :  00000004
  01  getbits
      | Stack used (prev) :  00000004
      | + function block  :  00000000
  <-Sub-tree of type: Function tree
    | Stack used          :  00000004


  ->Sub-tree of type: Function tree
                             CSTACK
    | Stack used (prev) :  00000004
  01  UnpackInit
      | Stack used (prev) :  00000004
      | + function block  :  0000000C
  <-Sub-tree of type: Function tree
    | Stack used          :  00000010


  ->Sub-tree of type: Function tree
                             CSTACK
    | Stack used (prev) :  00000010
  01  DoUnpack
      | Stack used (prev) :  00000010
      | + function block  :  00000004
  <-Sub-tree of type: Function tree
    | Stack used          :  00000014


  ->Sub-tree of type: Function tree
                             CSTACK
    | Stack used (prev) :  00000014
  01  CopyString
      | Stack used (prev) :  00000014
      | + function block  :  0000000C
  <-Sub-tree of type: Function tree
    | Stack used          :  00000020


  ->Sub-tree of type: Function tree
                             CSTACK
    | Stack used (prev) :  00000020
  01  DecodeNumber
      | Stack used (prev) :  00000020
      | + function block  :  00000010
  <-Sub-tree of type: Function tree
    | Stack used          :  00000030


  ->Sub-tree of type: Function tree
                             CSTACK
    | Stack used (prev) :  00000030
  01  Unpack29
      | Stack used (prev) :  00000030
      | + function block  :  00000024
  <-Sub-tree of type: Function tree
    | Stack used          :  00000054


  ->Sub-tree of type: Function tree
                             CSTACK
    | Stack used (prev) :  00000054
  01  ReadEndOfBlock
      | Stack used (prev) :  00000054
      | + function block  :  00000014
  <-Sub-tree of type: Function tree
    | Stack used          :  00000068


  ->Sub-tree of type: Function tree
                             CSTACK
    | Stack used (prev) :  00000068
  01  UnpReadBuf
      | Stack used (prev) :  00000068
      | + function block  :  00000018
  <-Sub-tree of type: Function tree
    | Stack used          :  00000080


  ->Sub-tree of type: Function tree
                             CSTACK
    | Stack used (prev) :  00000080
  01  UnpWriteBuf
      | Stack used (prev) :  00000080
      | + function block  :  0000000C
  <-Sub-tree of type: Function tree
    | Stack used          :  0000008C


  ->Sub-tree of type: Function tree
                             CSTACK
    | Stack used (prev) :  0000008C
  01  UnpWriteArea
      | Stack used (prev) :  0000008C
      | + function block  :  00000004
  <-Sub-tree of type: Function tree
    | Stack used          :  00000090


  ->Sub-tree of type: Function tree
                             CSTACK
    | Stack used (prev) :  00000090
  01  UnpWriteData
      | Stack used (prev) :  00000090
      | + function block  :  0000000C
  <-Sub-tree of type: Function tree
    | Stack used          :  0000009C


  ->Sub-tree of type: Function tree
                             CSTACK
    | Stack used (prev) :  0000009C
  01  ReadTables
      | Stack used (prev) :  0000009C
      | + function block  :  000001CC
  <-Sub-tree of type: Function tree
    | Stack used          :  00000268


  ->Sub-tree of type: Function tree
                             CSTACK
    | Stack used (prev) :  00000268
  01  UnpInitData
      | Stack used (prev) :  00000268
      | + function block  :  0000000C
  <-Sub-tree of type: Function tree
    | Stack used          :  00000274


  ->Sub-tree of type: Function tree
                             CSTACK
    | Stack used (prev) :  00000274
  01  MakeDecodeTables
      | Stack used (prev) :  00000274
      | + function block  :  00000094
  <-Sub-tree of type: Function tree
    | Stack used          :  00000308


  ->Sub-tree of type: Function tree
                             CSTACK
    | Stack used (prev) :  00000308
  01  Unpack15
      | Stack used (prev) :  00000308
      | + function block  :  00000024
  <-Sub-tree of type: Function tree
    | Stack used          :  0000032C


  ->Sub-tree of type: Function tree
                             CSTACK
    | Stack used (prev) :  0000032C
  01  OldUnpWriteBuf
      | Stack used (prev) :  0000032C
      | + function block  :  0000001C
  <-Sub-tree of type: Function tree
    | Stack used          :  00000348


  ->Sub-tree of type: Function tree
                             CSTACK
    | Stack used (prev) :  00000348
  01  ShortLZ
      | Stack used (prev) :  00000348
      | + function block  :  00000028
  <-Sub-tree of type: Function tree
    | Stack used          :  00000370


  ->Sub-tree of type: Function tree
                             CSTACK
    | Stack used (prev) :  00000370
  01  LongLZ
      | Stack used (prev) :  00000370
      | + function block  :  00000020
  <-Sub-tree of type: Function tree
    | Stack used          :  00000390


  ->Sub-tree of type: Function tree
                             CSTACK
    | Stack used (prev) :  00000390
  01  HuffDecode
      | Stack used (prev) :  00000390
      | + function block  :  00000028
  <-Sub-tree of type: Function tree
    | Stack used          :  000003B8


  ->Sub-tree of type: Function tree
                             CSTACK
    | Stack used (prev) :  000003B8
  01  GetFlagsBuf
      | Stack used (prev) :  000003B8
      | + function block  :  00000018
  <-Sub-tree of type: Function tree
    | Stack used          :  000003D0


  ->Sub-tree of type: Function tree
                             CSTACK
    | Stack used (prev) :  000003D0
  01  OldUnpInitData
      | Stack used (prev) :  000003D0
      | + function block  :  00000000
  <-Sub-tree of type: Function tree
    | Stack used          :  000003D0


  ->Sub-tree of type: Function tree
                             CSTACK
    | Stack used (prev) :  000003D0
  01  InitHuff
      | Stack used (prev) :  000003D0
      | + function block  :  0000000C
  <-Sub-tree of type: Function tree
    | Stack used          :  000003DC


  ->Sub-tree of type: Function tree
                             CSTACK
    | Stack used (prev) :  000003DC
  01  CorrHuff
      | Stack used (prev) :  000003DC
      | + function block  :  00000008
  <-Sub-tree of type: Function tree
    | Stack used          :  000003E4


  ->Sub-tree of type: Function tree
                             CSTACK
    | Stack used (prev) :  000003E4
  01  OldCopyString
      | Stack used (prev) :  000003E4
      | + function block  :  0000000C
  <-Sub-tree of type: Function tree
    | Stack used          :  000003F0


  ->Sub-tree of type: Function tree
                             CSTACK
    | Stack used (prev) :  000003F0
  01  DecodeNum
      | Stack used (prev) :  000003F0
      | + function block  :  00000018
  <-Sub-tree of type: Function tree
    | Stack used          :  00000408


  ->Sub-tree of type: Function tree
                             CSTACK
    | Stack used (prev) :  00000408
  01  CopyString20
      | Stack used (prev) :  00000408
      | + function block  :  0000000C
  <-Sub-tree of type: Function tree
    | Stack used          :  00000414


  ->Sub-tree of type: Function tree
                             CSTACK
    | Stack used (prev) :  00000414
  01  Unpack20
      | Stack used (prev) :  00000414
      | + function block  :  00000020
  <-Sub-tree of type: Function tree
    | Stack used          :  00000434


  ->Sub-tree of type: Function tree
                             CSTACK
    | Stack used (prev) :  00000434
  01  ReadTables20
      | Stack used (prev) :  00000434
      | + function block  :  0000043C
  <-Sub-tree of type: Function tree
    | Stack used          :  00000870


  ->Sub-tree of type: Function tree
                             CSTACK
    | Stack used (prev) :  00000870
  01  ReadLastTables
      | Stack used (prev) :  00000870
      | + function block  :  00000004
  <-Sub-tree of type: Function tree
    | Stack used          :  00000874


  ->Sub-tree of type: Function tree
                             CSTACK
    | Stack used (prev) :  00000874
  01  UnpInitData20
      | Stack used (prev) :  00000874
      | + function block  :  00000004
  <-Sub-tree of type: Function tree
    | Stack used          :  00000878


  ->Sub-tree of type: Function tree
                             CSTACK
    | Stack used (prev) :  00000878
  01  DecodeAudio
      | Stack used (prev) :  00000878
      | + function block  :  0000000C
  <-Sub-tree of type: Function tree
    | Stack used          :  00000884


  ->Sub-tree of type: Function tree
                             CSTACK
    | Stack used (prev) :  00000884
  01  UnpRead
      | Stack used (prev) :  00000884
      | + function block  :  00000004
  <-Sub-tree of type: Function tree
    | Stack used          :  00000888


  ->Sub-tree of type: Function tree
                             CSTACK
    | Stack used (prev) :  00000888
  01  prepname
      | Stack used (prev) :  00000888
      | + function block  :  0000000C
  <-Sub-tree of type: Function tree
    | Stack used          :  00000894


  ->Sub-tree of type: Function tree
                             CSTACK
    | Stack used (prev) :  00000894
  01  main
      | Stack used (prev) :  00000894
      | + function block  :  0000002C
  <-Sub-tree of type: Function tree
    | Stack used          :  000008C0




                ****************************************
                *                                      *
                *      SEGMENTS IN ADDRESS ORDER       *
                *                                      *
                ****************************************


SEGMENT              SPACE    START ADDRESS   END ADDRESS     SIZE  TYPE  ALIGN
=======              =====    =============   ===========     ====  ====  =====
ELFBEGIN             CODE_AREA           00000000                     rel    0
DATA_ID              CODE_AREA      00000000 - 000004BB         4BC   rel    2
START                CODE_AREA           000004BC                     dse    0
CODE                 CODE_AREA      000004BC - 0000306B        2BB0   rel    2
DATA_C               CODE_AREA           0000306C                     dse    0
INITTAB              CODE_AREA      0000306C - 00003083          18   rel    2
DATA_Z               CODE_AREA      00003084 - 0000896B        58E8   rel    2
DATA_I               DATA_AREA      00000000 - 000004BB         4BC   rel    2

                ****************************************
                *                                      *
                *        END OF CROSS REFERENCE        *
                *                                      *
                ****************************************

 35 180 bytes of CODE memory
  1 212 bytes of DATA memory

Errors: 3
Warnings: none

