################################################################################
#                                                                              #
#      IAR Universal Linker V4.60I/386                                         #
#                                                                              #
#           Link time     =  29/Jan/2011  14:40:28                             #
#           Target CPU    =  ARM                                               #
#           List file     =  C:\arm\worms\Release_NSG\List\Test_NSG.map        #
#           Output file 1 =  C:\arm\worms\Release_NSG\Exe\Test_NSG.elf         #
#                            Format: elf, variant: -ynpra                      #
#           Command line  =  C:\arm\worms\Release_NSG\Obj\func.r79             #
#                            C:\arm\worms\Release_NSG\Obj\main.r79 -o          #
#                            C:\arm\worms\Release_NSG\Exe\Test_NSG.elf -Felf   #
#                            -l C:\arm\worms\Release_NSG\List\Test_NSG.map     #
#                            -xmsnio -f test.xcl (-carm -V(CODE)CODE_AREA,12   #
#                            -V(DATA)DATA_AREA,12                              #
#                            -Z(CODE_AREA)ELFBEGIN,DATA_ID,START,CODE,DATA_C,I #
#                            NITTAB,DATA_Z,DATA_N,CONFIG_C=0-FFFFFFFF          #
#                            -Z(DATA_AREA)DATA_I=0-FFFFFFFF) -ynpra            #
#                            "C:\arm2\Embedded Workbench 4.0 Evaluation\ARM\LI #
#                            B\dl5tpainl8f.r79"                                #
#                            -s main                                           #
#                                                                              #
#                        Copyright 1987-2007 IAR Systems. All rights reserved. #
################################################################################





                ****************************************
                *                                      *
                *           CROSS REFERENCE            *
                *                                      *
                ****************************************

       Program entry at : CODE_AREA 000002E4  Relocatable, from module : main




                ****************************************
                *                                      *
                *            RUNTIME MODEL             *
                *                                      *
                ****************************************

  StackAlign4  = USED
  __cpu_mode   = __pcs__interwork
  __data_model = absolute
  __endian     = little
  __rt_version = 6



                ****************************************
                *                                      *
                *              MODULE MAP              *
                *                                      *
                ****************************************


  DEFINED ABSOLUTE ENTRIES
    *************************************************************************

  DEFINED ABSOLUTE ENTRIES
    *************************************************************************

  FILE NAME : C:\arm\worms\Release_NSG\Obj\func.r79
  PROGRAM MODULE, NAME : func

Absolute parts
           ENTRY                   ADDRESS         REF BY
           =====                   =======         ======
           Func                    A06AD038 
  SEGMENTS IN THE MODULE
  ======================
ELFBEGIN
  Relative segment, address: CODE_AREA 00000000, align: 0
  Segment part 0. ROOT.
           ENTRY                   ADDRESS         REF BY
           =====                   =======         ======
           ELF_BEGIN               00000000        ElfKiller (main)
    -------------------------------------------------------------------------
CODE
  Relative segment, address: CODE_AREA 00000018 - 0000001F (0x8 bytes), align: 2
  Segment part 1. ROOT.
           ENTRY                   ADDRESS         REF BY
           =====                   =======         ======
           kill_data               00000018        ElfKiller (main)
                                                   gui_methods (main)
           seqkill                 0000001C 

    *************************************************************************

  FILE NAME : C:\arm\worms\Release_NSG\Obj\main.r79
  PROGRAM MODULE, NAME : main

  SEGMENTS IN THE MODULE
  ======================
DATA_I
  Relative segment, address: DATA_AREA 00000000 - 00000017 (0x18 bytes), align: 2
  Segment part 4.             Intra module refs:   OnKey
                                                   OnRedraw
                                                   Sli
                                                   onClose
           ENTRY                   ADDRESS         REF BY
           =====                   =======         ======
           mode                    00000000 
           n                       00000004 
           tmr                     00000008 
    -------------------------------------------------------------------------
CODE
  Segment part 12. NOT NEEDED.
    -------------------------------------------------------------------------
CODE
  Relative segment, address: CODE_AREA 00000020 - 0000007B (0x5c bytes), align: 2
  Segment part 13.            Intra module refs:   maincsm_oncreate
           ENTRY                   ADDRESS         REF BY
           =====                   =======         ======
           Sli                     00000020 
               stack 1 = 00000000 ( 00000008 )
    -------------------------------------------------------------------------
CODE
  Segment part 14. NOT NEEDED.
    -------------------------------------------------------------------------
DATA_C
  Relative segment, address: CODE_AREA 00000408 - 0000040F (0x8 bytes), align: 2
  Segment part 2.             Intra module refs:   OnRedraw
    -------------------------------------------------------------------------
DATA_C
  Segment part 3. NOT NEEDED.
    -------------------------------------------------------------------------
DATA_C
  Relative segment, address: CODE_AREA 00000410 - 00000413 (0x4 bytes), align: 2
  Segment part 6.             Intra module refs:   Segment part 11
           ENTRY                   ADDRESS         REF BY
           =====                   =======         ======
           minus11                 00000410 
    -------------------------------------------------------------------------
DATA_Z
  Relative segment, address: CODE_AREA 0000049C - 000005B3 (0x118 bytes), align: 2
  Segment part 7.             Intra module refs:   Segment part 11
           ENTRY                   ADDRESS         REF BY
           =====                   =======         ======
           maincsm_name_body       0000049C 
    -------------------------------------------------------------------------
DATA_Z
  Segment part 8. NOT NEEDED.
           ENTRY                   ADDRESS         REF BY
           =====                   =======         ======
           MAINCSM_ID              
    -------------------------------------------------------------------------
DATA_Z
  Segment part 9. NOT NEEDED.
           ENTRY                   ADDRESS         REF BY
           =====                   =======         ======
           MAINGUI_ID              
    -------------------------------------------------------------------------
CODE
  Relative segment, address: CODE_AREA 0000007C - 00000103 (0x88 bytes), align: 2
  Segment part 15.            Intra module refs:   gui_methods
           LOCAL                   ADDRESS         
           =====                   =======         
           OnRedraw                0000007C 
               stack 1 = 00000000 ( 00000020 )
    -------------------------------------------------------------------------
CODE
  Segment part 16. NOT NEEDED.
    -------------------------------------------------------------------------
CODE
  Relative segment, address: CODE_AREA 00000104 - 00000123 (0x20 bytes), align: 2
  Segment part 17.            Intra module refs:   gui_methods
           LOCAL                   ADDRESS         
           =====                   =======         
           onCreate                00000104 
               stack 1 = 00000000 ( 00000008 )
    -------------------------------------------------------------------------
CODE
  Segment part 18. NOT NEEDED.
    -------------------------------------------------------------------------
CODE
  Relative segment, address: CODE_AREA 00000124 - 00000153 (0x30 bytes), align: 2
  Segment part 19.            Intra module refs:   gui_methods
           LOCAL                   ADDRESS         
           =====                   =======         
           onClose                 00000124 
               stack 1 = 00000000 ( 00000008 )
    -------------------------------------------------------------------------
CODE
  Segment part 20. NOT NEEDED.
    -------------------------------------------------------------------------
CODE
  Relative segment, address: CODE_AREA 00000154 - 00000167 (0x14 bytes), align: 2
  Segment part 21.            Intra module refs:   gui_methods
           LOCAL                   ADDRESS         
           =====                   =======         
           onFocus                 00000154 
               stack 1 = 00000000 ( 00000004 )
    -------------------------------------------------------------------------
CODE
  Segment part 22. NOT NEEDED.
    -------------------------------------------------------------------------
CODE
  Relative segment, address: CODE_AREA 00000168 - 0000017B (0x14 bytes), align: 2
  Segment part 23.            Intra module refs:   gui_methods
           LOCAL                   ADDRESS         
           =====                   =======         
           onUnfocus               00000168 
    -------------------------------------------------------------------------
CODE
  Segment part 24. NOT NEEDED.
    -------------------------------------------------------------------------
CODE
  Relative segment, address: CODE_AREA 0000017C - 000001F7 (0x7c bytes), align: 2
  Segment part 25.            Intra module refs:   gui_methods
           LOCAL                   ADDRESS         
           =====                   =======         
           OnKey                   0000017C 
               stack 1 = 00000000 ( 00000004 )
    -------------------------------------------------------------------------
CODE
  Segment part 26. NOT NEEDED.
    -------------------------------------------------------------------------
CODE
  Relative segment, address: CODE_AREA 000001F8 - 000001FF (0x8 bytes), align: 2
  Segment part 27.            Intra module refs:   gui_methods
           ENTRY                   ADDRESS         REF BY
           =====                   =======         ======
           method8                 000001F8 
    -------------------------------------------------------------------------
CODE
  Segment part 28. NOT NEEDED.
    -------------------------------------------------------------------------
CODE
  Relative segment, address: CODE_AREA 00000200 - 00000207 (0x8 bytes), align: 2
  Segment part 29.            Intra module refs:   gui_methods
           ENTRY                   ADDRESS         REF BY
           =====                   =======         ======
           method9                 00000200 
    -------------------------------------------------------------------------
CODE
  Segment part 30. NOT NEEDED.
    -------------------------------------------------------------------------
CODE
  Relative segment, address: CODE_AREA 00000208 - 00000267 (0x60 bytes), align: 2
  Segment part 31.            Intra module refs:   Segment part 11
           LOCAL                   ADDRESS         
           =====                   =======         
           maincsm_oncreate        00000208 
               stack 1 = 00000000 ( 0000000C )
    -------------------------------------------------------------------------
CODE
  Segment part 32. NOT NEEDED.
    -------------------------------------------------------------------------
DATA_C
  Relative segment, address: CODE_AREA 00000414 - 00000447 (0x34 bytes), align: 2
  Segment part 10.            Intra module refs:   maincsm_oncreate
           ENTRY                   ADDRESS         REF BY
           =====                   =======         ======
           gui_methods             00000414 
    -------------------------------------------------------------------------
CODE
  Relative segment, address: CODE_AREA 00000268 - 00000283 (0x1c bytes), align: 2
  Segment part 33.            Intra module refs:   maincsm_onclose
           ENTRY                   ADDRESS         REF BY
           =====                   =======         ======
           ElfKiller               00000268 
               stack 1 = 00000000 ( 00000004 )
    -------------------------------------------------------------------------
CODE
  Segment part 34. NOT NEEDED.
    -------------------------------------------------------------------------
CODE
  Relative segment, address: CODE_AREA 00000284 - 00000297 (0x14 bytes), align: 2
  Segment part 35.            Intra module refs:   Segment part 11
           LOCAL                   ADDRESS         
           =====                   =======         
           maincsm_onclose         00000284 
               stack 1 = 00000000 ( 00000004 )
    -------------------------------------------------------------------------
CODE
  Segment part 36. NOT NEEDED.
    -------------------------------------------------------------------------
CODE
  Relative segment, address: CODE_AREA 00000298 - 000002C7 (0x30 bytes), align: 2
  Segment part 37.            Intra module refs:   Segment part 11
           LOCAL                   ADDRESS         
           =====                   =======         
           maincsm_onmessage       00000298 
    -------------------------------------------------------------------------
CODE
  Segment part 38. NOT NEEDED.
    -------------------------------------------------------------------------
DATA_C
  Relative segment, address: CODE_AREA 00000448 - 00000483 (0x3c bytes), align: 2
  Segment part 11.            Intra module refs:   UpdateCSMname
                                                   main
    -------------------------------------------------------------------------
CODE
  Relative segment, address: CODE_AREA 000002C8 - 000002E3 (0x1c bytes), align: 2
  Segment part 39.            Intra module refs:   main
           ENTRY                   ADDRESS         REF BY
           =====                   =======         ======
           UpdateCSMname           000002C8 
               stack 1 = 00000000 ( 00000004 )
    -------------------------------------------------------------------------
CODE
  Segment part 40. NOT NEEDED.
    -------------------------------------------------------------------------
CODE
  Relative segment, address: CODE_AREA 000002E4 - 00000317 (0x34 bytes), align: 2
  Segment part 41.
           ENTRY                   ADDRESS         REF BY
           =====                   =======         ======
           main                    000002E4        Absolute parts (?ABS_ENTRY_MOD)
               stack 1 = 00000000 ( 00000030 )
    -------------------------------------------------------------------------
CODE
  Segment part 42. NOT NEEDED.Intra module refs:   Sli
    -------------------------------------------------------------------------
CODE
  Segment part 43. NOT NEEDED.Intra module refs:   ElfKiller
    -------------------------------------------------------------------------
CSTACK
  Segment part 1. NOT NEEDED.
    -------------------------------------------------------------------------
DATA_ID
  Relative segment, address: CODE_AREA 00000000 - 00000017 (0x18 bytes), align: 2
  Segment part 5.             Intra module refs:   Segment part 4
    -------------------------------------------------------------------------
INITTAB
  Relative segment, address: CODE_AREA 00000484 - 0000048F (0xc bytes), align: 2
  Segment part 44. ROOT.
           ENTRY                   ADDRESS         REF BY
           =====                   =======         ======
           ?init?tab?DATA_Z        00000484 
    -------------------------------------------------------------------------
DATA_ID
  Segment part 45. NOT NEEDED.
           ENTRY                   ADDRESS         REF BY
           =====                   =======         ======
           ?*?DATA_ID              
    -------------------------------------------------------------------------
INITTAB
  Relative segment, address: CODE_AREA 00000490 - 0000049B (0xc bytes), align: 2
  Segment part 46. ROOT.
           ENTRY                   ADDRESS         REF BY
           =====                   =======         ======
           ?init?tab?DATA_I        00000490 

    *************************************************************************

  FILE NAME : C:\arm2\Embedded Workbench 4.0 Evaluation\ARM\LIB\dl5tpainl8f.r79
  LIBRARY MODULE, NAME : ?div_module

  SEGMENTS IN THE MODULE
  ======================
CODE
  Segment part 0. NOT NEEDED.
           ENTRY                   ADDRESS         REF BY
           =====                   =======         ======
           ??divu8_t               
    -------------------------------------------------------------------------
CODE
  Segment part 1. NOT NEEDED.
           ENTRY                   ADDRESS         REF BY
           =====                   =======         ======
           ??divu8_a               
    -------------------------------------------------------------------------
CODE
  Segment part 2. NOT NEEDED.
           ENTRY                   ADDRESS         REF BY
           =====                   =======         ======
           ??divu16_t              
    -------------------------------------------------------------------------
CODE
  Segment part 3. NOT NEEDED.
           ENTRY                   ADDRESS         REF BY
           =====                   =======         ======
           ??divu16_a              
    -------------------------------------------------------------------------
CODE
  Segment part 4. NOT NEEDED.
           ENTRY                   ADDRESS         REF BY
           =====                   =======         ======
           ??divu32_t              
    -------------------------------------------------------------------------
CODE
  Segment part 5. NOT NEEDED.
           ENTRY                   ADDRESS         REF BY
           =====                   =======         ======
           ??divu32_a              
    -------------------------------------------------------------------------
CODE
  Segment part 6. NOT NEEDED.
           ENTRY                   ADDRESS         REF BY
           =====                   =======         ======
           ??div8_t                
    -------------------------------------------------------------------------
CODE
  Segment part 7. NOT NEEDED.
           ENTRY                   ADDRESS         REF BY
           =====                   =======         ======
           ??div8_a                
    -------------------------------------------------------------------------
CODE
  Segment part 8. NOT NEEDED.
           ENTRY                   ADDRESS         REF BY
           =====                   =======         ======
           ??div16_t               
    -------------------------------------------------------------------------
CODE
  Segment part 9. NOT NEEDED.
           ENTRY                   ADDRESS         REF BY
           =====                   =======         ======
           ??div16_a               
    -------------------------------------------------------------------------
CODE
  Segment part 10. NOT NEEDED.
           ENTRY                   ADDRESS         REF BY
           =====                   =======         ======
           ??div32_t               
    -------------------------------------------------------------------------
CODE
  Relative segment, address: CODE_AREA 00000318 - 0000032F (0x18 bytes), align: 2
  Segment part 11.
           ENTRY                   ADDRESS         REF BY
           =====                   =======         ======
           ??div32_a               00000318        Sli (main)
    -------------------------------------------------------------------------
CODE
  Relative segment, address: CODE_AREA 00000330 - 00000407 (0xd8 bytes), align: 2
  Segment part 12.            Intra module refs:   ??div32_a




                ****************************************
                *                                      *
                *            MODULE SUMMARY            *
                *                                      *
                ****************************************

Module        CODE   DATA
------        ----   ----
             (Rel)  (Rel)
?div_module    240
func             8
main         1 212     24
------       -----     --
Total:       1 460     24


                ****************************************
                *                                      *
                *              CALL GRAPH              *
                *                                      *
                ****************************************

  ->Sub-tree of type: Indirectly called function tree that does not make
                    : indirect calls (Is not an interrupt and is not flagged
                    : as not overlayable)
                             CSTACK
    | Stack used (prev) :  00000000
  01  Sli
      | Stack used (prev) :  00000000
      | + function block  :  00000008
  <-Sub-tree of type: Indirectly called function tree that does not make
                    : indirect calls (Is not an interrupt and is not flagged
                    : as not overlayable)
    | Stack used          :  00000008


  ->Sub-tree of type: Indirectly called function tree that does not make
                    : indirect calls (Is not an interrupt and is not flagged
                    : as not overlayable)
                             CSTACK
    | Stack used (prev) :  00000000
  01  OnRedraw
      | Stack used (prev) :  00000000
      | + function block  :  00000020
  <-Sub-tree of type: Indirectly called function tree that does not make
                    : indirect calls (Is not an interrupt and is not flagged
                    : as not overlayable)
    | Stack used          :  00000020


  ->Sub-tree of type: Indirectly called function tree that does not make
                    : indirect calls (Is not an interrupt and is not flagged
                    : as not overlayable)
                             CSTACK
    | Stack used (prev) :  00000000
  01  onCreate
      | Stack used (prev) :  00000000
      | + function block  :  00000008
  <-Sub-tree of type: Indirectly called function tree that does not make
                    : indirect calls (Is not an interrupt and is not flagged
                    : as not overlayable)
    | Stack used          :  00000008


  ->Sub-tree of type: Indirectly called function tree that does not make
                    : indirect calls (Is not an interrupt and is not flagged
                    : as not overlayable)
                             CSTACK
    | Stack used (prev) :  00000000
  01  onClose
      | Stack used (prev) :  00000000
      | + function block  :  00000008
  <-Sub-tree of type: Indirectly called function tree that does not make
                    : indirect calls (Is not an interrupt and is not flagged
                    : as not overlayable)
    | Stack used          :  00000008


  ->Sub-tree of type: Indirectly called function tree that does not make
                    : indirect calls (Is not an interrupt and is not flagged
                    : as not overlayable)
                             CSTACK
    | Stack used (prev) :  00000000
  01  onFocus
      | Stack used (prev) :  00000000
      | + function block  :  00000004
  <-Sub-tree of type: Indirectly called function tree that does not make
                    : indirect calls (Is not an interrupt and is not flagged
                    : as not overlayable)
    | Stack used          :  00000004


  ->Sub-tree of type: Indirectly called function tree that does not make
                    : indirect calls (Is not an interrupt and is not flagged
                    : as not overlayable)
                             CSTACK
    | Stack used (prev) :  00000000
  01  onUnfocus
      | Stack used (prev) :  00000000
      | + function block  :  00000000
  <-Sub-tree of type: Indirectly called function tree that does not make
                    : indirect calls (Is not an interrupt and is not flagged
                    : as not overlayable)
    | Stack used          :  00000000


  ->Sub-tree of type: Indirectly called function tree that does not make
                    : indirect calls (Is not an interrupt and is not flagged
                    : as not overlayable)
                             CSTACK
    | Stack used (prev) :  00000000
  01  OnKey
      | Stack used (prev) :  00000000
      | + function block  :  00000004
  <-Sub-tree of type: Indirectly called function tree that does not make
                    : indirect calls (Is not an interrupt and is not flagged
                    : as not overlayable)
    | Stack used          :  00000004


  ->Sub-tree of type: Indirectly called function tree that does not make
                    : indirect calls (Is not an interrupt and is not flagged
                    : as not overlayable)
                             CSTACK
    | Stack used (prev) :  00000000
  01  method8
      | Stack used (prev) :  00000000
      | + function block  :  00000000
  <-Sub-tree of type: Indirectly called function tree that does not make
                    : indirect calls (Is not an interrupt and is not flagged
                    : as not overlayable)
    | Stack used          :  00000000


  ->Sub-tree of type: Indirectly called function tree that does not make
                    : indirect calls (Is not an interrupt and is not flagged
                    : as not overlayable)
                             CSTACK
    | Stack used (prev) :  00000000
  01  method9
      | Stack used (prev) :  00000000
      | + function block  :  00000000
  <-Sub-tree of type: Indirectly called function tree that does not make
                    : indirect calls (Is not an interrupt and is not flagged
                    : as not overlayable)
    | Stack used          :  00000000


  ->Sub-tree of type: Indirectly called function tree that does not make
                    : indirect calls (Is not an interrupt and is not flagged
                    : as not overlayable)
                             CSTACK
    | Stack used (prev) :  00000000
  01  maincsm_oncreate
      | Stack used (prev) :  00000000
      | + function block  :  0000000C
  <-Sub-tree of type: Indirectly called function tree that does not make
                    : indirect calls (Is not an interrupt and is not flagged
                    : as not overlayable)
    | Stack used          :  0000000C


  ->Sub-tree of type: Indirectly called function tree that does not make
                    : indirect calls (Is not an interrupt and is not flagged
                    : as not overlayable)
                             CSTACK
    | Stack used (prev) :  00000000
  01  ElfKiller
      | Stack used (prev) :  00000000
      | + function block  :  00000004
  <-Sub-tree of type: Indirectly called function tree that does not make
                    : indirect calls (Is not an interrupt and is not flagged
                    : as not overlayable)
    | Stack used          :  00000004


  ->Sub-tree of type: Indirectly called function tree that does not make
                    : indirect calls (Is not an interrupt and is not flagged
                    : as not overlayable)
                             CSTACK
    | Stack used (prev) :  00000000
  01  maincsm_onclose
      | Stack used (prev) :  00000000
      | + function block  :  00000004
  <-Sub-tree of type: Indirectly called function tree that does not make
                    : indirect calls (Is not an interrupt and is not flagged
                    : as not overlayable)
    | Stack used          :  00000004


  ->Sub-tree of type: Indirectly called function tree that does not make
                    : indirect calls (Is not an interrupt and is not flagged
                    : as not overlayable)
                             CSTACK
    | Stack used (prev) :  00000000
  01  maincsm_onmessage
      | Stack used (prev) :  00000000
      | + function block  :  00000000
  <-Sub-tree of type: Indirectly called function tree that does not make
                    : indirect calls (Is not an interrupt and is not flagged
                    : as not overlayable)
    | Stack used          :  00000000


  ->Sub-tree of type: Function tree
                             CSTACK
    | Stack used (prev) :  00000020
  01  UpdateCSMname
      | Stack used (prev) :  00000020
      | + function block  :  00000004
  <-Sub-tree of type: Function tree
    | Stack used          :  00000024


  ->Sub-tree of type: Function tree
                             CSTACK
    | Stack used (prev) :  00000024
  01  main
      | Stack used (prev) :  00000024
      | + function block  :  00000030
  <-Sub-tree of type: Function tree
    | Stack used          :  00000054




                ****************************************
                *                                      *
                *      SEGMENTS IN ADDRESS ORDER       *
                *                                      *
                ****************************************


SEGMENT              SPACE    START ADDRESS   END ADDRESS     SIZE  TYPE  ALIGN
=======              =====    =============   ===========     ====  ====  =====
ELFBEGIN             CODE_AREA           00000000                     rel    0
DATA_ID              CODE_AREA      00000000 - 00000017          18   rel    2
START                CODE_AREA           00000018                     dse    0
CODE                 CODE_AREA      00000018 - 00000407         3F0   rel    2
DATA_C               CODE_AREA      00000408 - 00000483          7C   rel    2
INITTAB              CODE_AREA      00000484 - 0000049B          18   rel    2
DATA_Z               CODE_AREA      0000049C - 000005B3         118   rel    2
DATA_I               DATA_AREA      00000000 - 00000017          18   rel    2

                ****************************************
                *                                      *
                *        END OF CROSS REFERENCE        *
                *                                      *
                ****************************************

 1 460 bytes of CODE memory
    24 bytes of DATA memory

Errors: none
Warnings: none

