##############################################################################
#                                                                            #
# IAR ARM ANSI C/C++ Compiler V4.41A/W32 EVALUATION    26/Feb/2008  15:03:49 #
# Copyright 1999-2005 IAR Systems. All rights reserved.                      #
#                                                                            #
#    Cpu mode        =  interwork                                            #
#    Endian          =  little                                               #
#    Stack alignment =  4                                                    #
#    Source file     =  D:\Pasha\elf\mod_src\naticq_2nd_mod to               #
#                       all(17.02.08)\smiles_loader.c                        #
#    Command line    =  "D:\Pasha\elf\mod_src\naticq_2nd_mod to              #
#                       all(17.02.08)\smiles_loader.c" -D NEWSGOLD -D ELKA   #
#                       --preprocess "D:\Pasha\elf\mod_src\naticq_2nd_mod    #
#                       to all(17.02.08)\Release_ELKA\List\" -lC             #
#                       "D:\Pasha\elf\mod_src\naticq_2nd_mod to              #
#                       all(17.02.08)\Release_ELKA\List\" -o                 #
#                       "D:\Pasha\elf\mod_src\naticq_2nd_mod to              #
#                       all(17.02.08)\Release_ELKA\Obj\" -s9 --no_unroll     #
#                       --cpu_mode arm --endian little --cpu ARM926EJ-S      #
#                       --stack_align 4 --interwork -e --fpu None            #
#                       --dlib_config "D:\Pasha\ARM_Embedded_Workbench\Embed #
#                       ded Workbench 4.0 Evaluation\ARM\LIB\dl5tpainl8n.h"  #
#                       -I "D:\Pasha\ARM_Embedded_Workbench\Embedded         #
#                       Workbench 4.0 Evaluation\ARM\INC\"                   #
#                       --inline_threshold=2                                 #
#    List file       =  D:\Pasha\elf\mod_src\naticq_2nd_mod to               #
#                       all(17.02.08)\Release_ELKA\List\smiles_loader.lst    #
#    Object file     =  D:\Pasha\elf\mod_src\naticq_2nd_mod to               #
#                       all(17.02.08)\Release_ELKA\Obj\smiles_loader.r79     #
#                                                                            #
#                                                                            #
##############################################################################

D:\Pasha\elf\mod_src\naticq_2nd_mod to all(17.02.08)\smiles_loader.c
      1          #include "../inc/swilib.h"
      2          #include "../inc/pnglist.h"
      3          #include "naticq_ipc.h"
      4          #include "smiles.h"
      5          #include "naticq.h"
      6          

   \                                 In segment DATA_Z, align 4, align-sorted
      7          S_SMILES *s_top=0;
      8          
      9          DYNPNGICONLIST *SmilesImgList;
     10          DYNPNGICONLIST *XStatusesImgList;
     11          
     12          int *XStatusesIconArray;
     13          
     14          volatile int total_smiles;
     15          volatile int total_xstatuses;
     16          volatile int xstatuses_load;
     17          
     18          extern const char SMILE_FILE[];
     19          extern const char SMILE_PATH[];
     20          extern const char XSTATUSES_PATH[];
     21          extern const char ipc_my_name[32];
     22          extern  int S_ICONS[];
     23          
     24          static IPC_REQ gipc;
   \                     gipc:
   \   00000000                      DS8 12
   \                     s_top:
   \   0000000C                      DS8 4
   \                     SmilesImgList:
   \   00000010                      DS8 4
   \                     XStatusesImgList:
   \   00000014                      DS8 4
   \                     XStatusesIconArray:
   \   00000018                      DS8 4
   \                     total_smiles:
   \   0000001C                      DS8 4
   \                     total_xstatuses:
   \   00000020                      DS8 4
   \                     xstatuses_load:
   \   00000024                      DS8 4
   \   00000028                      DS8 4
   \   0000002C                      DS8 4
   \   00000030                      DS8 4
   \   00000034                      DS8 4
     25          static char *p_buf;
     26          static char *s_buf;
     27          static S_SMILES *s_bot;
     28          static int n_pic;
     29          

   \                                 In segment CODE, align 4, keep-with-next
     30          S_SMILES *FindSmileById(int n)
     31          {
     32            int i=0;
     33            S_SMILES *sl=(S_SMILES *)s_top;
   \                     FindSmileById:
   \   00000000   ........           LDR      R1,??DataTable1  ;; gipc + 12
   \   00000004   0020A0E3           MOV      R2,#+0
   \   00000008   001091E5           LDR      R1,[R1, #+0]
   \   0000000C   010000EA           B        ??FindSmileById_0
     34            while(sl && i!=n)
     35            {
     36              sl=sl->next;
   \                     ??FindSmileById_1:
   \   00000010   001091E5           LDR      R1,[R1, #+0]
     37              i++;
   \   00000014   012082E2           ADD      R2,R2,#+1
     38            }
   \                     ??FindSmileById_0:
   \   00000018   000051E3           CMP      R1,#+0
   \   0000001C   00005211           CMPNE    R2,R0
   \   00000020   FAFFFF1A           BNE      ??FindSmileById_1
     39            return sl;
   \   00000024   0100A0E1           MOV      R0,R1
   \   00000028   1EFF2FE1           BX       LR               ;; return
     40          }
     41          

   \                                 In segment CODE, align 4, keep-with-next
     42          S_SMILES *FindSmileByUni(int wchar)
     43          {
     44            S_SMILES *sl=(S_SMILES *)s_top;
   \                     FindSmileByUni:
   \   00000000   ........           LDR      R1,??DataTable1  ;; gipc + 12
     45            while(sl)
     46            {
     47              if (sl->uni_smile == wchar) return (sl);
     48              sl=sl->next;
   \                     ??FindSmileByUni_0:
   \   00000004   001091E5           LDR      R1,[R1, #+0]
   \   00000008   000051E3           CMP      R1,#+0
   \   0000000C   0400000A           BEQ      ??FindSmileByUni_1
   \   00000010   042091E5           LDR      R2,[R1, #+4]
   \   00000014   000052E1           CMP      R2,R0
   \   00000018   F9FFFF1A           BNE      ??FindSmileByUni_0
   \   0000001C   0100A0E1           MOV      R0,R1
   \   00000020   1EFF2FE1           BX       LR
     49            }
     50            return (0);
   \                     ??FindSmileByUni_1:
   \   00000024   0000A0E3           MOV      R0,#+0
   \   00000028   1EFF2FE1           BX       LR               ;; return
     51          }
     52          

   \                                 In segment CODE, align 4, keep-with-next
     53          void FreeSmiles(void)
     54          {
   \                     FreeSmiles:
   \   00000000   F0412DE9           PUSH     {R4-R8,LR}
     55            S_SMILES *s_smile;
     56            STXT_SMILES *n;
     57            STXT_SMILES *st;
     58            DYNPNGICONLIST *d;
     59            DYNPNGICONLIST *nd;
     60            LockSched();
     61            total_smiles=0;
   \   00000004   ........           LDR      R4,??DataTable7  ;; gipc
   \   00000008   04D04DE2           SUB      SP,SP,#+4
   \   0000000C   0050A0E3           MOV      R5,#+0
   \   00000010   460100EF           SWI      +326
   \   00000014   1C5084E5           STR      R5,[R4, #+28]
     62            s_smile=(S_SMILES *)s_top;
   \   00000018   0C6094E5           LDR      R6,[R4, #+12]
     63            s_top=0;
   \   0000001C   0C5084E5           STR      R5,[R4, #+12]
     64            s_bot=0;
   \   00000020   305084E5           STR      R5,[R4, #+48]
     65            UnlockSched();
   \   00000024   470100EF           SWI      +327
   \   00000028   000056E3           CMP      R6,#+0
   \   0000002C   1300000A           BEQ      ??FreeSmiles_0
     66            while(s_smile)
     67            {
     68              S_SMILES *s;
     69              s=s_smile;
   \                     ??FreeSmiles_1:
   \   00000030   0670A0E1           MOV      R7,R6
     70              st=s->lines;
   \   00000034   080097E5           LDR      R0,[R7, #+8]
   \   00000038   000050E3           CMP      R0,#+0
   \   0000003C   0A00000A           BEQ      ??FreeSmiles_2
     71              while(st)
     72              {
     73                n=st->next;
   \                     ??FreeSmiles_3:
   \   00000040   0D10A0E1           MOV      R1,SP
   \   00000044   0020A0E1           MOV      R2,R0
   \   00000048   0430A0E3           MOV      R3,#+4
   \                     ??FreeSmiles_4:
   \   0000004C   ........           LDRB     R8,[R2], #+1
   \   00000050   013053E2           SUBS     R3,R3,#+1
   \   00000054   ........           STRB     R8,[R1], #+1
   \   00000058   FBFFFF1A           BNE      ??FreeSmiles_4
   \   0000005C   00809DE5           LDR      R8,[SP, #+0]
     74                mfree(st);
   \   00000060   150000EF           SWI      +21
     75                st=n;
   \   00000064   0800B0E1           MOVS     R0,R8
     76              }
   \   00000068   F4FFFF1A           BNE      ??FreeSmiles_3
     77              s_smile=(S_SMILES *)(s_smile->next);
   \                     ??FreeSmiles_2:
   \   0000006C   006096E5           LDR      R6,[R6, #+0]
     78              mfree(s);
   \   00000070   0700A0E1           MOV      R0,R7
   \   00000074   150000EF           SWI      +21
     79            }
   \   00000078   000056E3           CMP      R6,#+0
   \   0000007C   EBFFFF1A           BNE      ??FreeSmiles_1
     80            LockSched();
   \                     ??FreeSmiles_0:
   \   00000080   460100EF           SWI      +326
     81            d=SmilesImgList;
   \   00000084   106094E5           LDR      R6,[R4, #+16]
     82            SmilesImgList=0;
   \   00000088   105084E5           STR      R5,[R4, #+16]
     83            UnlockSched();
   \   0000008C   470100EF           SWI      +327
   \   00000090   000056E3           CMP      R6,#+0
   \   00000094   0B00000A           BEQ      ??FreeSmiles_5
     84            while(d)
     85            {
     86              if (d->img)
   \                     ??FreeSmiles_6:
   \   00000098   080096E5           LDR      R0,[R6, #+8]
   \   0000009C   000050E3           CMP      R0,#+0
   \   000000A0   0300000A           BEQ      ??FreeSmiles_7
     87              {
     88                mfree(d->img->bitmap);
   \   000000A4   080090E5           LDR      R0,[R0, #+8]
   \   000000A8   150000EF           SWI      +21
     89                mfree(d->img);
   \   000000AC   080096E5           LDR      R0,[R6, #+8]
   \   000000B0   150000EF           SWI      +21
     90              }
     91              nd=d->next;
   \                     ??FreeSmiles_7:
   \   000000B4   005096E5           LDR      R5,[R6, #+0]
     92              mfree(d);
   \   000000B8   0600A0E1           MOV      R0,R6
   \   000000BC   150000EF           SWI      +21
     93              d=nd;
   \   000000C0   0560B0E1           MOVS     R6,R5
     94            }
   \   000000C4   F3FFFF1A           BNE      ??FreeSmiles_6
     95            mfree(s_buf);
   \                     ??FreeSmiles_5:
   \   000000C8   2C0094E5           LDR      R0,[R4, #+44]
   \   000000CC   150000EF           SWI      +21
     96          }
   \   000000D0   F181BDE8           POP      {R0,R4-R8,PC}    ;; return
     97          

   \                                 In segment CODE, align 4, keep-with-next
     98          void InitSmiles(void)
     99          {
   \                     InitSmiles:
   \   00000000   F0412DE9           PUSH     {R4-R8,LR}
    100            int f;
    101            unsigned int err;
    102            int fsize;
    103            char *buf;
    104            FSTATS stat;
    105          
    106            FreeSmiles();
    107          
    108            n_pic=FIRST_UCS2_BITMAP;
   \   00000004   ........           LDR      R4,??DataTable10  ;; gipc
    109            if (GetFileStats(SMILE_FILE,&stat,&err)==-1)
   \   00000008   C8609FE5           LDR      R6,??InitSmiles_0  ;; SMILE_FILE
   \   0000000C   2CD04DE2           SUB      SP,SP,#+44
   \   00000010   ........           BL       FreeSmiles
   \   00000014   2A00A0E3           MOV      R0,#+42
   \   00000018   E10C80E3           ORR      R0,R0,#0xE100
   \   0000001C   340084E5           STR      R0,[R4, #+52]
   \   00000020   0050E0E3           MVN      R5,#+0
   \   00000024   0D20A0E1           MOV      R2,SP
   \   00000028   04108DE2           ADD      R1,SP,#+4
   \   0000002C   0600A0E1           MOV      R0,R6
   \   00000030   840000EF           SWI      +132
   \   00000034   050050E1           CMP      R0,R5
   \   00000038   2400000A           BEQ      ??InitSmiles_1
    110              return;
    111          
    112            if ((fsize=stat.size)<=0)
   \   0000003C   08709DE5           LDR      R7,[SP, #+8]
   \   00000040   010057E3           CMP      R7,#+1
   \   00000044   210000BA           BLT      ??InitSmiles_1
    113              return;
    114          
    115            if ((f=fopen(SMILE_FILE,A_ReadOnly+A_BIN,P_READ,&err))==-1)
   \   00000048   0D30A0E1           MOV      R3,SP
   \   0000004C   8020A0E3           MOV      R2,#+128
   \   00000050   801CA0E3           MOV      R1,#+32768
   \   00000054   0600A0E1           MOV      R0,R6
   \   00000058   0A0000EF           SWI      +10
   \   0000005C   0060A0E1           MOV      R6,R0
   \   00000060   050056E1           CMP      R6,R5
   \   00000064   1900000A           BEQ      ??InitSmiles_1
    116              return;
    117          
    118            buf=s_buf=p_buf=malloc(fsize+1);
   \   00000068   010087E2           ADD      R0,R7,#+1
   \   0000006C   140000EF           SWI      +20
   \   00000070   0050A0E1           MOV      R5,R0
   \   00000074   285084E5           STR      R5,[R4, #+40]
   \   00000078   2C5084E5           STR      R5,[R4, #+44]
    119            buf[fread(f,buf,fsize,&err)]=0;
   \   0000007C   0080A0E3           MOV      R8,#+0
   \   00000080   0D30A0E1           MOV      R3,SP
   \   00000084   0720A0E1           MOV      R2,R7
   \   00000088   0510A0E1           MOV      R1,R5
   \   0000008C   0600A0E1           MOV      R0,R6
   \   00000090   0B0000EF           SWI      +11
   \   00000094   0580C0E7           STRB     R8,[R0, +R5]
    120            fclose(f,&err);
   \   00000098   0D10A0E1           MOV      R1,SP
   \   0000009C   0600A0E1           MOV      R0,R6
   \   000000A0   0D0000EF           SWI      +13
    121            //f=fopen("4:\\smiles.cfg",A_ReadWrite+A_BIN+A_Create+A_Append,P_READ+P_WRITE,&err);
    122            gipc.name_to=ipc_my_name;
   \   000000A4   ........           LDR      R0,??DataTable11  ;; ipc_my_name
    123            gipc.name_from=ipc_my_name;
    124            gipc.data=0;
   \   000000A8   088084E5           STR      R8,[R4, #+8]
   \   000000AC   000084E5           STR      R0,[R4, #+0]
   \   000000B0   040084E5           STR      R0,[R4, #+4]
    125            GBS_SendMessage(MMI_CEPID,MSG_IPC,IPC_SMILE_PROCESSED,&gipc);
   \   000000B4   0430A0E1           MOV      R3,R4
   \   000000B8   0220A0E3           MOV      R2,#+2
   \   000000BC   B010A0E3           MOV      R1,#+176
   \   000000C0   DE1C81E3           ORR      R1,R1,#0xDE00
   \   000000C4   0900A0E3           MOV      R0,#+9
   \   000000C8   420C80E3           ORR      R0,R0,#0x4200
   \   000000CC   000100EF           SWI      +256
    126          }
   \                     ??InitSmiles_1:
   \   000000D0   2CD08DE2           ADD      SP,SP,#+44       ;; stack cleaning
   \   000000D4   F081BDE8           POP      {R4-R8,PC}       ;; return
   \                     ??InitSmiles_0:
   \   000000D8   ........           DC32     SMILE_FILE
    127          

   \                                 In segment CODE, align 4, keep-with-next
    128          void ProcessNextSmile(void)  
    129          {  
   \                     ProcessNextSmile:
   \   00000000   F0432DE9           PUSH     {R4-R9,LR}
    130            int c;
    131            char fn[128];
    132            DYNPNGICONLIST *dp;
    133            S_SMILES *si;
    134            STXT_SMILES *st;
    135            char *buf=p_buf;
   \   00000004   ........           LDR      R4,??DataTable10  ;; gipc
   \   00000008   88D04DE2           SUB      SP,SP,#+136
   \   0000000C   285094E5           LDR      R5,[R4, #+40]
    136            if (!buf) return;
   \   00000010   0060A0E3           MOV      R6,#+0
   \   00000014   000055E3           CMP      R5,#+0
   \   00000018   0300001A           BNE      ??ProcessNextSmile_0
   \   0000001C   150000EA           B        ??ProcessNextSmile_1
    137            while ((c=*buf))
    138            {
    139              char *p;
    140              if ((c==10)||(c==13))
    141              {
    142                buf++;
    143                gipc.name_to=ipc_my_name;
    144                gipc.name_from=ipc_my_name;
    145                gipc.data=0;
    146                GBS_SendMessage(MMI_CEPID,MSG_IPC,IPC_SMILE_PROCESSED,&gipc);
    147                p_buf=buf;
    148                return;
    149              }
    150              p=strchr(buf,':');
    151              if (!p) break;
    152              zeromem(fn,128);
    153              strcpy(fn,SMILE_PATH);
    154              if (fn[strlen(fn)-1]!='\\') strcat(fn,"\\");
    155              c=p-buf;
    156              if (c>(127-strlen(fn))) break;
    157              strncpy(fn+strlen(fn),buf,c);
    158          //    snprintf(logmsg,255,"Process file %s...",fn);
    159          //    REDRAW();
    160              buf=p;
    161              dp=malloc(sizeof(DYNPNGICONLIST));
    162              zeromem(dp,sizeof(DYNPNGICONLIST));
    163              dp->icon=GetPicNByUnicodeSymbol(n_pic);
    164              dp->img=CreateIMGHDRFromPngFile(fn,0);
    165              LockSched();
    166              if (SmilesImgList)
    167              {
    168                dp->next=SmilesImgList;
    169              }
    170              SmilesImgList=dp;
    171              UnlockSched();
    172              si=malloc(sizeof(S_SMILES));
    173              si->next=NULL;
    174              si->lines=NULL;
    175              si->botlines=NULL;
    176              si->uni_smile=n_pic;
    177              if (s_bot)
    178              {
    179                //Не первый
    180                s_bot->next=si;
    181                s_bot=si;
    182              }
    183              else
    184              {
    185                //Первый
    186                s_top=si;
    187                s_bot=si;
    188              }
    189              n_pic++;
    190              while (*buf!=10 && *buf!=13 && *buf!=0)
    191              {
    192                buf++;
    193                int i=0;
    194                while (buf[i]!=0&&buf [i]!=','&&buf [i]!=10&&buf[i]!=13)  i++;
    195                st=malloc(sizeof(STXT_SMILES)+i);
    196                strncpy(st->text,buf,i);
    197                st->text[i]=0;
    198                
    199                st->next=NULL;
    200                st->key=*((unsigned long *)st->text);
    201                st->mask=~(0xFFFFFFFFUL<<(8*i));
    202                st->key&=st->mask;
    203                if (si->botlines)
    204                {
    205          	si->botlines->next=st;
    206          	si->botlines=st;
    207                }
    208                else
    209                {
    210          	si->lines=st;
    211          	si->botlines=st;
    212                }
    213                buf+=i;
    214              }
    215              total_smiles++;
   \                     ??ProcessNextSmile_2:
   \   00000020   1C0094E5           LDR      R0,[R4, #+28]
   \   00000024   010080E2           ADD      R0,R0,#+1
   \   00000028   1C0084E5           STR      R0,[R4, #+28]
   \                     ??ProcessNextSmile_0:
   \   0000002C   0080D5E5           LDRB     R8,[R5, #+0]
   \   00000030   000058E3           CMP      R8,#+0
   \   00000034   B200000A           BEQ      ??ProcessNextSmile_3
   \   00000038   0A0058E3           CMP      R8,#+10
   \   0000003C   0D005813           CMPNE    R8,#+13
   \   00000040   0E00001A           BNE      ??ProcessNextSmile_4
   \   00000044   ........           LDR      R0,??DataTable11  ;; ipc_my_name
   \   00000048   086084E5           STR      R6,[R4, #+8]
   \   0000004C   000084E5           STR      R0,[R4, #+0]
   \   00000050   040084E5           STR      R0,[R4, #+4]
   \   00000054   0430A0E1           MOV      R3,R4
   \   00000058   0220A0E3           MOV      R2,#+2
   \   0000005C   B010A0E3           MOV      R1,#+176
   \   00000060   DE1C81E3           ORR      R1,R1,#0xDE00
   \   00000064   0900A0E3           MOV      R0,#+9
   \   00000068   420C80E3           ORR      R0,R0,#0x4200
   \   0000006C   000100EF           SWI      +256
   \   00000070   015085E2           ADD      R5,R5,#+1
   \   00000074   285084E5           STR      R5,[R4, #+40]
   \                     ??ProcessNextSmile_1:
   \   00000078   88D08DE2           ADD      SP,SP,#+136
   \   0000007C   F083BDE8           POP      {R4-R9,PC}
   \                     ??ProcessNextSmile_4:
   \   00000080   3A10A0E3           MOV      R1,#+58
   \   00000084   0500A0E1           MOV      R0,R5
   \   00000088   180000EF           SWI      +24
   \   0000008C   0070B0E1           MOVS     R7,R0
   \   00000090   9B00000A           BEQ      ??ProcessNextSmile_3
   \   00000094   8010A0E3           MOV      R1,#+128
   \   00000098   08008DE2           ADD      R0,SP,#+8
   \   0000009C   1D0100EF           SWI      +285
   \   000000A0   80129FE5           LDR      R1,??ProcessNextSmile_5+0x4  ;; SMILE_PATH
   \   000000A4   08008DE2           ADD      R0,SP,#+8
   \   000000A8   1A0000EF           SWI      +26
   \   000000AC   08008DE2           ADD      R0,SP,#+8
   \   000000B0   1B0000EF           SWI      +27
   \   000000B4   08108DE2           ADD      R1,SP,#+8
   \   000000B8   010080E0           ADD      R0,R0,R1
   \   000000BC   010050E5           LDRB     R0,[R0, #-1]
   \   000000C0   5C0050E3           CMP      R0,#+92
   \   000000C4   0200000A           BEQ      ??ProcessNextSmile_6
   \   000000C8   951F8FE2           ADR      R1,??ProcessNextSmile_5  ;; "\\"
   \   000000CC   08008DE2           ADD      R0,SP,#+8
   \   000000D0   170000EF           SWI      +23
   \                     ??ProcessNextSmile_6:
   \   000000D4   058047E0           SUB      R8,R7,R5
   \   000000D8   08008DE2           ADD      R0,SP,#+8
   \   000000DC   1B0000EF           SWI      +27
   \   000000E0   7F0060E2           RSB      R0,R0,#+127
   \   000000E4   080050E1           CMP      R0,R8
   \   000000E8   8500003A           BCC      ??ProcessNextSmile_3
   \   000000EC   08008DE2           ADD      R0,SP,#+8
   \   000000F0   1B0000EF           SWI      +27
   \   000000F4   0820A0E1           MOV      R2,R8
   \   000000F8   0510A0E1           MOV      R1,R5
   \   000000FC   08308DE2           ADD      R3,SP,#+8
   \   00000100   030080E0           ADD      R0,R0,R3
   \   00000104   160100EF           SWI      +278
   \   00000108   0750A0E1           MOV      R5,R7
   \   0000010C   0C00A0E3           MOV      R0,#+12
   \   00000110   140000EF           SWI      +20
   \   00000114   0070A0E1           MOV      R7,R0
   \   00000118   0C10A0E3           MOV      R1,#+12
   \   0000011C   1D0100EF           SWI      +285
   \   00000120   340094E5           LDR      R0,[R4, #+52]
   \   00000124   E40100EF           SWI      +484
   \   00000128   040087E5           STR      R0,[R7, #+4]
   \   0000012C   0010A0E3           MOV      R1,#+0
   \   00000130   08008DE2           ADD      R0,SP,#+8
   \   00000134   E90100EF           SWI      +489
   \   00000138   080087E5           STR      R0,[R7, #+8]
   \   0000013C   460100EF           SWI      +326
   \   00000140   100094E5           LDR      R0,[R4, #+16]
   \   00000144   000050E3           CMP      R0,#+0
   \   00000148   00008715           STRNE    R0,[R7, #+0]
   \   0000014C   107084E5           STR      R7,[R4, #+16]
   \   00000150   470100EF           SWI      +327
   \   00000154   1000A0E3           MOV      R0,#+16
   \   00000158   140000EF           SWI      +20
   \   0000015C   0070A0E1           MOV      R7,R0
   \   00000160   006087E5           STR      R6,[R7, #+0]
   \   00000164   086087E5           STR      R6,[R7, #+8]
   \   00000168   0C6087E5           STR      R6,[R7, #+12]
   \   0000016C   340094E5           LDR      R0,[R4, #+52]
   \   00000170   040087E5           STR      R0,[R7, #+4]
   \   00000174   301094E5           LDR      R1,[R4, #+48]
   \   00000178   010080E2           ADD      R0,R0,#+1
   \   0000017C   000051E3           CMP      R1,#+0
   \   00000180   00708115           STRNE    R7,[R1, #+0]
   \   00000184   0C708405           STREQ    R7,[R4, #+12]
   \   00000188   0710A0E1           MOV      R1,R7
   \   0000018C   301084E5           STR      R1,[R4, #+48]
   \   00000190   340084E5           STR      R0,[R4, #+52]
   \   00000194   020000EA           B        ??ProcessNextSmile_7
   \                     ??ProcessNextSmile_8:
   \   00000198   089087E5           STR      R9,[R7, #+8]
   \                     ??ProcessNextSmile_9:
   \   0000019C   0C9087E5           STR      R9,[R7, #+12]
   \   000001A0   055088E0           ADD      R5,R8,R5
   \                     ??ProcessNextSmile_7:
   \   000001A4   0000D5E5           LDRB     R0,[R5, #+0]
   \   000001A8   0A0050E3           CMP      R0,#+10
   \   000001AC   0D005013           CMPNE    R0,#+13
   \   000001B0   00005013           CMPNE    R0,#+0
   \   000001B4   99FFFF0A           BEQ      ??ProcessNextSmile_2
   \   000001B8   0080A0E3           MOV      R8,#+0
   \   000001BC   015085E2           ADD      R5,R5,#+1
   \   000001C0   0500A0E1           MOV      R0,R5
   \   000001C4   000000EA           B        ??ProcessNextSmile_10
   \                     ??ProcessNextSmile_11:
   \   000001C8   018088E2           ADD      R8,R8,#+1
   \                     ??ProcessNextSmile_10:
   \   000001CC   0010D0E5           LDRB     R1,[R0, #+0]
   \   000001D0   000051E3           CMP      R1,#+0
   \   000001D4   2C005113           CMPNE    R1,#+44
   \   000001D8   0A005113           CMPNE    R1,#+10
   \   000001DC   ........           LDRBNE   R1,[R0], #+1
   \   000001E0   0D005113           CMPNE    R1,#+13
   \   000001E4   F7FFFF1A           BNE      ??ProcessNextSmile_11
   \   000001E8   0D0088E2           ADD      R0,R8,#+13
   \   000001EC   140000EF           SWI      +20
   \   000001F0   0090A0E1           MOV      R9,R0
   \   000001F4   0820A0E1           MOV      R2,R8
   \   000001F8   0510A0E1           MOV      R1,R5
   \   000001FC   0C0089E2           ADD      R0,R9,#+12
   \   00000200   160100EF           SWI      +278
   \   00000204   090088E0           ADD      R0,R8,R9
   \   00000208   0C60C0E5           STRB     R6,[R0, #+12]
   \   0000020C   00608DE5           STR      R6,[SP, #+0]
   \   00000210   0900A0E1           MOV      R0,R9
   \   00000214   0D10A0E1           MOV      R1,SP
   \   00000218   0420A0E3           MOV      R2,#+4
   \                     ??ProcessNextSmile_12:
   \   0000021C   ........           LDRB     R3,[R1], #+1
   \   00000220   012052E2           SUBS     R2,R2,#+1
   \   00000224   ........           STRB     R3,[R0], #+1
   \   00000228   FBFFFF1A           BNE      ??ProcessNextSmile_12
   \   0000022C   0C0099E5           LDR      R0,[R9, #+12]
   \   00000230   0810A0E1           MOV      R1,R8
   \   00000234   0400C9E5           STRB     R0,[R9, #+4]
   \   00000238   2004A0E1           LSR      R0,R0,#+8
   \   0000023C   0500C9E5           STRB     R0,[R9, #+5]
   \   00000240   2004A0E1           LSR      R0,R0,#+8
   \   00000244   0600C9E5           STRB     R0,[R9, #+6]
   \   00000248   2004A0E1           LSR      R0,R0,#+8
   \   0000024C   0700C9E5           STRB     R0,[R9, #+7]
   \   00000250   0600E0E1           MVN      R0,R6
   \   00000254   8111A0E1           LSL      R1,R1,#+3
   \   00000258   1001E0E1           MVN      R0,R0, LSL R1
   \   0000025C   0800C9E5           STRB     R0,[R9, #+8]
   \   00000260   2004A0E1           LSR      R0,R0,#+8
   \   00000264   0900C9E5           STRB     R0,[R9, #+9]
   \   00000268   2004A0E1           LSR      R0,R0,#+8
   \   0000026C   0A00C9E5           STRB     R0,[R9, #+10]
   \   00000270   2004A0E1           LSR      R0,R0,#+8
   \   00000274   0B00C9E5           STRB     R0,[R9, #+11]
   \   00000278   0700D9E5           LDRB     R0,[R9, #+7]
   \   0000027C   0610D9E5           LDRB     R1,[R9, #+6]
   \   00000280   0A20D9E5           LDRB     R2,[R9, #+10]
   \   00000284   000481E1           ORR      R0,R1,R0, LSL #+8
   \   00000288   0510D9E5           LDRB     R1,[R9, #+5]
   \   0000028C   000481E1           ORR      R0,R1,R0, LSL #+8
   \   00000290   0410D9E5           LDRB     R1,[R9, #+4]
   \   00000294   000481E1           ORR      R0,R1,R0, LSL #+8
   \   00000298   0B10D9E5           LDRB     R1,[R9, #+11]
   \   0000029C   011482E1           ORR      R1,R2,R1, LSL #+8
   \   000002A0   0920D9E5           LDRB     R2,[R9, #+9]
   \   000002A4   011482E1           ORR      R1,R2,R1, LSL #+8
   \   000002A8   0820D9E5           LDRB     R2,[R9, #+8]
   \   000002AC   011482E1           ORR      R1,R2,R1, LSL #+8
   \   000002B0   000001E0           AND      R0,R1,R0
   \   000002B4   0400C9E5           STRB     R0,[R9, #+4]
   \   000002B8   2004A0E1           LSR      R0,R0,#+8
   \   000002BC   0500C9E5           STRB     R0,[R9, #+5]
   \   000002C0   2004A0E1           LSR      R0,R0,#+8
   \   000002C4   0600C9E5           STRB     R0,[R9, #+6]
   \   000002C8   2004A0E1           LSR      R0,R0,#+8
   \   000002CC   0700C9E5           STRB     R0,[R9, #+7]
   \   000002D0   0C0097E5           LDR      R0,[R7, #+12]
   \   000002D4   000050E3           CMP      R0,#+0
   \   000002D8   AEFFFF0A           BEQ      ??ProcessNextSmile_8
   \   000002DC   04908DE5           STR      R9,[SP, #+4]
   \   000002E0   0000A0E3           MOV      R0,#+0
   \   000002E4   04108DE2           ADD      R1,SP,#+4
   \                     ??ProcessNextSmile_13:
   \   000002E8   ........           LDRB     R3,[R1], #+1
   \   000002EC   0C2097E5           LDR      R2,[R7, #+12]
   \   000002F0   0230C0E7           STRB     R3,[R0, +R2]
   \   000002F4   010080E2           ADD      R0,R0,#+1
   \   000002F8   040050E3           CMP      R0,#+4
   \   000002FC   F9FFFFBA           BLT      ??ProcessNextSmile_13
   \   00000300   A5FFFFEA           B        ??ProcessNextSmile_9
    216            }
    217            //fclose(f,&err);
    218            total_smiles=0;
   \                     ??ProcessNextSmile_3:
   \   00000304   1C6084E5           STR      R6,[R4, #+28]
    219            p_buf=NULL;
    220            mfree(s_buf);
   \   00000308   2C0094E5           LDR      R0,[R4, #+44]
   \   0000030C   286084E5           STR      R6,[R4, #+40]
   \   00000310   150000EF           SWI      +21
    221            s_buf=NULL;
   \   00000314   2C6084E5           STR      R6,[R4, #+44]
    222            REDRAW();
   \   00000318   720100EF           SWI      +370
    223          }
   \   0000031C   88D08DE2           ADD      SP,SP,#+136
   \   00000320   F083BDE8           POP      {R4-R9,PC}       ;; return
   \                     ??ProcessNextSmile_5:
   \   00000324   5C000000           DC8      "\\",+0,+0
   \   00000328   ........           DC32     SMILE_PATH
    224          

   \                                 In segment CODE, align 4, keep-with-next
    225          void FreeXStatusesImg(void)
    226          {
   \                     FreeXStatusesImg:
   \   00000000   70402DE9           PUSH     {R4-R6,LR}
    227            DYNPNGICONLIST *d;
    228            DYNPNGICONLIST *nd;
    229            LockSched();
    230            total_xstatuses=0;
   \   00000004   ........           LDR      R4,??DataTable7  ;; gipc
   \   00000008   0050A0E3           MOV      R5,#+0
   \   0000000C   460100EF           SWI      +326
   \   00000010   205084E5           STR      R5,[R4, #+32]
    231            d=XStatusesImgList;
   \   00000014   146094E5           LDR      R6,[R4, #+20]
    232            XStatusesImgList=0;
   \   00000018   145084E5           STR      R5,[R4, #+20]
    233            UnlockSched();
   \   0000001C   470100EF           SWI      +327
    234            mfree(XStatusesIconArray);
   \   00000020   180094E5           LDR      R0,[R4, #+24]
   \   00000024   150000EF           SWI      +21
    235            XStatusesIconArray=NULL;
   \   00000028   185084E5           STR      R5,[R4, #+24]
   \   0000002C   000056E3           CMP      R6,#+0
   \   00000030   7080BD08           POPEQ    {R4-R6,PC}
    236            while(d)
    237            {
    238              if (d->img)
   \                     ??FreeXStatusesImg_0:
   \   00000034   080096E5           LDR      R0,[R6, #+8]
   \   00000038   000050E3           CMP      R0,#+0
   \   0000003C   0300000A           BEQ      ??FreeXStatusesImg_1
    239              {
    240                mfree(d->img->bitmap);
   \   00000040   080090E5           LDR      R0,[R0, #+8]
   \   00000044   150000EF           SWI      +21
    241                mfree(d->img);
   \   00000048   080096E5           LDR      R0,[R6, #+8]
   \   0000004C   150000EF           SWI      +21
    242              }
    243              nd=d->next;
   \                     ??FreeXStatusesImg_1:
   \   00000050   004096E5           LDR      R4,[R6, #+0]
    244              mfree(d);
   \   00000054   0600A0E1           MOV      R0,R6
   \   00000058   150000EF           SWI      +21
    245              d=nd;
   \   0000005C   0460B0E1           MOVS     R6,R4
    246            }
   \   00000060   F3FFFF1A           BNE      ??FreeXStatusesImg_0
    247          }
   \   00000064   7080BDE8           POP      {R4-R6,PC}       ;; return
    248          

   \                                 In segment CODE, align 4, keep-with-next
    249          void InitXStatusesImg(void)
    250          {
   \                     InitXStatusesImg:
   \   00000000   30402DE9           PUSH     {R4,R5,LR}
    251            FreeXStatusesImg();
    252            total_xstatuses=0;
   \   00000004   ........           LDR      R4,??DataTable10  ;; gipc
   \   00000008   ........           BL       FreeXStatusesImg
   \   0000000C   0050A0E3           MOV      R5,#+0
   \   00000010   205084E5           STR      R5,[R4, #+32]
    253            *(XStatusesIconArray=malloc(sizeof(int)))=S_ICONS[IS_NULLICON];
   \   00000014   0400A0E3           MOV      R0,#+4
   \   00000018   140000EF           SWI      +20
   \   0000001C   4C109FE5           LDR      R1,??InitXStatusesImg_0  ;; S_ICONS + 68
   \   00000020   180084E5           STR      R0,[R4, #+24]
   \   00000024   001091E5           LDR      R1,[R1, #+0]
    254            xstatuses_load=1;
    255            n_pic=FIRST_UCS2_BITMAP;
    256            gipc.name_to=ipc_my_name;
    257            gipc.name_from=ipc_my_name;
    258            gipc.data=0;
    259            GBS_SendMessage(MMI_CEPID,MSG_IPC,IPC_XSTATUSIMG_PROCESSED,&gipc);
   \   00000028   0430A0E1           MOV      R3,R4
   \   0000002C   001080E5           STR      R1,[R0, #+0]
   \   00000030   0100A0E3           MOV      R0,#+1
   \   00000034   240084E5           STR      R0,[R4, #+36]
   \   00000038   2A00A0E3           MOV      R0,#+42
   \   0000003C   E10C80E3           ORR      R0,R0,#0xE100
   \   00000040   340084E5           STR      R0,[R4, #+52]
   \   00000044   ........           LDR      R0,??DataTable11  ;; ipc_my_name
   \   00000048   085084E5           STR      R5,[R4, #+8]
   \   0000004C   000084E5           STR      R0,[R4, #+0]
   \   00000050   040084E5           STR      R0,[R4, #+4]
   \   00000054   0320A0E3           MOV      R2,#+3
   \   00000058   B010A0E3           MOV      R1,#+176
   \   0000005C   DE1C81E3           ORR      R1,R1,#0xDE00
   \   00000060   0900A0E3           MOV      R0,#+9
   \   00000064   420C80E3           ORR      R0,R0,#0x4200
   \   00000068   000100EF           SWI      +256
    260          }
   \   0000006C   3080BDE8           POP      {R4,R5,PC}       ;; return
   \                     ??InitXStatusesImg_0:
   \   00000070   ........           DC32     S_ICONS + 68
    261          

   \                                 In segment CODE, align 4, keep-with-next
    262          void ProcessNextXStatImg(void)
    263          {
    264            char fn[128];
    265            DYNPNGICONLIST *dp;
    266            unsigned int err;
    267            FSTATS stat;
    268            int i;
    269            
    270            strcpy(fn,XSTATUSES_PATH);
   \                     ProcessNextXStatImg:
   \   00000000   24119FE5           LDR      R1,??ProcessNextXStatImg_0  ;; XSTATUSES_PATH
   \   00000004   F0402DE9           PUSH     {R4-R7,LR}
    271            sprintf(fn+strlen(fn),"\\%d.png",total_xstatuses);
   \   00000008   ........           LDR      R4,??DataTable10  ;; gipc
   \   0000000C   ACD04DE2           SUB      SP,SP,#+172
   \   00000010   04008DE2           ADD      R0,SP,#+4
   \   00000014   1A0000EF           SWI      +26
   \   00000018   205094E5           LDR      R5,[R4, #+32]
   \   0000001C   04008DE2           ADD      R0,SP,#+4
   \   00000020   1B0000EF           SWI      +27
   \   00000024   04119FE5           LDR      R1,??ProcessNextXStatImg_0+0x4  ;; `?<Constant "\\\\%d.png">`
   \   00000028   0520A0E1           MOV      R2,R5
   \   0000002C   04308DE2           ADD      R3,SP,#+4
   \   00000030   030080E0           ADD      R0,R0,R3
   \   00000034   160000EF           SWI      +22
    272            if (GetFileStats(fn,&stat,&err)!=-1)
   \   00000038   0D20A0E1           MOV      R2,SP
   \   0000003C   84108DE2           ADD      R1,SP,#+132
   \   00000040   04008DE2           ADD      R0,SP,#+4
   \   00000044   840000EF           SWI      +132
   \   00000048   010070E3           CMN      R0,#+1
    273            {
    274              if (stat.size>0)
   \   0000004C   88009D15           LDRNE    R0,[SP, #+136]
   \   00000050   0050A0E3           MOV      R5,#+0
   \   00000054   00005013           CMPNE    R0,#+0
   \   00000058   2E00000A           BEQ      ??ProcessNextXStatImg_1
    275              {
    276                dp=malloc(sizeof(DYNPNGICONLIST));
   \   0000005C   0C00A0E3           MOV      R0,#+12
   \   00000060   140000EF           SWI      +20
   \   00000064   0070A0E1           MOV      R7,R0
    277                zeromem(dp,sizeof(DYNPNGICONLIST));
   \   00000068   0C10A0E3           MOV      R1,#+12
   \   0000006C   1D0100EF           SWI      +285
    278                dp->icon=i=GetPicNByUnicodeSymbol(n_pic);
   \   00000070   340094E5           LDR      R0,[R4, #+52]
   \   00000074   E40100EF           SWI      +484
   \   00000078   0060A0E1           MOV      R6,R0
   \   0000007C   046087E5           STR      R6,[R7, #+4]
    279                dp->img=CreateIMGHDRFromPngFile(fn,0);
   \   00000080   0010A0E3           MOV      R1,#+0
   \   00000084   04008DE2           ADD      R0,SP,#+4
   \   00000088   E90100EF           SWI      +489
   \   0000008C   080087E5           STR      R0,[R7, #+8]
    280                LockSched();
   \   00000090   460100EF           SWI      +326
    281                if (XStatusesImgList)
   \   00000094   140094E5           LDR      R0,[R4, #+20]
   \   00000098   000050E3           CMP      R0,#+0
    282                {
    283          	dp->next=XStatusesImgList;
   \   0000009C   00008715           STRNE    R0,[R7, #+0]
    284                }
    285                XStatusesImgList=dp;
   \   000000A0   147084E5           STR      R7,[R4, #+20]
    286                UnlockSched();
   \   000000A4   470100EF           SWI      +327
    287                total_xstatuses++;
   \   000000A8   200094E5           LDR      R0,[R4, #+32]
   \   000000AC   010080E2           ADD      R0,R0,#+1
   \   000000B0   200084E5           STR      R0,[R4, #+32]
    288                XStatusesIconArray=realloc(XStatusesIconArray,(total_xstatuses*sizeof(int)));
   \   000000B4   200094E5           LDR      R0,[R4, #+32]
   \   000000B8   0011A0E1           LSL      R1,R0,#+2
   \   000000BC   180094E5           LDR      R0,[R4, #+24]
   \   000000C0   BA0000EF           SWI      +186
   \   000000C4   180084E5           STR      R0,[R4, #+24]
    289                *(XStatusesIconArray+(total_xstatuses-1))=i;
   \   000000C8   200094E5           LDR      R0,[R4, #+32]
   \   000000CC   181094E5           LDR      R1,[R4, #+24]
    290                n_pic++;
    291                gipc.name_to=ipc_my_name;
    292                gipc.name_from=ipc_my_name;
    293                gipc.data=0;
    294                GBS_SendMessage(MMI_CEPID,MSG_IPC,IPC_XSTATUSIMG_PROCESSED,&gipc);
   \   000000D0   0430A0E1           MOV      R3,R4
   \   000000D4   000181E0           ADD      R0,R1,R0, LSL #+2
   \   000000D8   046000E5           STR      R6,[R0, #-4]
   \   000000DC   340094E5           LDR      R0,[R4, #+52]
   \   000000E0   085084E5           STR      R5,[R4, #+8]
   \   000000E4   010080E2           ADD      R0,R0,#+1
   \   000000E8   340084E5           STR      R0,[R4, #+52]
   \   000000EC   ........           LDR      R0,??DataTable11  ;; ipc_my_name
   \   000000F0   0320A0E3           MOV      R2,#+3
   \   000000F4   000084E5           STR      R0,[R4, #+0]
   \   000000F8   040084E5           STR      R0,[R4, #+4]
   \   000000FC   B010A0E3           MOV      R1,#+176
   \   00000100   DE1C81E3           ORR      R1,R1,#0xDE00
   \   00000104   0900A0E3           MOV      R0,#+9
   \   00000108   420C80E3           ORR      R0,R0,#0x4200
   \   0000010C   000100EF           SWI      +256
    295                return;
   \   00000110   ACD08DE2           ADD      SP,SP,#+172
   \   00000114   F080BDE8           POP      {R4-R7,PC}
    296              }
    297            }
    298            xstatuses_load=0;
    299            SUBPROC((void *)InitSmiles);
   \                     ??ProcessNextXStatImg_1:
   \   00000118   14009FE5           LDR      R0,??ProcessNextXStatImg_0+0x8  ;; InitSmiles
   \   0000011C   245084E5           STR      R5,[R4, #+36]
   \   00000120   710100EF           SWI      +369
    300          }
   \   00000124   ACD08DE2           ADD      SP,SP,#+172
   \   00000128   F080BDE8           POP      {R4-R7,PC}       ;; return
   \                     ??ProcessNextXStatImg_0:
   \   0000012C   ........           DC32     XSTATUSES_PATH
   \   00000130   ........           DC32     `?<Constant "\\\\%d.png">`
   \   00000134   ........           DC32     InitSmiles

   \                                 In segment CODE, align 4, keep-with-next
   \                     ??DataTable1:
   \   00000000   ........           DC32     gipc + 12

   \                                 In segment CODE, align 4, keep-with-next
   \                     ??DataTable7:
   \   00000000   ........           DC32     gipc

   \                                 In segment CODE, align 4, keep-with-next
   \                     ??DataTable10:
   \   00000000   ........           DC32     gipc

   \                                 In segment CODE, align 4, keep-with-next
   \                     ??DataTable11:
   \   00000000   ........           DC32     ipc_my_name

   \                                 In segment DATA_C, align 1, align-sorted
   \   00000000   5C00               DC8 "\\"

   \                                 In segment DATA_C, align 4, align-sorted
   \                     `?<Constant "\\\\%d.png">`:
   \   00000000   5C25642E706E       DC8 "\\%d.png"
   \              6700        

   Maximum stack usage in bytes:

     Function            CSTACK
     --------            ------
     FindSmileById           0
     FindSmileByUni          0
     FreeSmiles             28
     FreeXStatusesImg       16
     InitSmiles             68
     InitXStatusesImg       12
     ProcessNextSmile      164
     ProcessNextXStatImg   192


   Segment part sizes:

     Function/Label         Bytes
     --------------         -----
     gipc                     56
     FindSmileById            44
     FindSmileByUni           44
     FreeSmiles              212
     InitSmiles              220
     ProcessNextSmile        812
     FreeXStatusesImg        104
     InitXStatusesImg        116
     ProcessNextXStatImg     312
     ??DataTable1              4
     ??DataTable7              4
     ??DataTable10             4
     ??DataTable11             4
     ?<Constant "\\">          2
     ?<Constant "\\%d.png">    8
      Others                  44

 
 1 912 bytes in segment CODE
    10 bytes in segment DATA_C
    56 bytes in segment DATA_Z
    12 bytes in segment INITTAB
 
 1 880 bytes of CODE  memory (+ 44 bytes shared)
    10 bytes of CONST memory
    56 bytes of DATA  memory

Errors: none
Warnings: none
