################################################################################
#                                                                              #
#      IAR Universal Linker V4.60I/386                                         #
#                                                                              #
#           Link time     =  20/Sep/2009  17:24:16                             #
#           Target CPU    =  ARM                                               #
#           List file     =  C:\arm\Extra_Info_on_ProgressBars\E71_45\List\mpo #
#                            s.map                                             #
#           Output file 1 =  C:\arm\Extra_Info_on_ProgressBars\E71_45\Exe\Extr #
#                            a_Info.elf                                        #
#                            Format: elf, variant: -yas                        #
#           Output file 2 =  C:\arm\Extra_Info_on_ProgressBars\E71_45\Exe\mpos #
#                            .hex                                              #
#                            Format: intel-extended                            #
#           Command line  =  C:\arm\Extra_Info_on_ProgressBars\E71_45\Obj\addi #
#                            tional.r79                                        #
#                            C:\arm\Extra_Info_on_ProgressBars\E71_45\Obj\conf #
#                            _loader.r79                                       #
#                            C:\arm\Extra_Info_on_ProgressBars\E71_45\Obj\conf #
#                            ig_data.r79                                       #
#                            C:\arm\Extra_Info_on_ProgressBars\E71_45\Obj\main #
#                            .r79                                              #
#                            C:\arm\Extra_Info_on_ProgressBars\E71_45\Obj\rets #
#                            _E71_45.r79                                       #
#                            -o                                                #
#                            C:\arm\Extra_Info_on_ProgressBars\E71_45\Exe\mpos #
#                            .hex                                              #
#                            -Fintel-extended -l                               #
#                            C:\arm\Extra_Info_on_ProgressBars\E71_45\List\mpo #
#                            s.map                                             #
#                            -xmsnio -f                                        #
#                            C:\arm\Extra_Info_on_ProgressBars\e71_45.xcl      #
#                            (-carm                                            #
#                            -Z(CODE)CODE,DATA_C,CONFIG_DATA_C=A0067D00-FFFFFF #
#                            FF                                                #
#                            -Z(CODE)PATCH_ENTER3=A0C5245C-A0C5245F)           #
#                            -Oelf,as=C:\arm\Extra_Info_on_ProgressBars\E71_45 #
#                            \Exe\Extra_Info.elf                               #
#                                                                              #
#                        Copyright 1987-2007 IAR Systems. All rights reserved. #
################################################################################





                ****************************************
                *                                      *
                *           CROSS REFERENCE            *
                *                                      *
                ****************************************

                  There are no program entries.




                ****************************************
                *                                      *
                *            RUNTIME MODEL             *
                *                                      *
                ****************************************

  StackAlign4  = USED
  __cpu_mode   = __pcs__interwork
  __data_model = absolute
  __endian     = little
  __rt_version = 6



                ****************************************
                *                                      *
                *              MODULE MAP              *
                *                                      *
                ****************************************


  DEFINED ABSOLUTE ENTRIES
    *************************************************************************

  FILE NAME : C:\arm\Extra_Info_on_ProgressBars\E71_45\Obj\additional.r79
  PROGRAM MODULE, NAME : additional

  SEGMENTS IN THE MODULE
  ======================
CODE
  Segment part 4. NOT NEEDED.
    -------------------------------------------------------------------------
CODE
  Relative segment, address: A0067D00 - A0067D23 (0x24 bytes), align: 2
  Segment part 5.
           ENTRY                   ADDRESS         REF BY
           =====                   =======         ======
           MyDraw                  A0067D00        Segment part 0 (main)
               stack 1 = 00000000 ( 00000008 )
    -------------------------------------------------------------------------
CODE
  Segment part 6. NOT NEEDED.
    -------------------------------------------------------------------------
CODE
  Relative segment, address: A0067D24 - A0067E9B (0x178 bytes), align: 2
  Segment part 7.             Intra module refs:   MyDraw
           ENTRY                   ADDRESS         REF BY
           =====                   =======         ======
           PrintProgress           A0067D24 
               stack 1 = 00000000 ( 00000048 )
    -------------------------------------------------------------------------
CODE
  Segment part 8. NOT NEEDED. Intra module refs:   PrintProgress
    -------------------------------------------------------------------------
CSTACK
  Segment part 1. NOT NEEDED.
    -------------------------------------------------------------------------
DATA_C
  Relative segment, address: A0067FB0 - A0067FD3 (0x24 bytes), align: 2
  Segment part 2.             Intra module refs:   PrintProgress
    -------------------------------------------------------------------------
DATA_C
  Segment part 3. NOT NEEDED.

    *************************************************************************

  FILE NAME : C:\arm\Extra_Info_on_ProgressBars\E71_45\Obj\conf_loader.r79
  PROGRAM MODULE, NAME : conf_loader

  SEGMENTS IN THE MODULE
  ======================
CODE
  Segment part 2. NOT NEEDED.
    -------------------------------------------------------------------------
CODE
  Relative segment, address: A0067E9C - A0067FAB (0x110 bytes), align: 2
  Segment part 3.
           ENTRY                   ADDRESS         REF BY
           =====                   =======         ======
           LoadConfigData          A0067E9C        PrintProgress (additional)
               stack 1 = 00000000 ( 00000028 )
    -------------------------------------------------------------------------
CSTACK
  Segment part 1. NOT NEEDED.
    -------------------------------------------------------------------------
CONFIG_DATA_C
  Segment part 4. NOT NEEDED.

    *************************************************************************

  FILE NAME : C:\arm\Extra_Info_on_ProgressBars\E71_45\Obj\config_data.r79
  PROGRAM MODULE, NAME : config_data

  SEGMENTS IN THE MODULE
  ======================
CONFIG_DATA_C
  Relative segment, address: A0067FD4 - A0067FFF (0x2c bytes), align: 2
  Segment part 2. ROOT.
           ENTRY                   ADDRESS         REF BY
           =====                   =======         ======
           cfghdr0                 A0067FD4        LoadConfigData (conf_loader)
                                                   PrintProgress (additional)
    -------------------------------------------------------------------------
CONFIG_DATA_C
  Relative segment, address: A0068000 - A0068003 (0x4 bytes), align: 2
  Segment part 3. ROOT.
           ENTRY                   ADDRESS         REF BY
           =====                   =======         ======
           enable                  A0068000        PrintProgress (additional)
    -------------------------------------------------------------------------
CONFIG_DATA_C
  Relative segment, address: A0068004 - A006802F (0x2c bytes), align: 2
  Segment part 4. ROOT.
           ENTRY                   ADDRESS         REF BY
           =====                   =======         ======
           cfghdr2                 A0068004 
    -------------------------------------------------------------------------
CONFIG_DATA_C
  Relative segment, address: A0068030 - A0068033 (0x4 bytes), align: 2
  Segment part 5. ROOT.
           ENTRY                   ADDRESS         REF BY
           =====                   =======         ======
           str_color               A0068030        PrintProgress (additional)
    -------------------------------------------------------------------------
CONFIG_DATA_C
  Relative segment, address: A0068034 - A006805F (0x2c bytes), align: 2
  Segment part 6. ROOT.
           ENTRY                   ADDRESS         REF BY
           =====                   =======         ======
           cfghdr3                 A0068034 
    -------------------------------------------------------------------------
CONFIG_DATA_C
  Relative segment, address: A0068060 - A0068063 (0x4 bytes), align: 2
  Segment part 7. ROOT.
           ENTRY                   ADDRESS         REF BY
           =====                   =======         ======
           str_bgcolor             A0068060        PrintProgress (additional)
    -------------------------------------------------------------------------
CONFIG_DATA_C
  Relative segment, address: A0068064 - A006808F (0x2c bytes), align: 2
  Segment part 8. ROOT.
           ENTRY                   ADDRESS         REF BY
           =====                   =======         ======
           cfghdr4                 A0068064 
    -------------------------------------------------------------------------
CONFIG_DATA_C
  Relative segment, address: A0068090 - A0068093 (0x4 bytes), align: 2
  Segment part 9. ROOT.
           ENTRY                   ADDRESS         REF BY
           =====                   =======         ======
           percent_color           A0068090        PrintProgress (additional)
    -------------------------------------------------------------------------
CONFIG_DATA_C
  Relative segment, address: A0068094 - A00680BF (0x2c bytes), align: 2
  Segment part 10. ROOT.
           ENTRY                   ADDRESS         REF BY
           =====                   =======         ======
           cfghdr5                 A0068094 
    -------------------------------------------------------------------------
CONFIG_DATA_C
  Relative segment, address: A00680C0 - A00680C3 (0x4 bytes), align: 2
  Segment part 11. ROOT.
           ENTRY                   ADDRESS         REF BY
           =====                   =======         ======
           percent_bgcolor         A00680C0        PrintProgress (additional)
    -------------------------------------------------------------------------
CSTACK
  Segment part 1. NOT NEEDED.

    *************************************************************************

  FILE NAME : C:\arm\Extra_Info_on_ProgressBars\E71_45\Obj\main.r79
  PROGRAM MODULE, NAME : main

  SEGMENTS IN THE MODULE
  ======================
PATCH_ENTER3
  Relative segment, address: A0C5245C - A0C5245F (0x4 bytes), align: 2
  Segment part 0. ROOT.

    *************************************************************************

  FILE NAME : C:\arm\Extra_Info_on_ProgressBars\E71_45\Obj\rets_E71_45.r79
  PROGRAM MODULE, NAME : rets_E71_45

  SEGMENTS IN THE MODULE
  ======================
CODE
  Relative segment, address: A0067FAC - A0067FAF (0x4 bytes), align: 2
  Segment part 0. ROOT.
           ENTRY                   ADDRESS         REF BY
           =====                   =======         ======
           OldDraw                 A0067FAC        MyDraw (additional)




                ****************************************
                *                                      *
                *            MODULE SUMMARY            *
                *                                      *
                ****************************************

Module        CODE
------        ----
             (Rel)
additional     448
conf_loader    272
config_data    240
main             4
rets_E71_45      4
------         ---
Total:         968


                ****************************************
                *                                      *
                *              CALL GRAPH              *
                *                                      *
                ****************************************

  ->Sub-tree of type: Function tree
                             CSTACK
    | Stack used (prev) :  00000000
  01  MyDraw
      | Stack used (prev) :  00000000
      | + function block  :  00000008
  <-Sub-tree of type: Function tree
    | Stack used          :  00000008


  ->Sub-tree of type: Function tree
                             CSTACK
    | Stack used (prev) :  00000008
  01  PrintProgress
      | Stack used (prev) :  00000008
      | + function block  :  00000048
  <-Sub-tree of type: Function tree
    | Stack used          :  00000050


  ->Sub-tree of type: Function tree
                             CSTACK
    | Stack used (prev) :  00000050
  01  LoadConfigData
      | Stack used (prev) :  00000050
      | + function block  :  00000028
  <-Sub-tree of type: Function tree
    | Stack used          :  00000078




                ****************************************
                *                                      *
                *      SEGMENTS IN ADDRESS ORDER       *
                *                                      *
                ****************************************


SEGMENT              SPACE    START ADDRESS   END ADDRESS     SIZE  TYPE  ALIGN
=======              =====    =============   ===========     ====  ====  =====
CODE                               A0067D00 - A0067FAF         2B0   rel    2
DATA_C                             A0067FB0 - A0067FD3          24   rel    2
CONFIG_DATA_C                      A0067FD4 - A00680C3          F0   rel    2
PATCH_ENTER3                       A0C5245C - A0C5245F           4   rel    2

                ****************************************
                *                                      *
                *        END OF CROSS REFERENCE        *
                *                                      *
                ****************************************

 968 bytes of CODE memory

Errors: none
Warnings: none

