Error[e46]: Undefined external "DrawProgress" referred in main ( F:\siemens\elfs\xtask3 mod scrooling\Release_SGOLD_X75\Obj\main.r79 )
################################################################################
#                                                                              #
#      IAR Universal Linker V4.60I/386                                         #
#                                                                              #
#           Link time     =  27/Jun/2008  15:25:43                             #
#           Target CPU    =  ARM                                               #
#           List file     =  "F:\siemens\elfs\xtask3 mod scrooling\Release_SGO #
#                            LD_X75\List\XTask3.map"                           #
#           Output file 1 =  "F:\siemens\elfs\xtask3 mod scrooling\Release_SGO #
#                            LD_X75\Exe\XTask3.elf"                            #
#                            Format: elf, variant: -ynpra                      #
#           Command line  =  "F:\siemens\elfs\xtask3 mod scrooling\Release_SGO #
#                            LD_X75\Obj\conf_loader.r79"                       #
#                            "F:\siemens\elfs\xtask3 mod scrooling\Release_SGO #
#                            LD_X75\Obj\config_data.r79"                       #
#                            "F:\siemens\elfs\xtask3 mod scrooling\Release_SGO #
#                            LD_X75\Obj\func.r79"                              #
#                            "F:\siemens\elfs\xtask3 mod scrooling\Release_SGO #
#                            LD_X75\Obj\gui.r79"                               #
#                            "F:\siemens\elfs\xtask3 mod scrooling\Release_SGO #
#                            LD_X75\Obj\main.r79"                              #
#                            "F:\siemens\elfs\xtask3 mod scrooling\Release_SGO #
#                            LD_X75\Obj\strings2.r79"                          #
#                            "F:\siemens\elfs\xtask3 mod scrooling\Release_SGO #
#                            LD_X75\Obj\swaper.r79"                            #
#                            -o                                                #
#                            "F:\siemens\elfs\xtask3 mod scrooling\Release_SGO #
#                            LD_X75\Exe\XTask3.elf"                            #
#                            -Felf -l                                          #
#                            "F:\siemens\elfs\xtask3 mod scrooling\Release_SGO #
#                            LD_X75\List\XTask3.map"                           #
#                            -xmsnio -f                                        #
#                            "F:\siemens\elfs\xtask3 mod scrooling\test.xcl"   #
#                            (-carm -V(CODE)CODE_AREA,12                       #
#                            -V(DATA)DATA_AREA,12                              #
#                            -Z(CODE_AREA)ELFBEGIN,DATA_ID,START,CODE,DATA_C,I #
#                            NITTAB,DATA_Z,DATA_N,CONFIG_C=0-FFFFFFFF          #
#                            -Z(DATA_AREA)DATA_I=0-FFFFFFFF) -ynpra            #
#                            "C:\Program Files\iar\Embedded Workbench 4.0 Eval #
#                            uation\ARM\LIB\dl5tpainl8n.r79"                   #
#                            -s main                                           #
#                                                                              #
#                        Copyright 1987-2007 IAR Systems. All rights reserved. #
################################################################################





                ****************************************
                *                                      *
                *           CROSS REFERENCE            *
                *                                      *
                ****************************************

       Program entry at : CODE_AREA 00002DB0  Relocatable, from module : main




                ****************************************
                *                                      *
                *            RUNTIME MODEL             *
                *                                      *
                ****************************************

  StackAlign4  = USED
  StackAlign8  = USED
  __cpu_mode   = __pcs__interwork
  __data_model = absolute
  __endian     = little
  __rt_version = 6



                ****************************************
                *                                      *
                *              MODULE MAP              *
                *                                      *
                ****************************************


  DEFINED ABSOLUTE ENTRIES
    *************************************************************************

  DEFINED ABSOLUTE ENTRIES
    *************************************************************************

  FILE NAME : F:\siemens\elfs\xtask3 mod scrooling\Release_SGOLD_X75\Obj\conf_loader.r79
  PROGRAM MODULE, NAME : conf_loader

  SEGMENTS IN THE MODULE
  ======================
DATA_I
  Relative segment, address: DATA_AREA 00000000 - 00000003 (0x4 bytes), align: 2
  Segment part 5.             Intra module refs:   LoadConfigData
           ENTRY                   ADDRESS         REF BY
           =====                   =======         ======
           successed_config_filename
                                   00000000        Segment part 200 (main)
    -------------------------------------------------------------------------
CODE
  Segment part 7. NOT NEEDED.
    -------------------------------------------------------------------------
CODE
  Relative segment, address: CODE_AREA 0000001C - 00000083 (0x68 bytes), align: 2
  Segment part 8.             Intra module refs:   LoadConfigData
           ENTRY                   ADDRESS         REF BY
           =====                   =======         ======
           SaveConfigData          0000001C        GetUnderIdleCSM (main)
               stack 1 = 00000000 ( 00000018 )
    -------------------------------------------------------------------------
CODE
  Segment part 9. NOT NEEDED.
    -------------------------------------------------------------------------
CODE
  Relative segment, address: CODE_AREA 00000084 - 00000163 (0xe0 bytes), align: 2
  Segment part 10.            Intra module refs:   InitConfig
           ENTRY                   ADDRESS         REF BY
           =====                   =======         ======
           LoadConfigData          00000084 
               stack 1 = 00000000 ( 00000028 )
    -------------------------------------------------------------------------
CODE
  Relative segment, address: CODE_AREA 00000164 - 00000167 (0x4 bytes), align: 2
  Segment part 11.            Intra module refs:   LoadConfigData
                                                   SaveConfigData
    -------------------------------------------------------------------------
CODE
  Relative segment, address: CODE_AREA 00000168 - 0000016B (0x4 bytes), align: 2
  Segment part 12.            Intra module refs:   LoadConfigData
                                                   SaveConfigData
    -------------------------------------------------------------------------
CODE
  Segment part 13. NOT NEEDED.
    -------------------------------------------------------------------------
CODE
  Relative segment, address: CODE_AREA 0000016C - 00000193 (0x28 bytes), align: 2
  Segment part 14.
           ENTRY                   ADDRESS         REF BY
           =====                   =======         ======
           InitConfig              0000016C        MyIDLECSM_onMessage (main)
                                                   main (main)
               stack 1 = 00000000 ( 00000004 )
    -------------------------------------------------------------------------
CSTACK
  Segment part 1. NOT NEEDED.
    -------------------------------------------------------------------------
DATA_ID
  Relative segment, address: CODE_AREA 00000000 - 00000003 (0x4 bytes), align: 2
  Segment part 6.             Intra module refs:   successed_config_filename
    -------------------------------------------------------------------------
DATA_ID
  Segment part 15. NOT NEEDED.
           ENTRY                   ADDRESS         REF BY
           =====                   =======         ======
           ?*?DATA_ID              
    -------------------------------------------------------------------------
INITTAB
  Relative segment, address: CODE_AREA 000037C4 - 000037CF (0xc bytes), align: 2
  Segment part 16. ROOT.
           ENTRY                   ADDRESS         REF BY
           =====                   =======         ======
           ?init?tab?DATA_I        000037C4 
    -------------------------------------------------------------------------
CONFIG_C
  Segment part 17. NOT NEEDED.
    -------------------------------------------------------------------------
DATA_C
  Relative segment, address: CODE_AREA 000037BC - 000037BC (0x1 bytes), align: 0
  Segment part 2.             Intra module refs:   Segment part 6
    -------------------------------------------------------------------------
DATA_C
  Relative segment, address: CODE_AREA 0000333C - 00003357 (0x1c bytes), align: 2
  Segment part 3.             Intra module refs:   InitConfig
    -------------------------------------------------------------------------
DATA_C
  Relative segment, address: CODE_AREA 00003358 - 00003373 (0x1c bytes), align: 2
  Segment part 4.             Intra module refs:   InitConfig

    *************************************************************************

  FILE NAME : F:\siemens\elfs\xtask3 mod scrooling\Release_SGOLD_X75\Obj\config_data.r79
  PROGRAM MODULE, NAME : config_data

  SEGMENTS IN THE MODULE
  ======================
CONFIG_C
  Relative segment, address: CODE_AREA 000141E8 - 00014213 (0x2c bytes), align: 2
  Segment part 2. ROOT.
           ENTRY                   ADDRESS         REF BY
           =====                   =======         ======
           cfghdr0                 000141E8 
    -------------------------------------------------------------------------
CONFIG_C
  Relative segment, address: CODE_AREA 00014214 - 00014293 (0x80 bytes), align: 2
  Segment part 3. ROOT.
           ENTRY                   ADDRESS         REF BY
           =====                   =======         ======
           csmlist_fname           00014214        DoSplices (main)
    -------------------------------------------------------------------------
CONFIG_C
  Relative segment, address: CODE_AREA 00014294 - 000142BF (0x2c bytes), align: 2
  Segment part 4. ROOT.
           ENTRY                   ADDRESS         REF BY
           =====                   =======         ======
           cfghdr23                00014294 
    -------------------------------------------------------------------------
CONFIG_C
  Relative segment, address: CODE_AREA 000142C0 - 000142C3 (0x4 bytes), align: 2
  Segment part 5. ROOT.
           ENTRY                   ADDRESS         REF BY
           =====                   =======         ======
           ACTIVE_KEY_STYLE        000142C0        Segment part 197 (main)
    -------------------------------------------------------------------------
CONFIG_C
  Relative segment, address: CODE_AREA 000142C4 - 00014343 (0x80 bytes), align: 2
  Segment part 6. ROOT.
           ENTRY                   ADDRESS         REF BY
           =====                   =======         ======
           cfgcbox23               000142C4 
    -------------------------------------------------------------------------
CONFIG_C
  Relative segment, address: CODE_AREA 00014344 - 0001436F (0x2c bytes), align: 2
  Segment part 7. ROOT.
           ENTRY                   ADDRESS         REF BY
           =====                   =======         ======
           cfghdr24                00014344 
    -------------------------------------------------------------------------
CONFIG_C
  Relative segment, address: CODE_AREA 00014370 - 00014373 (0x4 bytes), align: 2
  Segment part 8. ROOT.
           ENTRY                   ADDRESS         REF BY
           =====                   =======         ======
           ACTIVE_KEY              00014370        Segment part 198 (main)
    -------------------------------------------------------------------------
CONFIG_C
  Relative segment, address: CODE_AREA 00014374 - 0001439F (0x2c bytes), align: 2
  Segment part 9. ROOT.
           ENTRY                   ADDRESS         REF BY
           =====                   =======         ======
           cfghdr25                00014374 
    -------------------------------------------------------------------------
CONFIG_C
  Relative segment, address: CODE_AREA 000143A0 - 000143AB (0xc bytes), align: 2
  Segment part 10. ROOT.
           ENTRY                   ADDRESS         REF BY
           =====                   =======         ======
           UNDER_IDLE_CONSTR       000143A0        GetUnderIdleCSM (main)
    -------------------------------------------------------------------------
CONFIG_C
  Relative segment, address: CODE_AREA 000143AC - 000143D7 (0x2c bytes), align: 2
  Segment part 11. ROOT.
           ENTRY                   ADDRESS         REF BY
           =====                   =======         ======
           cfghdr2                 000143AC 
    -------------------------------------------------------------------------
CONFIG_C
  Relative segment, address: CODE_AREA 000143D8 - 000143DB (0x4 bytes), align: 2
  Segment part 12. ROOT.
           ENTRY                   ADDRESS         REF BY
           =====                   =======         ======
           ENA_LONG_PRESS          000143D8        my_keyhook (main)
    -------------------------------------------------------------------------
CONFIG_C
  Relative segment, address: CODE_AREA 000143DC - 0001447B (0xa0 bytes), align: 2
  Segment part 13. ROOT.
           ENTRY                   ADDRESS         REF BY
           =====                   =======         ======
           cfgcbox2                000143DC 
    -------------------------------------------------------------------------
CONFIG_C
  Relative segment, address: CODE_AREA 0001447C - 000144A7 (0x2c bytes), align: 2
  Segment part 14. ROOT.
           ENTRY                   ADDRESS         REF BY
           =====                   =======         ======
           cfghdr22                0001447C 
    -------------------------------------------------------------------------
CONFIG_C
  Relative segment, address: CODE_AREA 000144A8 - 000144AB (0x4 bytes), align: 2
  Segment part 15. ROOT.
           ENTRY                   ADDRESS         REF BY
           =====                   =======         ======
           ENA_LOCK                000144A8        my_keyhook (main)
    -------------------------------------------------------------------------
CONFIG_C
  Relative segment, address: CODE_AREA 000144AC - 000144EB (0x40 bytes), align: 2
  Segment part 16. ROOT.
           ENTRY                   ADDRESS         REF BY
           =====                   =======         ======
           cfgcbox22               000144AC 
    -------------------------------------------------------------------------
CONFIG_C
  Relative segment, address: CODE_AREA 000144EC - 00014517 (0x2c bytes), align: 2
  Segment part 17. ROOT.
           ENTRY                   ADDRESS         REF BY
           =====                   =======         ======
           cfghdr27                000144EC 
    -------------------------------------------------------------------------
CONFIG_C
  Relative segment, address: CODE_AREA 00014518 - 0001451B (0x4 bytes), align: 2
  Segment part 18. ROOT.
           ENTRY                   ADDRESS         REF BY
           =====                   =======         ======
           SHOW_DAEMONS            00014518        DoSplices (main)
    -------------------------------------------------------------------------
CONFIG_C
  Relative segment, address: CODE_AREA 0001451C - 0001455B (0x40 bytes), align: 2
  Segment part 19. ROOT.
           ENTRY                   ADDRESS         REF BY
           =====                   =======         ======
           cfgcbox27               0001451C 
    -------------------------------------------------------------------------
CONFIG_C
  Relative segment, address: CODE_AREA 0001455C - 00014587 (0x2c bytes), align: 2
  Segment part 20. ROOT.
           ENTRY                   ADDRESS         REF BY
           =====                   =======         ======
           cfghdr50                0001455C 
    -------------------------------------------------------------------------
CONFIG_C
  Relative segment, address: CODE_AREA 00014588 - 0001458B (0x4 bytes), align: 2
  Segment part 21. ROOT.
           ENTRY                   ADDRESS         REF BY
           =====                   =======         ======
           style                   00014588        OnRedraw (main)
    -------------------------------------------------------------------------
CONFIG_C
  Relative segment, address: CODE_AREA 0001458C - 000145CB (0x40 bytes), align: 2
  Segment part 22. ROOT.
           ENTRY                   ADDRESS         REF BY
           =====                   =======         ======
           cfgcbox28               0001458C 
    -------------------------------------------------------------------------
CONFIG_C
  Relative segment, address: CODE_AREA 000145CC - 000145F7 (0x2c bytes), align: 2
  Segment part 23. ROOT.
           ENTRY                   ADDRESS         REF BY
           =====                   =======         ======
           cfghdr49                000145CC 
    -------------------------------------------------------------------------
CONFIG_C
  Relative segment, address: CODE_AREA 000145F8 - 000145FB (0x4 bytes), align: 2
  Segment part 24. ROOT.
           ENTRY                   ADDRESS         REF BY
           =====                   =======         ======
           cleseri                 000145F8        OnKey (main)
    -------------------------------------------------------------------------
CONFIG_C
  Relative segment, address: CODE_AREA 000145FC - 0001463B (0x40 bytes), align: 2
  Segment part 25. ROOT.
           ENTRY                   ADDRESS         REF BY
           =====                   =======         ======
           cfgcbox29               000145FC 
    -------------------------------------------------------------------------
CONFIG_C
  Relative segment, address: CODE_AREA 0001463C - 00014667 (0x2c bytes), align: 2
  Segment part 26. ROOT.
           ENTRY                   ADDRESS         REF BY
           =====                   =======         ======
           cfghdr28                0001463C 
    -------------------------------------------------------------------------
CONFIG_C
  Relative segment, address: CODE_AREA 00014668 - 000146E7 (0x80 bytes), align: 2
  Segment part 27. ROOT.
           ENTRY                   ADDRESS         REF BY
           =====                   =======         ======
           background_img          00014668        OnRedraw (main)
                                                   Segment part 118 (main)
    -------------------------------------------------------------------------
CONFIG_C
  Relative segment, address: CODE_AREA 000146E8 - 00014713 (0x2c bytes), align: 2
  Segment part 28. ROOT.
           ENTRY                   ADDRESS         REF BY
           =====                   =======         ======
           cfghdr29                000146E8 
    -------------------------------------------------------------------------
CONFIG_C
  Relative segment, address: CODE_AREA 00014714 - 00014793 (0x80 bytes), align: 2
  Segment part 29. ROOT.
           ENTRY                   ADDRESS         REF BY
           =====                   =======         ======
           cursor_img              00014714        OnRedraw (main)
    -------------------------------------------------------------------------
CONFIG_C
  Relative segment, address: CODE_AREA 00014794 - 000147BF (0x2c bytes), align: 2
  Segment part 30. ROOT.
           ENTRY                   ADDRESS         REF BY
           =====                   =======         ======
           cfghdr34                00014794 
    -------------------------------------------------------------------------
CONFIG_C
  Relative segment, address: CODE_AREA 000147C0 - 0001483F (0x80 bytes), align: 2
  Segment part 31. ROOT.
           ENTRY                   ADDRESS         REF BY
           =====                   =======         ======
           selection_img           000147C0        OnRedraw (main)
    -------------------------------------------------------------------------
CONFIG_C
  Relative segment, address: CODE_AREA 00014840 - 0001486B (0x2c bytes), align: 2
  Segment part 32. ROOT.
           ENTRY                   ADDRESS         REF BY
           =====                   =======         ======
           cfghdr35                00014840 
    -------------------------------------------------------------------------
CONFIG_C
  Relative segment, address: CODE_AREA 0001486C - 000148EB (0x80 bytes), align: 2
  Segment part 33. ROOT.
           ENTRY                   ADDRESS         REF BY
           =====                   =======         ======
           tasks_img               0001486C        OnRedraw (main)
                                                   Segment part 119 (main)
    -------------------------------------------------------------------------
CONFIG_C
  Relative segment, address: CODE_AREA 000148EC - 00014917 (0x2c bytes), align: 2
  Segment part 34. ROOT.
           ENTRY                   ADDRESS         REF BY
           =====                   =======         ======
           cfghdr36                000148EC 
    -------------------------------------------------------------------------
CONFIG_C
  Relative segment, address: CODE_AREA 00014918 - 00014997 (0x80 bytes), align: 2
  Segment part 35. ROOT.
           ENTRY                   ADDRESS         REF BY
           =====                   =======         ======
           bookmarks_img           00014918        OnRedraw (main)
                                                   Segment part 120 (main)
    -------------------------------------------------------------------------
CONFIG_C
  Relative segment, address: CODE_AREA 00014998 - 000149C3 (0x2c bytes), align: 2
  Segment part 36. ROOT.
           ENTRY                   ADDRESS         REF BY
           =====                   =======         ======
           cfghdr30                00014998 
    -------------------------------------------------------------------------
CONFIG_C
  Relative segment, address: CODE_AREA 000149C4 - 00014A43 (0x80 bytes), align: 2
  Segment part 37. ROOT.
           ENTRY                   ADDRESS         REF BY
           =====                   =======         ======
           icon_list_path          000149C4        load_icon_list (main)
    -------------------------------------------------------------------------
CONFIG_C
  Relative segment, address: CODE_AREA 00014A44 - 00014A6F (0x2c bytes), align: 2
  Segment part 38. ROOT.
           ENTRY                   ADDRESS         REF BY
           =====                   =======         ======
           cfghdr31                00014A44 
    -------------------------------------------------------------------------
CONFIG_C
  Relative segment, address: CODE_AREA 00014A70 - 00014AEF (0x80 bytes), align: 2
  Segment part 39. ROOT.
           ENTRY                   ADDRESS         REF BY
           =====                   =======         ======
           bokmark_list_path       00014A70        load_bookmark_list (main)
    -------------------------------------------------------------------------
CONFIG_C
  Relative segment, address: CODE_AREA 00014AF0 - 00014B1B (0x2c bytes), align: 2
  Segment part 40. ROOT.
           ENTRY                   ADDRESS         REF BY
           =====                   =======         ======
           cfghdr32                00014AF0 
    -------------------------------------------------------------------------
CONFIG_C
  Relative segment, address: CODE_AREA 00014B1C - 00014B9B (0x80 bytes), align: 2
  Segment part 41. ROOT.
           ENTRY                   ADDRESS         REF BY
           =====                   =======         ======
           turnoff_path            00014B1C        init_turnoff (main)
    -------------------------------------------------------------------------
CONFIG_C
  Relative segment, address: CODE_AREA 00014B9C - 00014BC7 (0x2c bytes), align: 2
  Segment part 42. ROOT.
           ENTRY                   ADDRESS         REF BY
           =====                   =======         ======
           cfghdr56                00014B9C 
    -------------------------------------------------------------------------
CONFIG_C
  Relative segment, address: CODE_AREA 00014BC8 - 00014BCB (0x4 bytes), align: 2
  Segment part 43. ROOT.
           ENTRY                   ADDRESS         REF BY
           =====                   =======         ======
           ctasks                  00014BC8        OnRedraw (main)
    -------------------------------------------------------------------------
CONFIG_C
  Relative segment, address: CODE_AREA 00014BCC - 00014BF7 (0x2c bytes), align: 2
  Segment part 44. ROOT.
           ENTRY                   ADDRESS         REF BY
           =====                   =======         ======
           cfghdr57                00014BCC 
    -------------------------------------------------------------------------
CONFIG_C
  Relative segment, address: CODE_AREA 00014BF8 - 00014BFB (0x4 bytes), align: 2
  Segment part 45. ROOT.
           ENTRY                   ADDRESS         REF BY
           =====                   =======         ======
           cdaemons                00014BF8        OnRedraw (main)
    -------------------------------------------------------------------------
CONFIG_C
  Relative segment, address: CODE_AREA 00014BFC - 00014C27 (0x2c bytes), align: 2
  Segment part 46. ROOT.
           ENTRY                   ADDRESS         REF BY
           =====                   =======         ======
           cfghdr58                00014BFC 
    -------------------------------------------------------------------------
CONFIG_C
  Relative segment, address: CODE_AREA 00014C28 - 00014C2B (0x4 bytes), align: 2
  Segment part 47. ROOT.
           ENTRY                   ADDRESS         REF BY
           =====                   =======         ======
           cinfo                   00014C28        OnRedraw (main)
    -------------------------------------------------------------------------
CSTACK
  Segment part 1. NOT NEEDED.

    *************************************************************************

  FILE NAME : F:\siemens\elfs\xtask3 mod scrooling\Release_SGOLD_X75\Obj\func.r79
  PROGRAM MODULE, NAME : func

  SEGMENTS IN THE MODULE
  ======================
ELFBEGIN
  Relative segment, address: CODE_AREA 00000000, align: 0
  Segment part 0. ROOT.
           ENTRY                   ADDRESS         REF BY
           =====                   =======         ======
           ELF_BEGIN               00000000        Segment part 204 (main)
    -------------------------------------------------------------------------
CODE
  Relative segment, address: CODE_AREA 00000194 - 0000019B (0x8 bytes), align: 2
  Segment part 1. ROOT.
           ENTRY                   ADDRESS         REF BY
           =====                   =======         ======
           kill_data               00000194        ElfKiller (main)
                                                   gui_methods (main)
           seqkill                 00000198        MyIDLECSM_onClose (main)

    *************************************************************************

  FILE NAME : F:\siemens\elfs\xtask3 mod scrooling\Release_SGOLD_X75\Obj\gui.r79
  PROGRAM MODULE, NAME : gui

  SEGMENTS IN THE MODULE
  ======================
DATA_Z
  Relative segment, address: CODE_AREA 000037DC - 000037DF (0x4 bytes), align: 2
  Segment part 12.            Intra module refs:   Segment part 33
           ENTRY                   ADDRESS         REF BY
           =====                   =======         ======
           nltop                   000037DC        OnRedraw (main)
                                                   Segment part 121 (main)
                                                   Segment part 161 (main)
    -------------------------------------------------------------------------
DATA_Z
  Relative segment, address: CODE_AREA 000037E0 - 000037E3 (0x4 bytes), align: 2
  Segment part 13.            Intra module refs:   GetNumberOfDialogs
           ENTRY                   ADDRESS         REF BY
           =====                   =======         ======
           number_reald            000037E0 
    -------------------------------------------------------------------------
DATA_Z
  Relative segment, address: CODE_AREA 000037E4 - 000037E7 (0x4 bytes), align: 2
  Segment part 14.            Intra module refs:   GetNumberOfDialogs
           ENTRY                   ADDRESS         REF BY
           =====                   =======         ======
           number_nsd              000037E4 
    -------------------------------------------------------------------------
DATA_C
  Relative segment, address: CODE_AREA 00003374 - 0000337B (0x8 bytes), align: 2
  Segment part 2.             Intra module refs:   find_name
    -------------------------------------------------------------------------
DATA_C
  Relative segment, address: CODE_AREA 0000337C - 0000338B (0x10 bytes), align: 2
  Segment part 3.             Intra module refs:   find_name
    -------------------------------------------------------------------------
DATA_C
  Relative segment, address: CODE_AREA 0000338C - 00003397 (0xc bytes), align: 2
  Segment part 4.             Intra module refs:   GetNumberOfDialogs
    -------------------------------------------------------------------------
DATA_C
  Relative segment, address: CODE_AREA 00003398 - 0000339F (0x8 bytes), align: 2
  Segment part 5.             Intra module refs:   GetNumberOfDialogs
    -------------------------------------------------------------------------
DATA_C
  Relative segment, address: CODE_AREA 000033A0 - 000033AB (0xc bytes), align: 2
  Segment part 6.             Intra module refs:   GetNumberOfDialogs
    -------------------------------------------------------------------------
DATA_C
  Relative segment, address: CODE_AREA 000033AC - 000033B7 (0xc bytes), align: 2
  Segment part 7.             Intra module refs:   GetNumberOfDialogs
    -------------------------------------------------------------------------
DATA_C
  Relative segment, address: CODE_AREA 000033B8 - 000033C7 (0x10 bytes), align: 2
  Segment part 8.             Intra module refs:   GetNumberOfDialogs
    -------------------------------------------------------------------------
DATA_C
  Relative segment, address: CODE_AREA 000033C8 - 000033DB (0x14 bytes), align: 2
  Segment part 9.             Intra module refs:   GetNumberOfDialogs
    -------------------------------------------------------------------------
DATA_C
  Relative segment, address: CODE_AREA 000033DC - 000033E3 (0x8 bytes), align: 2
  Segment part 10.            Intra module refs:   GetNumberOfDialogs
    -------------------------------------------------------------------------
DATA_C
  Relative segment, address: CODE_AREA 000033E4 - 000033EB (0x8 bytes), align: 2
  Segment part 11.            Intra module refs:   GetNumberOfDialogs
    -------------------------------------------------------------------------
DATA_C
  Segment part 15. NOT NEEDED.
           ENTRY                   ADDRESS         REF BY
           =====                   =======         ======
           SHOW_IDLESCREEN         
    -------------------------------------------------------------------------
DATA_C
  Relative segment, address: CODE_AREA 000033EC - 00003403 (0x18 bytes), align: 2
  Segment part 16.            Intra module refs:   GetNumberOfDialogs
           ENTRY                   ADDRESS         REF BY
           =====                   =======         ======
           maincsm                 000033EC 
    -------------------------------------------------------------------------
DATA_Z
  Segment part 17. NOT NEEDED.
           ENTRY                   ADDRESS         REF BY
           =====                   =======         ======
           my_csm_id               
    -------------------------------------------------------------------------
CODE
  Segment part 21. NOT NEEDED.
    -------------------------------------------------------------------------
CODE
  Relative segment, address: CODE_AREA 0000019C - 000001F3 (0x58 bytes), align: 2
  Segment part 22.            Intra module refs:   GetNumberOfDialogs
           ENTRY                   ADDRESS         REF BY
           =====                   =======         ======
           strncmp_nocase          0000019C 
               stack 1 = 00000000 ( 00000004 )
    -------------------------------------------------------------------------
CODE
  Segment part 23. NOT NEEDED.
    -------------------------------------------------------------------------
DATA_Z
  Relative segment, address: CODE_AREA 000037E8 - 0000B7E7 (0x8000 bytes), align: 2
  Segment part 18.            Intra module refs:   find_name
           ENTRY                   ADDRESS         REF BY
           =====                   =======         ======
           csm_text                000037E8        DoSplices (main)
    -------------------------------------------------------------------------
DATA_C
  Relative segment, address: CODE_AREA 000037BD - 000037BF (0x3 bytes), align: 0
  Segment part 19.            Intra module refs:   GetNumberOfDialogs
           ENTRY                   ADDRESS         REF BY
           =====                   =======         ======
           percent_t               000037BD 
    -------------------------------------------------------------------------
CODE
  Relative segment, address: CODE_AREA 000001F4 - 00000247 (0x54 bytes), align: 2
  Segment part 24.            Intra module refs:   GetNumberOfDialogs
           ENTRY                   ADDRESS         REF BY
           =====                   =======         ======
           ClearNL                 000001F4        onClose (main)
               stack 1 = 00000000 ( 0000000C )
    -------------------------------------------------------------------------
CODE
  Segment part 25. NOT NEEDED.
    -------------------------------------------------------------------------
CODE
  Relative segment, address: CODE_AREA 00000248 - 00000293 (0x4c bytes), align: 2
  Segment part 26.            Intra module refs:   GetNumberOfDialogs
           ENTRY                   ADDRESS         REF BY
           =====                   =======         ======
           AddNL                   00000248 
               stack 1 = 00000000 ( 00000010 )
    -------------------------------------------------------------------------
CODE
  Segment part 27. NOT NEEDED.
    -------------------------------------------------------------------------
CODE
  Relative segment, address: CODE_AREA 00000294 - 000002F7 (0x64 bytes), align: 2
  Segment part 28.            Intra module refs:   GetNumberOfDialogs
           ENTRY                   ADDRESS         REF BY
           =====                   =======         ======
           find_name               00000294 
               stack 1 = 00000000 ( 00000034 )
    -------------------------------------------------------------------------
CODE
  Segment part 29. NOT NEEDED.
    -------------------------------------------------------------------------
DATA_Z
  Relative segment, address: CODE_AREA 0000B7E8 - 0000B80F (0x28 bytes), align: 2
  Segment part 20.            Intra module refs:   find_name
    -------------------------------------------------------------------------
CODE
  Relative segment, address: CODE_AREA 000002F8 - 000005C7 (0x2d0 bytes), align: 2
  Segment part 30.
           ENTRY                   ADDRESS         REF BY
           =====                   =======         ======
           GetNumberOfDialogs      000002F8        OnRedraw (main)
                                                   ShowMenu (main)
                                                   task_list3 (main)
               stack 1 = 00000000 ( 00000068 )
    -------------------------------------------------------------------------
CODE
  Segment part 31. NOT NEEDED.
    -------------------------------------------------------------------------
CODE
  Segment part 32. NOT NEEDED.
           ENTRY                   ADDRESS         REF BY
           =====                   =======         ======
           get_nlitem              
               not allocated function
    -------------------------------------------------------------------------
CODE
  Relative segment, address: CODE_AREA 000005C8 - 000005CB (0x4 bytes), align: 2
  Segment part 33.            Intra module refs:   AddNL
                                                   ClearNL
                                                   GetNumberOfDialogs
    -------------------------------------------------------------------------
CSTACK
  Segment part 1. NOT NEEDED.
    -------------------------------------------------------------------------
INITTAB
  Relative segment, address: CODE_AREA 000037D0 - 000037DB (0xc bytes), align: 2
  Segment part 34. ROOT.
           ENTRY                   ADDRESS         REF BY
           =====                   =======         ======
           ?init?tab?DATA_Z        000037D0 

    *************************************************************************

  FILE NAME : F:\siemens\elfs\xtask3 mod scrooling\Release_SGOLD_X75\Obj\main.r79
  PROGRAM MODULE, NAME : main

  SEGMENTS IN THE MODULE
  ======================
DATA_Z
  Relative segment, address: CODE_AREA 0000B810 - 0000B88F (0x80 bytes), align: 2
  Segment part 24.            Intra module refs:   Segment part 142
                                                   Segment part 94
           ENTRY                   ADDRESS         REF BY
           =====                   =======         ======
           shutdown1               0000B810 
    -------------------------------------------------------------------------
DATA_Z
  Relative segment, address: CODE_AREA 0000B890 - 0000B90F (0x80 bytes), align: 2
  Segment part 25.            Intra module refs:   Segment part 144
                                                   Segment part 95
           ENTRY                   ADDRESS         REF BY
           =====                   =======         ======
           shutdown2               0000B890 
    -------------------------------------------------------------------------
DATA_Z
  Relative segment, address: CODE_AREA 0000B910 - 0000B98F (0x80 bytes), align: 2
  Segment part 26.            Intra module refs:   Segment part 145
                                                   Segment part 96
           ENTRY                   ADDRESS         REF BY
           =====                   =======         ======
           reboot1                 0000B910 
    -------------------------------------------------------------------------
DATA_Z
  Relative segment, address: CODE_AREA 0000B990 - 0000BA0F (0x80 bytes), align: 2
  Segment part 27.            Intra module refs:   Segment part 143
                                                   Segment part 97
           ENTRY                   ADDRESS         REF BY
           =====                   =======         ======
           reboot2                 0000B990 
    -------------------------------------------------------------------------
DATA_Z
  Relative segment, address: CODE_AREA 0000BA10 - 0000BA13 (0x4 bytes), align: 2
  Segment part 28.            Intra module refs:   Segment part 131
                                                   Segment part 159
                                                   Segment part 210
           ENTRY                   ADDRESS         REF BY
           =====                   =======         ======
           book_show               0000BA10 
    -------------------------------------------------------------------------
DATA_I
  Relative segment, address: DATA_AREA 00000004 - 00000007 (0x4 bytes), align: 2
  Segment part 29.            Intra module refs:   Segment part 146
                                                   Segment part 185
           ENTRY                   ADDRESS         REF BY
           =====                   =======         ======
           time_not                00000004 
    -------------------------------------------------------------------------
DATA_Z
  Relative segment, address: CODE_AREA 0000BA14 - 0000BA23 (0x10 bytes), align: 2
  Segment part 31.            Intra module refs:   Segment part 163
                                                   Segment part 243
           ENTRY                   ADDRESS         REF BY
           =====                   =======         ======
           start_tmr               0000BA14 
    -------------------------------------------------------------------------
CODE
  Segment part 92. NOT NEEDED.
    -------------------------------------------------------------------------
CODE
  Relative segment, address: CODE_AREA 000005CC - 00000643 (0x78 bytes), align: 2
  Segment part 93.            Intra module refs:   MyIDLECSM_onMessage
                                                   main
           ENTRY                   ADDRESS         REF BY
           =====                   =======         ======
           init_turnoff            000005CC 
               stack 1 = 00000000 ( 0000000C )
    -------------------------------------------------------------------------
CODE
  Relative segment, address: CODE_AREA 00000644 - 00000647 (0x4 bytes), align: 2
  Segment part 94.            Intra module refs:   init_turnoff
    -------------------------------------------------------------------------
CODE
  Relative segment, address: CODE_AREA 00000648 - 0000064B (0x4 bytes), align: 2
  Segment part 95.            Intra module refs:   init_turnoff
    -------------------------------------------------------------------------
CODE
  Relative segment, address: CODE_AREA 0000064C - 0000064F (0x4 bytes), align: 2
  Segment part 96.            Intra module refs:   init_turnoff
    -------------------------------------------------------------------------
CODE
  Relative segment, address: CODE_AREA 00000650 - 00000653 (0x4 bytes), align: 2
  Segment part 97.            Intra module refs:   init_turnoff
    -------------------------------------------------------------------------
CODE
  Segment part 98. NOT NEEDED.
    -------------------------------------------------------------------------
DATA_Z
  Relative segment, address: CODE_AREA 0000BA24 - 0000BA43 (0x20 bytes), align: 2
  Segment part 32.            Intra module refs:   Segment part 132
                                                   Segment part 215
           ENTRY                   ADDRESS         REF BY
           =====                   =======         ======
           BM1NAME                 0000BA24 
    -------------------------------------------------------------------------
DATA_Z
  Relative segment, address: CODE_AREA 0000BA44 - 0000BAC3 (0x80 bytes), align: 2
  Segment part 33.            Intra module refs:   Segment part 100
                                                   Segment part 214
           ENTRY                   ADDRESS         REF BY
           =====                   =======         ======
           BM1FILE                 0000BA44 
    -------------------------------------------------------------------------
DATA_Z
  Relative segment, address: CODE_AREA 0000BAC4 - 0000BAE3 (0x20 bytes), align: 2
  Segment part 34.            Intra module refs:   Segment part 133
                                                   Segment part 217
           ENTRY                   ADDRESS         REF BY
           =====                   =======         ======
           BM2NAME                 0000BAC4 
    -------------------------------------------------------------------------
DATA_Z
  Relative segment, address: CODE_AREA 0000BAE4 - 0000BB63 (0x80 bytes), align: 2
  Segment part 35.            Intra module refs:   Segment part 101
                                                   Segment part 216
           ENTRY                   ADDRESS         REF BY
           =====                   =======         ======
           BM2FILE                 0000BAE4 
    -------------------------------------------------------------------------
DATA_Z
  Relative segment, address: CODE_AREA 0000BB64 - 0000BB83 (0x20 bytes), align: 2
  Segment part 36.            Intra module refs:   Segment part 134
                                                   Segment part 219
           ENTRY                   ADDRESS         REF BY
           =====                   =======         ======
           BM3NAME                 0000BB64 
    -------------------------------------------------------------------------
DATA_Z
  Relative segment, address: CODE_AREA 0000BB84 - 0000BC03 (0x80 bytes), align: 2
  Segment part 37.            Intra module refs:   Segment part 102
                                                   Segment part 218
           ENTRY                   ADDRESS         REF BY
           =====                   =======         ======
           BM3FILE                 0000BB84 
    -------------------------------------------------------------------------
DATA_Z
  Relative segment, address: CODE_AREA 0000BC04 - 0000BC23 (0x20 bytes), align: 2
  Segment part 38.            Intra module refs:   Segment part 135
                                                   Segment part 221
           ENTRY                   ADDRESS         REF BY
           =====                   =======         ======
           BM4NAME                 0000BC04 
    -------------------------------------------------------------------------
DATA_Z
  Relative segment, address: CODE_AREA 0000BC24 - 0000BCA3 (0x80 bytes), align: 2
  Segment part 39.            Intra module refs:   Segment part 103
                                                   Segment part 220
           ENTRY                   ADDRESS         REF BY
           =====                   =======         ======
           BM4FILE                 0000BC24 
    -------------------------------------------------------------------------
DATA_Z
  Relative segment, address: CODE_AREA 0000BCA4 - 0000BCC3 (0x20 bytes), align: 2
  Segment part 40.            Intra module refs:   Segment part 136
                                                   Segment part 223
           ENTRY                   ADDRESS         REF BY
           =====                   =======         ======
           BM5NAME                 0000BCA4 
    -------------------------------------------------------------------------
DATA_Z
  Relative segment, address: CODE_AREA 0000BCC4 - 0000BD43 (0x80 bytes), align: 2
  Segment part 41.            Intra module refs:   Segment part 104
                                                   Segment part 222
           ENTRY                   ADDRESS         REF BY
           =====                   =======         ======
           BM5FILE                 0000BCC4 
    -------------------------------------------------------------------------
DATA_Z
  Relative segment, address: CODE_AREA 0000BD44 - 0000BD63 (0x20 bytes), align: 2
  Segment part 42.            Intra module refs:   Segment part 137
                                                   Segment part 225
           ENTRY                   ADDRESS         REF BY
           =====                   =======         ======
           BM6NAME                 0000BD44 
    -------------------------------------------------------------------------
DATA_Z
  Relative segment, address: CODE_AREA 0000BD64 - 0000BDE3 (0x80 bytes), align: 2
  Segment part 43.            Intra module refs:   Segment part 105
                                                   Segment part 224
           ENTRY                   ADDRESS         REF BY
           =====                   =======         ======
           BM6FILE                 0000BD64 
    -------------------------------------------------------------------------
DATA_Z
  Relative segment, address: CODE_AREA 0000BDE4 - 0000BE03 (0x20 bytes), align: 2
  Segment part 44.            Intra module refs:   Segment part 138
                                                   Segment part 227
           ENTRY                   ADDRESS         REF BY
           =====                   =======         ======
           BM7NAME                 0000BDE4 
    -------------------------------------------------------------------------
DATA_Z
  Relative segment, address: CODE_AREA 0000BE04 - 0000BE83 (0x80 bytes), align: 2
  Segment part 45.            Intra module refs:   Segment part 106
                                                   Segment part 226
           ENTRY                   ADDRESS         REF BY
           =====                   =======         ======
           BM7FILE                 0000BE04 
    -------------------------------------------------------------------------
DATA_Z
  Relative segment, address: CODE_AREA 0000BE84 - 0000BEA3 (0x20 bytes), align: 2
  Segment part 46.            Intra module refs:   Segment part 139
                                                   Segment part 229
           ENTRY                   ADDRESS         REF BY
           =====                   =======         ======
           BM8NAME                 0000BE84 
    -------------------------------------------------------------------------
DATA_Z
  Relative segment, address: CODE_AREA 0000BEA4 - 0000BF23 (0x80 bytes), align: 2
  Segment part 47.            Intra module refs:   Segment part 107
                                                   Segment part 228
           ENTRY                   ADDRESS         REF BY
           =====                   =======         ======
           BM8FILE                 0000BEA4 
    -------------------------------------------------------------------------
DATA_Z
  Relative segment, address: CODE_AREA 0000BF24 - 0000BF43 (0x20 bytes), align: 2
  Segment part 48.            Intra module refs:   Segment part 140
                                                   Segment part 231
           ENTRY                   ADDRESS         REF BY
           =====                   =======         ======
           BM9NAME                 0000BF24 
    -------------------------------------------------------------------------
DATA_Z
  Relative segment, address: CODE_AREA 0000BF44 - 0000BFC3 (0x80 bytes), align: 2
  Segment part 49.            Intra module refs:   Segment part 108
                                                   Segment part 230
           ENTRY                   ADDRESS         REF BY
           =====                   =======         ======
           BM9FILE                 0000BF44 
    -------------------------------------------------------------------------
DATA_Z
  Relative segment, address: CODE_AREA 0000BFC4 - 0000BFE3 (0x20 bytes), align: 2
  Segment part 50.            Intra module refs:   Segment part 141
                                                   Segment part 233
           ENTRY                   ADDRESS         REF BY
           =====                   =======         ======
           BM0NAME                 0000BFC4 
    -------------------------------------------------------------------------
DATA_Z
  Relative segment, address: CODE_AREA 0000BFE4 - 0000C063 (0x80 bytes), align: 2
  Segment part 51.            Intra module refs:   Segment part 109
                                                   Segment part 232
           ENTRY                   ADDRESS         REF BY
           =====                   =======         ======
           BM0FILE                 0000BFE4 
    -------------------------------------------------------------------------
CODE
  Relative segment, address: CODE_AREA 00000654 - 0000075B (0x108 bytes), align: 2
  Segment part 99.            Intra module refs:   OnKey
           ENTRY                   ADDRESS         REF BY
           =====                   =======         ======
           Start_bookmark          00000654 
               stack 1 = 00000000 ( 00000008 )
    -------------------------------------------------------------------------
CODE
  Relative segment, address: CODE_AREA 0000075C - 0000075F (0x4 bytes), align: 2
  Segment part 100.           Intra module refs:   Start_bookmark
    -------------------------------------------------------------------------
CODE
  Relative segment, address: CODE_AREA 00000760 - 00000763 (0x4 bytes), align: 2
  Segment part 101.           Intra module refs:   Start_bookmark
    -------------------------------------------------------------------------
CODE
  Relative segment, address: CODE_AREA 00000764 - 00000767 (0x4 bytes), align: 2
  Segment part 102.           Intra module refs:   Start_bookmark
    -------------------------------------------------------------------------
CODE
  Relative segment, address: CODE_AREA 00000768 - 0000076B (0x4 bytes), align: 2
  Segment part 103.           Intra module refs:   Start_bookmark
    -------------------------------------------------------------------------
CODE
  Relative segment, address: CODE_AREA 0000076C - 0000076F (0x4 bytes), align: 2
  Segment part 104.           Intra module refs:   Start_bookmark
    -------------------------------------------------------------------------
CODE
  Relative segment, address: CODE_AREA 00000770 - 00000773 (0x4 bytes), align: 2
  Segment part 105.           Intra module refs:   Start_bookmark
    -------------------------------------------------------------------------
CODE
  Relative segment, address: CODE_AREA 00000774 - 00000777 (0x4 bytes), align: 2
  Segment part 106.           Intra module refs:   Start_bookmark
    -------------------------------------------------------------------------
CODE
  Relative segment, address: CODE_AREA 00000778 - 0000077B (0x4 bytes), align: 2
  Segment part 107.           Intra module refs:   Start_bookmark
    -------------------------------------------------------------------------
CODE
  Relative segment, address: CODE_AREA 0000077C - 0000077F (0x4 bytes), align: 2
  Segment part 108.           Intra module refs:   Start_bookmark
    -------------------------------------------------------------------------
CODE
  Relative segment, address: CODE_AREA 00000780 - 00000783 (0x4 bytes), align: 2
  Segment part 109.           Intra module refs:   Start_bookmark
    -------------------------------------------------------------------------
CODE
  Segment part 110. NOT NEEDED.
    -------------------------------------------------------------------------
DATA_I
  Relative segment, address: DATA_AREA 00000008 - 0000000F (0x8 bytes), align: 2
  Segment part 52.            Intra module refs:   Segment part 117
                                                   Segment part 130
           ENTRY                   ADDRESS         REF BY
           =====                   =======         ======
           screen2                 00000008 
    -------------------------------------------------------------------------
DATA_Z
  Relative segment, address: CODE_AREA 0000C064 - 0000C067 (0x4 bytes), align: 2
  Segment part 54.            Intra module refs:   OnRedraw
           ENTRY                   ADDRESS         REF BY
           =====                   =======         ======
           tasks                   0000C064        GetNumberOfDialogs (gui)
    -------------------------------------------------------------------------
DATA_Z
  Relative segment, address: CODE_AREA 0000C068 - 00014067 (0x8000 bytes), align: 2
  Segment part 55.            Intra module refs:   Segment part 125
                                                   Segment part 207
           ENTRY                   ADDRESS         REF BY
           =====                   =======         ======
           icon_text               0000C068 
    -------------------------------------------------------------------------
DATA_I
  Relative segment, address: DATA_AREA 00000010 - 00000013 (0x4 bytes), align: 2
  Segment part 56.            Intra module refs:   OnRedraw
                                                   Segment part 190
                                                   Segment part 199
           ENTRY                   ADDRESS         REF BY
           =====                   =======         ======
           task_list               00000010 
    -------------------------------------------------------------------------
CODE
  Relative segment, address: CODE_AREA 00000784 - 000007DF (0x5c bytes), align: 2
  Segment part 111.           Intra module refs:   OnRedraw
                                                   task_list3
           ENTRY                   ADDRESS         REF BY
           =====                   =======         ======
           DrwImg3                 00000784 
               stack 1 = 00000000 ( 00000040 )
    -------------------------------------------------------------------------
CODE
  Segment part 112. NOT NEEDED.
    -------------------------------------------------------------------------
CODE
  Segment part 113. NOT NEEDED.
           ENTRY                   ADDRESS         REF BY
           =====                   =======         ======
           DoScreen2               
               not allocated function
    -------------------------------------------------------------------------
CODE
  Segment part 114. NOT NEEDED.
    -------------------------------------------------------------------------
DATA_C
  Relative segment, address: CODE_AREA 000037C0 - 000037C2 (0x3 bytes), align: 0
  Segment part 2.             Intra module refs:   SearchIcon
    -------------------------------------------------------------------------
DATA_C
  Segment part 3. NOT NEEDED.
    -------------------------------------------------------------------------
DATA_C
  Relative segment, address: CODE_AREA 00003404 - 0000340B (0x8 bytes), align: 2
  Segment part 4.             Intra module refs:   SearchIcon
    -------------------------------------------------------------------------
DATA_C
  Relative segment, address: CODE_AREA 0000340C - 00003413 (0x8 bytes), align: 2
  Segment part 5.             Intra module refs:   SearchIcon
    -------------------------------------------------------------------------
DATA_C
  Relative segment, address: CODE_AREA 00003414 - 0000341F (0xc bytes), align: 2
  Segment part 6.             Intra module refs:   init_turnoff
    -------------------------------------------------------------------------
DATA_C
  Relative segment, address: CODE_AREA 00003420 - 0000342B (0xc bytes), align: 2
  Segment part 7.             Intra module refs:   init_turnoff
    -------------------------------------------------------------------------
DATA_C
  Relative segment, address: CODE_AREA 0000342C - 0000343B (0x10 bytes), align: 2
  Segment part 8.             Intra module refs:   init_turnoff
    -------------------------------------------------------------------------
DATA_C
  Relative segment, address: CODE_AREA 0000343C - 0000344B (0x10 bytes), align: 2
  Segment part 9.             Intra module refs:   init_turnoff
    -------------------------------------------------------------------------
DATA_C
  Relative segment, address: CODE_AREA 0000344C - 00003453 (0x8 bytes), align: 2
  Segment part 10.            Intra module refs:   init_turnoff
    -------------------------------------------------------------------------
DATA_C
  Relative segment, address: CODE_AREA 000037C3 - 000037C3 (0x1 bytes), align: 0
  Segment part 11.            Intra module refs:   Segment part 53
    -------------------------------------------------------------------------
DATA_C
  Relative segment, address: CODE_AREA 00003454 - 00003463 (0x10 bytes), align: 2
  Segment part 12.            Intra module refs:   main
    -------------------------------------------------------------------------
DATA_C
  Relative segment, address: CODE_AREA 00003464 - 00003473 (0x10 bytes), align: 2
  Segment part 13.            Intra module refs:   DoSplices
    -------------------------------------------------------------------------
DATA_C
  Relative segment, address: CODE_AREA 00003474 - 0000348B (0x18 bytes), align: 2
  Segment part 14.            Intra module refs:   MyIDLECSM_onMessage
    -------------------------------------------------------------------------
DATA_C
  Relative segment, address: CODE_AREA 0000348C - 00003493 (0x8 bytes), align: 2
  Segment part 15.            Intra module refs:   GetUnderIdleCSM
    -------------------------------------------------------------------------
DATA_C
  Segment part 16. NOT NEEDED.
    -------------------------------------------------------------------------
DATA_C
  Relative segment, address: CODE_AREA 00003494 - 000034A3 (0x10 bytes), align: 2
  Segment part 17.            Intra module refs:   OnRedraw
    -------------------------------------------------------------------------
DATA_C
  Segment part 18. NOT NEEDED.
    -------------------------------------------------------------------------
DATA_C
  Relative segment, address: CODE_AREA 000034A4 - 000034AF (0xc bytes), align: 2
  Segment part 19.            Intra module refs:   OnRedraw
    -------------------------------------------------------------------------
DATA_C
  Relative segment, address: CODE_AREA 000034B0 - 000034B7 (0x8 bytes), align: 2
  Segment part 20.            Intra module refs:   OnRedraw
    -------------------------------------------------------------------------
DATA_C
  Relative segment, address: CODE_AREA 000034B8 - 000034C3 (0xc bytes), align: 2
  Segment part 21.            Intra module refs:   OnRedraw
    -------------------------------------------------------------------------
DATA_C
  Segment part 22. NOT NEEDED.
    -------------------------------------------------------------------------
DATA_C
  Segment part 23. NOT NEEDED.
    -------------------------------------------------------------------------
DATA_C
  Relative segment, address: CODE_AREA 000034C4 - 000034C7 (0x4 bytes), align: 2
  Segment part 58.            Intra module refs:   MAINCSM
           ENTRY                   ADDRESS         REF BY
           =====                   =======         ======
           minus11                 000034C4 
    -------------------------------------------------------------------------
DATA_Z
  Relative segment, address: CODE_AREA 00014068 - 0001417F (0x118 bytes), align: 2
  Segment part 59.            Intra module refs:   MAINCSM
           ENTRY                   ADDRESS         REF BY
           =====                   =======         ======
           maincsm_name_body       00014068 
    -------------------------------------------------------------------------
DATA_Z
  Relative segment, address: CODE_AREA 00014180 - 00014183 (0x4 bytes), align: 2
  Segment part 60.            Intra module refs:   Segment part 201
           ENTRY                   ADDRESS         REF BY
           =====                   =======         ======
           MAINCSM_ID              00014180 
    -------------------------------------------------------------------------
DATA_I
  Relative segment, address: DATA_AREA 00000014 - 00000017 (0x4 bytes), align: 2
  Segment part 61.            Intra module refs:   OnRedraw
                                                   Segment part 183
           ENTRY                   ADDRESS         REF BY
           =====                   =======         ======
           pos                     00000014 
    -------------------------------------------------------------------------
DATA_I
  Relative segment, address: DATA_AREA 00000018 - 0000001B (0x4 bytes), align: 2
  Segment part 63.            Intra module refs:   Segment part 192
           ENTRY                   ADDRESS         REF BY
           =====                   =======         ======
           total_pos               00000018 
    -------------------------------------------------------------------------
DATA_Z
  Relative segment, address: CODE_AREA 00014184 - 00014187 (0x4 bytes), align: 2
  Segment part 65.            Intra module refs:   OnRedraw
                                                   Segment part 116
                                                   Segment part 191
           ENTRY                   ADDRESS         REF BY
           =====                   =======         ======
           total_d                 00014184 
    -------------------------------------------------------------------------
DATA_Z
  Relative segment, address: CODE_AREA 00014188 - 0001418B (0x4 bytes), align: 2
  Segment part 66.            Intra module refs:   OnRedraw
                                                   Segment part 184
           ENTRY                   ADDRESS         REF BY
           =====                   =======         ======
           move_skip               00014188 
    -------------------------------------------------------------------------
DATA_Z
  Relative segment, address: CODE_AREA 0001418C - 0001418F (0x4 bytes), align: 2
  Segment part 67.            Intra module refs:   Segment part 128
                                                   Segment part 186
           ENTRY                   ADDRESS         REF BY
           =====                   =======         ======
           sm                      0001418C 
    -------------------------------------------------------------------------
DATA_Z
  Relative segment, address: CODE_AREA 00014190 - 00014193 (0x4 bytes), align: 2
  Segment part 68.            Intra module refs:   Segment part 129
                                                   Segment part 187
           ENTRY                   ADDRESS         REF BY
           =====                   =======         ======
           forward                 00014190 
    -------------------------------------------------------------------------
DATA_Z
  Relative segment, address: CODE_AREA 00014194 - 00014197 (0x4 bytes), align: 2
  Segment part 69.            Intra module refs:   OnRedraw
           ENTRY                   ADDRESS         REF BY
           =====                   =======         ======
           halt                    00014194 
    -------------------------------------------------------------------------
DATA_Z
  Relative segment, address: CODE_AREA 00014198 - 0001419B (0x4 bytes), align: 2
  Segment part 70.            Intra module refs:   Segment part 122
                                                   Segment part 164
           ENTRY                   ADDRESS         REF BY
           =====                   =======         ======
           shutd                   00014198 
    -------------------------------------------------------------------------
DATA_Z
  Relative segment, address: CODE_AREA 0001419C - 0001419F (0x4 bytes), align: 2
  Segment part 71.            Intra module refs:   ShowMenu
           ENTRY                   ADDRESS         REF BY
           =====                   =======         ======
           logout                  0001419C 
    -------------------------------------------------------------------------
DATA_I
  Segment part 72. NOT NEEDED.
           ENTRY                   ADDRESS         REF BY
           =====                   =======         ======
           shf1                    
    -------------------------------------------------------------------------
DATA_I
  Segment part 74. NOT NEEDED.
           ENTRY                   ADDRESS         REF BY
           =====                   =======         ======
           shf2                    
    -------------------------------------------------------------------------
CODE
  Relative segment, address: CODE_AREA 000007E0 - 00000897 (0xb8 bytes), align: 2
  Segment part 115.           Intra module refs:   OnKey
           ENTRY                   ADDRESS         REF BY
           =====                   =======         ======
           task_list3              000007E0 
               stack 1 = 00000000 ( 0000000C )
    -------------------------------------------------------------------------
CODE
  Relative segment, address: CODE_AREA 00000898 - 0000089B (0x4 bytes), align: 2
  Segment part 116.           Intra module refs:   task_list3
    -------------------------------------------------------------------------
CODE
  Relative segment, address: CODE_AREA 0000089C - 0000089F (0x4 bytes), align: 2
  Segment part 117.           Intra module refs:   task_list3
    -------------------------------------------------------------------------
CODE
  Relative segment, address: CODE_AREA 000008A0 - 000008A3 (0x4 bytes), align: 2
  Segment part 118.           Intra module refs:   task_list3
    -------------------------------------------------------------------------
CODE
  Relative segment, address: CODE_AREA 000008A4 - 000008A7 (0x4 bytes), align: 2
  Segment part 119.           Intra module refs:   task_list3
    -------------------------------------------------------------------------
CODE
  Relative segment, address: CODE_AREA 000008A8 - 000008AB (0x4 bytes), align: 2
  Segment part 120.           Intra module refs:   task_list3
    -------------------------------------------------------------------------
CODE
  Relative segment, address: CODE_AREA 000008AC - 000008AF (0x4 bytes), align: 2
  Segment part 121.           Intra module refs:   task_list3
    -------------------------------------------------------------------------
CODE
  Relative segment, address: CODE_AREA 000008B0 - 000008B3 (0x4 bytes), align: 2
  Segment part 122.           Intra module refs:   task_list3
    -------------------------------------------------------------------------
CODE
  Segment part 123. NOT NEEDED.
    -------------------------------------------------------------------------
CODE
  Relative segment, address: CODE_AREA 000008B4 - 00000A23 (0x170 bytes), align: 2
  Segment part 124.           Intra module refs:   OnRedraw
           ENTRY                   ADDRESS         REF BY
           =====                   =======         ======
           SearchIcon              000008B4 
               stack 1 = 00000000 ( 00000120 )
    -------------------------------------------------------------------------
CODE
  Relative segment, address: CODE_AREA 00000A24 - 00000A27 (0x4 bytes), align: 2
  Segment part 125.           Intra module refs:   SearchIcon
    -------------------------------------------------------------------------
CODE
  Segment part 126. NOT NEEDED.
    -------------------------------------------------------------------------
CODE
  Relative segment, address: CODE_AREA 00000A28 - 00001A67 (0x1040 bytes), align: 2
  Segment part 127.           Intra module refs:   gui_methods
           ENTRY                   ADDRESS         REF BY
           =====                   =======         ======
           OnRedraw                00000A28 
               stack 1 = 00000000 ( 00000080 )
    -------------------------------------------------------------------------
CODE
  Relative segment, address: CODE_AREA 00001A68 - 00001A6B (0x4 bytes), align: 2
  Segment part 128.           Intra module refs:   OnRedraw
    -------------------------------------------------------------------------
CODE
  Relative segment, address: CODE_AREA 00001A6C - 00001A6F (0x4 bytes), align: 2
  Segment part 129.           Intra module refs:   OnRedraw
    -------------------------------------------------------------------------
CODE
  Relative segment, address: CODE_AREA 00001A70 - 00001A73 (0x4 bytes), align: 2
  Segment part 130.           Intra module refs:   OnRedraw
    -------------------------------------------------------------------------
CODE
  Relative segment, address: CODE_AREA 00001A74 - 00001A77 (0x4 bytes), align: 2
  Segment part 131.           Intra module refs:   OnRedraw
    -------------------------------------------------------------------------
CODE
  Relative segment, address: CODE_AREA 00001A78 - 00001A7B (0x4 bytes), align: 2
  Segment part 132.           Intra module refs:   OnRedraw
    -------------------------------------------------------------------------
CODE
  Relative segment, address: CODE_AREA 00001A7C - 00001A7F (0x4 bytes), align: 2
  Segment part 133.           Intra module refs:   OnRedraw
    -------------------------------------------------------------------------
CODE
  Relative segment, address: CODE_AREA 00001A80 - 00001A83 (0x4 bytes), align: 2
  Segment part 134.           Intra module refs:   OnRedraw
    -------------------------------------------------------------------------
CODE
  Relative segment, address: CODE_AREA 00001A84 - 00001A87 (0x4 bytes), align: 2
  Segment part 135.           Intra module refs:   OnRedraw
    -------------------------------------------------------------------------
CODE
  Relative segment, address: CODE_AREA 00001A88 - 00001A8B (0x4 bytes), align: 2
  Segment part 136.           Intra module refs:   OnRedraw
    -------------------------------------------------------------------------
CODE
  Relative segment, address: CODE_AREA 00001A8C - 00001A8F (0x4 bytes), align: 2
  Segment part 137.           Intra module refs:   OnRedraw
    -------------------------------------------------------------------------
CODE
  Relative segment, address: CODE_AREA 00001A90 - 00001A93 (0x4 bytes), align: 2
  Segment part 138.           Intra module refs:   OnRedraw
    -------------------------------------------------------------------------
CODE
  Relative segment, address: CODE_AREA 00001A94 - 00001A97 (0x4 bytes), align: 2
  Segment part 139.           Intra module refs:   OnRedraw
    -------------------------------------------------------------------------
CODE
  Relative segment, address: CODE_AREA 00001A98 - 00001A9B (0x4 bytes), align: 2
  Segment part 140.           Intra module refs:   OnRedraw
    -------------------------------------------------------------------------
CODE
  Relative segment, address: CODE_AREA 00001A9C - 00001A9F (0x4 bytes), align: 2
  Segment part 141.           Intra module refs:   OnRedraw
    -------------------------------------------------------------------------
CODE
  Relative segment, address: CODE_AREA 00001AA0 - 00001AA3 (0x4 bytes), align: 2
  Segment part 142.           Intra module refs:   OnRedraw
    -------------------------------------------------------------------------
CODE
  Relative segment, address: CODE_AREA 00001AA4 - 00001AA7 (0x4 bytes), align: 2
  Segment part 143.           Intra module refs:   OnRedraw
    -------------------------------------------------------------------------
CODE
  Relative segment, address: CODE_AREA 00001AA8 - 00001AAB (0x4 bytes), align: 2
  Segment part 144.           Intra module refs:   OnRedraw
    -------------------------------------------------------------------------
CODE
  Relative segment, address: CODE_AREA 00001AAC - 00001AAF (0x4 bytes), align: 2
  Segment part 145.           Intra module refs:   OnRedraw
    -------------------------------------------------------------------------
CODE
  Relative segment, address: CODE_AREA 00001AB0 - 00001AB3 (0x4 bytes), align: 2
  Segment part 146.           Intra module refs:   OnRedraw
    -------------------------------------------------------------------------
CODE
  Segment part 147. NOT NEEDED.
    -------------------------------------------------------------------------
CODE
  Relative segment, address: CODE_AREA 00001AB4 - 00001ABF (0xc bytes), align: 2
  Segment part 148.           Intra module refs:   gui_methods
           ENTRY                   ADDRESS         REF BY
           =====                   =======         ======
           onCreate                00001AB4 
    -------------------------------------------------------------------------
CODE
  Segment part 149. NOT NEEDED.
    -------------------------------------------------------------------------
CODE
  Relative segment, address: CODE_AREA 00001AC0 - 00001ADF (0x20 bytes), align: 2
  Segment part 150.           Intra module refs:   gui_methods
           ENTRY                   ADDRESS         REF BY
           =====                   =======         ======
           onClose                 00001AC0 
               stack 1 = 00000000 ( 00000008 )
    -------------------------------------------------------------------------
CODE
  Segment part 151. NOT NEEDED.
    -------------------------------------------------------------------------
CODE
  Relative segment, address: CODE_AREA 00001AE0 - 00001AEB (0xc bytes), align: 2
  Segment part 152.           Intra module refs:   gui_methods
           ENTRY                   ADDRESS         REF BY
           =====                   =======         ======
           onFocus                 00001AE0 
    -------------------------------------------------------------------------
CODE
  Segment part 153. NOT NEEDED.
    -------------------------------------------------------------------------
CODE
  Relative segment, address: CODE_AREA 00001AEC - 00001AFF (0x14 bytes), align: 2
  Segment part 154.           Intra module refs:   gui_methods
           ENTRY                   ADDRESS         REF BY
           =====                   =======         ======
           onUnfocus               00001AEC 
    -------------------------------------------------------------------------
CODE
  Segment part 155. NOT NEEDED.
    -------------------------------------------------------------------------
DATA_Z
  Relative segment, address: CODE_AREA 000141A0 - 000141A3 (0x4 bytes), align: 2
  Segment part 76.            Intra module refs:   OnKey
           ENTRY                   ADDRESS         REF BY
           =====                   =======         ======
           closing                 000141A0 
[...]
      | Stack used (prev) :  00000000
      | + function block  :  00000000
  <-Sub-tree of type: Indirectly called function tree that does not make
                    : indirect calls (Is not an interrupt and is not flagged
                    : as not overlayable)
    | Stack used          :  00000000


  ->Sub-tree of type: Indirectly called function tree that does not make
                    : indirect calls (Is not an interrupt and is not flagged
                    : as not overlayable)
                             CSTACK
    | Stack used (prev) :  00000000
  01  onClose
      | Stack used (prev) :  00000000
      | + function block  :  00000008
  <-Sub-tree of type: Indirectly called function tree that does not make
                    : indirect calls (Is not an interrupt and is not flagged
                    : as not overlayable)
    | Stack used          :  00000008


  ->Sub-tree of type: Indirectly called function tree that does not make
                    : indirect calls (Is not an interrupt and is not flagged
                    : as not overlayable)
                             CSTACK
    | Stack used (prev) :  00000000
  01  onFocus
      | Stack used (prev) :  00000000
      | + function block  :  00000000
  <-Sub-tree of type: Indirectly called function tree that does not make
                    : indirect calls (Is not an interrupt and is not flagged
                    : as not overlayable)
    | Stack used          :  00000000


  ->Sub-tree of type: Indirectly called function tree that does not make
                    : indirect calls (Is not an interrupt and is not flagged
                    : as not overlayable)
                             CSTACK
    | Stack used (prev) :  00000000
  01  onUnfocus
      | Stack used (prev) :  00000000
      | + function block  :  00000000
  <-Sub-tree of type: Indirectly called function tree that does not make
                    : indirect calls (Is not an interrupt and is not flagged
                    : as not overlayable)
    | Stack used          :  00000000


  ->Sub-tree of type: Indirectly called function tree that does not make
                    : indirect calls (Is not an interrupt and is not flagged
                    : as not overlayable)
                             CSTACK
    | Stack used (prev) :  00000000
  01  redrit
      | Stack used (prev) :  00000000
      | + function block  :  00000004
  <-Sub-tree of type: Indirectly called function tree that does not make
                    : indirect calls (Is not an interrupt and is not flagged
                    : as not overlayable)
    | Stack used          :  00000004


  ->Sub-tree of type: Indirectly called function tree that does not make
                    : indirect calls (Is not an interrupt and is not flagged
                    : as not overlayable)
                             CSTACK
    | Stack used (prev) :  00000000
  01  OnKey
      | Stack used (prev) :  00000000
      | + function block  :  00000024
  <-Sub-tree of type: Indirectly called function tree that does not make
                    : indirect calls (Is not an interrupt and is not flagged
                    : as not overlayable)
    | Stack used          :  00000024


  ->Sub-tree of type: Indirectly called function tree that does not make
                    : indirect calls (Is not an interrupt and is not flagged
                    : as not overlayable)
                             CSTACK
    | Stack used (prev) :  00000000
  01  ElfKiller
      | Stack used (prev) :  00000000
      | + function block  :  00000004
  <-Sub-tree of type: Indirectly called function tree that does not make
                    : indirect calls (Is not an interrupt and is not flagged
                    : as not overlayable)
    | Stack used          :  00000004


  ->Sub-tree of type: Indirectly called function tree that does not make
                    : indirect calls (Is not an interrupt and is not flagged
                    : as not overlayable)
                             CSTACK
    | Stack used (prev) :  00000000
  01  method8
      | Stack used (prev) :  00000000
      | + function block  :  00000000
  <-Sub-tree of type: Indirectly called function tree that does not make
                    : indirect calls (Is not an interrupt and is not flagged
                    : as not overlayable)
    | Stack used          :  00000000


  ->Sub-tree of type: Indirectly called function tree that does not make
                    : indirect calls (Is not an interrupt and is not flagged
                    : as not overlayable)
                             CSTACK
    | Stack used (prev) :  00000000
  01  method9
      | Stack used (prev) :  00000000
      | + function block  :  00000000
  <-Sub-tree of type: Indirectly called function tree that does not make
                    : indirect calls (Is not an interrupt and is not flagged
                    : as not overlayable)
    | Stack used          :  00000000


  ->Sub-tree of type: Indirectly called function tree that does not make
                    : indirect calls (Is not an interrupt and is not flagged
                    : as not overlayable)
                             CSTACK
    | Stack used (prev) :  00000000
  01  maincsm_oncreate
      | Stack used (prev) :  00000000
      | + function block  :  00000014
  <-Sub-tree of type: Indirectly called function tree that does not make
                    : indirect calls (Is not an interrupt and is not flagged
                    : as not overlayable)
    | Stack used          :  00000014


  ->Sub-tree of type: Indirectly called function tree that does not make
                    : indirect calls (Is not an interrupt and is not flagged
                    : as not overlayable)
                             CSTACK
    | Stack used (prev) :  00000000
  01  maincsm_onclose
      | Stack used (prev) :  00000000
      | + function block  :  00000000
  <-Sub-tree of type: Indirectly called function tree that does not make
                    : indirect calls (Is not an interrupt and is not flagged
                    : as not overlayable)
    | Stack used          :  00000000


  ->Sub-tree of type: Indirectly called function tree that does not make
                    : indirect calls (Is not an interrupt and is not flagged
                    : as not overlayable)
                             CSTACK
    | Stack used (prev) :  00000000
  01  maincsm_onmessage
      | Stack used (prev) :  00000000
      | + function block  :  00000000
  <-Sub-tree of type: Indirectly called function tree that does not make
                    : indirect calls (Is not an interrupt and is not flagged
                    : as not overlayable)
    | Stack used          :  00000000


  ->Sub-tree of type: Indirectly called function tree that does not make
                    : indirect calls (Is not an interrupt and is not flagged
                    : as not overlayable)
                             CSTACK
    | Stack used (prev) :  00000000
  01  my_keyhook
      | Stack used (prev) :  00000000
      | + function block  :  00000024
  <-Sub-tree of type: Indirectly called function tree that does not make
                    : indirect calls (Is not an interrupt and is not flagged
                    : as not overlayable)
    | Stack used          :  00000024


  ->Sub-tree of type: Indirectly called function tree that does not make
                    : indirect calls (Is not an interrupt and is not flagged
                    : as not overlayable)
                             CSTACK
    | Stack used (prev) :  00000000
  01  MyIDLECSM_onMessage
      | Stack used (prev) :  00000000
      | + function block  :  00000028
  <-Sub-tree of type: Indirectly called function tree that does not make
                    : indirect calls (Is not an interrupt and is not flagged
                    : as not overlayable)
    | Stack used          :  00000028


  ->Sub-tree of type: Indirectly called function tree that does not make
                    : indirect calls (Is not an interrupt and is not flagged
                    : as not overlayable)
                             CSTACK
    | Stack used (prev) :  00000000
  01  MyIDLECSM_onClose
      | Stack used (prev) :  00000000
      | + function block  :  00000008
  <-Sub-tree of type: Indirectly called function tree that does not make
                    : indirect calls (Is not an interrupt and is not flagged
                    : as not overlayable)
    | Stack used          :  00000008


  ->Sub-tree of type: Indirectly called function tree that does not make
                    : indirect calls (Is not an interrupt and is not flagged
                    : as not overlayable)
                             CSTACK
    | Stack used (prev) :  00000000
  01  DoSplices
      | Stack used (prev) :  00000000
      | + function block  :  00000014
  <-Sub-tree of type: Indirectly called function tree that does not make
                    : indirect calls (Is not an interrupt and is not flagged
                    : as not overlayable)
    | Stack used          :  00000014


  ->Sub-tree of type: Indirectly called function tree that does not make
                    : indirect calls (Is not an interrupt and is not flagged
                    : as not overlayable)
                             CSTACK
    | Stack used (prev) :  00000000
  01  do_CSMtoTop
      | Stack used (prev) :  00000000
      | + function block  :  00000018
  <-Sub-tree of type: Indirectly called function tree that does not make
                    : indirect calls (Is not an interrupt and is not flagged
                    : as not overlayable)
    | Stack used          :  00000018


  ->Sub-tree of type: Indirectly called function tree that does not make
                    : indirect calls (Is not an interrupt and is not flagged
                    : as not overlayable)
                             CSTACK
    | Stack used (prev) :  00000000
  01  strtoul
      | Stack used (prev) :  00000000
      | + function block  :  00000008
  <-Sub-tree of type: Indirectly called function tree that does not make
                    : indirect calls (Is not an interrupt and is not flagged
                    : as not overlayable)
    | Stack used          :  00000008


  ->Sub-tree of type: Function tree
                             CSTACK
    | Stack used (prev) :  00000080
  01  SaveConfigData
      | Stack used (prev) :  00000080
      | + function block  :  00000018
  <-Sub-tree of type: Function tree
    | Stack used          :  00000098


  ->Sub-tree of type: Function tree
                             CSTACK
    | Stack used (prev) :  00000098
  01  LoadConfigData
      | Stack used (prev) :  00000098
      | + function block  :  00000028
  <-Sub-tree of type: Function tree
    | Stack used          :  000000C0


  ->Sub-tree of type: Function tree
                             CSTACK
    | Stack used (prev) :  000000C0
  01  InitConfig
      | Stack used (prev) :  000000C0
      | + function block  :  00000004
  <-Sub-tree of type: Function tree
    | Stack used          :  000000C4


  ->Sub-tree of type: Function tree
                             CSTACK
    | Stack used (prev) :  000000C4
  01  strncmp_nocase
      | Stack used (prev) :  000000C4
      | + function block  :  00000004
  <-Sub-tree of type: Function tree
    | Stack used          :  000000C8


  ->Sub-tree of type: Function tree
                             CSTACK
    | Stack used (prev) :  000000C8
  01  ClearNL
      | Stack used (prev) :  000000C8
      | + function block  :  0000000C
  <-Sub-tree of type: Function tree
    | Stack used          :  000000D4


  ->Sub-tree of type: Function tree
                             CSTACK
    | Stack used (prev) :  000000D4
  01  AddNL
      | Stack used (prev) :  000000D4
      | + function block  :  00000010
  <-Sub-tree of type: Function tree
    | Stack used          :  000000E4


  ->Sub-tree of type: Function tree
                             CSTACK
    | Stack used (prev) :  000000E4
  01  find_name
      | Stack used (prev) :  000000E4
      | + function block  :  00000034
  <-Sub-tree of type: Function tree
    | Stack used          :  00000118


  ->Sub-tree of type: Function tree
                             CSTACK
    | Stack used (prev) :  00000118
  01  GetNumberOfDialogs
      | Stack used (prev) :  00000118
      | + function block  :  00000068
  <-Sub-tree of type: Function tree
    | Stack used          :  00000180


  ->Sub-tree of type: Function tree
                             CSTACK
    | Stack used (prev) :  00000180
  01  init_turnoff
      | Stack used (prev) :  00000180
      | + function block  :  0000000C
  <-Sub-tree of type: Function tree
    | Stack used          :  0000018C


  ->Sub-tree of type: Function tree
                             CSTACK
    | Stack used (prev) :  0000018C
  01  Start_bookmark
      | Stack used (prev) :  0000018C
      | + function block  :  00000008
  <-Sub-tree of type: Function tree
    | Stack used          :  00000194


  ->Sub-tree of type: Function tree
                             CSTACK
    | Stack used (prev) :  00000194
  01  DrwImg3
      | Stack used (prev) :  00000194
      | + function block  :  00000040
  <-Sub-tree of type: Function tree
    | Stack used          :  000001D4


  ->Sub-tree of type: Function tree
                             CSTACK
    | Stack used (prev) :  000001D4
  01  task_list3
      | Stack used (prev) :  000001D4
      | + function block  :  0000000C
  <-Sub-tree of type: Function tree
    | Stack used          :  000001E0


  ->Sub-tree of type: Function tree
                             CSTACK
    | Stack used (prev) :  000001E0
  01  SearchIcon
      | Stack used (prev) :  000001E0
      | + function block  :  00000120
  <-Sub-tree of type: Function tree
    | Stack used          :  00000300


  ->Sub-tree of type: Function tree
                             CSTACK
    | Stack used (prev) :  00000300
  01  GetUnderIdleCSM
      | Stack used (prev) :  00000300
      | + function block  :  0000000C
  <-Sub-tree of type: Function tree
    | Stack used          :  0000030C


  ->Sub-tree of type: Function tree
                             CSTACK
    | Stack used (prev) :  0000030C
  01  ShowMenu
      | Stack used (prev) :  0000030C
      | + function block  :  00000034
  <-Sub-tree of type: Function tree
    | Stack used          :  00000340


  ->Sub-tree of type: Function tree
                             CSTACK
    | Stack used (prev) :  00000340
  01  strcmp_nocase
      | Stack used (prev) :  00000340
      | + function block  :  00000000
  <-Sub-tree of type: Function tree
    | Stack used          :  00000340


  ->Sub-tree of type: Function tree
                             CSTACK
    | Stack used (prev) :  00000340
  01  load_icon_list
      | Stack used (prev) :  00000340
      | + function block  :  0000003C
  <-Sub-tree of type: Function tree
    | Stack used          :  0000037C


  ->Sub-tree of type: Function tree
                             CSTACK
    | Stack used (prev) :  0000037C
  01  get_bookmark
      | Stack used (prev) :  0000037C
      | + function block  :  00000004
  <-Sub-tree of type: Function tree
    | Stack used          :  00000380


  ->Sub-tree of type: Function tree
                             CSTACK
    | Stack used (prev) :  00000380
  01  load_bookmark_list
      | Stack used (prev) :  00000380
      | + function block  :  0000003C
  <-Sub-tree of type: Function tree
    | Stack used          :  000003BC


  ->Sub-tree of type: Function tree
                             CSTACK
    | Stack used (prev) :  000003BC
  01  main
      | Stack used (prev) :  000003BC
      | + function block  :  00000004
  <-Sub-tree of type: Function tree
    | Stack used          :  000003C0


  ->Sub-tree of type: Function tree
                             CSTACK
    | Stack used (prev) :  000003C0
  01  char16to8
      | Stack used (prev) :  000003C0
      | + function block  :  00000000
  <-Sub-tree of type: Function tree
    | Stack used          :  000003C0


  ->Sub-tree of type: Function tree
                             CSTACK
    | Stack used (prev) :  000003C0
  01  convWS_to_ANSI
      | Stack used (prev) :  000003C0
      | + function block  :  00000014
  <-Sub-tree of type: Function tree
    | Stack used          :  000003D4


  ->Sub-tree of type: Function tree
                             CSTACK
    | Stack used (prev) :  000003D4
  01  LLaddToEnd
      | Stack used (prev) :  000003D4
      | + function block  :  00000004
  <-Sub-tree of type: Function tree
    | Stack used          :  000003D8


  ->Sub-tree of type: Function tree
                             CSTACK
    | Stack used (prev) :  000003D8
  01  CSMtoTop
      | Stack used (prev) :  000003D8
      | + function block  :  00000010
  <-Sub-tree of type: Function tree
    | Stack used          :  000003E8


  ->Sub-tree of type: Function tree
                             CSTACK
    | Stack used (prev) :  000003E8
  01  _Geterrno
      | Stack used (prev) :  000003E8
      | + function block  :  00000008
  <-Sub-tree of type: Function tree
    | Stack used          :  000003F0


  ->Sub-tree of type: Function tree
                             CSTACK
    | Stack used (prev) :  000003F0
  01  _Memchr
      | Stack used (prev) :  000003F0
      | + function block  :  00000000
  <-Sub-tree of type: Function tree
    | Stack used          :  000003F0


  ->Sub-tree of type: Function tree
                             CSTACK
    | Stack used (prev) :  000003F0
  01  _Stoul
      | Stack used (prev) :  000003F0
      | + function block  :  00000030
  <-Sub-tree of type: Function tree
    | Stack used          :  00000420




                ****************************************
                *                                      *
                *      SEGMENTS IN ADDRESS ORDER       *
                *                                      *
                ****************************************


SEGMENT              SPACE    START ADDRESS   END ADDRESS     SIZE  TYPE  ALIGN
=======              =====    =============   ===========     ====  ====  =====
ELFBEGIN             CODE_AREA           00000000                     rel    0
DATA_ID              CODE_AREA      00000000 - 0000001B          1C   rel    2
START                CODE_AREA           0000001C                     dse    0
CODE                 CODE_AREA      0000001C - 0000333B        3320   rel    2
DATA_C               CODE_AREA      0000333C - 000037C3         488   rel    2
INITTAB              CODE_AREA      000037C4 - 000037DB          18   rel    2
DATA_Z               CODE_AREA      000037DC - 000141E7       10A0C   rel    2
DATA_N               CODE_AREA           000141E8                     dse    0
CONFIG_C             CODE_AREA      000141E8 - 00014C2B         A44   rel    2
DATA_I               DATA_AREA      00000000 - 0000001B          1C   rel    2

                ****************************************
                *                                      *
                *        END OF CROSS REFERENCE        *
                *                                      *
                ****************************************

 85 036 bytes of CODE memory
     28 bytes of DATA memory

Errors: 1
Warnings: none

