################################################################################
#                                                                              #
#      IAR Universal Linker V4.60I/386                                         #
#                                                                              #
#           Link time     =  19/Sep/2009  14:16:05                             #
#           Target CPU    =  ARM                                               #
#           List file     =  "C:\arm\n_xtask_final(all platforms)\Release_ELKA #
#                            \List\XTask3.map"                                 #
#           Output file 1 =  "C:\arm\n_xtask_final(all platforms)\Release_ELKA #
#                            \Exe\XTask3.elf"                                  #
#                            Format: elf, variant: -ynpra                      #
#           Command line  =  "C:\arm\n_xtask_final(all platforms)\Release_ELKA #
#                            \Obj\conf_loader.r79"                             #
#                            "C:\arm\n_xtask_final(all platforms)\Release_ELKA #
#                            \Obj\config_data.r79"                             #
#                            "C:\arm\n_xtask_final(all platforms)\Release_ELKA #
#                            \Obj\func.r79"                                    #
#                            "C:\arm\n_xtask_final(all platforms)\Release_ELKA #
#                            \Obj\gui.r79"                                     #
#                            "C:\arm\n_xtask_final(all platforms)\Release_ELKA #
#                            \Obj\main.r79"                                    #
#                            "C:\arm\n_xtask_final(all platforms)\Release_ELKA #
#                            \Obj\reboot_loader.r79"                           #
#                            "C:\arm\n_xtask_final(all platforms)\Release_ELKA #
#                            \Obj\strings2.r79"                                #
#                            "C:\arm\n_xtask_final(all platforms)\Release_ELKA #
#                            \Obj\swaper.r79"                                  #
#                            -o                                                #
#                            "C:\arm\n_xtask_final(all platforms)\Release_ELKA #
#                            \Exe\XTask3.elf"                                  #
#                            -Felf -l                                          #
#                            "C:\arm\n_xtask_final(all platforms)\Release_ELKA #
#                            \List\XTask3.map"                                 #
#                            -xmsnio -f                                        #
#                            "C:\arm\n_xtask_final(all platforms)\test.xcl"    #
#                            (-carm -V(CODE)CODE_AREA,12                       #
#                            -V(DATA)DATA_AREA,12                              #
#                            -Z(CODE_AREA)ELFBEGIN,DATA_ID,START,CODE,DATA_C,I #
#                            NITTAB,DATA_Z,DATA_N,CONFIG_C=0-FFFFFFFF          #
#                            -Z(DATA_AREA)DATA_I=0-FFFFFFFF) -ynpra            #
#                            "C:\arm2\Embedded Workbench 4.0 Evaluation\ARM\LI #
#                            B\dl5tpainl8n.r79"                                #
#                            -s main                                           #
#                                                                              #
#                        Copyright 1987-2007 IAR Systems. All rights reserved. #
################################################################################





                ****************************************
                *                                      *
                *           CROSS REFERENCE            *
                *                                      *
                ****************************************

       Program entry at : CODE_AREA 000057F4  Relocatable, from module : main




                ****************************************
                *                                      *
                *            RUNTIME MODEL             *
                *                                      *
                ****************************************

  StackAlign4  = USED
  StackAlign8  = USED
  __cpu_mode   = __pcs__interwork
  __data_model = absolute
  __endian     = little
  __rt_version = 6



                ****************************************
                *                                      *
                *              MODULE MAP              *
                *                                      *
                ****************************************


  DEFINED ABSOLUTE ENTRIES
    *************************************************************************

  DEFINED ABSOLUTE ENTRIES
    *************************************************************************

  FILE NAME : C:\arm\n_xtask_final(all platforms)\Release_ELKA\Obj\conf_loader.r79
  PROGRAM MODULE, NAME : conf_loader

  SEGMENTS IN THE MODULE
  ======================
DATA_I
  Relative segment, address: DATA_AREA 00000000 - 00000003 (0x4 bytes), align: 2
  Segment part 5.             Intra module refs:   LoadConfigData
           ENTRY                   ADDRESS         REF BY
           =====                   =======         ======
           successed_config_filename
                                   00000000        Segment part 354 (main)
    -------------------------------------------------------------------------
CODE
  Segment part 7. NOT NEEDED.
    -------------------------------------------------------------------------
CODE
  Relative segment, address: CODE_AREA 00000024 - 0000008B (0x68 bytes), align: 2
  Segment part 8.             Intra module refs:   LoadConfigData
           ENTRY                   ADDRESS         REF BY
           =====                   =======         ======
           SaveConfigData          00000024        GetUnderIdleCSM (main)
               stack 1 = 00000000 ( 00000018 )
    -------------------------------------------------------------------------
CODE
  Segment part 9. NOT NEEDED.
    -------------------------------------------------------------------------
CODE
  Relative segment, address: CODE_AREA 0000008C - 0000016B (0xe0 bytes), align: 2
  Segment part 10.            Intra module refs:   InitConfig
           ENTRY                   ADDRESS         REF BY
           =====                   =======         ======
           LoadConfigData          0000008C 
               stack 1 = 00000000 ( 00000028 )
    -------------------------------------------------------------------------
CODE
  Relative segment, address: CODE_AREA 0000016C - 0000016F (0x4 bytes), align: 2
  Segment part 11.            Intra module refs:   LoadConfigData
                                                   SaveConfigData
    -------------------------------------------------------------------------
CODE
  Relative segment, address: CODE_AREA 00000170 - 00000173 (0x4 bytes), align: 2
  Segment part 12.            Intra module refs:   LoadConfigData
                                                   SaveConfigData
    -------------------------------------------------------------------------
CODE
  Segment part 13. NOT NEEDED.
    -------------------------------------------------------------------------
CODE
  Relative segment, address: CODE_AREA 00000174 - 0000019B (0x28 bytes), align: 2
  Segment part 14.
           ENTRY                   ADDRESS         REF BY
           =====                   =======         ======
           InitConfig              00000174        MyIDLECSM_onMessage (main)
                                                   main (main)
               stack 1 = 00000000 ( 00000004 )
    -------------------------------------------------------------------------
CSTACK
  Segment part 1. NOT NEEDED.
    -------------------------------------------------------------------------
DATA_ID
  Relative segment, address: CODE_AREA 00000000 - 00000003 (0x4 bytes), align: 2
  Segment part 6.             Intra module refs:   successed_config_filename
    -------------------------------------------------------------------------
DATA_ID
  Segment part 15. NOT NEEDED.
           ENTRY                   ADDRESS         REF BY
           =====                   =======         ======
           ?*?DATA_ID              
    -------------------------------------------------------------------------
INITTAB
  Relative segment, address: CODE_AREA 000067A4 - 000067AF (0xc bytes), align: 2
  Segment part 16. ROOT.
           ENTRY                   ADDRESS         REF BY
           =====                   =======         ======
           ?init?tab?DATA_I        000067A4 
    -------------------------------------------------------------------------
CONFIG_C
  Segment part 17. NOT NEEDED.
    -------------------------------------------------------------------------
DATA_C
  Relative segment, address: CODE_AREA 00006798 - 00006798 (0x1 bytes), align: 0
  Segment part 2.             Intra module refs:   Segment part 6
    -------------------------------------------------------------------------
DATA_C
  Relative segment, address: CODE_AREA 00006164 - 0000617F (0x1c bytes), align: 2
  Segment part 3.             Intra module refs:   InitConfig
    -------------------------------------------------------------------------
DATA_C
  Relative segment, address: CODE_AREA 00006180 - 0000619B (0x1c bytes), align: 2
  Segment part 4.             Intra module refs:   InitConfig

    *************************************************************************

  FILE NAME : C:\arm\n_xtask_final(all platforms)\Release_ELKA\Obj\config_data.r79
  PROGRAM MODULE, NAME : config_data

  SEGMENTS IN THE MODULE
  ======================
CONFIG_C
  Relative segment, address: CODE_AREA 00018714 - 0001873F (0x2c bytes), align: 2
  Segment part 2. ROOT.
           ENTRY                   ADDRESS         REF BY
           =====                   =======         ======
           cfghdr0                 00018714 
    -------------------------------------------------------------------------
CONFIG_C
  Relative segment, address: CODE_AREA 00018740 - 000187BF (0x80 bytes), align: 2
  Segment part 3. ROOT.
           ENTRY                   ADDRESS         REF BY
           =====                   =======         ======
           csmlist_fname           00018740        DoSplices (main)
    -------------------------------------------------------------------------
CONFIG_C
  Relative segment, address: CODE_AREA 000187C0 - 000187EB (0x2c bytes), align: 2
  Segment part 4. ROOT.
           ENTRY                   ADDRESS         REF BY
           =====                   =======         ======
           cfghdr2y                000187C0 
    -------------------------------------------------------------------------
CONFIG_C
  Relative segment, address: CODE_AREA 000187EC - 00018817 (0x2c bytes), align: 2
  Segment part 5. ROOT.
           ENTRY                   ADDRESS         REF BY
           =====                   =======         ======
           cfghdr23                000187EC 
    -------------------------------------------------------------------------
CONFIG_C
  Relative segment, address: CODE_AREA 00018818 - 0001881B (0x4 bytes), align: 2
  Segment part 6. ROOT.
           ENTRY                   ADDRESS         REF BY
           =====                   =======         ======
           ACTIVE_KEY_STYLE        00018818        my_keyhook (main)
    -------------------------------------------------------------------------
CONFIG_C
  Relative segment, address: CODE_AREA 0001881C - 0001889B (0x80 bytes), align: 2
  Segment part 7. ROOT.
           ENTRY                   ADDRESS         REF BY
           =====                   =======         ======
           cfgcbox23               0001881C 
    -------------------------------------------------------------------------
CONFIG_C
  Relative segment, address: CODE_AREA 0001889C - 000188C7 (0x2c bytes), align: 2
  Segment part 8. ROOT.
           ENTRY                   ADDRESS         REF BY
           =====                   =======         ======
           cfghdr24                0001889C 
    -------------------------------------------------------------------------
CONFIG_C
  Relative segment, address: CODE_AREA 000188C8 - 000188CB (0x4 bytes), align: 2
  Segment part 9. ROOT.
           ENTRY                   ADDRESS         REF BY
           =====                   =======         ======
           ACTIVE_KEY              000188C8        my_keyhook (main)
    -------------------------------------------------------------------------
CONFIG_C
  Relative segment, address: CODE_AREA 000188CC - 000188F7 (0x2c bytes), align: 2
  Segment part 10. ROOT.
           ENTRY                   ADDRESS         REF BY
           =====                   =======         ======
           cfghdr25                000188CC 
    -------------------------------------------------------------------------
CONFIG_C
  Relative segment, address: CODE_AREA 000188F8 - 00018903 (0xc bytes), align: 2
  Segment part 11. ROOT.
           ENTRY                   ADDRESS         REF BY
           =====                   =======         ======
           UNDER_IDLE_CONSTR       000188F8        GetUnderIdleCSM (main)
    -------------------------------------------------------------------------
CONFIG_C
  Relative segment, address: CODE_AREA 00018904 - 0001892F (0x2c bytes), align: 2
  Segment part 12. ROOT.
           ENTRY                   ADDRESS         REF BY
           =====                   =======         ======
           cfghdr2                 00018904 
    -------------------------------------------------------------------------
CONFIG_C
  Relative segment, address: CODE_AREA 00018930 - 00018933 (0x4 bytes), align: 2
  Segment part 13. ROOT.
           ENTRY                   ADDRESS         REF BY
           =====                   =======         ======
           ENA_LONG_PRESS          00018930        my_keyhook (main)
    -------------------------------------------------------------------------
CONFIG_C
  Relative segment, address: CODE_AREA 00018934 - 000189D3 (0xa0 bytes), align: 2
  Segment part 14. ROOT.
           ENTRY                   ADDRESS         REF BY
           =====                   =======         ======
           cfgcbox2                00018934 
    -------------------------------------------------------------------------
CONFIG_C
  Relative segment, address: CODE_AREA 000189D4 - 000189FF (0x2c bytes), align: 2
  Segment part 15. ROOT.
           ENTRY                   ADDRESS         REF BY
           =====                   =======         ======
           cfghdr3                 000189D4 
    -------------------------------------------------------------------------
CONFIG_C
  Relative segment, address: CODE_AREA 00018A00 - 00018A03 (0x4 bytes), align: 2
  Segment part 16. ROOT.
           ENTRY                   ADDRESS         REF BY
           =====                   =======         ======
           RED_BUT_MODE            00018A00        my_keyhook (main)
    -------------------------------------------------------------------------
CONFIG_C
  Relative segment, address: CODE_AREA 00018A04 - 00018AA3 (0xa0 bytes), align: 2
  Segment part 17. ROOT.
           ENTRY                   ADDRESS         REF BY
           =====                   =======         ======
           cfgcbox3                00018A04 
    -------------------------------------------------------------------------
CONFIG_C
  Relative segment, address: CODE_AREA 00018AA4 - 00018ACF (0x2c bytes), align: 2
  Segment part 18. ROOT.
           ENTRY                   ADDRESS         REF BY
           =====                   =======         ======
           cfghdr3q                00018AA4 
    -------------------------------------------------------------------------
CONFIG_C
  Relative segment, address: CODE_AREA 00018AD0 - 00018AD3 (0x4 bytes), align: 2
  Segment part 19. ROOT.
           ENTRY                   ADDRESS         REF BY
           =====                   =======         ======
           LONG_RED_BUT_MODE       00018AD0        my_keyhook (main)
    -------------------------------------------------------------------------
CONFIG_C
  Relative segment, address: CODE_AREA 00018AD4 - 00018B13 (0x40 bytes), align: 2
  Segment part 20. ROOT.
           ENTRY                   ADDRESS         REF BY
           =====                   =======         ======
           cfgcbox3q               00018AD4 
    -------------------------------------------------------------------------
CONFIG_C
  Relative segment, address: CODE_AREA 00018B14 - 00018B3F (0x2c bytes), align: 2
  Segment part 21. ROOT.
           ENTRY                   ADDRESS         REF BY
           =====                   =======         ======
           cfghdr22                00018B14 
    -------------------------------------------------------------------------
CONFIG_C
  Relative segment, address: CODE_AREA 00018B40 - 00018B43 (0x4 bytes), align: 2
  Segment part 22. ROOT.
           ENTRY                   ADDRESS         REF BY
           =====                   =======         ======
           ENA_LOCK                00018B40        my_keyhook (main)
    -------------------------------------------------------------------------
CONFIG_C
  Relative segment, address: CODE_AREA 00018B44 - 00018B83 (0x40 bytes), align: 2
  Segment part 23. ROOT.
           ENTRY                   ADDRESS         REF BY
           =====                   =======         ======
           cfgcbox22               00018B44 
    -------------------------------------------------------------------------
CONFIG_C
  Relative segment, address: CODE_AREA 00018B84 - 00018BAF (0x2c bytes), align: 2
  Segment part 24. ROOT.
           ENTRY                   ADDRESS         REF BY
           =====                   =======         ======
           cfghdr49                00018B84 
    -------------------------------------------------------------------------
CONFIG_C
  Relative segment, address: CODE_AREA 00018BB0 - 00018BB3 (0x4 bytes), align: 2
  Segment part 25. ROOT.
           ENTRY                   ADDRESS         REF BY
           =====                   =======         ======
           cleseri                 00018BB0        OnKey (main)
    -------------------------------------------------------------------------
CONFIG_C
  Relative segment, address: CODE_AREA 00018BB4 - 00018BF3 (0x40 bytes), align: 2
  Segment part 26. ROOT.
           ENTRY                   ADDRESS         REF BY
           =====                   =======         ======
           cfgcbox29               00018BB4 
    -------------------------------------------------------------------------
CONFIG_C
  Relative segment, address: CODE_AREA 00018BF4 - 00018C1F (0x2c bytes), align: 2
  Segment part 27. ROOT.
           ENTRY                   ADDRESS         REF BY
           =====                   =======         ======
           cfghdr49a               00018BF4 
    -------------------------------------------------------------------------
CONFIG_C
  Relative segment, address: CODE_AREA 00018C20 - 00018C23 (0x4 bytes), align: 2
  Segment part 28. ROOT.
           ENTRY                   ADDRESS         REF BY
           =====                   =======         ======
           use_idle                00018C20        my_keyhook (main)
    -------------------------------------------------------------------------
CONFIG_C
  Relative segment, address: CODE_AREA 00018C24 - 00018C63 (0x40 bytes), align: 2
  Segment part 29. ROOT.
           ENTRY                   ADDRESS         REF BY
           =====                   =======         ======
           cfgcbox29a              00018C24 
    -------------------------------------------------------------------------
CONFIG_C
  Relative segment, address: CODE_AREA 00018C64 - 00018C8F (0x2c bytes), align: 2
  Segment part 30. ROOT.
           ENTRY                   ADDRESS         REF BY
           =====                   =======         ======
           cfghdr49aa              00018C64 
    -------------------------------------------------------------------------
CONFIG_C
  Relative segment, address: CODE_AREA 00018C90 - 00018C93 (0x4 bytes), align: 2
  Segment part 31. ROOT.
           ENTRY                   ADDRESS         REF BY
           =====                   =======         ======
           use_green               00018C90        OnKey (main)
    -------------------------------------------------------------------------
CONFIG_C
  Relative segment, address: CODE_AREA 00018C94 - 00018CD3 (0x40 bytes), align: 2
  Segment part 32. ROOT.
           ENTRY                   ADDRESS         REF BY
           =====                   =======         ======
           cfgcbox29ae             00018C94 
    -------------------------------------------------------------------------
CONFIG_C
  Relative segment, address: CODE_AREA 00018CD4 - 00018CFF (0x2c bytes), align: 2
  Segment part 33. ROOT.
           ENTRY                   ADDRESS         REF BY
           =====                   =======         ======
           cfghdr244               00018CD4 
    -------------------------------------------------------------------------
CONFIG_C
  Relative segment, address: CODE_AREA 00018D00 - 00018D03 (0x4 bytes), align: 2
  Segment part 34. ROOT.
           ENTRY                   ADDRESS         REF BY
           =====                   =======         ======
           use_natioq              00018D00        my_keyhook (main)
    -------------------------------------------------------------------------
CONFIG_C
  Relative segment, address: CODE_AREA 00018D04 - 00018D43 (0x40 bytes), align: 2
  Segment part 35. ROOT.
           ENTRY                   ADDRESS         REF BY
           =====                   =======         ======
           cfgcbox26a              00018D04 
    -------------------------------------------------------------------------
CONFIG_C
  Relative segment, address: CODE_AREA 00018D44 - 00018D6F (0x2c bytes), align: 2
  Segment part 36. ROOT.
           ENTRY                   ADDRESS         REF BY
           =====                   =======         ======
           cfghdrw1y               00018D44 
    -------------------------------------------------------------------------
CONFIG_C
  Relative segment, address: CODE_AREA 00018D70 - 00018D9B (0x2c bytes), align: 2
  Segment part 37. ROOT.
           ENTRY                   ADDRESS         REF BY
           =====                   =======         ======
           cfghdr3a                00018D70 
    -------------------------------------------------------------------------
CONFIG_C
  Relative segment, address: CODE_AREA 00018D9C - 00018E1B (0x80 bytes), align: 2
  Segment part 38. ROOT.
           ENTRY                   ADDRESS         REF BY
           =====                   =======         ======
           exept_list              00018D9C        DoClosery (main)
    -------------------------------------------------------------------------
CONFIG_C
  Relative segment, address: CODE_AREA 00018E1C - 00018E47 (0x2c bytes), align: 2
  Segment part 39. ROOT.
           ENTRY                   ADDRESS         REF BY
           =====                   =======         ======
           cfghdr27                00018E1C 
    -------------------------------------------------------------------------
CONFIG_C
  Relative segment, address: CODE_AREA 00018E48 - 00018E4B (0x4 bytes), align: 2
  Segment part 40. ROOT.
           ENTRY                   ADDRESS         REF BY
           =====                   =======         ======
           SHOW_DAEMONS            00018E48        DoSplices (main)
    -------------------------------------------------------------------------
CONFIG_C
  Relative segment, address: CODE_AREA 00018E4C - 00018E8B (0x40 bytes), align: 2
  Segment part 41. ROOT.
           ENTRY                   ADDRESS         REF BY
           =====                   =======         ======
           cfgcbox27               00018E4C 
    -------------------------------------------------------------------------
CONFIG_C
  Relative segment, address: CODE_AREA 00018E8C - 00018EB7 (0x2c bytes), align: 2
  Segment part 42. ROOT.
           ENTRY                   ADDRESS         REF BY
           =====                   =======         ======
           cfghdr26                00018E8C 
    -------------------------------------------------------------------------
CONFIG_C
  Relative segment, address: CODE_AREA 00018EB8 - 00018EBB (0x4 bytes), align: 2
  Segment part 43. ROOT.
           ENTRY                   ADDRESS         REF BY
           =====                   =======         ======
           SHOW_IDLESCREEN         00018EB8        GetNumberOfDialogs (gui)
    -------------------------------------------------------------------------
CONFIG_C
  Relative segment, address: CODE_AREA 00018EBC - 00018EFB (0x40 bytes), align: 2
  Segment part 44. ROOT.
           ENTRY                   ADDRESS         REF BY
           =====                   =======         ======
           cfgcbox26               00018EBC 
    -------------------------------------------------------------------------
CONFIG_C
  Relative segment, address: CODE_AREA 00018EFC - 00018F27 (0x2c bytes), align: 2
  Segment part 45. ROOT.
           ENTRY                   ADDRESS         REF BY
           =====                   =======         ======
           cfghdr28                00018EFC 
    -------------------------------------------------------------------------
CONFIG_C
  Relative segment, address: CODE_AREA 00018F28 - 00018FA7 (0x80 bytes), align: 2
  Segment part 46. ROOT.
           ENTRY                   ADDRESS         REF BY
           =====                   =======         ======
           path_file               00018F28        init_paths (main)
    -------------------------------------------------------------------------
CONFIG_C
  Relative segment, address: CODE_AREA 00018FA8 - 00018FD3 (0x2c bytes), align: 2
  Segment part 47. ROOT.
           ENTRY                   ADDRESS         REF BY
           =====                   =======         ======
           cfghdrw                 00018FA8 
    -------------------------------------------------------------------------
CONFIG_C
  Relative segment, address: CODE_AREA 00018FD4 - 00018FFF (0x2c bytes), align: 2
  Segment part 48. ROOT.
           ENTRY                   ADDRESS         REF BY
           =====                   =======         ======
           cfghdr26l               00018FD4 
    -------------------------------------------------------------------------
CONFIG_C
  Relative segment, address: CODE_AREA 00019000 - 00019003 (0x4 bytes), align: 2
  Segment part 49. ROOT.
           ENTRY                   ADDRESS         REF BY
           =====                   =======         ======
           use_trans               00019000        init_paths (main)
    -------------------------------------------------------------------------
CONFIG_C
  Relative segment, address: CODE_AREA 00019004 - 00019043 (0x40 bytes), align: 2
  Segment part 50. ROOT.
           ENTRY                   ADDRESS         REF BY
           =====                   =======         ======
           cfgcbox26l              00019004 
    -------------------------------------------------------------------------
CONFIG_C
  Relative segment, address: CODE_AREA 00019044 - 0001906F (0x2c bytes), align: 2
  Segment part 51. ROOT.
           ENTRY                   ADDRESS         REF BY
           =====                   =======         ======
           cfghdr56                00019044 
    -------------------------------------------------------------------------
CONFIG_C
  Relative segment, address: CODE_AREA 00019070 - 00019073 (0x4 bytes), align: 2
  Segment part 52. ROOT.
           ENTRY                   ADDRESS         REF BY
           =====                   =======         ======
           ctasks                  00019070        OnRedraw (main)
                                                   Segment part 237 (main)
    -------------------------------------------------------------------------
CONFIG_C
  Relative segment, address: CODE_AREA 00019074 - 0001909F (0x2c bytes), align: 2
  Segment part 53. ROOT.
           ENTRY                   ADDRESS         REF BY
           =====                   =======         ======
           cfghdr56g               00019074 
    -------------------------------------------------------------------------
CONFIG_C
  Relative segment, address: CODE_AREA 000190A0 - 000190A3 (0x4 bytes), align: 2
  Segment part 54. ROOT.
           ENTRY                   ADDRESS         REF BY
           =====                   =======         ======
           ctasksi                 000190A0        OnRedraw (main)
    -------------------------------------------------------------------------
CONFIG_C
  Relative segment, address: CODE_AREA 000190A4 - 000190CF (0x2c bytes), align: 2
  Segment part 55. ROOT.
           ENTRY                   ADDRESS         REF BY
           =====                   =======         ======
           cfghdr57                000190A4 
    -------------------------------------------------------------------------
CONFIG_C
  Relative segment, address: CODE_AREA 000190D0 - 000190D3 (0x4 bytes), align: 2
  Segment part 56. ROOT.
           ENTRY                   ADDRESS         REF BY
           =====                   =======         ======
           cdaemons                000190D0        OnRedraw (main)
    -------------------------------------------------------------------------
CONFIG_C
  Relative segment, address: CODE_AREA 000190D4 - 000190FF (0x2c bytes), align: 2
  Segment part 57. ROOT.
           ENTRY                   ADDRESS         REF BY
           =====                   =======         ======
           cfghdr58                000190D4 
    -------------------------------------------------------------------------
CONFIG_C
  Relative segment, address: CODE_AREA 00019100 - 00019103 (0x4 bytes), align: 2
  Segment part 58. ROOT.
           ENTRY                   ADDRESS         REF BY
           =====                   =======         ======
           cinfo                   00019100        OnRedraw (main)
                                                   Segment part 272 (main)
                                                   Segment part 290 (main)
    -------------------------------------------------------------------------
CONFIG_C
  Relative segment, address: CODE_AREA 00019104 - 0001912F (0x2c bytes), align: 2
  Segment part 59. ROOT.
           ENTRY                   ADDRESS         REF BY
           =====                   =======         ======
           cfghdr58q               00019104 
    -------------------------------------------------------------------------
CONFIG_C
  Relative segment, address: CODE_AREA 00019130 - 00019133 (0x4 bytes), align: 2
  Segment part 60. ROOT.
           ENTRY                   ADDRESS         REF BY
           =====                   =======         ======
           Side1                   00019130        DrawSideProgresbar (main)
    -------------------------------------------------------------------------
CONFIG_C
  Relative segment, address: CODE_AREA 00019134 - 0001915F (0x2c bytes), align: 2
  Segment part 61. ROOT.
           ENTRY                   ADDRESS         REF BY
           =====                   =======         ======
           cfghdr58w               00019134 
    -------------------------------------------------------------------------
CONFIG_C
  Relative segment, address: CODE_AREA 00019160 - 00019163 (0x4 bytes), align: 2
  Segment part 62. ROOT.
           ENTRY                   ADDRESS         REF BY
           =====                   =======         ======
           Side2                   00019160        DrawSideProgresbar (main)
    -------------------------------------------------------------------------
CONFIG_C
  Relative segment, address: CODE_AREA 00019164 - 0001918F (0x2c bytes), align: 2
  Segment part 63. ROOT.
           ENTRY                   ADDRESS         REF BY
           =====                   =======         ======
           cfghdr58e               00019164 
    -------------------------------------------------------------------------
CONFIG_C
  Relative segment, address: CODE_AREA 00019190 - 00019193 (0x4 bytes), align: 2
  Segment part 64. ROOT.
           ENTRY                   ADDRESS         REF BY
           =====                   =======         ======
           rebc                    00019190        DrawProgress (main)
    -------------------------------------------------------------------------
CONFIG_C
  Relative segment, address: CODE_AREA 00019194 - 000191BF (0x2c bytes), align: 2
  Segment part 65. ROOT.
           ENTRY                   ADDRESS         REF BY
           =====                   =======         ======
           cfghdrw1                00019194 
    -------------------------------------------------------------------------
CONFIG_C
  Relative segment, address: CODE_AREA 000191C0 - 000191EB (0x2c bytes), align: 2
  Segment part 66. ROOT.
           ENTRY                   ADDRESS         REF BY
           =====                   =======         ======
           cfghdrwz                000191C0 
    -------------------------------------------------------------------------
CONFIG_C
  Relative segment, address: CODE_AREA 000191EC - 00019217 (0x2c bytes), align: 2
  Segment part 67. ROOT.
           ENTRY                   ADDRESS         REF BY
           =====                   =======         ======
           cfghdr59                000191EC 
    -------------------------------------------------------------------------
CONFIG_C
  Relative segment, address: CODE_AREA 00019218 - 0001921B (0x4 bytes), align: 2
  Segment part 68. ROOT.
           ENTRY                   ADDRESS         REF BY
           =====                   =======         ======
           IDLETASKS               00019218        MyIDLECSM_onMessage (main)
    -------------------------------------------------------------------------
CONFIG_C
  Relative segment, address: CODE_AREA 0001921C - 0001925B (0x40 bytes), align: 2
  Segment part 69. ROOT.
           ENTRY                   ADDRESS         REF BY
           =====                   =======         ======
           cfgcbox8a               0001921C 
    -------------------------------------------------------------------------
CONFIG_C
  Relative segment, address: CODE_AREA 0001925C - 00019287 (0x2c bytes), align: 2
  Segment part 70. ROOT.
           ENTRY                   ADDRESS         REF BY
           =====                   =======         ======
           cfghdr3q1               0001925C 
    -------------------------------------------------------------------------
CONFIG_C
  Relative segment, address: CODE_AREA 00019288 - 0001928B (0x4 bytes), align: 2
  Segment part 71. ROOT.
           ENTRY                   ADDRESS         REF BY
           =====                   =======         ======
           horizontality           00019288        SearchIcon (main)
    -------------------------------------------------------------------------
CONFIG_C
  Relative segment, address: CODE_AREA 0001928C - 000192CB (0x40 bytes), align: 2
  Segment part 72. ROOT.
           ENTRY                   ADDRESS         REF BY
           =====                   =======         ======
           cfgcbox3q1              0001928C 
    -------------------------------------------------------------------------
CONFIG_C
  Relative segment, address: CODE_AREA 000192CC - 000192F7 (0x2c bytes), align: 2
  Segment part 73. ROOT.
           ENTRY                   ADDRESS         REF BY
           =====                   =======         ======
           cfghdr60                000192CC 
    -------------------------------------------------------------------------
CONFIG_C
  Relative segment, address: CODE_AREA 000192F8 - 000192FB (0x4 bytes), align: 2
  Segment part 74. ROOT.
           ENTRY                   ADDRESS         REF BY
           =====                   =======         ======
           IDLET_X                 000192F8        DrawMainTasks (main)
    -------------------------------------------------------------------------
CONFIG_C
  Relative segment, address: CODE_AREA 000192FC - 000192FF (0x4 bytes), align: 2
  Segment part 75. ROOT.
           ENTRY                   ADDRESS         REF BY
           =====                   =======         ======
           IDLET_Y                 000192FC        DrawMainTasks (main)
    -------------------------------------------------------------------------
CONFIG_C
  Relative segment, address: CODE_AREA 00019300 - 0001932B (0x2c bytes), align: 2
  Segment part 76. ROOT.
           ENTRY                   ADDRESS         REF BY
           =====                   =======         ======
           cfghdrw1x               00019300 
    -------------------------------------------------------------------------
CSTACK
  Segment part 1. NOT NEEDED.

    *************************************************************************

  FILE NAME : C:\arm\n_xtask_final(all platforms)\Release_ELKA\Obj\func.r79
  PROGRAM MODULE, NAME : func

  SEGMENTS IN THE MODULE
  ======================
ELFBEGIN
  Relative segment, address: CODE_AREA 00000000, align: 0
  Segment part 0. ROOT.
           ENTRY                   ADDRESS         REF BY
           =====                   =======         ======
           ELF_BEGIN               00000000        Segment part 359 (main)
    -------------------------------------------------------------------------
CODE
  Relative segment, address: CODE_AREA 0000019C - 000001A3 (0x8 bytes), align: 2
  Segment part 1. ROOT.
           ENTRY                   ADDRESS         REF BY
           =====                   =======         ======
           kill_data               0000019C        ElfKiller (main)
                                                   gui_methods (main)
           seqkill                 000001A0        MyIDLECSM_onClose (main)

    *************************************************************************

  FILE NAME : C:\arm\n_xtask_final(all platforms)\Release_ELKA\Obj\gui.r79
  PROGRAM MODULE, NAME : gui

  SEGMENTS IN THE MODULE
  ======================
DATA_Z
  Relative segment, address: CODE_AREA 000067BC - 000067BF (0x4 bytes), align: 2
  Segment part 13.            Intra module refs:   Segment part 33
           ENTRY                   ADDRESS         REF BY
           =====                   =======         ======
           nltop                   000067BC        OnRedraw (main)
                                                   Segment part 267 (main)
                                                   Segment part 346 (main)
    -------------------------------------------------------------------------
DATA_Z
  Relative segment, address: CODE_AREA 000067C0 - 000067C3 (0x4 bytes), align: 2
  Segment part 14.            Intra module refs:   GetNumberOfDialogs
           ENTRY                   ADDRESS         REF BY
           =====                   =======         ======
           number_reald            000067C0 
    -------------------------------------------------------------------------
DATA_Z
  Relative segment, address: CODE_AREA 000067C4 - 000067C7 (0x4 bytes), align: 2
  Segment part 15.            Intra module refs:   GetNumberOfDialogs
           ENTRY                   ADDRESS         REF BY
           =====                   =======         ======
           number_nsd              000067C4 
    -------------------------------------------------------------------------
DATA_C
  Relative segment, address: CODE_AREA 0000619C - 000061A3 (0x8 bytes), align: 2
  Segment part 2.             Intra module refs:   find_name
    -------------------------------------------------------------------------
DATA_C
  Relative segment, address: CODE_AREA 000061A4 - 000061B3 (0x10 bytes), align: 2
  Segment part 3.             Intra module refs:   find_name
    -------------------------------------------------------------------------
DATA_C
  Relative segment, address: CODE_AREA 000061B4 - 000061BF (0xc bytes), align: 2
  Segment part 4.             Intra module refs:   GetNumberOfDialogs
    -------------------------------------------------------------------------
DATA_C
  Relative segment, address: CODE_AREA 000061C0 - 000061C7 (0x8 bytes), align: 2
  Segment part 5.             Intra module refs:   GetNumberOfDialogs
    -------------------------------------------------------------------------
DATA_C
  Relative segment, address: CODE_AREA 000061C8 - 000061CF (0x8 bytes), align: 2
  Segment part 6.             Intra module refs:   GetNumberOfDialogs
    -------------------------------------------------------------------------
DATA_C
  Relative segment, address: CODE_AREA 000061D0 - 000061DB (0xc bytes), align: 2
  Segment part 7.             Intra module refs:   GetNumberOfDialogs
    -------------------------------------------------------------------------
DATA_C
  Relative segment, address: CODE_AREA 000061DC - 000061E7 (0xc bytes), align: 2
  Segment part 8.             Intra module refs:   GetNumberOfDialogs
    -------------------------------------------------------------------------
DATA_C
  Relative segment, address: CODE_AREA 000061E8 - 000061FB (0x14 bytes), align: 2
  Segment part 9.             Intra module refs:   GetNumberOfDialogs
    -------------------------------------------------------------------------
DATA_C
  Relative segment, address: CODE_AREA 000061FC - 00006213 (0x18 bytes), align: 2
  Segment part 10.            Intra module refs:   GetNumberOfDialogs
    -------------------------------------------------------------------------
DATA_C
  Relative segment, address: CODE_AREA 00006214 - 0000621B (0x8 bytes), align: 2
  Segment part 11.            Intra module refs:   GetNumberOfDialogs
    -------------------------------------------------------------------------
DATA_C
  Relative segment, address: CODE_AREA 0000621C - 00006223 (0x8 bytes), align: 2
  Segment part 12.            Intra module refs:   GetNumberOfDialogs
    -------------------------------------------------------------------------
DATA_C
  Relative segment, address: CODE_AREA 00006224 - 0000624B (0x28 bytes), align: 2
  Segment part 16.            Intra module refs:   GetNumberOfDialogs
           ENTRY                   ADDRESS         REF BY
           =====                   =======         ======
           maincsm                 00006224 
    -------------------------------------------------------------------------
DATA_Z
  Segment part 17. NOT NEEDED.
           ENTRY                   ADDRESS         REF BY
           =====                   =======         ======
           my_csm_id               
    -------------------------------------------------------------------------
CODE
  Segment part 21. NOT NEEDED.
    -------------------------------------------------------------------------
CODE
  Relative segment, address: CODE_AREA 000001A4 - 000001FB (0x58 bytes), align: 2
  Segment part 22.            Intra module refs:   GetNumberOfDialogs
           ENTRY                   ADDRESS         REF BY
           =====                   =======         ======
           strncmp_nocase          000001A4 
               stack 1 = 00000000 ( 00000004 )
    -------------------------------------------------------------------------
CODE
  Segment part 23. NOT NEEDED.
    -------------------------------------------------------------------------
DATA_Z
  Relative segment, address: CODE_AREA 000067C8 - 0000E7C7 (0x8000 bytes), align: 2
  Segment part 18.            Intra module refs:   find_name
           ENTRY                   ADDRESS         REF BY
           =====                   =======         ======
           csm_text                000067C8        DoSplices (main)
    -------------------------------------------------------------------------
DATA_C
  Relative segment, address: CODE_AREA 00006799 - 0000679B (0x3 bytes), align: 0
  Segment part 19.            Intra module refs:   GetNumberOfDialogs
           ENTRY                   ADDRESS         REF BY
           =====                   =======         ======
           percent_t               00006799 
    -------------------------------------------------------------------------
CODE
  Relative segment, address: CODE_AREA 000001FC - 0000024F (0x54 bytes), align: 2
  Segment part 24.            Intra module refs:   GetNumberOfDialogs
           ENTRY                   ADDRESS         REF BY
           =====                   =======         ======
           ClearNL                 000001FC        onClose (main)
               stack 1 = 00000000 ( 0000000C )
    -------------------------------------------------------------------------
CODE
  Segment part 25. NOT NEEDED.
    -------------------------------------------------------------------------
CODE
  Relative segment, address: CODE_AREA 00000250 - 0000029B (0x4c bytes), align: 2
  Segment part 26.            Intra module refs:   GetNumberOfDialogs
           ENTRY                   ADDRESS         REF BY
           =====                   =======         ======
           AddNL                   00000250 
               stack 1 = 00000000 ( 00000010 )
    -------------------------------------------------------------------------
CODE
  Segment part 27. NOT NEEDED.
    -------------------------------------------------------------------------
CODE
  Relative segment, address: CODE_AREA 0000029C - 000002FF (0x64 bytes), align: 2
  Segment part 28.            Intra module refs:   GetNumberOfDialogs
           ENTRY                   ADDRESS         REF BY
           =====                   =======         ======
           find_name               0000029C 
               stack 1 = 00000000 ( 00000034 )
    -------------------------------------------------------------------------
CODE
  Segment part 29. NOT NEEDED.
    -------------------------------------------------------------------------
DATA_Z
  Relative segment, address: CODE_AREA 0000E7C8 - 0000E7EF (0x28 bytes), align: 2
  Segment part 20.            Intra module refs:   find_name
    -------------------------------------------------------------------------
CODE
  Relative segment, address: CODE_AREA 00000300 - 00000617 (0x318 bytes), align: 2
  Segment part 30.
           ENTRY                   ADDRESS         REF BY
           =====                   =======         ======
           GetNumberOfDialogs      00000300        DoClosery (main)
                                                   DrawMainTasks (main)
                                                   OnRedraw (main)
                                                   ShowMenu (main)
                                                   ShowNaticq (main)
                                                   SwitchNext (main)
                                                   task_list3 (main)
               stack 1 = 00000000 ( 00000068 )
    -------------------------------------------------------------------------
CODE
  Segment part 31. NOT NEEDED.
    -------------------------------------------------------------------------
CODE
  Segment part 32. NOT NEEDED.
           ENTRY                   ADDRESS         REF BY
           =====                   =======         ======
           get_nlitem              
               not allocated function
    -------------------------------------------------------------------------
CODE
  Relative segment, address: CODE_AREA 00000618 - 0000061B (0x4 bytes), align: 2
  Segment part 33.            Intra module refs:   AddNL
                                                   ClearNL
                                                   GetNumberOfDialogs
    -------------------------------------------------------------------------
CSTACK
  Segment part 1. NOT NEEDED.
    -------------------------------------------------------------------------
INITTAB
  Relative segment, address: CODE_AREA 000067B0 - 000067BB (0xc bytes), align: 2
  Segment part 34. ROOT.
           ENTRY                   ADDRESS         REF BY
           =====                   =======         ======
           ?init?tab?DATA_Z        000067B0 

    *************************************************************************

  FILE NAME : C:\arm\n_xtask_final(all platforms)\Release_ELKA\Obj\main.r79
  PROGRAM MODULE, NAME : main

  SEGMENTS IN THE MODULE
  ======================
DATA_Z
  Relative segment, address: CODE_AREA 0000E7F0 - 0000E7F3 (0x4 bytes), align: 2
  Segment part 51.            Intra module refs:   task_list3
           ENTRY                   ADDRESS         REF BY
           =====                   =======         ======
           a                       0000E7F0 
    -------------------------------------------------------------------------
DATA_Z
  Relative segment, address: CODE_AREA 0000E7F4 - 0000E7F7 (0x4 bytes), align: 2
  Segment part 52.            Intra module refs:   OnRedraw
                                                   Segment part 305
                                                   Segment part 368
           ENTRY                   ADDRESS         REF BY
           =====                   =======         ======
           book_show               0000E7F4 
    -------------------------------------------------------------------------
DATA_I
  Relative segment, address: DATA_AREA 00000004 - 00000007 (0x4 bytes), align: 2
  Segment part 53.            Intra module refs:   OnRedraw
                                                   Segment part 306
           ENTRY                   ADDRESS         REF BY
           =====                   =======         ======
           time_not                00000004 
    -------------------------------------------------------------------------
DATA_Z
  Relative segment, address: CODE_AREA 0000E7F8 - 0000E807 (0x10 bytes), align: 2
  Segment part 55.            Intra module refs:   Segment part 250
                                                   Segment part 308
                                                   Segment part 442
           ENTRY                   ADDRESS         REF BY
           =====                   =======         ======
           start_tmr               0000E7F8 
    -------------------------------------------------------------------------
DATA_Z
  Relative segment, address: CODE_AREA 0000E808 - 0000E80B (0x4 bytes), align: 2
  Segment part 56.            Intra module refs:   Segment part 336
           ENTRY                   ADDRESS         REF BY
           =====                   =======         ======
           lock_other              0000E808 
    -------------------------------------------------------------------------
DATA_Z
  Relative segment, address: CODE_AREA 0000E80C - 0000E80F (0x4 bytes), align: 2
  Segment part 57.            Intra module refs:   Segment part 190
                                                   Segment part 286
           ENTRY                   ADDRESS         REF BY
           =====                   =======         ======
           reboot1                 0000E80C 
    -------------------------------------------------------------------------
DATA_Z
  Relative segment, address: CODE_AREA 0000E810 - 0000E813 (0x4 bytes), align: 2
  Segment part 58.            Intra module refs:   Segment part 189
                                                   Segment part 285
           ENTRY                   ADDRESS         REF BY
           =====                   =======         ======
           shutdown1               0000E810 
    -------------------------------------------------------------------------
DATA_Z
  Relative segment, address: CODE_AREA 0000E814 - 0000E817 (0x4 bytes), align: 2
  Segment part 59.            Intra module refs:   OnRedraw
                                                   Segment part 191
                                                   Segment part 287
           ENTRY                   ADDRESS         REF BY
           =====                   =======         ======
           task_img                0000E814 
    -------------------------------------------------------------------------
DATA_Z
  Relative segment, address: CODE_AREA 0000E818 - 0000E81B (0x4 bytes), align: 2
  Segment part 60.            Intra module refs:   OnRedraw
                                                   Segment part 192
                                                   Segment part 288
           ENTRY                   ADDRESS         REF BY
           =====                   =======         ======
           ram_img                 0000E818 
    -------------------------------------------------------------------------
DATA_Z
  Relative segment, address: CODE_AREA 0000E81C - 0000E81F (0x4 bytes), align: 2
  Segment part 61.            Intra module refs:   OnRedraw
                                                   Segment part 193
                                                   Segment part 291
           ENTRY                   ADDRESS         REF BY
           =====                   =======         ======
           clock_img               0000E81C 
    -------------------------------------------------------------------------
DATA_Z
  Relative segment, address: CODE_AREA 0000E820 - 0000E823 (0x4 bytes), align: 2
  Segment part 62.            Intra module refs:   OnRedraw
                                                   Segment part 194
                                                   Segment part 289
           ENTRY                   ADDRESS         REF BY
           =====                   =======         ======
           batt_img                0000E820 
    -------------------------------------------------------------------------
DATA_Z
  Relative segment, address: CODE_AREA 0000E824 - 0000E827 (0x4 bytes), align: 2
  Segment part 63.            Intra module refs:   OnRedraw
                                                   Segment part 247
           ENTRY                   ADDRESS         REF BY
           =====                   =======         ======
           background_img          0000E824 
    -------------------------------------------------------------------------
DATA_Z
  Relative segment, address: CODE_AREA 0000E828 - 0000E82B (0x4 bytes), align: 2
  Segment part 64.            Intra module refs:   OnRedraw
                                                   Segment part 240
           ENTRY                   ADDRESS         REF BY
           =====                   =======         ======
           tasks_img               0000E828 
    -------------------------------------------------------------------------
DATA_Z
  Relative segment, address: CODE_AREA 0000E82C - 0000E82F (0x4 bytes), align: 2
  Segment part 65.            Intra module refs:   OnRedraw
                                                   Segment part 241
           ENTRY                   ADDRESS         REF BY
           =====                   =======         ======
           bookmarks_img           0000E82C 
    -------------------------------------------------------------------------
DATA_Z
  Relative segment, address: CODE_AREA 0000E830 - 0000E833 (0x4 bytes), align: 2
  Segment part 66.            Intra module refs:   OnRedraw
                                                   Segment part 248
           ENTRY                   ADDRESS         REF BY
           =====                   =======         ======
           cursor_img              0000E830 
    -------------------------------------------------------------------------
DATA_Z
  Relative segment, address: CODE_AREA 0000E834 - 0000E837 (0x4 bytes), align: 2
  Segment part 67.            Intra module refs:   OnRedraw
                                                   Segment part 195
           ENTRY                   ADDRESS         REF BY
           =====                   =======         ======
           selection_img           0000E834 
    -------------------------------------------------------------------------
DATA_Z
  Relative segment, address: CODE_AREA 0000E838 - 0000E8B7 (0x80 bytes), align: 2
  Segment part 68.            Intra module refs:   init_paths
           ENTRY                   ADDRESS         REF BY
           =====                   =======         ======
           soft_list_path          0000E838        preload_soft_list (reboot_loader)
    -------------------------------------------------------------------------
DATA_Z
  Relative segment, address: CODE_AREA 0000E8B8 - 0000E937 (0x80 bytes), align: 2
  Segment part 69.            Intra module refs:   Segment part 197
                                                   Segment part 371
           ENTRY                   ADDRESS         REF BY
           =====                   =======         ======
           bokmark_list_path       0000E8B8 
    -------------------------------------------------------------------------
DATA_Z
  Relative segment, address: CODE_AREA 0000E938 - 0000E9B7 (0x80 bytes), align: 2
  Segment part 70.            Intra module refs:   Segment part 196
                                                   Segment part 362
           ENTRY                   ADDRESS         REF BY
           =====                   =======         ======
           icon_list_path          0000E938 
    -------------------------------------------------------------------------
DATA_Z
  Relative segment, address: CODE_AREA 0000E9B8 - 0000EA37 (0x80 bytes), align: 2
  Segment part 71.            Intra module refs:   Segment part 259
           ENTRY                   ADDRESS         REF BY
           =====                   =======         ======
           icon_list_ms            0000E9B8 
    -------------------------------------------------------------------------
DATA_Z
  Relative segment, address: CODE_AREA 0000EA38 - 0000EAB7 (0x80 bytes), align: 2
  Segment part 72.            Intra module refs:   Segment part 260
           ENTRY                   ADDRESS         REF BY
           =====                   =======         ======
           icon_list_xtask         0000EA38 
    -------------------------------------------------------------------------
CODE
  Segment part 185. NOT NEEDED.
    -------------------------------------------------------------------------
CODE
  Relative segment, address: CODE_AREA 0000061C - 0000067F (0x64 bytes), align: 2
  Segment part 186.           Intra module refs:   OnRedraw
                                                   close
                                                   task_list3
           LOCAL                   ADDRESS         
           =====                   =======         
           DrwImage                0000061C 
               stack 1 = 00000000 ( 00000040 )
    -------------------------------------------------------------------------
CODE
  Segment part 187. NOT NEEDED.
    -------------------------------------------------------------------------
CODE
  Relative segment, address: CODE_AREA 00000680 - 000008D3 (0x254 bytes), align: 2
  Segment part 188.           Intra module refs:   DoSplices
                                                   MyIDLECSM_onMessage
           ENTRY                   ADDRESS         REF BY
           =====                   =======         ======
           init_paths              00000680 
               stack 1 = 00000000 ( 0000008C )
    -------------------------------------------------------------------------
CODE
  Relative segment, address: CODE_AREA 000008D4 - 000008D7 (0x4 bytes), align: 2
  Segment part 189.           Intra module refs:   init_paths
    -------------------------------------------------------------------------
CODE
  Relative segment, address: CODE_AREA 000008D8 - 000008DB (0x4 bytes), align: 2
  Segment part 190.           Intra module refs:   init_paths
    -------------------------------------------------------------------------
CODE
  Relative segment, address: CODE_AREA 000008DC - 000008DF (0x4 bytes), align: 2
  Segment part 191.           Intra module refs:   init_paths
    -------------------------------------------------------------------------
CODE
  Relative segment, address: CODE_AREA 000008E0 - 000008E3 (0x4 bytes), align: 2
  Segment part 192.           Intra module refs:   init_paths
    -------------------------------------------------------------------------
CODE
  Relative segment, address: CODE_AREA 000008E4 - 000008E7 (0x4 bytes), align: 2
  Segment part 193.           Intra module refs:   init_paths
    -------------------------------------------------------------------------
CODE
  Relative segment, address: CODE_AREA 000008E8 - 000008EB (0x4 bytes), align: 2
  Segment part 194.           Intra module refs:   init_paths
    -------------------------------------------------------------------------
CODE
  Relative segment, address: CODE_AREA 000008EC - 000008EF (0x4 bytes), align: 2
  Segment part 195.           Intra module refs:   init_paths
    -------------------------------------------------------------------------
CODE
  Relative segment, address: CODE_AREA 000008F0 - 000008F3 (0x4 bytes), align: 2
  Segment part 196.           Intra module refs:   init_paths
    -------------------------------------------------------------------------
CODE
  Relative segment, address: CODE_AREA 000008F4 - 000008F7 (0x4 bytes), align: 2
  Segment part 197.           Intra module refs:   init_paths
    -------------------------------------------------------------------------
CODE
  Segment part 198. NOT NEEDED.
    -------------------------------------------------------------------------
DATA_Z
  Relative segment, address: CODE_AREA 0000EAB8 - 0000EAD7 (0x20 bytes), align: 2
  Segment part 73.            Intra module refs:   OnRedraw
                                                   Segment part 374
           ENTRY                   ADDRESS         REF BY
           =====                   =======         ======
           BM1NAME                 0000EAB8 
    -------------------------------------------------------------------------
DATA_Z
  Relative segment, address: CODE_AREA 0000EAD8 - 0000EB57 (0x80 bytes), align: 2
  Segment part 74.            Intra module refs:   Segment part 200
                                                   Segment part 373
           ENTRY                   ADDRESS         REF BY
           =====                   =======         ======
           BM1FILE                 0000EAD8 
    -------------------------------------------------------------------------
DATA_Z
  Relative segment, address: CODE_AREA 0000EB58 - 0000EB77 (0x20 bytes), align: 2
  Segment part 75.            Intra module refs:   OnRedraw
                                                   Segment part 376
           ENTRY                   ADDRESS         REF BY
           =====                   =======         ======
           BM2NAME                 0000EB58 
    -------------------------------------------------------------------------
DATA_Z
  Relative segment, address: CODE_AREA 0000EB78 - 0000EBF7 (0x80 bytes), align: 2
  Segment part 76.            Intra module refs:   Segment part 201
                                                   Segment part 375
           ENTRY                   ADDRESS         REF BY
           =====                   =======         ======
           BM2FILE                 0000EB78 
    -------------------------------------------------------------------------
DATA_Z
  Relative segment, address: CODE_AREA 0000EBF8 - 0000EC17 (0x20 bytes), align: 2
  Segment part 77.            Intra module refs:   OnRedraw
                                                   Segment part 378
           ENTRY                   ADDRESS         REF BY
           =====                   =======         ======
           BM3NAME                 0000EBF8 
    -------------------------------------------------------------------------
DATA_Z
  Relative segment, address: CODE_AREA 0000EC18 - 0000EC97 (0x80 bytes), align: 2
  Segment part 78.            Intra module refs:   Segment part 202
                                                   Segment part 377
           ENTRY                   ADDRESS         REF BY
           =====                   =======         ======
           BM3FILE                 0000EC18 
    -------------------------------------------------------------------------
DATA_Z
  Relative segment, address: CODE_AREA 0000EC98 - 0000ECB7 (0x20 bytes), align: 2
  Segment part 79.            Intra module refs:   OnRedraw
                                                   Segment part 380
           ENTRY                   ADDRESS         REF BY
           =====                   =======         ======
           BM4NAME                 0000EC98 
    -------------------------------------------------------------------------
DATA_Z
  Relative segment, address: CODE_AREA 0000ECB8 - 0000ED37 (0x80 bytes), align: 2
  Segment part 80.            Intra module refs:   Segment part 203
                                                   Segment part 379
           ENTRY                   ADDRESS         REF BY
           =====                   =======         ======
           BM4FILE                 0000ECB8 
    -------------------------------------------------------------------------
DATA_Z
  Relative segment, address: CODE_AREA 0000ED38 - 0000ED57 (0x20 bytes), align: 2
  Segment part 81.            Intra module refs:   OnRedraw
                                                   Segment part 382
           ENTRY                   ADDRESS         REF BY
           =====                   =======         ======
           BM5NAME                 0000ED38 
    -------------------------------------------------------------------------
DATA_Z
  Relative segment, address: CODE_AREA 0000ED58 - 0000EDD7 (0x80 bytes), align: 2
  Segment part 82.            Intra module refs:   Segment part 204
                                                   Segment part 381
           ENTRY                   ADDRESS         REF BY
           =====                   =======         ======
           BM5FILE                 0000ED58 
    -------------------------------------------------------------------------
DATA_Z
  Relative segment, address: CODE_AREA 0000EDD8 - 0000EDF7 (0x20 bytes), align: 2
  Segment part 83.            Intra module refs:   OnRedraw
                                                   Segment part 384
           ENTRY                   ADDRESS         REF BY
           =====                   =======         ======
           BM6NAME                 0000EDD8 
    -------------------------------------------------------------------------
DATA_Z
  Relative segment, address: CODE_AREA 0000EDF8 - 0000EE77 (0x80 bytes), align: 2
  Segment part 84.            Intra module refs:   Segment part 205
                                                   Segment part 383
           ENTRY                   ADDRESS         REF BY
           =====                   =======         ======
           BM6FILE                 0000EDF8 
    -------------------------------------------------------------------------
DATA_Z
  Relative segment, address: CODE_AREA 0000EE78 - 0000EE97 (0x20 bytes), align: 2
  Segment part 85.            Intra module refs:   OnRedraw
                                                   Segment part 386
           ENTRY                   ADDRESS         REF BY
           =====                   =======         ======
           BM7NAME                 0000EE78 
    -------------------------------------------------------------------------
DATA_Z
  Relative segment, address: CODE_AREA 0000EE98 - 0000EF17 (0x80 bytes), align: 2
  Segment part 86.            Intra module refs:   Segment part 206
                                                   Segment part 385
           ENTRY                   ADDRESS         REF BY
           =====                   =======         ======
           BM7FILE                 0000EE98 
    -------------------------------------------------------------------------
DATA_Z
  Relative segment, address: CODE_AREA 0000EF18 - 0000EF37 (0x20 bytes), align: 2
  Segment part 87.            Intra module refs:   OnRedraw
                                                   Segment part 388
           ENTRY                   ADDRESS         REF BY
           =====                   =======         ======
           BM8NAME                 0000EF18 
    -------------------------------------------------------------------------
DATA_Z
  Relative segment, address: CODE_AREA 0000EF38 - 0000EFB7 (0x80 bytes), align: 2
  Segment part 88.            Intra module refs:   Segment part 207
                                                   Segment part 387
           ENTRY                   ADDRESS         REF BY
           =====                   =======         ======
           BM8FILE                 0000EF38 
    -------------------------------------------------------------------------
DATA_Z
  Relative segment, address: CODE_AREA 0000EFB8 - 0000EFD7 (0x20 bytes), align: 2
  Segment part 89.            Intra module refs:   OnRedraw
                                                   Segment part 390
           ENTRY                   ADDRESS         REF BY
           =====                   =======         ======
           BM9NAME                 0000EFB8 
    -------------------------------------------------------------------------
DATA_Z
  Relative segment, address: CODE_AREA 0000EFD8 - 0000F057 (0x80 bytes), align: 2
  Segment part 90.            Intra module refs:   Segment part 208
                                                   Segment part 389
           ENTRY                   ADDRESS         REF BY
           =====                   =======         ======
           BM9FILE                 0000EFD8 
    -------------------------------------------------------------------------
DATA_Z
  Relative segment, address: CODE_AREA 0000F058 - 0000F077 (0x20 bytes), align: 2
  Segment part 91.            Intra module refs:   OnRedraw
                                                   Segment part 392
           ENTRY                   ADDRESS         REF BY
           =====                   =======         ======
           BM0NAME                 0000F058 
    -------------------------------------------------------------------------
DATA_Z
  Relative segment, address: CODE_AREA 0000F078 - 0000F0F7 (0x80 bytes), align: 2
  Segment part 92.            Intra module refs:   Segment part 209
                                                   Segment part 391
           ENTRY                   ADDRESS         REF BY
           =====                   =======         ======
           BM0FILE                 0000F078 
    -------------------------------------------------------------------------
DATA_Z
  Relative segment, address: CODE_AREA 0000F0F8 - 0000F117 (0x20 bytes), align: 2
  Segment part 93.            Intra module refs:   OnRedraw
                                                   Segment part 394
           ENTRY                   ADDRESS         REF BY
           =====                   =======         ======
           BM11NAME                0000F0F8 
    -------------------------------------------------------------------------
DATA_Z
  Relative segment, address: CODE_AREA 0000F118 - 0000F197 (0x80 bytes), align: 2
  Segment part 94.            Intra module refs:   Segment part 210
                                                   Segment part 393
           ENTRY                   ADDRESS         REF BY
           =====                   =======         ======
           BM11FILE                0000F118 
    -------------------------------------------------------------------------
DATA_Z
  Relative segment, address: CODE_AREA 0000F198 - 0000F1B7 (0x20 bytes), align: 2
  Segment part 95.            Intra module refs:   OnRedraw
                                                   Segment part 396
           ENTRY                   ADDRESS         REF BY
           =====                   =======         ======
           BM12NAME                0000F198 
    -------------------------------------------------------------------------
DATA_Z
  Relative segment, address: CODE_AREA 0000F1B8 - 0000F237 (0x80 bytes), align: 2
  Segment part 96.            Intra module refs:   Segment part 211
                                                   Segment part 395
           ENTRY                   ADDRESS         REF BY
           =====                   =======         ======
           BM12FILE                0000F1B8 
    -------------------------------------------------------------------------
DATA_Z
  Relative segment, address: CODE_AREA 0000F238 - 0000F257 (0x20 bytes), align: 2
  Segment part 97.            Intra module refs:   OnRedraw
                                                   Segment part 398
           ENTRY                   ADDRESS         REF BY
           =====                   =======         ======
           BM13NAME                0000F238 
    -------------------------------------------------------------------------
DATA_Z
  Relative segment, address: CODE_AREA 0000F258 - 0000F2D7 (0x80 bytes), align: 2
  Segment part 98.            Intra module refs:   Segment part 212
                                                   Segment part 397
           ENTRY                   ADDRESS         REF BY
           =====                   =======         ======
           BM13FILE                0000F258 
    -------------------------------------------------------------------------
DATA_Z
  Relative segment, address: CODE_AREA 0000F2D8 - 0000F2F7 (0x20 bytes), align: 2
  Segment part 99.            Intra module refs:   OnRedraw
                                                   Segment part 400
           ENTRY                   ADDRESS         REF BY
           =====                   =======         ======
           BM14NAME                0000F2D8 
    -------------------------------------------------------------------------
DATA_Z
  Relative segment, address: CODE_AREA 0000F2F8 - 0000F377 (0x80 bytes), align: 2
  Segment part 100.           Intra module refs:   Segment part 213
                                                   Segment part 399
           ENTRY                   ADDRESS         REF BY
           =====                   =======         ======
           BM14FILE                0000F2F8 
    -------------------------------------------------------------------------
DATA_Z
  Relative segment, address: CODE_AREA 0000F378 - 0000F397 (0x20 bytes), align: 2
  Segment part 101.           Intra module refs:   OnRedraw
                                                   Segment part 402
           ENTRY                   ADDRESS         REF BY
           =====                   =======         ======
           BM15NAME                0000F378 
    -------------------------------------------------------------------------
DATA_Z
  Relative segment, address: CODE_AREA 0000F398 - 0000F417 (0x80 bytes), align: 2
  Segment part 102.           Intra module refs:   Segment part 214
                                                   Segment part 401
           ENTRY                   ADDRESS         REF BY
           =====                   =======         ======
           BM15FILE                0000F398 
    -------------------------------------------------------------------------
DATA_Z
  Relative segment, address: CODE_AREA 0000F418 - 0000F437 (0x20 bytes), align: 2
  Segment part 103.           Intra module refs:   OnRedraw
                                                   Segment part 404
           ENTRY                   ADDRESS         REF BY
           =====                   =======         ======
           BM16NAME                0000F418 
    -------------------------------------------------------------------------
DATA_Z
  Relative segment, address: CODE_AREA 0000F438 - 0000F4B7 (0x80 bytes), align: 2
  Segment part 104.           Intra module refs:   Segment part 215
                                                   Segment part 403
           ENTRY                   ADDRESS         REF BY
           =====                   =======         ======
           BM16FILE                0000F438 
    -------------------------------------------------------------------------
DATA_Z
  Relative segment, address: CODE_AREA 0000F4B8 - 0000F4D7 (0x20 bytes), align: 2
  Segment part 105.           Intra module refs:   OnRedraw
                                                   Segment part 406
           ENTRY                   ADDRESS         REF BY
           =====                   =======         ======
           BM17NAME                0000F4B8 
    -------------------------------------------------------------------------
DATA_Z
  Relative segment, address: CODE_AREA 0000F4D8 - 0000F557 (0x80 bytes), align: 2
  Segment part 106.           Intra module refs:   Segment part 216
                                                   Segment part 405
           ENTRY                   ADDRESS         REF BY
           =====                   =======         ======
           BM17FILE                0000F4D8 
    -------------------------------------------------------------------------
DATA_Z
  Relative segment, address: CODE_AREA 0000F558 - 0000F577 (0x20 bytes), align: 2
  Segment part 107.           Intra module refs:   OnRedraw
                                                   Segment part 408
           ENTRY                   ADDRESS         REF BY
           =====                   =======         ======
           BM18NAME                0000F558 
    -------------------------------------------------------------------------
DATA_Z
  Relative segment, address: CODE_AREA 0000F578 - 0000F5F7 (0x80 bytes), align: 2
  Segment part 108.           Intra module refs:   Segment part 217
                                                   Segment part 407
[...]
                    : as not overlayable)
                             CSTACK
    | Stack used (prev) :  00000000
  01  method8
      | Stack used (prev) :  00000000
      | + function block  :  00000000
  <-Sub-tree of type: Indirectly called function tree that does not make
                    : indirect calls (Is not an interrupt and is not flagged
                    : as not overlayable)
    | Stack used          :  00000000


  ->Sub-tree of type: Indirectly called function tree that does not make
                    : indirect calls (Is not an interrupt and is not flagged
                    : as not overlayable)
                             CSTACK
    | Stack used (prev) :  00000000
  01  method9
      | Stack used (prev) :  00000000
      | + function block  :  00000000
  <-Sub-tree of type: Indirectly called function tree that does not make
                    : indirect calls (Is not an interrupt and is not flagged
                    : as not overlayable)
    | Stack used          :  00000000


  ->Sub-tree of type: Indirectly called function tree that does not make
                    : indirect calls (Is not an interrupt and is not flagged
                    : as not overlayable)
                             CSTACK
    | Stack used (prev) :  00000000
  01  maincsm_oncreate
      | Stack used (prev) :  00000000
      | + function block  :  00000014
  <-Sub-tree of type: Indirectly called function tree that does not make
                    : indirect calls (Is not an interrupt and is not flagged
                    : as not overlayable)
    | Stack used          :  00000014


  ->Sub-tree of type: Indirectly called function tree that does not make
                    : indirect calls (Is not an interrupt and is not flagged
                    : as not overlayable)
                             CSTACK
    | Stack used (prev) :  00000000
  01  maincsm_onclose
      | Stack used (prev) :  00000000
      | + function block  :  00000000
  <-Sub-tree of type: Indirectly called function tree that does not make
                    : indirect calls (Is not an interrupt and is not flagged
                    : as not overlayable)
    | Stack used          :  00000000


  ->Sub-tree of type: Indirectly called function tree that does not make
                    : indirect calls (Is not an interrupt and is not flagged
                    : as not overlayable)
                             CSTACK
    | Stack used (prev) :  00000000
  01  maincsm_onmessage
      | Stack used (prev) :  00000000
      | + function block  :  00000000
  <-Sub-tree of type: Indirectly called function tree that does not make
                    : indirect calls (Is not an interrupt and is not flagged
                    : as not overlayable)
    | Stack used          :  00000000


  ->Sub-tree of type: Indirectly called function tree that does not make
                    : indirect calls (Is not an interrupt and is not flagged
                    : as not overlayable)
                             CSTACK
    | Stack used (prev) :  00000000
  01  my_keyhook
      | Stack used (prev) :  00000000
      | + function block  :  00000028
  <-Sub-tree of type: Indirectly called function tree that does not make
                    : indirect calls (Is not an interrupt and is not flagged
                    : as not overlayable)
    | Stack used          :  00000028


  ->Sub-tree of type: Indirectly called function tree that does not make
                    : indirect calls (Is not an interrupt and is not flagged
                    : as not overlayable)
                             CSTACK
    | Stack used (prev) :  00000000
  01  MyIDLECSM_onMessage
      | Stack used (prev) :  00000000
      | + function block  :  00000068
  <-Sub-tree of type: Indirectly called function tree that does not make
                    : indirect calls (Is not an interrupt and is not flagged
                    : as not overlayable)
    | Stack used          :  00000068


  ->Sub-tree of type: Indirectly called function tree that does not make
                    : indirect calls (Is not an interrupt and is not flagged
                    : as not overlayable)
                             CSTACK
    | Stack used (prev) :  00000000
  01  MyIDLECSM_onClose
      | Stack used (prev) :  00000000
      | + function block  :  00000008
  <-Sub-tree of type: Indirectly called function tree that does not make
                    : indirect calls (Is not an interrupt and is not flagged
                    : as not overlayable)
    | Stack used          :  00000008


  ->Sub-tree of type: Indirectly called function tree that does not make
                    : indirect calls (Is not an interrupt and is not flagged
                    : as not overlayable)
                             CSTACK
    | Stack used (prev) :  00000000
  01  DoSplices
      | Stack used (prev) :  00000000
      | + function block  :  00000014
  <-Sub-tree of type: Indirectly called function tree that does not make
                    : indirect calls (Is not an interrupt and is not flagged
                    : as not overlayable)
    | Stack used          :  00000014


  ->Sub-tree of type: Indirectly called function tree that does not make
                    : indirect calls (Is not an interrupt and is not flagged
                    : as not overlayable)
                             CSTACK
    | Stack used (prev) :  00000000
  01  load_reboot_list
      | Stack used (prev) :  00000000
      | + function block  :  00000044
  <-Sub-tree of type: Indirectly called function tree that does not make
                    : indirect calls (Is not an interrupt and is not flagged
                    : as not overlayable)
    | Stack used          :  00000044


  ->Sub-tree of type: Indirectly called function tree that does not make
                    : indirect calls (Is not an interrupt and is not flagged
                    : as not overlayable)
                             CSTACK
    | Stack used (prev) :  00000000
  01  do_CSMtoTop
      | Stack used (prev) :  00000000
      | + function block  :  00000018
  <-Sub-tree of type: Indirectly called function tree that does not make
                    : indirect calls (Is not an interrupt and is not flagged
                    : as not overlayable)
    | Stack used          :  00000018


  ->Sub-tree of type: Indirectly called function tree that does not make
                    : indirect calls (Is not an interrupt and is not flagged
                    : as not overlayable)
                             CSTACK
    | Stack used (prev) :  00000000
  01  strtoul
      | Stack used (prev) :  00000000
      | + function block  :  00000008
  <-Sub-tree of type: Indirectly called function tree that does not make
                    : indirect calls (Is not an interrupt and is not flagged
                    : as not overlayable)
    | Stack used          :  00000008


  ->Sub-tree of type: Function tree
                             CSTACK
    | Stack used (prev) :  0000006C
  01  SaveConfigData
      | Stack used (prev) :  0000006C
      | + function block  :  00000018
  <-Sub-tree of type: Function tree
    | Stack used          :  00000084


  ->Sub-tree of type: Function tree
                             CSTACK
    | Stack used (prev) :  00000084
  01  LoadConfigData
      | Stack used (prev) :  00000084
      | + function block  :  00000028
  <-Sub-tree of type: Function tree
    | Stack used          :  000000AC


  ->Sub-tree of type: Function tree
                             CSTACK
    | Stack used (prev) :  000000AC
  01  InitConfig
      | Stack used (prev) :  000000AC
      | + function block  :  00000004
  <-Sub-tree of type: Function tree
    | Stack used          :  000000B0


  ->Sub-tree of type: Function tree
                             CSTACK
    | Stack used (prev) :  000000B0
  01  strncmp_nocase
      | Stack used (prev) :  000000B0
      | + function block  :  00000004
  <-Sub-tree of type: Function tree
    | Stack used          :  000000B4


  ->Sub-tree of type: Function tree
                             CSTACK
    | Stack used (prev) :  000000B4
  01  ClearNL
      | Stack used (prev) :  000000B4
      | + function block  :  0000000C
  <-Sub-tree of type: Function tree
    | Stack used          :  000000C0


  ->Sub-tree of type: Function tree
                             CSTACK
    | Stack used (prev) :  000000C0
  01  AddNL
      | Stack used (prev) :  000000C0
      | + function block  :  00000010
  <-Sub-tree of type: Function tree
    | Stack used          :  000000D0


  ->Sub-tree of type: Function tree
                             CSTACK
    | Stack used (prev) :  000000D0
  01  find_name
      | Stack used (prev) :  000000D0
      | + function block  :  00000034
  <-Sub-tree of type: Function tree
    | Stack used          :  00000104


  ->Sub-tree of type: Function tree
                             CSTACK
    | Stack used (prev) :  00000104
  01  GetNumberOfDialogs
      | Stack used (prev) :  00000104
      | + function block  :  00000068
  <-Sub-tree of type: Function tree
    | Stack used          :  0000016C


  ->Sub-tree of type: Function tree
                             CSTACK
    | Stack used (prev) :  0000016C
  01  DrwImage
      | Stack used (prev) :  0000016C
      | + function block  :  00000040
  <-Sub-tree of type: Function tree
    | Stack used          :  000001AC


  ->Sub-tree of type: Function tree
                             CSTACK
    | Stack used (prev) :  000001AC
  01  init_paths
      | Stack used (prev) :  000001AC
      | + function block  :  0000008C
  <-Sub-tree of type: Function tree
    | Stack used          :  00000238


  ->Sub-tree of type: Function tree
                             CSTACK
    | Stack used (prev) :  00000238
  01  Start_bookmark
      | Stack used (prev) :  00000238
      | + function block  :  00000008
  <-Sub-tree of type: Function tree
    | Stack used          :  00000240


  ->Sub-tree of type: Function tree
                             CSTACK
    | Stack used (prev) :  00000240
  01  DoScreen2
      | Stack used (prev) :  00000240
      | + function block  :  00000014
  <-Sub-tree of type: Function tree
    | Stack used          :  00000254


  ->Sub-tree of type: Function tree
                             CSTACK
    | Stack used (prev) :  00000254
  01  SaveRebootList
      | Stack used (prev) :  00000254
      | + function block  :  0000008C
  <-Sub-tree of type: Function tree
    | Stack used          :  000002E0


  ->Sub-tree of type: Function tree
                             CSTACK
    | Stack used (prev) :  000002E0
  01  DrawProgress
      | Stack used (prev) :  000002E0
      | + function block  :  00000048
  <-Sub-tree of type: Function tree
    | Stack used          :  00000328


  ->Sub-tree of type: Function tree
                             CSTACK
    | Stack used (prev) :  00000328
  01  check_name
      | Stack used (prev) :  00000328
      | + function block  :  0000000C
  <-Sub-tree of type: Function tree
    | Stack used          :  00000334


  ->Sub-tree of type: Function tree
                             CSTACK
    | Stack used (prev) :  00000334
  01  SearchIcon
      | Stack used (prev) :  00000334
      | + function block  :  00000134
  <-Sub-tree of type: Function tree
    | Stack used          :  00000468


  ->Sub-tree of type: Function tree
                             CSTACK
    | Stack used (prev) :  00000468
  01  DrawMainTasks
      | Stack used (prev) :  00000468
      | + function block  :  00000018
  <-Sub-tree of type: Function tree
    | Stack used          :  00000480


  ->Sub-tree of type: Function tree
                             CSTACK
    | Stack used (prev) :  00000480
  01  DrawSideProgresbar
      | Stack used (prev) :  00000480
      | + function block  :  00000024
  <-Sub-tree of type: Function tree
    | Stack used          :  000004A4


  ->Sub-tree of type: Function tree
                             CSTACK
    | Stack used (prev) :  000004A4
  01  DrawCPU
      | Stack used (prev) :  000004A4
      | + function block  :  00000014
  <-Sub-tree of type: Function tree
    | Stack used          :  000004B8


  ->Sub-tree of type: Function tree
                             CSTACK
    | Stack used (prev) :  000004B8
  01  GetUnderIdleCSM
      | Stack used (prev) :  000004B8
      | + function block  :  0000000C
  <-Sub-tree of type: Function tree
    | Stack used          :  000004C4


  ->Sub-tree of type: Function tree
                             CSTACK
    | Stack used (prev) :  000004C4
  01  ShowMenu
      | Stack used (prev) :  000004C4
      | + function block  :  00000044
  <-Sub-tree of type: Function tree
    | Stack used          :  00000508


  ->Sub-tree of type: Function tree
                             CSTACK
    | Stack used (prev) :  00000508
  01  DoClosery
      | Stack used (prev) :  00000508
      | + function block  :  00000014
  <-Sub-tree of type: Function tree
    | Stack used          :  0000051C


  ->Sub-tree of type: Function tree
                             CSTACK
    | Stack used (prev) :  0000051C
  01  ShowNaticq
      | Stack used (prev) :  0000051C
      | + function block  :  0000000C
  <-Sub-tree of type: Function tree
    | Stack used          :  00000528


  ->Sub-tree of type: Function tree
                             CSTACK
    | Stack used (prev) :  00000528
  01  SwitchNext
      | Stack used (prev) :  00000528
      | + function block  :  0000000C
  <-Sub-tree of type: Function tree
    | Stack used          :  00000534


  ->Sub-tree of type: Function tree
                             CSTACK
    | Stack used (prev) :  00000534
  01  strcmp_nocase
      | Stack used (prev) :  00000534
      | + function block  :  00000000
  <-Sub-tree of type: Function tree
    | Stack used          :  00000534


  ->Sub-tree of type: Function tree
                             CSTACK
    | Stack used (prev) :  00000534
  01  load_icon_list
      | Stack used (prev) :  00000534
      | + function block  :  00000040
  <-Sub-tree of type: Function tree
    | Stack used          :  00000574


  ->Sub-tree of type: Function tree
                             CSTACK
    | Stack used (prev) :  00000574
  01  get_bookmark
      | Stack used (prev) :  00000574
      | + function block  :  00000004
  <-Sub-tree of type: Function tree
    | Stack used          :  00000578


  ->Sub-tree of type: Function tree
                             CSTACK
    | Stack used (prev) :  00000578
  01  load_bookmark_list
      | Stack used (prev) :  00000578
      | + function block  :  0000003C
  <-Sub-tree of type: Function tree
    | Stack used          :  000005B4


  ->Sub-tree of type: Function tree
                             CSTACK
    | Stack used (prev) :  000005B4
  01  main
      | Stack used (prev) :  000005B4
      | + function block  :  00000004
  <-Sub-tree of type: Function tree
    | Stack used          :  000005B8


  ->Sub-tree of type: Function tree
                             CSTACK
    | Stack used (prev) :  000005B8
  01  undo_file
      | Stack used (prev) :  000005B8
      | + function block  :  0000003C
  <-Sub-tree of type: Function tree
    | Stack used          :  000005F4


  ->Sub-tree of type: Function tree
                             CSTACK
    | Stack used (prev) :  000005F4
  01  preload_soft_list
      | Stack used (prev) :  000005F4
      | + function block  :  0000003C
  <-Sub-tree of type: Function tree
    | Stack used          :  00000630


  ->Sub-tree of type: Function tree
                             CSTACK
    | Stack used (prev) :  00000630
  01  Searchit
      | Stack used (prev) :  00000630
      | + function block  :  00000094
  <-Sub-tree of type: Function tree
    | Stack used          :  000006C4


  ->Sub-tree of type: Function tree
                             CSTACK
    | Stack used (prev) :  000006C4
  01  char16to8
      | Stack used (prev) :  000006C4
      | + function block  :  00000000
  <-Sub-tree of type: Function tree
    | Stack used          :  000006C4


  ->Sub-tree of type: Function tree
                             CSTACK
    | Stack used (prev) :  000006C4
  01  convWS_to_ANSI
      | Stack used (prev) :  000006C4
      | + function block  :  00000014
  <-Sub-tree of type: Function tree
    | Stack used          :  000006D8


  ->Sub-tree of type: Function tree
                             CSTACK
    | Stack used (prev) :  000006D8
  01  LLaddToEnd
      | Stack used (prev) :  000006D8
      | + function block  :  00000004
  <-Sub-tree of type: Function tree
    | Stack used          :  000006DC


  ->Sub-tree of type: Function tree
                             CSTACK
    | Stack used (prev) :  000006DC
  01  CSMtoTop
      | Stack used (prev) :  000006DC
      | + function block  :  00000010
  <-Sub-tree of type: Function tree
    | Stack used          :  000006EC


  ->Sub-tree of type: Function tree
                             CSTACK
    | Stack used (prev) :  000006EC
  01  _Geterrno
      | Stack used (prev) :  000006EC
      | + function block  :  00000008
  <-Sub-tree of type: Function tree
    | Stack used          :  000006F4


  ->Sub-tree of type: Function tree
                             CSTACK
    | Stack used (prev) :  000006F4
  01  _Memchr
      | Stack used (prev) :  000006F4
      | + function block  :  00000000
  <-Sub-tree of type: Function tree
    | Stack used          :  000006F4


  ->Sub-tree of type: Function tree
                             CSTACK
    | Stack used (prev) :  000006F4
  01  _Stoul
      | Stack used (prev) :  000006F4
      | + function block  :  00000030
  <-Sub-tree of type: Function tree
    | Stack used          :  00000724




                ****************************************
                *                                      *
                *      SEGMENTS IN ADDRESS ORDER       *
                *                                      *
                ****************************************


SEGMENT              SPACE    START ADDRESS   END ADDRESS     SIZE  TYPE  ALIGN
=======              =====    =============   ===========     ====  ====  =====
ELFBEGIN             CODE_AREA           00000000                     rel    0
DATA_ID              CODE_AREA      00000000 - 00000023          24   rel    2
START                CODE_AREA           00000024                     dse    0
CODE                 CODE_AREA      00000024 - 00006163        6140   rel    2
DATA_C               CODE_AREA      00006164 - 000067A2         63F   rel    2
INITTAB              CODE_AREA      000067A4 - 000067BB          18   rel    2
DATA_Z               CODE_AREA      000067BC - 00018713       11F58   rel    2
DATA_N               CODE_AREA           00018714                     dse    0
CONFIG_C             CODE_AREA      00018714 - 0001932B         C18   rel    2
DATA_I               DATA_AREA      00000000 - 00000023          24   rel    2

                ****************************************
                *                                      *
                *        END OF CROSS REFERENCE        *
                *                                      *
                ****************************************

 103 211 bytes of CODE memory
      36 bytes of DATA memory

Errors: none
Warnings: none

