################################################################################
#                                                                              #
#      IAR Universal Linker V4.60I/386                                         #
#                                                                              #
#           Link time     =  27/Dec/2010  18:21:21                             #
#           Target CPU    =  ARM                                               #
#           List file     =  C:\arm\BalletMini\Release_ELKA\List\BalletMini.ma #
#                            p                                                 #
#           Output file 1 =  C:\arm\BalletMini\Release_ELKA\Exe\BalletMini.elf #
#                            Format: elf, variant: -ynpra                      #
#           Command line  =  C:\arm\BalletMini\Release_ELKA\Obj\additems.r79   #
#                            C:\arm\BalletMini\Release_ELKA\Obj\conf_loader.r7 #
#                            9                                                 #
#                            C:\arm\BalletMini\Release_ELKA\Obj\config_data.r7 #
#                            9                                                 #
#                            C:\arm\BalletMini\Release_ELKA\Obj\destructors.r7 #
#                            9                                                 #
#                            C:\arm\BalletMini\Release_ELKA\Obj\display_utils. #
#                            r79                                               #
#                            C:\arm\BalletMini\Release_ELKA\Obj\file_works.r79 #
#                            C:\arm\BalletMini\Release_ELKA\Obj\fileman.r79    #
#                            C:\arm\BalletMini\Release_ELKA\Obj\func.r79       #
#                            C:\arm\BalletMini\Release_ELKA\Obj\history.r79    #
#                            C:\arm\BalletMini\Release_ELKA\Obj\inet.r79       #
#                            C:\arm\BalletMini\Release_ELKA\Obj\lang.r79       #
#                            C:\arm\BalletMini\Release_ELKA\Obj\main.r79       #
#                            C:\arm\BalletMini\Release_ELKA\Obj\mainmenu.r79   #
#                            C:\arm\BalletMini\Release_ELKA\Obj\parse_oms.r79  #
#                            C:\arm\BalletMini\Release_ELKA\Obj\rand.r79       #
#                            C:\arm\BalletMini\Release_ELKA\Obj\readimg.r79    #
#                            C:\arm\BalletMini\Release_ELKA\Obj\string_works.r #
#                            79                                                #
#                            C:\arm\BalletMini\Release_ELKA\Obj\upload.r79     #
#                            C:\arm\BalletMini\Release_ELKA\Obj\url_utils.r79  #
#                            C:\arm\BalletMini\Release_ELKA\Obj\urlstack.r79   #
#                            C:\arm\BalletMini\jpeglib\jpeglib.r79 -o          #
#                            C:\arm\BalletMini\Release_ELKA\Exe\BalletMini.elf #
#                            -Felf -l                                          #
#                            C:\arm\BalletMini\Release_ELKA\List\BalletMini.ma #
#                            p                                                 #
#                            -xmsnio -f C:\arm\BalletMini\test.xcl (-carm      #
#                            -V(CODE)CODE_AREA,12 -V(DATA)DATA_AREA,12         #
#                            -Z(CODE_AREA)ELFBEGIN,DATA_ID,START,CODE,DATA_C,I #
#                            NITTAB,DATA_Z,DATA_N,CONFIG_C=0-FFFFFFFF          #
#                            -Z(DATA_AREA)DATA_I=0-FFFFFFFF) -ynpra            #
#                            "C:\arm2\Embedded Workbench 4.0 Evaluation\ARM\LI #
#                            B\dl5tpainl8n.r79"                                #
#                            -s main                                           #
#                                                                              #
#                        Copyright 1987-2007 IAR Systems. All rights reserved. #
################################################################################





                ****************************************
                *                                      *
                *           CROSS REFERENCE            *
                *                                      *
                ****************************************

       Program entry at : CODE_AREA 00009184  Relocatable, from module : main




                ****************************************
                *                                      *
                *            RUNTIME MODEL             *
                *                                      *
                ****************************************

  StackAlign4  = USED
  __cpu_mode   = __pcs__interwork
  __data_model = absolute
  __endian     = little
  __rt_version = 6



                ****************************************
                *                                      *
                *              MODULE MAP              *
                *                                      *
                ****************************************


  DEFINED ABSOLUTE ENTRIES
    *************************************************************************

  DEFINED ABSOLUTE ENTRIES
    *************************************************************************

  FILE NAME : C:\arm\BalletMini\Release_ELKA\Obj\additems.r79
  PROGRAM MODULE, NAME : additems

  SEGMENTS IN THE MODULE
  ======================
CODE
  Segment part 8. NOT NEEDED.
    -------------------------------------------------------------------------
CODE
  Relative segment, address: CODE_AREA 00000984 - 000009D3 (0x50 bytes), align: 2
  Segment part 9.             Intra module refs:   AddBeginRef
                                                   AddBeginRefZ
                                                   AddButtonItem
                                                   AddCheckBoxItem
                                                   AddDropDownList
                                                   AddEndRef
                                                   AddInputItem
                                                   AddNewStyle
                                                   AddPictureItem
                                                   AddPictureItemFrame
                                                   AddPictureItemHr
                                                   AddPictureItemIndex
                                                   AddPictureItemRGBA
                                                   AddRadioButton
                                                   AddTextItem
           ENTRY                   ADDRESS         REF BY
           =====                   =======         ======
           RawInsertChar           00000984 
               stack 1 = 00000000 ( 0000000C )
    -------------------------------------------------------------------------
CODE
  Segment part 10. NOT NEEDED.
    -------------------------------------------------------------------------
CODE
  Relative segment, address: CODE_AREA 000009D4 - 00000B13 (0x140 bytes), align: 2
  Segment part 11.
           ENTRY                   ADDRESS         REF BY
           =====                   =======         ======
           AddNewStyle             000009D4        OMS_DataArrived (parse_oms)
               stack 1 = 00000000 ( 00000008 )
    -------------------------------------------------------------------------
CODE
  Segment part 12. NOT NEEDED.
    -------------------------------------------------------------------------
CODE
  Relative segment, address: CODE_AREA 00000B14 - 00000B27 (0x14 bytes), align: 2
  Segment part 13.
           ENTRY                   ADDRESS         REF BY
           =====                   =======         ======
           AddBeginRef             00000B14        OMS_DataArrived (parse_oms)
               stack 1 = 00000000 ( 00000004 )
    -------------------------------------------------------------------------
CODE
  Segment part 14. NOT NEEDED.
    -------------------------------------------------------------------------
CODE
  Relative segment, address: CODE_AREA 00000B28 - 00000B3B (0x14 bytes), align: 2
  Segment part 15.
           ENTRY                   ADDRESS         REF BY
           =====                   =======         ======
           AddBeginRefZ            00000B28        OMS_DataArrived (parse_oms)
               stack 1 = 00000000 ( 00000004 )
    -------------------------------------------------------------------------
CODE
  Segment part 16. NOT NEEDED.
    -------------------------------------------------------------------------
CODE
  Relative segment, address: CODE_AREA 00000B3C - 00000BAB (0x70 bytes), align: 2
  Segment part 17.            Intra module refs:   AddEndRef
           ENTRY                   ADDRESS         REF BY
           =====                   =======         ======
           AddToRefCache           00000B3C        OMS_DataArrived (parse_oms)
               stack 1 = 00000000 ( 00000008 )
    -------------------------------------------------------------------------
CODE
  Segment part 18. NOT NEEDED.
    -------------------------------------------------------------------------
CODE
  Relative segment, address: CODE_AREA 00000BAC - 00000BE3 (0x38 bytes), align: 2
  Segment part 19.
           ENTRY                   ADDRESS         REF BY
           =====                   =======         ======
           AddEndRef               00000BAC        OMS_DataArrived (parse_oms)
               stack 1 = 00000000 ( 00000008 )
    -------------------------------------------------------------------------
CODE
  Segment part 20. NOT NEEDED.
    -------------------------------------------------------------------------
CODE
  Relative segment, address: CODE_AREA 00000BE4 - 00000C77 (0x94 bytes), align: 2
  Segment part 21.            Intra module refs:   AddBrItem
                                                   AddPItem
           ENTRY                   ADDRESS         REF BY
           =====                   =======         ======
           AddTextItem             00000BE4        OMS_DataArrived (parse_oms)
               stack 1 = 00000000 ( 00000010 )
    -------------------------------------------------------------------------
CODE
  Segment part 22. NOT NEEDED.
    -------------------------------------------------------------------------
CODE
  Relative segment, address: CODE_AREA 00000C78 - 00000C87 (0x10 bytes), align: 2
  Segment part 23.
           ENTRY                   ADDRESS         REF BY
           =====                   =======         ======
           AddBrItem               00000C78        OMS_DataArrived (parse_oms)
               stack 1 = 00000000 ( 00000004 )
    -------------------------------------------------------------------------
CODE
  Segment part 24. NOT NEEDED.
    -------------------------------------------------------------------------
CODE
  Relative segment, address: CODE_AREA 00000C88 - 00000C97 (0x10 bytes), align: 2
  Segment part 25.
           ENTRY                   ADDRESS         REF BY
           =====                   =======         ======
           AddPItem                00000C88        OMS_DataArrived (parse_oms)
               stack 1 = 00000000 ( 00000004 )
    -------------------------------------------------------------------------
CODE
  Segment part 26. NOT NEEDED.
    -------------------------------------------------------------------------
CODE
  Relative segment, address: CODE_AREA 00000C98 - 00000CC7 (0x30 bytes), align: 2
  Segment part 27.
           ENTRY                   ADDRESS         REF BY
           =====                   =======         ======
           AddPictureItemIndex     00000C98        OMS_DataArrived (parse_oms)
               stack 1 = 00000000 ( 00000004 )
    -------------------------------------------------------------------------
CODE
  Segment part 28. NOT NEEDED.
    -------------------------------------------------------------------------
CODE
  Relative segment, address: CODE_AREA 00000CC8 - 00000E27 (0x160 bytes), align: 2
  Segment part 29.            Intra module refs:   AddButtonItem
                                                   AddPictureItem
                                                   AddPictureItemFile
                                                   AddPictureItemFrame
                                                   AddPictureItemHr
                                                   AddPictureItemRGBA
           ENTRY                   ADDRESS         REF BY
           =====                   =======         ======
           AddToDPngQueue          00000CC8 
               stack 1 = 00000000 ( 0000001C )
    -------------------------------------------------------------------------
CODE
  Segment part 30. NOT NEEDED.
    -------------------------------------------------------------------------
CODE
  Relative segment, address: CODE_AREA 00000E28 - 00000E83 (0x5c bytes), align: 2
  Segment part 31.
           ENTRY                   ADDRESS         REF BY
           =====                   =======         ======
           AddPictureItem          00000E28        OMS_DataArrived (parse_oms)
               stack 1 = 00000000 ( 00000010 )
    -------------------------------------------------------------------------
CODE
  Segment part 32. NOT NEEDED.
    -------------------------------------------------------------------------
CODE
  Relative segment, address: CODE_AREA 00000E84 - 00000ED7 (0x54 bytes), align: 2
  Segment part 33.
           ENTRY                   ADDRESS         REF BY
           =====                   =======         ======
           AddPictureItemRGBA      00000E84        OMS_DataArrived (parse_oms)
               stack 1 = 00000000 ( 0000000C )
    -------------------------------------------------------------------------
CODE
  Segment part 34. NOT NEEDED.
    -------------------------------------------------------------------------
CODE
  Relative segment, address: CODE_AREA 00000ED8 - 00000F1B (0x44 bytes), align: 2
  Segment part 35.            Intra module refs:   AddPictureItemFrame
           ENTRY                   ADDRESS         REF BY
           =====                   =======         ======
           FindOmsFrameBySize      00000ED8 
    -------------------------------------------------------------------------
CODE
  Segment part 36. NOT NEEDED.
    -------------------------------------------------------------------------
CODE
  Relative segment, address: CODE_AREA 00000F1C - 00000F83 (0x68 bytes), align: 2
  Segment part 37.
           ENTRY                   ADDRESS         REF BY
           =====                   =======         ======
           AddPictureItemFrame     00000F1C        OMS_DataArrived (parse_oms)
               stack 1 = 00000000 ( 00000014 )
    -------------------------------------------------------------------------
CODE
  Segment part 38. NOT NEEDED.
    -------------------------------------------------------------------------
CODE
  Relative segment, address: CODE_AREA 00000F84 - 00000FF7 (0x74 bytes), align: 2
  Segment part 39.
           ENTRY                   ADDRESS         REF BY
           =====                   =======         ======
           AddPictureItemHr        00000F84        OMS_DataArrived (parse_oms)
               stack 1 = 00000000 ( 00000010 )
    -------------------------------------------------------------------------
CODE
  Segment part 40. NOT NEEDED.
    -------------------------------------------------------------------------
CODE
  Relative segment, address: CODE_AREA 00000FF8 - 0000105B (0x64 bytes), align: 2
  Segment part 41.            Intra module refs:   AddCheckBoxItem
                                                   AddDropDownList
                                                   AddInputItem
                                                   AddRadioButton
           ENTRY                   ADDRESS         REF BY
           =====                   =======         ======
           AddPictureItemFile      00000FF8 
               stack 1 = 00000000 ( 0000003C )
    -------------------------------------------------------------------------
CODE
  Segment part 42. NOT NEEDED.
    -------------------------------------------------------------------------
CODE
  Relative segment, address: CODE_AREA 0000105C - 000010DB (0x80 bytes), align: 2
  Segment part 43.
           ENTRY                   ADDRESS         REF BY
           =====                   =======         ======
           AddRadioButton          0000105C        OMS_DataArrived (parse_oms)
               stack 1 = 00000000 ( 00000014 )
    -------------------------------------------------------------------------
CODE
  Segment part 44. NOT NEEDED.
    -------------------------------------------------------------------------
CODE
  Relative segment, address: CODE_AREA 000010DC - 0000115B (0x80 bytes), align: 2
  Segment part 45.
           ENTRY                   ADDRESS         REF BY
           =====                   =======         ======
           AddCheckBoxItem         000010DC        OMS_DataArrived (parse_oms)
               stack 1 = 00000000 ( 00000014 )
    -------------------------------------------------------------------------
CODE
  Segment part 46. NOT NEEDED.
    -------------------------------------------------------------------------
CODE
  Relative segment, address: CODE_AREA 0000115C - 00001213 (0xb8 bytes), align: 2
  Segment part 47.
           ENTRY                   ADDRESS         REF BY
           =====                   =======         ======
           AddInputItem            0000115C        OMS_DataArrived (parse_oms)
               stack 1 = 00000000 ( 00000010 )
    -------------------------------------------------------------------------
CODE
  Segment part 48. NOT NEEDED.
    -------------------------------------------------------------------------
CODE
  Relative segment, address: CODE_AREA 00001214 - 00001343 (0x130 bytes), align: 2
  Segment part 49.
           ENTRY                   ADDRESS         REF BY
           =====                   =======         ======
           AddButtonItem           00001214        OMS_DataArrived (parse_oms)
               stack 1 = 00000000 ( 00000018 )
    -------------------------------------------------------------------------
CODE
  Segment part 50. NOT NEEDED.
    -------------------------------------------------------------------------
CODE
  Relative segment, address: CODE_AREA 00001344 - 0000139F (0x5c bytes), align: 2
  Segment part 51.
           ENTRY                   ADDRESS         REF BY
           =====                   =======         ======
           AddDropDownList         00001344        OMS_DataArrived (parse_oms)
               stack 1 = 00000000 ( 0000000C )
    -------------------------------------------------------------------------
CODE
  Segment part 52. NOT NEEDED.Intra module refs:   AddPictureItem
    -------------------------------------------------------------------------
CODE
  Segment part 53. NOT NEEDED.Intra module refs:   AddPictureItem
    -------------------------------------------------------------------------
CODE
  Segment part 54. NOT NEEDED.Intra module refs:   AddPictureItemRGBA
    -------------------------------------------------------------------------
CODE
  Segment part 55. NOT NEEDED.Intra module refs:   AddPictureItemFrame
    -------------------------------------------------------------------------
CODE
  Segment part 56. NOT NEEDED.Intra module refs:   AddPictureItemHr
    -------------------------------------------------------------------------
CODE
  Segment part 57. NOT NEEDED.Intra module refs:   AddCheckBoxItem
                                                   AddDropDownList
                                                   AddInputItem
                                                   AddRadioButton
    -------------------------------------------------------------------------
CODE
  Segment part 58. NOT NEEDED.Intra module refs:   AddInputItem
    -------------------------------------------------------------------------
CODE
  Segment part 59. NOT NEEDED.Intra module refs:   AddInputItem
    -------------------------------------------------------------------------
CODE
  Segment part 60. NOT NEEDED.Intra module refs:   AddInputItem
    -------------------------------------------------------------------------
CODE
  Segment part 61. NOT NEEDED.Intra module refs:   AddButtonItem
                                                   AddInputItem
    -------------------------------------------------------------------------
CODE
  Segment part 62. NOT NEEDED.Intra module refs:   AddButtonItem
    -------------------------------------------------------------------------
CODE
  Segment part 63. NOT NEEDED.Intra module refs:   AddDropDownList
    -------------------------------------------------------------------------
CSTACK
  Segment part 1. NOT NEEDED.
    -------------------------------------------------------------------------
DATA_C
  Segment part 2. NOT NEEDED.
    -------------------------------------------------------------------------
DATA_C
  Segment part 3. NOT NEEDED.
    -------------------------------------------------------------------------
DATA_C
  Relative segment, address: CODE_AREA 000169E8 - 00016A23 (0x3c bytes), align: 2
  Segment part 4.             Intra module refs:   AddRadioButton
    -------------------------------------------------------------------------
DATA_C
  Relative segment, address: CODE_AREA 00016A24 - 00016A57 (0x34 bytes), align: 2
  Segment part 5.             Intra module refs:   AddCheckBoxItem
    -------------------------------------------------------------------------
DATA_C
  Relative segment, address: CODE_AREA 00016A58 - 00016A73 (0x1c bytes), align: 2
  Segment part 6.             Intra module refs:   AddInputItem
    -------------------------------------------------------------------------
DATA_C
  Relative segment, address: CODE_AREA 00016A74 - 00016A87 (0x14 bytes), align: 2
  Segment part 7.             Intra module refs:   AddDropDownList

    *************************************************************************

  FILE NAME : C:\arm\BalletMini\Release_ELKA\Obj\conf_loader.r79
  PROGRAM MODULE, NAME : conf_loader

  SEGMENTS IN THE MODULE
  ======================
DATA_I
  Relative segment, address: DATA_AREA 00000000 - 00000003 (0x4 bytes), align: 2
  Segment part 4.             Intra module refs:   LoadConfigData
           ENTRY                   ADDRESS         REF BY
           =====                   =======         ======
           successed_config_filename
                                   00000000        main_menu_options (mainmenu)
                                                   maincsm_onmessage (main)
    -------------------------------------------------------------------------
CODE
  Segment part 6. NOT NEEDED.
    -------------------------------------------------------------------------
CODE
  Relative segment, address: CODE_AREA 000013A0 - 000014CF (0x130 bytes), align: 2
  Segment part 7.             Intra module refs:   InitConfig
           ENTRY                   ADDRESS         REF BY
           =====                   =======         ======
           LoadConfigData          000013A0 
               stack 1 = 00000000 ( 00000030 )
    -------------------------------------------------------------------------
CODE
  Segment part 8. NOT NEEDED.
    -------------------------------------------------------------------------
CODE
  Relative segment, address: CODE_AREA 000014D0 - 000014F7 (0x28 bytes), align: 2
  Segment part 9.
           ENTRY                   ADDRESS         REF BY
           =====                   =======         ======
           InitConfig              000014D0        main (main)
                                                   maincsm_onmessage (main)
               stack 1 = 00000000 ( 00000008 )
    -------------------------------------------------------------------------
CSTACK
  Segment part 1. NOT NEEDED.
    -------------------------------------------------------------------------
DATA_ID
  Relative segment, address: CODE_AREA 00000000 - 00000003 (0x4 bytes), align: 2
  Segment part 5.             Intra module refs:   successed_config_filename
    -------------------------------------------------------------------------
DATA_ID
  Segment part 10. NOT NEEDED.
           ENTRY                   ADDRESS         REF BY
           =====                   =======         ======
           ?*?DATA_ID              
    -------------------------------------------------------------------------
INITTAB
  Relative segment, address: CODE_AREA 00017F80 - 00017F8B (0xc bytes), align: 2
  Segment part 11. ROOT.
           ENTRY                   ADDRESS         REF BY
           =====                   =======         ======
           ?init?tab?DATA_I        00017F80 
    -------------------------------------------------------------------------
CONFIG_C
  Segment part 12. NOT NEEDED.
    -------------------------------------------------------------------------
DATA_C
  Relative segment, address: CODE_AREA 00017F6C - 00017F6C (0x1 bytes), align: 0
  Segment part 2.             Intra module refs:   Segment part 5
    -------------------------------------------------------------------------
DATA_C
  Relative segment, address: CODE_AREA 00016A88 - 00016ABF (0x38 bytes), align: 2
  Segment part 3.             Intra module refs:   InitConfig

    *************************************************************************

  FILE NAME : C:\arm\BalletMini\Release_ELKA\Obj\config_data.r79
  PROGRAM MODULE, NAME : config_data

  SEGMENTS IN THE MODULE
  ======================
CONFIG_C
  Relative segment, address: CODE_AREA 000182CC - 000182F7 (0x2c bytes), align: 2
  Segment part 2. ROOT.
           ENTRY                   ADDRESS         REF BY
           =====                   =======         ======
           cfghdr0                 000182CC 
    -------------------------------------------------------------------------
CONFIG_C
  Relative segment, address: CODE_AREA 000182F8 - 00018323 (0x2c bytes), align: 2
  Segment part 3. ROOT.
           ENTRY                   ADDRESS         REF BY
           =====                   =======         ======
           cfghdr00                000182F8 
    -------------------------------------------------------------------------
CONFIG_C
  Relative segment, address: CODE_AREA 00018324 - 00018327 (0x4 bytes), align: 2
  Segment part 4. ROOT.
           ENTRY                   ADDRESS         REF BY
           =====                   =======         ======
           PIC_QUALITY             00018324        SendPost (inet)
    -------------------------------------------------------------------------
CONFIG_C
  Relative segment, address: CODE_AREA 00018328 - 000183A7 (0x80 bytes), align: 2
  Segment part 5. ROOT.
           ENTRY                   ADDRESS         REF BY
           =====                   =======         ======
           cfgcbox0                00018328 
    -------------------------------------------------------------------------
CONFIG_C
  Relative segment, address: CODE_AREA 000183A8 - 000183D3 (0x2c bytes), align: 2
  Segment part 6. ROOT.
           ENTRY                   ADDRESS         REF BY
           =====                   =======         ======
           cfghdr1                 000183A8 
    -------------------------------------------------------------------------
CONFIG_C
  Relative segment, address: CODE_AREA 000183D4 - 000183D7 (0x4 bytes), align: 2
  Segment part 7. ROOT.
           ENTRY                   ADDRESS         REF BY
           =====                   =======         ======
           HISTORY_DEPTH           000183D4        Segment part 14 (history)
                                                   history_menu_ghook (mainmenu)
    -------------------------------------------------------------------------
CONFIG_C
  Relative segment, address: CODE_AREA 000183D8 - 00018403 (0x2c bytes), align: 2
  Segment part 8. ROOT.
           ENTRY                   ADDRESS         REF BY
           =====                   =======         ======
           cfghdr2                 000183D8 
    -------------------------------------------------------------------------
CONFIG_C
  Relative segment, address: CODE_AREA 00018404 - 00018407 (0x4 bytes), align: 2
  Segment part 9. ROOT.
           ENTRY                   ADDRESS         REF BY
           =====                   =======         ======
           JAVA_HEAP_SIZE          00018404        SendPost (inet)
    -------------------------------------------------------------------------
CONFIG_C
  Relative segment, address: CODE_AREA 00018408 - 00018433 (0x2c bytes), align: 2
  Segment part 10. ROOT.
           ENTRY                   ADDRESS         REF BY
           =====                   =======         ======
           cfghdr4                 00018408 
    -------------------------------------------------------------------------
CONFIG_C
  Relative segment, address: CODE_AREA 00018434 - 000184B3 (0x80 bytes), align: 2
  Segment part 11. ROOT.
           ENTRY                   ADDRESS         REF BY
           =====                   =======         ======
           DEFAULT_PARAM           00018434        main (main)
    -------------------------------------------------------------------------
CONFIG_C
  Relative segment, address: CODE_AREA 000184B4 - 000184DF (0x2c bytes), align: 2
  Segment part 12. ROOT.
           ENTRY                   ADDRESS         REF BY
           =====                   =======         ======
           cfghdr5                 000184B4 
    -------------------------------------------------------------------------
CONFIG_C
  Relative segment, address: CODE_AREA 000184E0 - 000184E3 (0x4 bytes), align: 2
  Segment part 13. ROOT.
           ENTRY                   ADDRESS         REF BY
           =====                   =======         ======
           PageSTACK_SIZE          000184E0        Segment part 43 (urlstack)
    -------------------------------------------------------------------------
CONFIG_C
  Relative segment, address: CODE_AREA 000184E4 - 0001850F (0x2c bytes), align: 2
  Segment part 14. ROOT.
           ENTRY                   ADDRESS         REF BY
           =====                   =======         ======
           cfghdr0_end             000184E4 
    -------------------------------------------------------------------------
CONFIG_C
  Relative segment, address: CODE_AREA 00018510 - 0001853B (0x2c bytes), align: 2
  Segment part 15. ROOT.
           ENTRY                   ADDRESS         REF BY
           =====                   =======         ======
           cfghdr001_beg           00018510 
    -------------------------------------------------------------------------
CONFIG_C
  Relative segment, address: CODE_AREA 0001853C - 00018567 (0x2c bytes), align: 2
  Segment part 16. ROOT.
           ENTRY                   ADDRESS         REF BY
           =====                   =======         ======
           cfghdr0010              0001853C 
    -------------------------------------------------------------------------
CONFIG_C
  Relative segment, address: CODE_AREA 00018568 - 0001856B (0x4 bytes), align: 2
  Segment part 17. ROOT.
           ENTRY                   ADDRESS         REF BY
           =====                   =======         ======
           word_wrap               00018568        SearchNextDisplayLine (display_utils)
    -------------------------------------------------------------------------
CONFIG_C
  Relative segment, address: CODE_AREA 0001856C - 00018597 (0x2c bytes), align: 2
  Segment part 18. ROOT.
           ENTRY                   ADDRESS         REF BY
           =====                   =======         ======
           cfghdr0011              0001856C 
    -------------------------------------------------------------------------
CONFIG_C
  Relative segment, address: CODE_AREA 00018598 - 0001859B (0x4 bytes), align: 2
  Segment part 19. ROOT.
           ENTRY                   ADDRESS         REF BY
           =====                   =======         ======
           cfgCursorColor          00018598        RenderPage (display_utils)
    -------------------------------------------------------------------------
CONFIG_C
  Relative segment, address: CODE_AREA 0001859C - 000185C7 (0x2c bytes), align: 2
  Segment part 20. ROOT.
           ENTRY                   ADDRESS         REF BY
           =====                   =======         ======
           cfghdr0012              0001859C 
    -------------------------------------------------------------------------
CONFIG_C
  Relative segment, address: CODE_AREA 000185C8 - 000185CB (0x4 bytes), align: 2
  Segment part 21. ROOT.
           ENTRY                   ADDRESS         REF BY
           =====                   =======         ======
           cfgCursorColorPictures
                                   000185C8        RenderPage (display_utils)
    -------------------------------------------------------------------------
CONFIG_C
  Relative segment, address: CODE_AREA 000185CC - 000185F7 (0x2c bytes), align: 2
  Segment part 22. ROOT.
           ENTRY                   ADDRESS         REF BY
           =====                   =======         ======
           cfghdr0013              000185CC 
    -------------------------------------------------------------------------
CONFIG_C
  Relative segment, address: CODE_AREA 000185F8 - 000185FB (0x4 bytes), align: 2
  Segment part 23. ROOT.
           ENTRY                   ADDRESS         REF BY
           =====                   =======         ======
           cfgInvertCursor         000185F8        RenderPage (display_utils)
    -------------------------------------------------------------------------
CONFIG_C
  Relative segment, address: CODE_AREA 000185FC - 00018627 (0x2c bytes), align: 2
  Segment part 24. ROOT.
           ENTRY                   ADDRESS         REF BY
           =====                   =======         ======
           cfghdr001_end           000185FC 
    -------------------------------------------------------------------------
CONFIG_C
  Relative segment, address: CODE_AREA 00018628 - 00018653 (0x2c bytes), align: 2
  Segment part 25. ROOT.
           ENTRY                   ADDRESS         REF BY
           =====                   =======         ======
           cfghdr011_beg           00018628 
    -------------------------------------------------------------------------
CONFIG_C
  Relative segment, address: CODE_AREA 00018654 - 0001867F (0x2c bytes), align: 2
  Segment part 26. ROOT.
           ENTRY                   ADDRESS         REF BY
           =====                   =======         ======
           cfghdr0110              00018654 
    -------------------------------------------------------------------------
CONFIG_C
  Relative segment, address: CODE_AREA 00018680 - 00018683 (0x4 bytes), align: 2
  Segment part 27. ROOT.
           ENTRY                   ADDRESS         REF BY
           =====                   =======         ======
           cfgKeyEnter             00018680        method5 (main)
    -------------------------------------------------------------------------
CONFIG_C
  Relative segment, address: CODE_AREA 00018684 - 000186AF (0x2c bytes), align: 2
  Segment part 28. ROOT.
           ENTRY                   ADDRESS         REF BY
           =====                   =======         ======
           cfghdr0111              00018684 
    -------------------------------------------------------------------------
CONFIG_C
  Relative segment, address: CODE_AREA 000186B0 - 000186B3 (0x4 bytes), align: 2
  Segment part 29. ROOT.
           ENTRY                   ADDRESS         REF BY
           =====                   =======         ======
           cfgKeyScrollUp          000186B0        method5 (main)
    -------------------------------------------------------------------------
CONFIG_C
  Relative segment, address: CODE_AREA 000186B4 - 000186DF (0x2c bytes), align: 2
  Segment part 30. ROOT.
           ENTRY                   ADDRESS         REF BY
           =====                   =======         ======
           cfghdr0112              000186B4 
    -------------------------------------------------------------------------
CONFIG_C
  Relative segment, address: CODE_AREA 000186E0 - 000186E3 (0x4 bytes), align: 2
  Segment part 31. ROOT.
           ENTRY                   ADDRESS         REF BY
           =====                   =======         ======
           cfgKeyScrollDown        000186E0        method5 (main)
    -------------------------------------------------------------------------
CONFIG_C
  Relative segment, address: CODE_AREA 000186E4 - 0001870F (0x2c bytes), align: 2
  Segment part 32. ROOT.
           ENTRY                   ADDRESS         REF BY
           =====                   =======         ======
           cfghdr0113              000186E4 
    -------------------------------------------------------------------------
CONFIG_C
  Relative segment, address: CODE_AREA 00018710 - 00018713 (0x4 bytes), align: 2
  Segment part 33. ROOT.
           ENTRY                   ADDRESS         REF BY
           =====                   =======         ======
           cfgKeyPageUp            00018710        method5 (main)
    -------------------------------------------------------------------------
CONFIG_C
  Relative segment, address: CODE_AREA 00018714 - 0001873F (0x2c bytes), align: 2
  Segment part 34. ROOT.
           ENTRY                   ADDRESS         REF BY
           =====                   =======         ======
           cfghdr0114              00018714 
    -------------------------------------------------------------------------
CONFIG_C
  Relative segment, address: CODE_AREA 00018740 - 00018743 (0x4 bytes), align: 2
  Segment part 35. ROOT.
           ENTRY                   ADDRESS         REF BY
           =====                   =======         ======
           cfgKeyPageDown          00018740        method5 (main)
    -------------------------------------------------------------------------
CONFIG_C
  Relative segment, address: CODE_AREA 00018744 - 0001876F (0x2c bytes), align: 2
  Segment part 36. ROOT.
           ENTRY                   ADDRESS         REF BY
           =====                   =======         ======
           cfghdr0115              00018744 
    -------------------------------------------------------------------------
CONFIG_C
  Relative segment, address: CODE_AREA 00018770 - 00018773 (0x4 bytes), align: 2
  Segment part 37. ROOT.
           ENTRY                   ADDRESS         REF BY
           =====                   =======         ======
           cfgKeyHalfPageUp        00018770        method5 (main)
    -------------------------------------------------------------------------
CONFIG_C
  Relative segment, address: CODE_AREA 00018774 - 0001879F (0x2c bytes), align: 2
  Segment part 38. ROOT.
           ENTRY                   ADDRESS         REF BY
           =====                   =======         ======
           cfghdr0116              00018774 
    -------------------------------------------------------------------------
CONFIG_C
  Relative segment, address: CODE_AREA 000187A0 - 000187A3 (0x4 bytes), align: 2
  Segment part 39. ROOT.
           ENTRY                   ADDRESS         REF BY
           =====                   =======         ======
           cfgKeyHalfPageDown      000187A0        method5 (main)
    -------------------------------------------------------------------------
CONFIG_C
  Relative segment, address: CODE_AREA 000187A4 - 000187CF (0x2c bytes), align: 2
  Segment part 40. ROOT.
           ENTRY                   ADDRESS         REF BY
           =====                   =======         ======
           cfghdr0117              000187A4 
    -------------------------------------------------------------------------
CONFIG_C
  Relative segment, address: CODE_AREA 000187D0 - 000187D3 (0x4 bytes), align: 2
  Segment part 41. ROOT.
           ENTRY                   ADDRESS         REF BY
           =====                   =======         ======
           cfgKeyBegin             000187D0        method5 (main)
    -------------------------------------------------------------------------
CONFIG_C
  Relative segment, address: CODE_AREA 000187D4 - 000187FF (0x2c bytes), align: 2
  Segment part 42. ROOT.
           ENTRY                   ADDRESS         REF BY
           =====                   =======         ======
           cfghdr0118              000187D4 
    -------------------------------------------------------------------------
CONFIG_C
  Relative segment, address: CODE_AREA 00018800 - 00018803 (0x4 bytes), align: 2
  Segment part 43. ROOT.
           ENTRY                   ADDRESS         REF BY
           =====                   =======         ======
           cfgKeyEnd               00018800        method5 (main)
    -------------------------------------------------------------------------
CONFIG_C
  Relative segment, address: CODE_AREA 00018804 - 0001882F (0x2c bytes), align: 2
  Segment part 44. ROOT.
           ENTRY                   ADDRESS         REF BY
           =====                   =======         ======
           cfghdr0119              00018804 
    -------------------------------------------------------------------------
CONFIG_C
  Relative segment, address: CODE_AREA 00018830 - 00018833 (0x4 bytes), align: 2
  Segment part 45. ROOT.
           ENTRY                   ADDRESS         REF BY
           =====                   =======         ======
           cfgKeyBack              00018830        method5 (main)
    -------------------------------------------------------------------------
CONFIG_C
  Relative segment, address: CODE_AREA 00018834 - 0001885F (0x2c bytes), align: 2
  Segment part 46. ROOT.
           ENTRY                   ADDRESS         REF BY
           =====                   =======         ======
           cfghdr0120              00018834 
    -------------------------------------------------------------------------
CONFIG_C
  Relative segment, address: CODE_AREA 00018860 - 00018863 (0x4 bytes), align: 2
  Segment part 47. ROOT.
           ENTRY                   ADDRESS         REF BY
           =====                   =======         ======
           cfgKeyForward           00018860        method5 (main)
    -------------------------------------------------------------------------
CONFIG_C
  Relative segment, address: CODE_AREA 00018864 - 0001888F (0x2c bytes), align: 2
  Segment part 48. ROOT.
           ENTRY                   ADDRESS         REF BY
           =====                   =======         ======
           cfghdr0121              00018864 
    -------------------------------------------------------------------------
CONFIG_C
  Relative segment, address: CODE_AREA 00018890 - 00018893 (0x4 bytes), align: 2
  Segment part 49. ROOT.
           ENTRY                   ADDRESS         REF BY
           =====                   =======         ======
           cfgKeyReload            00018890        method5 (main)
    -------------------------------------------------------------------------
CONFIG_C
  Relative segment, address: CODE_AREA 00018894 - 000188BF (0x2c bytes), align: 2
  Segment part 50. ROOT.
           ENTRY                   ADDRESS         REF BY
           =====                   =======         ======
           cfghdr0122              00018894 
    -------------------------------------------------------------------------
CONFIG_C
  Relative segment, address: CODE_AREA 000188C0 - 000188C3 (0x4 bytes), align: 2
  Segment part 51. ROOT.
           ENTRY                   ADDRESS         REF BY
           =====                   =======         ======
           cfgKeyShowURL           000188C0        method5 (main)
    -------------------------------------------------------------------------
CONFIG_C
  Relative segment, address: CODE_AREA 000188C4 - 000188EF (0x2c bytes), align: 2
  Segment part 52. ROOT.
           ENTRY                   ADDRESS         REF BY
           =====                   =======         ======
           cfghdr0123              000188C4 
    -------------------------------------------------------------------------
CONFIG_C
  Relative segment, address: CODE_AREA 000188F0 - 000188F3 (0x4 bytes), align: 2
  Segment part 53. ROOT.
           ENTRY                   ADDRESS         REF BY
           =====                   =======         ======
           cfgKeySearchAgain       000188F0        method5 (main)
    -------------------------------------------------------------------------
CONFIG_C
  Relative segment, address: CODE_AREA 000188F4 - 0001891F (0x2c bytes), align: 2
  Segment part 54. ROOT.
           ENTRY                   ADDRESS         REF BY
           =====                   =======         ======
           cfghdr0124              000188F4 
    -------------------------------------------------------------------------
CONFIG_C
  Relative segment, address: CODE_AREA 00018920 - 00018923 (0x4 bytes), align: 2
  Segment part 55. ROOT.
           ENTRY                   ADDRESS         REF BY
           =====                   =======         ======
           cfgKeyTextPage          00018920        method5 (main)
    -------------------------------------------------------------------------
CONFIG_C
  Relative segment, address: CODE_AREA 00018924 - 0001894F (0x2c bytes), align: 2
  Segment part 56. ROOT.
           ENTRY                   ADDRESS         REF BY
           =====                   =======         ======
           cfghdr0125              00018924 
    -------------------------------------------------------------------------
CONFIG_C
  Relative segment, address: CODE_AREA 00018950 - 00018953 (0x4 bytes), align: 2
  Segment part 57. ROOT.
           ENTRY                   ADDRESS         REF BY
           =====                   =======         ======
           cfgKeyMenu              00018950        method5 (main)
    -------------------------------------------------------------------------
CONFIG_C
  Relative segment, address: CODE_AREA 00018954 - 0001897F (0x2c bytes), align: 2
  Segment part 58. ROOT.
           ENTRY                   ADDRESS         REF BY
           =====                   =======         ======
           cfghdr0126              00018954 
    -------------------------------------------------------------------------
CONFIG_C
  Relative segment, address: CODE_AREA 00018980 - 00018983 (0x4 bytes), align: 2
  Segment part 59. ROOT.
           ENTRY                   ADDRESS         REF BY
           =====                   =======         ======
           cfgKeyNewCopy           00018980        method5 (main)
    -------------------------------------------------------------------------
CONFIG_C
  Relative segment, address: CODE_AREA 00018984 - 000189AF (0x2c bytes), align: 2
  Segment part 60. ROOT.
           ENTRY                   ADDRESS         REF BY
           =====                   =======         ======
           cfghdr0127              00018984 
    -------------------------------------------------------------------------
CONFIG_C
  Relative segment, address: CODE_AREA 000189B0 - 000189B3 (0x4 bytes), align: 2
  Segment part 61. ROOT.
           ENTRY                   ADDRESS         REF BY
           =====                   =======         ======
           cfgKeySieget            000189B0        method5 (main)
    -------------------------------------------------------------------------
CONFIG_C
  Relative segment, address: CODE_AREA 000189B4 - 000189DF (0x2c bytes), align: 2
  Segment part 62. ROOT.
           ENTRY                   ADDRESS         REF BY
           =====                   =======         ======
           cfghdr0128              000189B4 
    -------------------------------------------------------------------------
CONFIG_C
  Relative segment, address: CODE_AREA 000189E0 - 000189E3 (0x4 bytes), align: 2
  Segment part 63. ROOT.
           ENTRY                   ADDRESS         REF BY
           =====                   =======         ======
           cfgKeyBrowser           000189E0        method5 (main)
    -------------------------------------------------------------------------
CONFIG_C
  Relative segment, address: CODE_AREA 000189E4 - 00018A0F (0x2c bytes), align: 2
  Segment part 64. ROOT.
           ENTRY                   ADDRESS         REF BY
           =====                   =======         ======
           cfghdr0129              000189E4 
    -------------------------------------------------------------------------
CONFIG_C
  Relative segment, address: CODE_AREA 00018A10 - 00018A13 (0x4 bytes), align: 2
  Segment part 65. ROOT.
           ENTRY                   ADDRESS         REF BY
           =====                   =======         ======
           cfgKeyQuit              00018A10        method5 (main)
    -------------------------------------------------------------------------
CONFIG_C
  Relative segment, address: CODE_AREA 00018A14 - 00018A3F (0x2c bytes), align: 2
  Segment part 66. ROOT.
           ENTRY                   ADDRESS         REF BY
           =====                   =======         ======
           cfghdr011_end           00018A14 
    -------------------------------------------------------------------------
CONFIG_C
  Relative segment, address: CODE_AREA 00018A40 - 00018A6B (0x2c bytes), align: 2
  Segment part 67. ROOT.
           ENTRY                   ADDRESS         REF BY
           =====                   =======         ======
           cfghdr01_beg            00018A40 
    -------------------------------------------------------------------------
CONFIG_C
  Relative segment, address: CODE_AREA 00018A6C - 00018A97 (0x2c bytes), align: 2
  Segment part 68. ROOT.
           ENTRY                   ADDRESS         REF BY
           =====                   =======         ======
           cfghdr001               00018A6C 
    -------------------------------------------------------------------------
CONFIG_C
  Relative segment, address: CODE_AREA 00018A98 - 00018A9B (0x4 bytes), align: 2
  Segment part 69. ROOT.
           ENTRY                   ADDRESS         REF BY
           =====                   =======         ======
           cfgShowCharCounter      00018A98        input_box_ghook (display_utils)
    -------------------------------------------------------------------------
CONFIG_C
  Relative segment, address: CODE_AREA 00018A9C - 00018AC7 (0x2c bytes), align: 2
  Segment part 70. ROOT.
           ENTRY                   ADDRESS         REF BY
           =====                   =======         ======
           cfghdr002               00018A9C 
    -------------------------------------------------------------------------
CONFIG_C
  Relative segment, address: CODE_AREA 00018AC8 - 00018ACB (0x4 bytes), align: 2
  Segment part 71. ROOT.
           ENTRY                   ADDRESS         REF BY
           =====                   =======         ======
           cfgPwdNormalText        00018AC8        CreateInputBox (display_utils)
    -------------------------------------------------------------------------
CONFIG_C
  Relative segment, address: CODE_AREA 00018ACC - 00018AF7 (0x2c bytes), align: 2
  Segment part 72. ROOT.
           ENTRY                   ADDRESS         REF BY
           =====                   =======         ======
           cfghdr01_end            00018ACC 
    -------------------------------------------------------------------------
CONFIG_C
  Relative segment, address: CODE_AREA 00018AF8 - 00018B23 (0x2c bytes), align: 2
  Segment part 73. ROOT.
           ENTRY                   ADDRESS         REF BY
           =====                   =======         ======
           cfghdr3                 00018AF8 
    -------------------------------------------------------------------------
CONFIG_C
  Relative segment, address: CODE_AREA 00018B24 - 00018B4F (0x2c bytes), align: 2
  Segment part 74. ROOT.
           ENTRY                   ADDRESS         REF BY
           =====                   =======         ======
           cfghdr3_1               00018B24 
    -------------------------------------------------------------------------
CONFIG_C
  Relative segment, address: CODE_AREA 00018B50 - 00018B6F (0x20 bytes), align: 2
  Segment part 75. ROOT.
           ENTRY                   ADDRESS         REF BY
           =====                   =======         ======
           OM_POST_HOST            00018B50        Segment part 32 (inet)
    -------------------------------------------------------------------------
CONFIG_C
  Relative segment, address: CODE_AREA 00018B70 - 00018B9B (0x2c bytes), align: 2
  Segment part 76. ROOT.
           ENTRY                   ADDRESS         REF BY
           =====                   =======         ======
           cfghdr3_2               00018B70 
    -------------------------------------------------------------------------
CONFIG_C
  Relative segment, address: CODE_AREA 00018B9C - 00018B9F (0x4 bytes), align: 2
  Segment part 77. ROOT.
           ENTRY                   ADDRESS         REF BY
           =====                   =======         ======
           OM_POST_PORT            00018B9C        Segment part 31 (inet)
    -------------------------------------------------------------------------
CONFIG_C
  Relative segment, address: CODE_AREA 00018BA0 - 00018BCB (0x2c bytes), align: 2
  Segment part 78. ROOT.
           ENTRY                   ADDRESS         REF BY
           =====                   =======         ======
           cfghdr3_end             00018BA0 
    -------------------------------------------------------------------------
CONFIG_C
  Relative segment, address: CODE_AREA 00018BCC - 00018BF7 (0x2c bytes), align: 2
  Segment part 79. ROOT.
           ENTRY                   ADDRESS         REF BY
           =====                   =======         ======
           cfghdr35                00018BCC 
    -------------------------------------------------------------------------
CONFIG_C
  Relative segment, address: CODE_AREA 00018BF8 - 00018C23 (0x2c bytes), align: 2
  Segment part 80. ROOT.
           ENTRY                   ADDRESS         REF BY
           =====                   =======         ======
           cfghdr350               00018BF8 
    -------------------------------------------------------------------------
CONFIG_C
  Relative segment, address: CODE_AREA 00018C24 - 00018C27 (0x4 bytes), align: 2
  Segment part 81. ROOT.
           ENTRY                   ADDRESS         REF BY
           =====                   =======         ======
           authcode_write_file     00018C24        OMS_DataArrived (parse_oms)
    -------------------------------------------------------------------------
CONFIG_C
  Relative segment, address: CODE_AREA 00018C28 - 00018C53 (0x2c bytes), align: 2
  Segment part 82. ROOT.
           ENTRY                   ADDRESS         REF BY
           =====                   =======         ======
           cfghdr351               00018C28 
    -------------------------------------------------------------------------
CONFIG_C
  Relative segment, address: CODE_AREA 00018C54 - 00018C57 (0x4 bytes), align: 2
  Segment part 83. ROOT.
           ENTRY                   ADDRESS         REF BY
           =====                   =======         ======
           authcode_create_new     00018C54        main (main)
    -------------------------------------------------------------------------
CONFIG_C
  Relative segment, address: CODE_AREA 00018C58 - 00018C83 (0x2c bytes), align: 2
  Segment part 84. ROOT.
           ENTRY                   ADDRESS         REF BY
           =====                   =======         ======
           cfghdr35_end            00018C58 
    -------------------------------------------------------------------------
CSTACK
  Segment part 1. NOT NEEDED.

    *************************************************************************

  FILE NAME : C:\arm\BalletMini\Release_ELKA\Obj\destructors.r79
  PROGRAM MODULE, NAME : destructors

  SEGMENTS IN THE MODULE
  ======================
CODE
  Segment part 2. NOT NEEDED.
    -------------------------------------------------------------------------
CODE
  Segment part 3. NOT NEEDED.
           ENTRY                   ADDRESS         REF BY
           =====                   =======         ======
           FreeRawText             
               not allocated function
    -------------------------------------------------------------------------
CODE
  Segment part 4. NOT NEEDED.
    -------------------------------------------------------------------------
CODE
  Relative segment, address: CODE_AREA 000014F8 - 00001547 (0x50 bytes), align: 2
  Segment part 5.             Intra module refs:   FreeViewData
           ENTRY                   ADDRESS         REF BY
           =====                   =======         ======
           FreeDynImgList          000014F8 
               stack 1 = 00000000 ( 0000000C )
    -------------------------------------------------------------------------
CODE
  Segment part 6. NOT NEEDED.
    -------------------------------------------------------------------------
CODE
  Relative segment, address: CODE_AREA 00001548 - 0000164B (0x104 bytes), align: 2
  Segment part 7.
           ENTRY                   ADDRESS         REF BY
           =====                   =======         ======
           FreeViewData            00001548        method2 (main)
               stack 1 = 00000000 ( 0000000C )
    -------------------------------------------------------------------------
CSTACK
  Segment part 1. NOT NEEDED.

    *************************************************************************

  FILE NAME : C:\arm\BalletMini\Release_ELKA\Obj\display_utils.r79
  PROGRAM MODULE, NAME : display_utils

  SEGMENTS IN THE MODULE
  ======================
CODE
  Relative segment, address: CODE_AREA 0000164C - 0000167F (0x34 bytes), align: 2
  Segment part 40.            Intra module refs:   ChangeMenuSelection
                                                   CreateBookmarksMenu (mainmenu)
                                                   CreateFindDialog (mainmenu)
                                                   CreateHistoryMenu (mainmenu)
                                                   CreateInputBox
                                                   CreateInputUrl (mainmenu)
                                                   CreateMainMenu (mainmenu)
                                                   CreateSavePageDialog (mainmenu)
                                                   CreateSearchDialog (mainmenu)
                                                   ShowLink
                                                   createTemplatesMenu
                                                   createTextView
                                                   open_fm (fileman)
                                                   show_edit_bookmark_menu (mainmenu)
           ENTRY                   ADDRESS         REF BY
           =====                   =======         ======
           patch_header            0000164C 
               stack 1 = 00000000 ( 00000008 )
    -------------------------------------------------------------------------
CODE
  Relative segment, address: CODE_AREA 00001680 - 000016C3 (0x44 bytes), align: 2
  Segment part 41.            Intra module refs:   CreateFindDialog (mainmenu)
                                                   CreateInputBox
                                                   CreateInputUrl (mainmenu)
                                                   CreateSavePageDialog (mainmenu)
                                                   CreateSearchDialog (mainmenu)
                                                   ShowLink
                                                   createTextView
                                                   show_edit_bookmark_menu (mainmenu)
           ENTRY                   ADDRESS         REF BY
           =====                   =======         ======
           patch_input             00001680 
               stack 1 = 00000000 ( 0000000C )
    -------------------------------------------------------------------------
CODE
  Segment part 42. NOT NEEDED.
    -------------------------------------------------------------------------
CODE
  Relative segment, address: CODE_AREA 000016C4 - 000016EB (0x28 bytes), align: 2
  Segment part 43.            Intra module refs:   RenderPage
                                                   SearchNextDisplayLine
                                                   renderForm
           ENTRY                   ADDRESS         REF BY
           =====                   =======         ======
           GetFontHeight           000016C4 
               stack 1 = 00000000 ( 00000008 )
    -------------------------------------------------------------------------
CODE
  Segment part 44. NOT NEEDED.
    -------------------------------------------------------------------------
CODE
  Relative segment, address: CODE_AREA 000016EC - 00001733 (0x48 bytes), align: 2
  Segment part 45.            Intra module refs:   SearchNextDisplayLine
           ENTRY                   ADDRESS         REF BY
           =====                   =======         ======
           GetSymbolBitmapWidth    000016EC 
               stack 1 = 00000000 ( 00000004 )
    -------------------------------------------------------------------------
CODE
  Segment part 46. NOT NEEDED.
    -------------------------------------------------------------------------
CODE
  Relative segment, address: CODE_AREA 00001734 - 0000176B (0x38 bytes), align: 2
  Segment part 47.            Intra module refs:   SearchNextDisplayLine
           ENTRY                   ADDRESS         REF BY
           =====                   =======         ======
           GetBitmapHeight         00001734 
               stack 1 = 00000000 ( 00000004 )
    -------------------------------------------------------------------------
CODE
  Segment part 48. NOT NEEDED.
    -------------------------------------------------------------------------
CODE
  Relative segment, address: CODE_AREA 0000176C - 00001BFB (0x490 bytes), align: 2
  Segment part 49.            Intra module refs:   LineDown
           ENTRY                   ADDRESS         REF BY
           =====                   =======         ======
           SearchNextDisplayLine   0000176C 
               stack 1 = 00000000 ( 00000024 )
    -------------------------------------------------------------------------
CODE
  Segment part 50. NOT NEEDED.
    -------------------------------------------------------------------------
CODE
  Relative segment, address: CODE_AREA 00001BFC - 00001C57 (0x5c bytes), align: 2
  Segment part 51.            Intra module refs:   LineDown
           LOCAL                   ADDRESS         
           =====                   =======         
           newCacheLine            00001BFC 
               stack 1 = 00000000 ( 0000000C )
    -------------------------------------------------------------------------
CODE
  Segment part 52. NOT NEEDED.
    -------------------------------------------------------------------------
CODE
  Relative segment, address: CODE_AREA 00001C58 - 00001D4B (0xf4 bytes), align: 2
  Segment part 53.            Intra module refs:   FindStringOnPage
                                                   RenderPage
                                                   scrollDown
           ENTRY                   ADDRESS         REF BY
           =====                   =======         ======
           LineDown                00001C58        GoToLocalLinkPos (main)
                                                   maincsm_onmessage (main)
                                                   method5 (main)
               stack 1 = 00000000 ( 00000020 )
    -------------------------------------------------------------------------
CODE
  Segment part 54. NOT NEEDED.
    -------------------------------------------------------------------------
CODE
  Relative segment, address: CODE_AREA 00001D4C - 00001D6F (0x24 bytes), align: 2
  Segment part 55.            Intra module refs:   FindStringOnPage
                                                   scrollUp
           ENTRY                   ADDRESS         REF BY
           =====                   =======         ======
           LineUp                  00001D4C        GoToLocalLinkPos (main)
                                                   maincsm_onmessage (main)
    -------------------------------------------------------------------------
CODE
  Segment part 56. NOT NEEDED.
    -------------------------------------------------------------------------
CODE
  Relative segment, address: CODE_AREA 00001D70 - 00001E63 (0xf4 bytes), align: 2
  Segment part 57.
           ENTRY                   ADDRESS         REF BY
           =====                   =======         ======
           scrollDown              00001D70        method5 (main)
               stack 1 = 00000000 ( 0000000C )
    -------------------------------------------------------------------------
CODE
  Relative segment, address: CODE_AREA 00001E64 - 00001E67 (0x4 bytes), align: 2
  Segment part 58.            Intra module refs:   scrollDown
    -------------------------------------------------------------------------
CODE
  Segment part 59. NOT NEEDED.
    -------------------------------------------------------------------------
CODE
  Relative segment, address: CODE_AREA 00001E68 - 00001EB3 (0x4c bytes), align: 2
  Segment part 60.            Intra module refs:   scrollDown
           ENTRY                   ADDRESS         REF BY
           =====                   =======         ======
           scrollUp                00001E68        method5 (main)
               stack 1 = 00000000 ( 0000000C )
    -------------------------------------------------------------------------
CODE
  Segment part 61. NOT NEEDED.
    -------------------------------------------------------------------------
CODE
  Relative segment, address: CODE_AREA 00001EB4 - 00002213 (0x360 bytes), align: 2
  Segment part 62.            Intra module refs:   RenderPage
           ENTRY                   ADDRESS         REF BY
           =====                   =======         ======
           renderForm              00001EB4 
               stack 1 = 00000000 ( 00000040 )
    -------------------------------------------------------------------------
CODE
  Segment part 63. NOT NEEDED.
    -------------------------------------------------------------------------
CODE
  Relative segment, address: CODE_AREA 00002214 - 000030C7 (0xeb4 bytes), align: 2
  Segment part 64.            Intra module refs:   scrollDown
           ENTRY                   ADDRESS         REF BY
           =====                   =======         ======
           RenderPage              00002214        method0 (main)
                                                   method5 (main)
               stack 1 = 00000000 ( 00000548 )
    -------------------------------------------------------------------------
CODE
  Relative segment, address: CODE_AREA 000030C8 - 000030CB (0x4 bytes), align: 2
  Segment part 65.            Intra module refs:   RenderPage
    -------------------------------------------------------------------------
CODE
  Relative segment, address: CODE_AREA 000030CC - 000030CF (0x4 bytes), align: 2
  Segment part 66.            Intra module refs:   RenderPage
    -------------------------------------------------------------------------
CODE
  Segment part 67. NOT NEEDED.
    -------------------------------------------------------------------------
CODE
  Relative segment, address: CODE_AREA 000030D0 - 00003107 (0x38 bytes), align: 2
  Segment part 68.            Intra module refs:   FindReference
                                                   RenderPage
           ENTRY                   ADDRESS         REF BY
           =====                   =======         ======
           FindReferenceByBegin    000030D0 
    -------------------------------------------------------------------------
CODE
  Segment part 69. NOT NEEDED.
    -------------------------------------------------------------------------
CODE
  Segment part 70. NOT NEEDED.
           ENTRY                   ADDRESS         REF BY
           =====                   =======         ======
           FindReferenceFirst      
               not allocated function
    -------------------------------------------------------------------------
CODE
  Segment part 71. NOT NEEDED.
    -------------------------------------------------------------------------
CODE
  Relative segment, address: CODE_AREA 00003108 - 0000315F (0x58 bytes), align: 2
  Segment part 72.            Intra module refs:   input_box_onkey
                                                   sel_menu_iconhndl
                                                   sel_menu_onkey
           ENTRY                   ADDRESS         REF BY
           =====                   =======         ======
           FindReference           00003108        method5 (main)
               stack 1 = 00000000 ( 0000000C )
    -------------------------------------------------------------------------
CODE
  Segment part 73. NOT NEEDED.
    -------------------------------------------------------------------------
CODE
  Relative segment, address: CODE_AREA 00003160 - 000031B7 (0x58 bytes), align: 2
  Segment part 74.
           ENTRY                   ADDRESS         REF BY
           =====                   =======         ======
           FindReferenceById       00003160        method5 (main)
               stack 1 = 00000000 ( 00000010 )
    -------------------------------------------------------------------------
CODE
  Segment part 75. NOT NEEDED.
    -------------------------------------------------------------------------
CODE
  Relative segment, address: CODE_AREA 000031B8 - 000031EF (0x38 bytes), align: 2
  Segment part 76.            Intra module refs:   LoadTemplates
                                                   templates_menu_ghook
           ENTRY                   ADDRESS         REF BY
           =====                   =======         ======
           FreeTemplates           000031B8 
               stack 1 = 00000000 ( 00000008 )
    -------------------------------------------------------------------------
CODE
  Segment part 77. NOT NEEDED.
    -------------------------------------------------------------------------
CODE
  Relative segment, address: CODE_AREA 000031F0 - 0000327B (0x8c bytes), align: 2
  Segment part 78.            Intra module refs:   input_box_onkey_options
           ENTRY                   ADDRESS         REF BY
           =====                   =======         ======
           SaveTextToTemplate      000031F0 
               stack 1 = 00000000 ( 00000010 )
    -------------------------------------------------------------------------
CODE
  Segment part 79. NOT NEEDED.
    -------------------------------------------------------------------------
CODE
  Relative segment, address: CODE_AREA 0000327C - 0000338B (0x110 bytes), align: 2
  Segment part 80.            Intra module refs:   createTemplatesMenu
           ENTRY                   ADDRESS         REF BY
           =====                   =======         ======
           LoadTemplates           0000327C 
               stack 1 = 00000000 ( 00000050 )
    -------------------------------------------------------------------------
CODE
  Relative segment, address: CODE_AREA 0000338C - 0000338F (0x4 bytes), align: 2
  Segment part 81.            Intra module refs:   LoadTemplates
                                                   SaveTextToTemplate
    -------------------------------------------------------------------------
CODE
  Relative segment, address: CODE_AREA 00003390 - 00003393 (0x4 bytes), align: 2
  Segment part 82.            Intra module refs:   FreeTemplates
                                                   LoadTemplates
    -------------------------------------------------------------------------
CODE
  Segment part 83. NOT NEEDED.
    -------------------------------------------------------------------------
DATA_Z
  Relative segment, address: CODE_AREA 00017F98 - 00017FA7 (0x10 bytes), align: 2
  Segment part 17.            Intra module refs:   Segment part 82
                                                   Segment part 93
           ENTRY                   ADDRESS         REF BY
           =====                   =======         ======
           curpos                  00017FA0 
           curpos_changed          00017FA4 
           templates_chars         00017F98 
           templates_lines         00017F9C 
    -------------------------------------------------------------------------
CODE
  Relative segment, address: CODE_AREA 00003394 - 00003457 (0xc4 bytes), align: 2
  Segment part 84.            Intra module refs:   Segment part 21
           ENTRY                   ADDRESS         REF BY
           =====                   =======         ======
           templates_menu_onkey    00003394 
               stack 1 = 00000000 ( 0000003C )
    -------------------------------------------------------------------------
CODE
  Segment part 85. NOT NEEDED.
    -------------------------------------------------------------------------
CODE
  Relative segment, address: CODE_AREA 00003458 - 0000347B (0x24 bytes), align: 2
  Segment part 86.            Intra module refs:   Segment part 21
           ENTRY                   ADDRESS         REF BY
           =====                   =======         ======
           templates_menu_ghook    00003458 
               stack 1 = 00000000 ( 00000004 )
    -------------------------------------------------------------------------
CODE
  Segment part 87. NOT NEEDED.
    -------------------------------------------------------------------------
CODE
  Relative segment, address: CODE_AREA 0000347C - 000034DB (0x60 bytes), align: 2
  Segment part 88.            Intra module refs:   Segment part 21
           ENTRY                   ADDRESS         REF BY
           =====                   =======         ======
           templates_menu_iconhndl
                                   0000347C 
               stack 1 = 00000000 ( 00000018 )
    -------------------------------------------------------------------------
CODE
  Segment part 89. NOT NEEDED.
    -------------------------------------------------------------------------
DATA_I
  Relative segment, address: DATA_AREA 00000004 - 0000000F (0xc bytes), align: 2
  Segment part 18.            Intra module refs:   Segment part 21
           ENTRY                   ADDRESS         REF BY
           =====                   =======         ======
           templates_menu_softkeys
                                   00000004 
    -------------------------------------------------------------------------
DATA_I
  Relative segment, address: DATA_AREA 00000010 - 00000067 (0x58 bytes), align: 2
  Segment part 20.            Intra module refs:   Segment part 23
                                                   createTemplatesMenu
           ENTRY                   ADDRESS         REF BY
           =====                   =======         ======
           templates_menu_header   00000028 
           templates_menu_sk       00000010 
           templates_menu_struct   0000003C 
    -------------------------------------------------------------------------
DATA_I
  Relative segment, address: DATA_AREA 00000068 - 0000006F (0x8 bytes), align: 2
  Segment part 22.            Intra module refs:   Segment part 21
           ENTRY                   ADDRESS         REF BY
           =====                   =======         ======
           templates_menu_skt      00000068 
    -------------------------------------------------------------------------
CODE
  Relative segment, address: CODE_AREA 000034DC - 0000353B (0x60 bytes), align: 2
  Segment part 90.            Intra module refs:   input_box_onkey_options
           ENTRY                   ADDRESS         REF BY
           =====                   =======         ======
           createTemplatesMenu     000034DC 
               stack 1 = 00000000 ( 0000001C )
    -------------------------------------------------------------------------
CODE
  Segment part 91. NOT NEEDED.
    -------------------------------------------------------------------------
DATA_C
  Relative segment, address: CODE_AREA 00016AC0 - 00016AC7 (0x8 bytes), align: 2
  Segment part 2.             Intra module refs:   txtview_ghook
    -------------------------------------------------------------------------
DATA_C
  Relative segment, address: CODE_AREA 00016AC8 - 00016AEB (0x24 bytes), align: 2
  Segment part 3.             Intra module refs:   link_options
    -------------------------------------------------------------------------
DATA_C
  Relative segment, address: CODE_AREA 00016AEC - 00016AF3 (0x8 bytes), align: 2
  Segment part 4.             Intra module refs:   link_box_ghook
    -------------------------------------------------------------------------
DATA_C
  Relative segment, address: CODE_AREA 00016AF4 - 00016B07 (0x14 bytes), align: 2
  Segment part 5.             Intra module refs:   input_box_ghook
    -------------------------------------------------------------------------
DATA_C
  Relative segment, address: CODE_AREA 00016B08 - 00016B1F (0x18 bytes), align: 2
  Segment part 6.             Intra module refs:   Segment part 81
    -------------------------------------------------------------------------
DATA_C
  Segment part 7. NOT NEEDED.
    -------------------------------------------------------------------------
DATA_C
  Relative segment, address: CODE_AREA 00016B20 - 00016B27 (0x8 bytes), align: 2
[...]
      | Stack used (prev) :  00002D74
      | + function block  :  00000010
  <-Sub-tree of type: Function tree
    | Stack used          :  00002D84


  ->Sub-tree of type: Function tree
                             CSTACK
    | Stack used (prev) :  00002D84
  01  jpeg_finish_decompress
      | Stack used (prev) :  00002D84
      | + function block  :  00000010
  <-Sub-tree of type: Function tree
    | Stack used          :  00002D94


  ->Sub-tree of type: Function tree
                             CSTACK
    | Stack used (prev) :  00002D94
  01  jpeg_start_decompress
      | Stack used (prev) :  00002D94
      | + function block  :  00000010
  <-Sub-tree of type: Function tree
    | Stack used          :  00002DA4


  ->Sub-tree of type: Function tree
                             CSTACK
    | Stack used (prev) :  00002DA4
  01  jpeg_read_scanlines
      | Stack used (prev) :  00002DA4
      | + function block  :  00000018
  <-Sub-tree of type: Function tree
    | Stack used          :  00002DBC


  ->Sub-tree of type: Function tree
                             CSTACK
    | Stack used (prev) :  00002DBC
  01  jpeg_stdio_src
      | Stack used (prev) :  00002DBC
      | + function block  :  0000000C
  <-Sub-tree of type: Function tree
    | Stack used          :  00002DC8


  ->Sub-tree of type: Function tree
                             CSTACK
    | Stack used (prev) :  00002DC8
  01  start_iMCU_row
      | Stack used (prev) :  00002DC8
      | + function block  :  00000004
  <-Sub-tree of type: Function tree
    | Stack used          :  00002DCC


  ->Sub-tree of type: Function tree
                             CSTACK
    | Stack used (prev) :  00002DCC
  01  smoothing_ok
      | Stack used (prev) :  00002DCC
      | + function block  :  00000018
  <-Sub-tree of type: Function tree
    | Stack used          :  00002DE4


  ->Sub-tree of type: Function tree
                             CSTACK
    | Stack used (prev) :  00002DE4
  01  jinit_d_coef_controller
      | Stack used (prev) :  00002DE4
      | + function block  :  00000030
  <-Sub-tree of type: Function tree
    | Stack used          :  00002E14


  ->Sub-tree of type: Function tree
                             CSTACK
    | Stack used (prev) :  00002E14
  01  build_ycc_rgb_table
      | Stack used (prev) :  00002E14
      | + function block  :  00000018
  <-Sub-tree of type: Function tree
    | Stack used          :  00002E2C


  ->Sub-tree of type: Function tree
                             CSTACK
    | Stack used (prev) :  00002E2C
  01  jinit_color_deconverter
      | Stack used (prev) :  00002E2C
      | + function block  :  00000014
  <-Sub-tree of type: Function tree
    | Stack used          :  00002E40


  ->Sub-tree of type: Function tree
                             CSTACK
    | Stack used (prev) :  00002E40
  01  jinit_inverse_dct
      | Stack used (prev) :  00002E40
      | + function block  :  0000001C
  <-Sub-tree of type: Function tree
    | Stack used          :  00002E5C


  ->Sub-tree of type: Function tree
                             CSTACK
    | Stack used (prev) :  00002E5C
  01  jpeg_make_d_derived_tbl
      | Stack used (prev) :  00002E5C
      | + function block  :  00000538
  <-Sub-tree of type: Function tree
    | Stack used          :  00003394


  ->Sub-tree of type: Function tree
                             CSTACK
    | Stack used (prev) :  00003394
  01  jpeg_fill_bit_buffer
      | Stack used (prev) :  00003394
      | + function block  :  00000024
  <-Sub-tree of type: Function tree
    | Stack used          :  000033B8


  ->Sub-tree of type: Function tree
                             CSTACK
    | Stack used (prev) :  000033B8
  01  jpeg_huff_decode
      | Stack used (prev) :  000033B8
      | + function block  :  00000018
  <-Sub-tree of type: Function tree
    | Stack used          :  000033D0


  ->Sub-tree of type: Function tree
                             CSTACK
    | Stack used (prev) :  000033D0
  01  jinit_huff_decoder
      | Stack used (prev) :  000033D0
      | + function block  :  00000008
  <-Sub-tree of type: Function tree
    | Stack used          :  000033D8


  ->Sub-tree of type: Function tree
                             CSTACK
    | Stack used (prev) :  000033D8
  01  initial_setup
      | Stack used (prev) :  000033D8
      | + function block  :  00000014
  <-Sub-tree of type: Function tree
    | Stack used          :  000033EC


  ->Sub-tree of type: Function tree
                             CSTACK
    | Stack used (prev) :  000033EC
  01  per_scan_setup
      | Stack used (prev) :  000033EC
      | + function block  :  0000001C
  <-Sub-tree of type: Function tree
    | Stack used          :  00003408


  ->Sub-tree of type: Function tree
                             CSTACK
    | Stack used (prev) :  00003408
  01  latch_quant_tables
      | Stack used (prev) :  00003408
      | + function block  :  00000020
  <-Sub-tree of type: Function tree
    | Stack used          :  00003428


  ->Sub-tree of type: Function tree
                             CSTACK
    | Stack used (prev) :  00003428
  01  jinit_input_controller
      | Stack used (prev) :  00003428
      | + function block  :  00000008
  <-Sub-tree of type: Function tree
    | Stack used          :  00003430


  ->Sub-tree of type: Function tree
                             CSTACK
    | Stack used (prev) :  00003430
  01  alloc_funny_pointers
      | Stack used (prev) :  00003430
      | + function block  :  00000028
  <-Sub-tree of type: Function tree
    | Stack used          :  00003458


  ->Sub-tree of type: Function tree
                             CSTACK
    | Stack used (prev) :  00003458
  01  make_funny_pointers
      | Stack used (prev) :  00003458
      | + function block  :  00000034
  <-Sub-tree of type: Function tree
    | Stack used          :  0000348C


  ->Sub-tree of type: Function tree
                             CSTACK
    | Stack used (prev) :  0000348C
  01  set_wraparound_pointers
      | Stack used (prev) :  0000348C
      | + function block  :  00000038
  <-Sub-tree of type: Function tree
    | Stack used          :  000034C4


  ->Sub-tree of type: Function tree
                             CSTACK
    | Stack used (prev) :  000034C4
  01  set_bottom_pointers
      | Stack used (prev) :  000034C4
      | + function block  :  0000001C
  <-Sub-tree of type: Function tree
    | Stack used          :  000034E0


  ->Sub-tree of type: Function tree
                             CSTACK
    | Stack used (prev) :  000034E0
  01  jinit_d_main_controller
      | Stack used (prev) :  000034E0
      | + function block  :  0000001C
  <-Sub-tree of type: Function tree
    | Stack used          :  000034FC


  ->Sub-tree of type: Function tree
                             CSTACK
    | Stack used (prev) :  000034FC
  01  get_soi
      | Stack used (prev) :  000034FC
      | + function block  :  00000014
  <-Sub-tree of type: Function tree
    | Stack used          :  00003510


  ->Sub-tree of type: Function tree
                             CSTACK
    | Stack used (prev) :  00003510
  01  get_sof
      | Stack used (prev) :  00003510
      | + function block  :  0000001C
  <-Sub-tree of type: Function tree
    | Stack used          :  0000352C


  ->Sub-tree of type: Function tree
                             CSTACK
    | Stack used (prev) :  0000352C
  01  get_sos
      | Stack used (prev) :  0000352C
      | + function block  :  0000002C
  <-Sub-tree of type: Function tree
    | Stack used          :  00003558


  ->Sub-tree of type: Function tree
                             CSTACK
    | Stack used (prev) :  00003558
  01  get_dht
      | Stack used (prev) :  00003558
      | + function block  :  0000013C
  <-Sub-tree of type: Function tree
    | Stack used          :  00003694


  ->Sub-tree of type: Function tree
                             CSTACK
    | Stack used (prev) :  00003694
  01  get_dqt
      | Stack used (prev) :  00003694
      | + function block  :  00000034
  <-Sub-tree of type: Function tree
    | Stack used          :  000036C8


  ->Sub-tree of type: Function tree
                             CSTACK
    | Stack used (prev) :  000036C8
  01  get_dri
      | Stack used (prev) :  000036C8
      | + function block  :  00000018
  <-Sub-tree of type: Function tree
    | Stack used          :  000036E0


  ->Sub-tree of type: Function tree
                             CSTACK
    | Stack used (prev) :  000036E0
  01  examine_app0
      | Stack used (prev) :  000036E0
      | + function block  :  00000014
  <-Sub-tree of type: Function tree
    | Stack used          :  000036F4


  ->Sub-tree of type: Function tree
                             CSTACK
    | Stack used (prev) :  000036F4
  01  examine_app14
      | Stack used (prev) :  000036F4
      | + function block  :  00000010
  <-Sub-tree of type: Function tree
    | Stack used          :  00003704


  ->Sub-tree of type: Function tree
                             CSTACK
    | Stack used (prev) :  00003704
  01  next_marker
      | Stack used (prev) :  00003704
      | + function block  :  0000001C
  <-Sub-tree of type: Function tree
    | Stack used          :  00003720


  ->Sub-tree of type: Function tree
                             CSTACK
    | Stack used (prev) :  00003720
  01  first_marker
      | Stack used (prev) :  00003720
      | + function block  :  0000001C
  <-Sub-tree of type: Function tree
    | Stack used          :  0000373C


  ->Sub-tree of type: Function tree
                             CSTACK
    | Stack used (prev) :  0000373C
  01  jinit_marker_reader
      | Stack used (prev) :  0000373C
      | + function block  :  0000000C
  <-Sub-tree of type: Function tree
    | Stack used          :  00003748


  ->Sub-tree of type: Function tree
                             CSTACK
    | Stack used (prev) :  00003748
  01  use_merged_upsample
      | Stack used (prev) :  00003748
      | + function block  :  00000004
  <-Sub-tree of type: Function tree
    | Stack used          :  0000374C


  ->Sub-tree of type: Function tree
                             CSTACK
    | Stack used (prev) :  0000374C
  01  jpeg_calc_output_dimensions
      | Stack used (prev) :  0000374C
      | + function block  :  00000014
  <-Sub-tree of type: Function tree
    | Stack used          :  00003760


  ->Sub-tree of type: Function tree
                             CSTACK
    | Stack used (prev) :  00003760
  01  prepare_range_limit_table
      | Stack used (prev) :  00003760
      | + function block  :  00000010
  <-Sub-tree of type: Function tree
    | Stack used          :  00003770


  ->Sub-tree of type: Function tree
                             CSTACK
    | Stack used (prev) :  00003770
  01  master_selection
      | Stack used (prev) :  00003770
      | + function block  :  00000014
  <-Sub-tree of type: Function tree
    | Stack used          :  00003784


  ->Sub-tree of type: Function tree
                             CSTACK
    | Stack used (prev) :  00003784
  01  jinit_master_decompress
      | Stack used (prev) :  00003784
      | + function block  :  00000008
  <-Sub-tree of type: Function tree
    | Stack used          :  0000378C


  ->Sub-tree of type: Function tree
                             CSTACK
    | Stack used (prev) :  0000378C
  01  build_ycc_rgb_table
      | Stack used (prev) :  0000378C
      | + function block  :  00000018
  <-Sub-tree of type: Function tree
    | Stack used          :  000037A4


  ->Sub-tree of type: Function tree
                             CSTACK
    | Stack used (prev) :  000037A4
  01  jinit_merged_upsampler
      | Stack used (prev) :  000037A4
      | + function block  :  00000010
  <-Sub-tree of type: Function tree
    | Stack used          :  000037B4


  ->Sub-tree of type: Function tree
                             CSTACK
    | Stack used (prev) :  000037B4
  01  process_restart
      | Stack used (prev) :  000037B4
      | + function block  :  00000014
  <-Sub-tree of type: Function tree
    | Stack used          :  000037C8


  ->Sub-tree of type: Function tree
                             CSTACK
    | Stack used (prev) :  000037C8
  01  jinit_phuff_decoder
      | Stack used (prev) :  000037C8
      | + function block  :  00000014
  <-Sub-tree of type: Function tree
    | Stack used          :  000037DC


  ->Sub-tree of type: Function tree
                             CSTACK
    | Stack used (prev) :  000037DC
  01  jinit_d_post_controller
      | Stack used (prev) :  000037DC
      | + function block  :  00000010
  <-Sub-tree of type: Function tree
    | Stack used          :  000037EC


  ->Sub-tree of type: Function tree
                             CSTACK
    | Stack used (prev) :  000037EC
  01  jinit_upsampler
      | Stack used (prev) :  000037EC
      | + function block  :  0000002C
  <-Sub-tree of type: Function tree
    | Stack used          :  00003818


  ->Sub-tree of type: Function tree
                             CSTACK
    | Stack used (prev) :  00003818
  01  jpeg_std_error
      | Stack used (prev) :  00003818
      | + function block  :  00000000
  <-Sub-tree of type: Function tree
    | Stack used          :  00003818


  ->Sub-tree of type: Function tree
                             CSTACK
    | Stack used (prev) :  00003818
  01  jpeg_get_small
      | Stack used (prev) :  00003818
      | + function block  :  00000004
  <-Sub-tree of type: Function tree
    | Stack used          :  0000381C


  ->Sub-tree of type: Function tree
                             CSTACK
    | Stack used (prev) :  0000381C
  01  jpeg_free_small
      | Stack used (prev) :  0000381C
      | + function block  :  00000004
  <-Sub-tree of type: Function tree
    | Stack used          :  00003820


  ->Sub-tree of type: Function tree
                             CSTACK
    | Stack used (prev) :  00003820
  01  jpeg_get_large
      | Stack used (prev) :  00003820
      | + function block  :  00000004
  <-Sub-tree of type: Function tree
    | Stack used          :  00003824


  ->Sub-tree of type: Function tree
                             CSTACK
    | Stack used (prev) :  00003824
  01  jpeg_free_large
      | Stack used (prev) :  00003824
      | + function block  :  00000004
  <-Sub-tree of type: Function tree
    | Stack used          :  00003828


  ->Sub-tree of type: Function tree
                             CSTACK
    | Stack used (prev) :  00003828
  01  jpeg_mem_available
      | Stack used (prev) :  00003828
      | + function block  :  00000000
  <-Sub-tree of type: Function tree
    | Stack used          :  00003828


  ->Sub-tree of type: Function tree
                             CSTACK
    | Stack used (prev) :  00003828
  01  jpeg_open_backing_store
      | Stack used (prev) :  00003828
      | + function block  :  0000000C
  <-Sub-tree of type: Function tree
    | Stack used          :  00003834


  ->Sub-tree of type: Function tree
                             CSTACK
    | Stack used (prev) :  00003834
  01  jpeg_mem_init
      | Stack used (prev) :  00003834
      | + function block  :  00000000
  <-Sub-tree of type: Function tree
    | Stack used          :  00003834


  ->Sub-tree of type: Function tree
                             CSTACK
    | Stack used (prev) :  00003834
  01  jpeg_mem_term
      | Stack used (prev) :  00003834
      | + function block  :  00000000
  <-Sub-tree of type: Function tree
    | Stack used          :  00003834


  ->Sub-tree of type: Function tree
                             CSTACK
    | Stack used (prev) :  00003834
  01  do_sarray_io
      | Stack used (prev) :  00003834
      | + function block  :  00000028
  <-Sub-tree of type: Function tree
    | Stack used          :  0000385C


  ->Sub-tree of type: Function tree
                             CSTACK
    | Stack used (prev) :  0000385C
  01  do_barray_io
      | Stack used (prev) :  0000385C
      | + function block  :  00000028
  <-Sub-tree of type: Function tree
    | Stack used          :  00003884


  ->Sub-tree of type: Function tree
                             CSTACK
    | Stack used (prev) :  00003884
  01  jinit_memory_mgr
      | Stack used (prev) :  00003884
      | + function block  :  00000014
  <-Sub-tree of type: Function tree
    | Stack used          :  00003898


  ->Sub-tree of type: Function tree
                             CSTACK
    | Stack used (prev) :  00003898
  01  jdiv_round_up
      | Stack used (prev) :  00003898
      | + function block  :  00000004
  <-Sub-tree of type: Function tree
    | Stack used          :  0000389C


  ->Sub-tree of type: Function tree
                             CSTACK
    | Stack used (prev) :  0000389C
  01  jround_up
      | Stack used (prev) :  0000389C
      | + function block  :  00000004
  <-Sub-tree of type: Function tree
    | Stack used          :  000038A0


  ->Sub-tree of type: Function tree
                             CSTACK
    | Stack used (prev) :  000038A0
  01  jcopy_sample_rows
      | Stack used (prev) :  000038A0
      | + function block  :  00000014
  <-Sub-tree of type: Function tree
    | Stack used          :  000038B4


  ->Sub-tree of type: Function tree
                             CSTACK
    | Stack used (prev) :  000038B4
  01  jcopy_block_row
      | Stack used (prev) :  000038B4
      | + function block  :  00000004
  <-Sub-tree of type: Function tree
    | Stack used          :  000038B8


  ->Sub-tree of type: Function tree
                             CSTACK
    | Stack used (prev) :  000038B8
  01  jzero_far
      | Stack used (prev) :  000038B8
      | + function block  :  00000004
  <-Sub-tree of type: Function tree
    | Stack used          :  000038BC




                ****************************************
                *                                      *
                *      SEGMENTS IN ADDRESS ORDER       *
                *                                      *
                ****************************************


SEGMENT              SPACE    START ADDRESS   END ADDRESS     SIZE  TYPE  ALIGN
=======              =====    =============   ===========     ====  ====  =====
ELFBEGIN             CODE_AREA           00000000                     rel    0
DATA_ID              CODE_AREA      00000000 - 00000983         984   rel    2
START                CODE_AREA           00000984                     dse    0
CODE                 CODE_AREA      00000984 - 000169E7       16064   rel    2
DATA_C               CODE_AREA      000169E8 - 00017F7E        1597   rel    2
INITTAB              CODE_AREA      00017F80 - 00017F97          18   rel    2
DATA_Z               CODE_AREA      00017F98 - 000182CB         334   rel    2
DATA_N               CODE_AREA           000182CC                     dse    0
CONFIG_C             CODE_AREA      000182CC - 00018C83         9B8   rel    2
DATA_I               DATA_AREA      00000000 - 00000983         984   rel    2

                ****************************************
                *                                      *
                *        END OF CROSS REFERENCE        *
                *                                      *
                ****************************************

 101 507 bytes of CODE memory
   2 436 bytes of DATA memory

Errors: none
Warnings: none

