################################################################################
#                                                                              #
#      IAR Universal Linker V4.60I/386                                         #
#                                                                              #
#           Link time     =  07/May/2009  10:45:43                             #
#           Target CPU    =  ARM                                               #
#           List file     =  D:\pasha\elf\SieELF\MySMSYS\Mss3\Release_ELKA\Lis #
#                            t\Mss3CPP_elka.map                                #
#           Output file 1 =  D:\pasha\elf\SieELF\MySMSYS\Mss3\Release_ELKA\Exe #
#                            \Mss3CPP_elka.elf                                 #
#                            Format: elf, variant: -ynpra                      #
#           Command line  =  D:\pasha\elf\SieELF\MySMSYS\Mss3\Release_ELKA\Obj #
#                            \AFile.r79                                        #
#                            D:\pasha\elf\SieELF\MySMSYS\Mss3\Release_ELKA\Obj #
#                            \AdrList.r79                                      #
#                            D:\pasha\elf\SieELF\MySMSYS\Mss3\Release_ELKA\Obj #
#                            \CSMswaper.r79                                    #
#                            D:\pasha\elf\SieELF\MySMSYS\Mss3\Release_ELKA\Obj #
#                            \CodeShow.r79                                     #
#                            D:\pasha\elf\SieELF\MySMSYS\Mss3\Release_ELKA\Obj #
#                            \CreateMenu.r79                                   #
#                            D:\pasha\elf\SieELF\MySMSYS\Mss3\Release_ELKA\Obj #
#                            \DaemonCSM.r79                                    #
#                            D:\pasha\elf\SieELF\MySMSYS\Mss3\Release_ELKA\Obj #
#                            \DialogCSM.r79                                    #
#                            D:\pasha\elf\SieELF\MySMSYS\Mss3\Release_ELKA\Obj #
#                            \EditGUI.r79                                      #
#                            D:\pasha\elf\SieELF\MySMSYS\Mss3\Release_ELKA\Obj #
#                            \File.r79                                         #
#                            D:\pasha\elf\SieELF\MySMSYS\Mss3\Release_ELKA\Obj #
#                            \GlobalVariable.r79                               #
#                            D:\pasha\elf\SieELF\MySMSYS\Mss3\Release_ELKA\Obj #
#                            \IconPack.r79                                     #
#                            D:\pasha\elf\SieELF\MySMSYS\Mss3\Release_ELKA\Obj #
#                            \KeyHook.r79                                      #
#                            D:\pasha\elf\SieELF\MySMSYS\Mss3\Release_ELKA\Obj #
#                            \LangPack.r79                                     #
#                            D:\pasha\elf\SieELF\MySMSYS\Mss3\Release_ELKA\Obj #
#                            \MainMenu.r79                                     #
#                            D:\pasha\elf\SieELF\MySMSYS\Mss3\Release_ELKA\Obj #
#                            \Mss3App.r79                                      #
#                            D:\pasha\elf\SieELF\MySMSYS\Mss3\Release_ELKA\Obj #
#                            \MyIpcMessage.r79                                 #
#                            D:\pasha\elf\SieELF\MySMSYS\Mss3\Release_ELKA\Obj #
#                            \NativeAddressbook.r79                            #
#                            D:\pasha\elf\SieELF\MySMSYS\Mss3\Release_ELKA\Obj #
#                            \NumList.r79                                      #
#                            D:\pasha\elf\SieELF\MySMSYS\Mss3\Release_ELKA\Obj #
#                            \OthersMenu.r79                                   #
#                            D:\pasha\elf\SieELF\MySMSYS\Mss3\Release_ELKA\Obj #
#                            \PopupGUI.r79                                     #
#                            D:\pasha\elf\SieELF\MySMSYS\Mss3\Release_ELKA\Obj #
#                            \SendList.r79                                     #
#                            D:\pasha\elf\SieELF\MySMSYS\Mss3\Release_ELKA\Obj #
#                            \SiemensPDU.r79                                   #
#                            D:\pasha\elf\SieELF\MySMSYS\Mss3\Release_ELKA\Obj #
#                            \SmsData.r79                                      #
#                            D:\pasha\elf\SieELF\MySMSYS\Mss3\Release_ELKA\Obj #
#                            \SmsListMenu.r79                                  #
#                            D:\pasha\elf\SieELF\MySMSYS\Mss3\Release_ELKA\Obj #
#                            \StrConst.r79                                     #
#                            D:\pasha\elf\SieELF\MySMSYS\Mss3\Release_ELKA\Obj #
#                            \TViewGUI.r79                                     #
#                            D:\pasha\elf\SieELF\MySMSYS\Mss3\Release_ELKA\Obj #
#                            \TabGUI.r79                                       #
#                            D:\pasha\elf\SieELF\MySMSYS\Mss3\Release_ELKA\Obj #
#                            \Template.r79                                     #
#                            D:\pasha\elf\SieELF\MySMSYS\Mss3\Release_ELKA\Obj #
#                            \Vibra.r79                                        #
#                            D:\pasha\elf\SieELF\MySMSYS\Mss3\Release_ELKA\Obj #
#                            \_cpp2.r79                                        #
#                            D:\pasha\elf\SieELF\MySMSYS\Mss3\Release_ELKA\Obj #
#                            \conf_loader.r79                                  #
#                            D:\pasha\elf\SieELF\MySMSYS\Mss3\Release_ELKA\Obj #
#                            \config_data.r79                                  #
#                            D:\pasha\elf\SieELF\MySMSYS\Mss3\Release_ELKA\Obj #
#                            \func.r79                                         #
#                            D:\pasha\elf\SieELF\MySMSYS\Mss3\Release_ELKA\Obj #
#                            \main.r79                                         #
#                            D:\pasha\elf\SieELF\MySMSYS\Mss3\Release_ELKA\Obj #
#                            \string_works.r79                                 #
#                            -o                                                #
#                            D:\pasha\elf\SieELF\MySMSYS\Mss3\Release_ELKA\Exe #
#                            \Mss3CPP_elka.elf                                 #
#                            -Felf -l                                          #
#                            D:\pasha\elf\SieELF\MySMSYS\Mss3\Release_ELKA\Lis #
#                            t\Mss3CPP_elka.map                                #
#                            -xmsnio                                           #
#                            "-ID:\pasha\Embedded Workbench 4.0 Evaluation2\AR #
#                            M\LIB\"                                           #
#                            -f D:\pasha\elf\SieELF\MySMSYS\Mss3\test.xcl      #
#                            (-carm -V(CODE)CODE_AREA,12                       #
#                            -V(DATA)DATA_AREA,12                              #
#                            -Z(CODE_AREA)ELFBEGIN,DATA_ID,START,CODE,DATA_C,I #
#                            NITTAB,DATA_Z,DATA_N,MYSEG,CONFIG_C=0-FFFFFFFF    #
#                            -Z(DATA_AREA)DATA_I=0-FFFFFFFF) -ynpra            #
#                            "D:\pasha\Embedded Workbench 4.0 Evaluation2\ARM\ #
#                            LIB\dl5tpainl8n.r79"                              #
#                            -s main                                           #
#                                                                              #
#                        Copyright 1987-2007 IAR Systems. All rights reserved. #
################################################################################





                ****************************************
                *                                      *
                *           CROSS REFERENCE            *
                *                                      *
                ****************************************

       Program entry at : CODE_AREA 0000B8D4  Relocatable, from module : main




                ****************************************
                *                                      *
                *            RUNTIME MODEL             *
                *                                      *
                ****************************************

  StackAlign4  = USED
  __cpu_mode   = __pcs__interwork
  __data_model = absolute
  __endian     = little
  __rt_version = 6



                ****************************************
                *                                      *
                *              MODULE MAP              *
                *                                      *
                ****************************************


  DEFINED ABSOLUTE ENTRIES
    *************************************************************************

  DEFINED ABSOLUTE ENTRIES
    *************************************************************************

  FILE NAME : D:\pasha\elf\SieELF\MySMSYS\Mss3\Release_ELKA\Obj\AFile.r79
  PROGRAM MODULE, NAME : AFile

  SEGMENTS IN THE MODULE
  ======================
CODE
  Segment part 2. NOT NEEDED.
    -------------------------------------------------------------------------
CODE
  Segment part 3. NOT NEEDED.
           ENTRY                   ADDRESS         REF BY
           =====                   =======         ======
           AFile::new AFile(char const *, unsigned int, unsigned int)
                                   
               not allocated function
    -------------------------------------------------------------------------
CODE
  Segment part 4. NOT NEEDED.
    -------------------------------------------------------------------------
CODE
  Segment part 5. NOT NEEDED.
           ENTRY                   ADDRESS         REF BY
           =====                   =======         ======
           AFile::new AFile()      
               not allocated function
    -------------------------------------------------------------------------
CODE
  Segment part 6. NOT NEEDED.
    -------------------------------------------------------------------------
CODE
  Segment part 7. NOT NEEDED.
           ENTRY                   ADDRESS         REF BY
           =====                   =======         ======
           AFile::delete ~AFile(AFile *)
                                   
               not allocated function
    -------------------------------------------------------------------------
CODE
  Segment part 8. NOT NEEDED.
    -------------------------------------------------------------------------
CODE
  Relative segment, address: CODE_AREA 00000424 - 0000042F (0xc bytes), align: 2
  Segment part 9.
           ENTRY                   ADDRESS         REF BY
           =====                   =======         ======
           AFile::AFile()          00000424        OthMenu::ShowHelp() (OthersMenu)
    -------------------------------------------------------------------------
CODE
  Segment part 10. NOT NEEDED.
    -------------------------------------------------------------------------
CODE
  Segment part 11. NOT NEEDED.
           ENTRY                   ADDRESS         REF BY
           =====                   =======         ======
           AFile::AFile(char const *, unsigned int, unsigned int)
                                   
               not allocated function
    -------------------------------------------------------------------------
CODE
  Segment part 12. NOT NEEDED.
    -------------------------------------------------------------------------
CODE
  Relative segment, address: CODE_AREA 00000430 - 00000457 (0x28 bytes), align: 2
  Segment part 13.
           ENTRY                   ADDRESS         REF BY
           =====                   =======         ======
           AFile::~AFile()         00000430        OthMenu::ShowHelp() (OthersMenu)
               stack 1 = 00000000 ( 0000000C )
    -------------------------------------------------------------------------
CODE
  Segment part 14. NOT NEEDED.
    -------------------------------------------------------------------------
CODE
  Relative segment, address: CODE_AREA 00000458 - 0000047F (0x28 bytes), align: 2
  Segment part 15.            Intra module refs:   AFile::FOpen(char const *, unsigned int, unsigned int)
           ENTRY                   ADDRESS         REF BY
           =====                   =======         ======
           AFile::FClose()         00000458        OthMenu::ShowHelp() (OthersMenu)
               stack 1 = 00000000 ( 0000000C )
    -------------------------------------------------------------------------
CODE
  Segment part 16. NOT NEEDED.
    -------------------------------------------------------------------------
CODE
  Relative segment, address: CODE_AREA 00000480 - 000004C3 (0x44 bytes), align: 2
  Segment part 17.
           ENTRY                   ADDRESS         REF BY
           =====                   =======         ======
           AFile::FOpen(char const *, unsigned int, unsigned int)
                                   00000480        OthMenu::ShowHelp() (OthersMenu)
               stack 1 = 00000000 ( 00000014 )
    -------------------------------------------------------------------------
CODE
  Segment part 18. NOT NEEDED.
    -------------------------------------------------------------------------
CODE
  Relative segment, address: CODE_AREA 000004C4 - 000004E7 (0x24 bytes), align: 2
  Segment part 19.
           ENTRY                   ADDRESS         REF BY
           =====                   =======         ======
           AFile::FRead(void *, int)
                                   000004C4        OthMenu::ShowHelp() (OthersMenu)
               stack 1 = 00000000 ( 00000004 )
    -------------------------------------------------------------------------
CODE
  Segment part 20. NOT NEEDED.
    -------------------------------------------------------------------------
CODE
  Segment part 21. NOT NEEDED.
           ENTRY                   ADDRESS         REF BY
           =====                   =======         ======
           AFile::FWrite(void const *, int)
                                   
               not allocated function
    -------------------------------------------------------------------------
CODE
  Segment part 22. NOT NEEDED.
    -------------------------------------------------------------------------
CODE
  Segment part 23. NOT NEEDED.
           ENTRY                   ADDRESS         REF BY
           =====                   =======         ======
           AFile::LSeek(unsigned int, unsigned int)
                                   
               not allocated function
    -------------------------------------------------------------------------
CODE
  Segment part 24. NOT NEEDED.
    -------------------------------------------------------------------------
CODE
  Segment part 25. NOT NEEDED.
    -------------------------------------------------------------------------
CSTACK
  Segment part 1. NOT NEEDED.

    *************************************************************************

  FILE NAME : D:\pasha\elf\SieELF\MySMSYS\Mss3\Release_ELKA\Obj\AdrList.r79
  PROGRAM MODULE, NAME : AdrList

  SEGMENTS IN THE MODULE
  ======================
DATA_Z
  Relative segment, address: CODE_AREA 0000CABC - 0000CABF (0x4 bytes), align: 2
  Segment part 5.
           ENTRY                   ADDRESS         REF BY
           =====                   =======         ======
           ADRLST                  0000CABC        EditGUI::GHook(void *, int) (EditGUI)
                                                   PopupNewIn::CreatePopupNewIn(DLG_CSM *, _SDLIST *) (PopupGUI)
                                                   Segment part 156 (SmsData)
                                                   Segment part 23 (DaemonCSM)
                                                   Segment part 42 (NumList)
                                                   SmsListMenu::ItemProc(void *, int, void *) (SmsListMenu)
    -------------------------------------------------------------------------
CODE
  Segment part 6. NOT NEEDED.
    -------------------------------------------------------------------------
CODE
  Relative segment, address: CODE_AREA 000004E8 - 00000503 (0x1c bytes), align: 2
  Segment part 7.
           ENTRY                   ADDRESS         REF BY
           =====                   =======         ======
           AdrList::new AdrList()
                                   000004E8        DaemonCSM::OnCreate(CSM_RAM *) (DaemonCSM)
               stack 1 = 00000000 ( 00000004 )
    -------------------------------------------------------------------------
CODE
  Segment part 8. NOT NEEDED.
    -------------------------------------------------------------------------
CODE
  Relative segment, address: CODE_AREA 00000504 - 0000051F (0x1c bytes), align: 2
  Segment part 9.
           ENTRY                   ADDRESS         REF BY
           =====                   =======         ======
           AdrList::delete ~AdrList(AdrList *)
                                   00000504        DaemonCSM::OnClose(CSM_RAM *) (DaemonCSM)
               stack 1 = 00000000 ( 00000008 )
    -------------------------------------------------------------------------
CODE
  Segment part 10. NOT NEEDED.
    -------------------------------------------------------------------------
CODE
  Relative segment, address: CODE_AREA 00000520 - 00000543 (0x24 bytes), align: 2
  Segment part 11.            Intra module refs:   AdrList::new AdrList()
           ENTRY                   ADDRESS         REF BY
           =====                   =======         ======
           AdrList::AdrList()      00000520 
               stack 1 = 00000000 ( 00000008 )
    -------------------------------------------------------------------------
CODE
  Segment part 12. NOT NEEDED.
    -------------------------------------------------------------------------
CODE
  Segment part 13. NOT NEEDED.
           ENTRY                   ADDRESS         REF BY
           =====                   =======         ======
           AdrList::~AdrList()     
               not allocated function
    -------------------------------------------------------------------------
CODE
  Segment part 14. NOT NEEDED.
    -------------------------------------------------------------------------
CODE
  Relative segment, address: CODE_AREA 00000544 - 000005C7 (0x84 bytes), align: 2
  Segment part 15.            Intra module refs:   AdrList::ConstructList()
                                                   AdrList::delete ~AdrList(AdrList *)
           ENTRY                   ADDRESS         REF BY
           =====                   =======         ======
           AdrList::FreeCLIST()    00000544 
               stack 1 = 00000000 ( 0000000C )
    -------------------------------------------------------------------------
CODE
  Segment part 16. NOT NEEDED.
    -------------------------------------------------------------------------
CODE
  Relative segment, address: CODE_AREA 000005C8 - 00000A97 (0x4d0 bytes), align: 2
  Segment part 17.            Intra module refs:   AdrList::ConstructListCHK(AdrList *)
                                                   AdrList::ConstructListFRC(AdrList *)
           ENTRY                   ADDRESS         REF BY
           =====                   =======         ======
           AdrList::ConstructList()
                                   000005C8 
               stack 1 = 00000000 ( 00000464 )
    -------------------------------------------------------------------------
CODE
  Segment part 18. NOT NEEDED.
    -------------------------------------------------------------------------
CODE
  Relative segment, address: CODE_AREA 00000A98 - 00000AAF (0x18 bytes), align: 2
  Segment part 19.            Intra module refs:   Segment part 24
           ENTRY                   ADDRESS         REF BY
           =====                   =======         ======
           AdrList::ConstructListCHK(AdrList *)
                                   00000A98 
               stack 1 = 00000000 ( 00000004 )
    -------------------------------------------------------------------------
CODE
  Segment part 20. NOT NEEDED.
    -------------------------------------------------------------------------
CODE
  Relative segment, address: CODE_AREA 00000AB0 - 00000AB3 (0x4 bytes), align: 2
  Segment part 21.
           ENTRY                   ADDRESS         REF BY
           =====                   =======         ======
           AdrList::ConstructListFRC(AdrList *)
                                   00000AB0        DaemonCSM::OnMessage(CSM_RAM *, GBS_MSG *) (DaemonCSM)
               stack 1 = 00000000 ( 00000004 )
    -------------------------------------------------------------------------
CODE
  Segment part 22. NOT NEEDED.
    -------------------------------------------------------------------------
CODE
  Relative segment, address: CODE_AREA 00000AB4 - 00000AD3 (0x20 bytes), align: 2
  Segment part 23.
           ENTRY                   ADDRESS         REF BY
           =====                   =======         ======
           AdrList::ConstructListCFGUPD()
                                   00000AB4        DaemonCSM::OnMessage(CSM_RAM *, GBS_MSG *) (DaemonCSM)
               stack 1 = 00000000 ( 00000004 )
    -------------------------------------------------------------------------
CODE
  Relative segment, address: CODE_AREA 00000AD4 - 00000AD7 (0x4 bytes), align: 2
  Segment part 24.            Intra module refs:   AdrList::AdrList()
                                                   AdrList::ConstructListCFGUPD()
    -------------------------------------------------------------------------
CODE
  Segment part 25. NOT NEEDED.
    -------------------------------------------------------------------------
CODE
  Relative segment, address: CODE_AREA 00000AD8 - 00000B93 (0xbc bytes), align: 2
  Segment part 26.
           ENTRY                   ADDRESS         REF BY
           =====                   =======         ======
           AdrList::FindName(WSHDR *, char const *)
                                   00000AD8        EditGUI::GHook(void *, int) (EditGUI)
                                                   NumList::AddToList(char const *) (NumList)
                                                   NumList::AllocNL(char const *) (NumList)
                                                   NumList::UpdateNL(_NLST *, char const *) (NumList)
                                                   SmsData::GetFilePathSDL(_SDLIST *, char *, char *, int) (SmsData)
                                                   SmsListMenu::ItemProc(void *, int, void *) (SmsListMenu)
               stack 1 = 00000000 ( 00000014 )
    -------------------------------------------------------------------------
CODE
  Segment part 27. NOT NEEDED.
    -------------------------------------------------------------------------
CODE
  Relative segment, address: CODE_AREA 00000B94 - 00000C03 (0x70 bytes), align: 2
  Segment part 28.
           ENTRY                   ADDRESS         REF BY
           =====                   =======         ======
           AdrList::FindCList(char const *)
                                   00000B94        PopupNewIn::CreatePopupNewIn(DLG_CSM *, _SDLIST *) (PopupGUI)
                                                   SmsData::ExportAllToText() (SmsData)
               stack 1 = 00000000 ( 00000010 )
    -------------------------------------------------------------------------
CODE
  Segment part 29. NOT NEEDED.Intra module refs:   AdrList::ConstructList()
                                                   AdrList::new AdrList()
    -------------------------------------------------------------------------
CODE
  Segment part 30. NOT NEEDED.Intra module refs:   AdrList::FreeCLIST()
                                                   AdrList::delete ~AdrList(AdrList *)
    -------------------------------------------------------------------------
CODE
  Segment part 31. NOT NEEDED.Intra module refs:   AdrList::ConstructList()
    -------------------------------------------------------------------------
CODE
  Segment part 32. NOT NEEDED.Intra module refs:   AdrList::FindCList(char const *)
                                                   AdrList::FindName(WSHDR *, char const *)
    -------------------------------------------------------------------------
CSTACK
  Segment part 1. NOT NEEDED.
    -------------------------------------------------------------------------
INITTAB
  Relative segment, address: CODE_AREA 0000CAA4 - 0000CAAF (0xc bytes), align: 2
  Segment part 33. ROOT.
           ENTRY                   ADDRESS         REF BY
           =====                   =======         ======
           ?init?tab?DATA_Z        0000CAA4 
    -------------------------------------------------------------------------
DATA_C
  Segment part 2. NOT NEEDED.
    -------------------------------------------------------------------------
DATA_C
  Relative segment, address: CODE_AREA 0000BE2C - 0000BE5B (0x30 bytes), align: 2
  Segment part 3.             Intra module refs:   AdrList::ConstructList()
    -------------------------------------------------------------------------
DATA_C
  Relative segment, address: CODE_AREA 0000BE5C - 0000BE63 (0x8 bytes), align: 2
  Segment part 4.             Intra module refs:   AdrList::FindName(WSHDR *, char const *)

    *************************************************************************

  FILE NAME : D:\pasha\elf\SieELF\MySMSYS\Mss3\Release_ELKA\Obj\CSMswaper.r79
  PROGRAM MODULE, NAME : CSMswaper

  SEGMENTS IN THE MODULE
  ======================
CODE
  Segment part 4. NOT NEEDED.
    -------------------------------------------------------------------------
CODE
  Segment part 5. NOT NEEDED.
           ENTRY                   ADDRESS         REF BY
           =====                   =======         ======
           CSMSwaper::new CSMSwaper()
                                   
               not allocated function
    -------------------------------------------------------------------------
CODE
  Segment part 6. NOT NEEDED.
    -------------------------------------------------------------------------
CODE
  Segment part 7. NOT NEEDED.
           ENTRY                   ADDRESS         REF BY
           =====                   =======         ======
           CSMSwaper::CSMSwaper()
                                   
               not allocated function
    -------------------------------------------------------------------------
CODE
  Segment part 8. NOT NEEDED.
    -------------------------------------------------------------------------
CODE
  Segment part 9. NOT NEEDED.
    -------------------------------------------------------------------------
CODE
  Segment part 10. NOT NEEDED.
           ENTRY                   ADDRESS         REF BY
           =====                   =======         ======
           CSMSwaper::~CSMSwaper()
                                   
               not allocated function
    -------------------------------------------------------------------------
CODE
  Segment part 11. NOT NEEDED.
    -------------------------------------------------------------------------
DATA_Z
  Relative segment, address: CODE_AREA 0000CAC0 - 0000CAC3 (0x4 bytes), align: 2
  Segment part 3.             Intra module refs:   Segment part 19
           ENTRY                   ADDRESS         REF BY
           =====                   =======         ======
           CSMSwaper::under_idle   0000CAC0 
    -------------------------------------------------------------------------
CODE
  Relative segment, address: CODE_AREA 00000C04 - 00000D13 (0x110 bytes), align: 2
  Segment part 12.            Intra module refs:   CSMSwaper::CSMtoTop(int, int)
           ENTRY                   ADDRESS         REF BY
           =====                   =======         ======
           CSMSwaper::do_CSMtoTop(CSMQ *, void *)
                                   00000C04 
               stack 1 = 00000000 ( 00000018 )
    -------------------------------------------------------------------------
CODE
  Segment part 13. NOT NEEDED.
    -------------------------------------------------------------------------
CODE
  Relative segment, address: CODE_AREA 00000D14 - 00000D3B (0x28 bytes), align: 2
  Segment part 14.            Intra module refs:   CSMSwaper::CSMtoTop(int, int)
           ENTRY                   ADDRESS         REF BY
           =====                   =======         ======
           CSMSwaper::LLaddToEnd(LLQ *, void *)
                                   00000D14 
    -------------------------------------------------------------------------
CODE
  Segment part 15. NOT NEEDED.
    -------------------------------------------------------------------------
CODE
  Relative segment, address: CODE_AREA 00000D3C - 00000DA3 (0x68 bytes), align: 2
  Segment part 16.
           ENTRY                   ADDRESS         REF BY
           =====                   =======         ======
           CSMSwaper::CSMtoTop(int, int)
                                   00000D3C        SendList::Send(SendList *) (SendList)
               stack 1 = 00000000 ( 00000010 )
    -------------------------------------------------------------------------
CODE
  Segment part 17. NOT NEEDED.
    -------------------------------------------------------------------------
CODE
  Relative segment, address: CODE_AREA 00000DA4 - 00000DC3 (0x20 bytes), align: 2
  Segment part 18.
           ENTRY                   ADDRESS         REF BY
           =====                   =======         ======
           CSMSwaper::InitUnderIdleCSM()
                                   00000DA4        Mss3App::Start(char *, char *) (Mss3App)
               stack 1 = 00000000 ( 00000004 )
    -------------------------------------------------------------------------
CODE
  Relative segment, address: CODE_AREA 00000DC4 - 00000DC7 (0x4 bytes), align: 2
  Segment part 19.            Intra module refs:   CSMSwaper::InitUnderIdleCSM()
                                                   CSMSwaper::do_CSMtoTop(CSMQ *, void *)
    -------------------------------------------------------------------------
CODE
  Segment part 20. NOT NEEDED.
    -------------------------------------------------------------------------
CODE
  Segment part 21. NOT NEEDED.
    -------------------------------------------------------------------------
CSTACK
  Segment part 1. NOT NEEDED.
    -------------------------------------------------------------------------
INITTAB
  Segment part 22. TENTATIVE. Used definition from AdrList
           ENTRY                   ADDRESS         REF BY
           =====                   =======         ======
           ?init?tab?DATA_Z        
    -------------------------------------------------------------------------
DATA_C
  Segment part 2. NOT NEEDED.
           ENTRY                   ADDRESS         REF BY
           =====                   =======         ======
           CSMSwaper::__vtbl       

    *************************************************************************

  FILE NAME : D:\pasha\elf\SieELF\MySMSYS\Mss3\Release_ELKA\Obj\CodeShow.r79
  PROGRAM MODULE, NAME : CodeShow

  SEGMENTS IN THE MODULE
  ======================
DATA_C
  Relative segment, address: CODE_AREA 0000BE64 - 0000BF53 (0xf0 bytes), align: 2
  Segment part 2.             Intra module refs:   Segment part 40
    -------------------------------------------------------------------------
DATA_C
  Segment part 3. NOT NEEDED.
           ENTRY                   ADDRESS         REF BY
           =====                   =======         ======
           CodeShow::__vtbl        
    -------------------------------------------------------------------------
DATA_C
  Segment part 4. NOT NEEDED.
    -------------------------------------------------------------------------
DATA_C
  Segment part 5. NOT NEEDED.
    -------------------------------------------------------------------------
DATA_C
  Segment part 6. NOT NEEDED.
    -------------------------------------------------------------------------
DATA_C
  Segment part 7. NOT NEEDED.
    -------------------------------------------------------------------------
DATA_C
  Segment part 8. NOT NEEDED.
    -------------------------------------------------------------------------
DATA_C
  Segment part 9. NOT NEEDED.
    -------------------------------------------------------------------------
DATA_C
  Segment part 10. NOT NEEDED.
    -------------------------------------------------------------------------
DATA_C
  Segment part 11. NOT NEEDED.
    -------------------------------------------------------------------------
DATA_C
  Segment part 12. NOT NEEDED.
    -------------------------------------------------------------------------
DATA_C
  Segment part 13. NOT NEEDED.
    -------------------------------------------------------------------------
DATA_C
  Segment part 14. NOT NEEDED.
    -------------------------------------------------------------------------
DATA_C
  Segment part 15. NOT NEEDED.
    -------------------------------------------------------------------------
DATA_C
  Segment part 16. NOT NEEDED.
    -------------------------------------------------------------------------
DATA_C
  Segment part 17. NOT NEEDED.
    -------------------------------------------------------------------------
CODE
  Segment part 18. NOT NEEDED.
    -------------------------------------------------------------------------
CODE
  Segment part 19. NOT NEEDED.
           ENTRY                   ADDRESS         REF BY
           =====                   =======         ======
           CodeShow::new CodeShow()
                                   
               not allocated function
    -------------------------------------------------------------------------
CODE
  Segment part 20. NOT NEEDED.
    -------------------------------------------------------------------------
CODE
  Segment part 21. NOT NEEDED.
           ENTRY                   ADDRESS         REF BY
           =====                   =======         ======
           CodeShow::CodeShow()    
               not allocated function
    -------------------------------------------------------------------------
CODE
  Segment part 22. NOT NEEDED.
    -------------------------------------------------------------------------
CODE
  Segment part 23. NOT NEEDED.
    -------------------------------------------------------------------------
CODE
  Segment part 24. NOT NEEDED.
           ENTRY                   ADDRESS         REF BY
           =====                   =======         ======
           CodeShow::~CodeShow()   
               not allocated function
    -------------------------------------------------------------------------
CODE
  Segment part 25. NOT NEEDED.
    -------------------------------------------------------------------------
CODE
  Relative segment, address: CODE_AREA 00000DC8 - 0000129B (0x4d4 bytes), align: 2
  Segment part 26.
           ENTRY                   ADDRESS         REF BY
           =====                   =======         ======
           CodeShow::GetProvAndCity(word *, char *)
                                   00000DC8        EditGUI::OnKey(void *, GUI_MSG *) (EditGUI)
                                                   PopupNewIn::CreatePopupNewIn(DLG_CSM *, _SDLIST *) (PopupGUI)
                                                   SmsListMenu::OnKey(void *, GUI_MSG *) (SmsListMenu)
               stack 1 = 00000000 ( 00000090 )
    -------------------------------------------------------------------------
CODE
  Segment part 27. NOT NEEDED.
    -------------------------------------------------------------------------
CODE
  Relative segment, address: CODE_AREA 0000129C - 000012EF (0x54 bytes), align: 2
  Segment part 28.            Intra module refs:   CodeShow::FindCRName(word *, char *)
                                                   CodeShow::GetProvAndCity(word *, char *)
           ENTRY                   ADDRESS         REF BY
           =====                   =======         ======
           CodeShow::BSTRAdd(word *, word const *, int)
                                   0000129C 
               stack 1 = 00000000 ( 00000008 )
    -------------------------------------------------------------------------
CODE
  Segment part 29. NOT NEEDED.
    -------------------------------------------------------------------------
CODE
  Relative segment, address: CODE_AREA 000012F0 - 0000132B (0x3c bytes), align: 2
  Segment part 30.            Intra module refs:   CodeShow::FindCRName(word *, char *)
           ENTRY                   ADDRESS         REF BY
           =====                   =======         ======
           CodeShow::GetCode(byte *, dword)
                                   000012F0 
    -------------------------------------------------------------------------
CODE
  Segment part 31. NOT NEEDED.
    -------------------------------------------------------------------------
CODE
  Relative segment, address: CODE_AREA 0000132C - 000013EB (0xc0 bytes), align: 2
  Segment part 32.            Intra module refs:   CodeShow::GetProvAndCity(word *, char *)
           ENTRY                   ADDRESS         REF BY
           =====                   =======         ======
           CodeShow::FindLocale(LOCALE *, int, int, int *)
                                   0000132C 
               stack 1 = 00000000 ( 0000000C )
    -------------------------------------------------------------------------
CODE
  Segment part 33. NOT NEEDED.
    -------------------------------------------------------------------------
CODE
  Segment part 34. NOT NEEDED.
           ENTRY                   ADDRESS         REF BY
           =====                   =======         ======
           CodeShow::AppendInfoW(WSHDR *, WSHDR *)
                                   
               not allocated function
    -------------------------------------------------------------------------
CODE
  Segment part 35. NOT NEEDED.
    -------------------------------------------------------------------------
CODE
  Relative segment, address: CODE_AREA 000013EC - 00001453 (0x68 bytes), align: 2
  Segment part 36.            Intra module refs:   CodeShow::GetProvAndCity(word *, char *)
           ENTRY                   ADDRESS         REF BY
           =====                   =======         ======
           CodeShow::GetLocalNoInfo(char *, char *)
                                   000013EC 
               stack 1 = 00000000 ( 00000010 )
    -------------------------------------------------------------------------
CODE
  Relative segment, address: CODE_AREA 00001454 - 00001457 (0x4 bytes), align: 2
  Segment part 37.            Intra module refs:   CodeShow::GetLocalNoInfo(char *, char *)
                                                   CodeShow::GetProvAndCity(word *, char *)
    -------------------------------------------------------------------------
CODE
  Segment part 38. NOT NEEDED.
    -------------------------------------------------------------------------
CODE
  Relative segment, address: CODE_AREA 00001458 - 00001883 (0x42c bytes), align: 2
  Segment part 39.            Intra module refs:   CodeShow::GetProvAndCity(word *, char *)
           ENTRY                   ADDRESS         REF BY
           =====                   =======         ======
           CodeShow::FindCRName(word *, char *)
                                   00001458 
               stack 1 = 00000000 ( 00000034 )
    -------------------------------------------------------------------------
CODE
  Relative segment, address: CODE_AREA 00001884 - 00001887 (0x4 bytes), align: 2
  Segment part 40.            Intra module refs:   CodeShow::FindCRName(word *, char *)
                                                   CodeShow::GetProvAndCity(word *, char *)
    -------------------------------------------------------------------------
CODE
  Segment part 41. NOT NEEDED.
    -------------------------------------------------------------------------
CODE
  Relative segment, address: CODE_AREA 00001888 - 000018FF (0x78 bytes), align: 2
  Segment part 42.            Intra module refs:   CodeShow::GetProvAndCity(word *, char *)
           ENTRY                   ADDRESS         REF BY
           =====                   =======         ======
           CodeShow::GetCodeRange(CRANGE *, uint32, uint32)
                                   00001888 
               stack 1 = 00000000 ( 00000010 )
    -------------------------------------------------------------------------
CODE
  Segment part 43. NOT NEEDED.
    -------------------------------------------------------------------------
CODE
  Segment part 44. NOT NEEDED.
    -------------------------------------------------------------------------
CODE
  Segment part 45. NOT NEEDED.Intra module refs:   CodeShow::FindCRName(word *, char *)
                                                   CodeShow::GetLocalNoInfo(char *, char *)
                                                   CodeShow::GetProvAndCity(word *, char *)
    -------------------------------------------------------------------------
CSTACK
  Segment part 1. NOT NEEDED.

    *************************************************************************

  FILE NAME : D:\pasha\elf\SieELF\MySMSYS\Mss3\Release_ELKA\Obj\CreateMenu.r79
  PROGRAM MODULE, NAME : CreateMenu

  SEGMENTS IN THE MODULE
  ======================
CODE
  Relative segment, address: CODE_AREA 00001900 - 00001943 (0x44 bytes), align: 2
  Segment part 2.             Intra module refs:   CreateMenu30or2(MENU_DESC const *, HEADER_DESC const *, int, int, void *)
           ENTRY                   ADDRESS         REF BY
           =====                   =======         ======
           patch_option_header(HEADER_DESC const *)
                                   00001900 
               stack 1 = 00000000 ( 0000000C )
    -------------------------------------------------------------------------
CODE
  Segment part 3. NOT NEEDED.
    -------------------------------------------------------------------------
CODE
  Relative segment, address: CODE_AREA 00001944 - 000019E7 (0xa4 bytes), align: 2
  Segment part 4.
           ENTRY                   ADDRESS         REF BY
           =====                   =======         ======
           CreateMenu(ML_MENU_DESC const *, HEADER_DESC const *, int, int, void *)
                                   00001944        SmsListMenu::CreateSmsListMenu(int, int, DLG_CSM *) (SmsListMenu)
                                                   SmsListMenu::ReCreateMe(void *) (SmsListMenu)
               stack 1 = 00000000 ( 00000020 )
    -------------------------------------------------------------------------
CODE
  Segment part 5. NOT NEEDED.
    -------------------------------------------------------------------------
CODE
  Relative segment, address: CODE_AREA 000019E8 - 00001A8B (0xa4 bytes), align: 2
  Segment part 6.
           ENTRY                   ADDRESS         REF BY
           =====                   =======         ======
           CreateMenu(MENU_DESC const *, HEADER_DESC const *, int, int, void *)
                                   000019E8        OthMenu::CreateOthMenu(DLG_CSM *) (OthersMenu)
                                                   TplMenu::CreateTplMenu(void *) (Template)
               stack 1 = 00000000 ( 00000020 )
    -------------------------------------------------------------------------
CODE
  Segment part 7. NOT NEEDED.
    -------------------------------------------------------------------------
CODE
  Segment part 8. NOT NEEDED.
           ENTRY                   ADDRESS         REF BY
           =====                   =======         ======
           CreateMenu(ML_MENU_DESC const *, HEADER_DESC const *, WSHDR *, int, int, void *)
                                   
               not allocated function
    -------------------------------------------------------------------------
CODE
  Segment part 9. NOT NEEDED.
    -------------------------------------------------------------------------
CODE
  Segment part 10. NOT NEEDED.
           ENTRY                   ADDRESS         REF BY
           =====                   =======         ======
           CreateMenu(MENU_DESC const *, HEADER_DESC const *, WSHDR *, int, int, void *)
                                   
               not allocated function
    -------------------------------------------------------------------------
CODE
  Segment part 11. NOT NEEDED.
    -------------------------------------------------------------------------
CODE
  Segment part 12. NOT NEEDED.
           ENTRY                   ADDRESS         REF BY
           =====                   =======         ======
           CreateMenu30or2(ML_MENU_DESC const *, HEADER_DESC const *, WSHDR *, int, int, void *)
                                   
               not allocated function
    -------------------------------------------------------------------------
CODE
  Segment part 13. NOT NEEDED.
    -------------------------------------------------------------------------
CODE
  Segment part 14. NOT NEEDED.
           ENTRY                   ADDRESS         REF BY
           =====                   =======         ======
           CreateMenu30or2(MENU_DESC const *, HEADER_DESC const *, WSHDR *, int, int, void *)
                                   
               not allocated function
    -------------------------------------------------------------------------
CODE
  Segment part 15. NOT NEEDED.
    -------------------------------------------------------------------------
CODE
  Segment part 16. NOT NEEDED.
           ENTRY                   ADDRESS         REF BY
           =====                   =======         ======
           CreateMenu30or2(ML_MENU_DESC const *, HEADER_DESC const *, int, int, void *)
                                   
               not allocated function
    -------------------------------------------------------------------------
CODE
  Segment part 17. NOT NEEDED.
    -------------------------------------------------------------------------
CODE
  Relative segment, address: CODE_AREA 00001A8C - 00001B0F (0x84 bytes), align: 2
  Segment part 18.
           ENTRY                   ADDRESS         REF BY
           =====                   =======         ======
           CreateMenu30or2(MENU_DESC const *, HEADER_DESC const *, int, int, void *)
                                   00001A8C        EditOptionMenu::CreateEditOptionMenu(DLG_CSM *, _SDLIST *, int, int, int) (EditGUI)
                                                   SmsOptionMenu::CreateSmsOptionMenu(DLG_CSM *, int, int, _SDLIST *) (SmsListMenu)
               stack 1 = 00000000 ( 00000020 )
    -------------------------------------------------------------------------
CODE
  Segment part 19. NOT NEEDED.Intra module refs:   CreateMenu30or2(MENU_DESC const *, HEADER_DESC const *, int, int, void *)
    -------------------------------------------------------------------------
CSTACK
  Segment part 1. NOT NEEDED.

    *************************************************************************

  FILE NAME : D:\pasha\elf\SieELF\MySMSYS\Mss3\Release_ELKA\Obj\DaemonCSM.r79
  PROGRAM MODULE, NAME : DaemonCSM

  SEGMENTS IN THE MODULE
  ======================
CODE
  Segment part 5. NOT NEEDED.
    -------------------------------------------------------------------------
CODE
  Relative segment, address: CODE_AREA 00001B10 - 00001B2B (0x1c bytes), align: 2
  Segment part 6.             Intra module refs:   DaemonCSM::OnClose(CSM_RAM *)
           ENTRY                   ADDRESS         REF BY
           =====                   =======         ======
           DaemonCSM::delete ~DaemonCSM(DaemonCSM *)
                                   00001B10 
               stack 1 = 00000000 ( 00000008 )
    -------------------------------------------------------------------------
CODE
  Segment part 7. NOT NEEDED.
    -------------------------------------------------------------------------
CODE
  Relative segment, address: CODE_AREA 00001B2C - 00001B47 (0x1c bytes), align: 2
  Segment part 8.
           ENTRY                   ADDRESS         REF BY
           =====                   =======         ======
           DaemonCSM::new DaemonCSM()
                                   00001B2C        Mss3App::Start(char *, char *) (Mss3App)
               stack 1 = 00000000 ( 00000004 )
    -------------------------------------------------------------------------
CODE
  Segment part 9. NOT NEEDED.
    -------------------------------------------------------------------------
CODE
  Relative segment, address: CODE_AREA 00001B48 - 00001C1B (0xd4 bytes), align: 2
  Segment part 10.            Intra module refs:   DaemonCSM::new DaemonCSM()
           ENTRY                   ADDRESS         REF BY
           =====                   =======         ======
           DaemonCSM::DaemonCSM()
                                   00001B48 
               stack 1 = 00000000 ( 0000000C )
    -------------------------------------------------------------------------
CODE
  Segment part 11. NOT NEEDED.
    -------------------------------------------------------------------------
CODE
  Relative segment, address: CODE_AREA 00001C1C - 00001C37 (0x1c bytes), align: 2
  Segment part 12.            Intra module refs:   DaemonCSM::delete ~DaemonCSM(DaemonCSM *)
           ENTRY                   ADDRESS         REF BY
           =====                   =======         ======
           DaemonCSM::~DaemonCSM()
                                   00001C1C 
               stack 1 = 00000000 ( 00000008 )
    -------------------------------------------------------------------------
CODE
  Segment part 13. NOT NEEDED.
    -------------------------------------------------------------------------
CODE
  Relative segment, address: CODE_AREA 00001C38 - 00001CAB (0x74 bytes), align: 2
  Segment part 14.
           ENTRY                   ADDRESS         REF BY
           =====                   =======         ======
           DaemonCSM::CreateDaemonCSM()
                                   00001C38        Mss3App::Start(char *, char *) (Mss3App)
               stack 1 = 00000000 ( 0000003C )
    -------------------------------------------------------------------------
CODE
  Segment part 15. NOT NEEDED.
    -------------------------------------------------------------------------
CODE
  Relative segment, address: CODE_AREA 00001CAC - 00001CE7 (0x3c bytes), align: 2
  Segment part 16.            Intra module refs:   DaemonCSM::DaemonCSM()
           ENTRY                   ADDRESS         REF BY
           =====                   =======         ======
           DaemonCSM::OnCreate(CSM_RAM *)
                                   00001CAC 
               stack 1 = 00000000 ( 00000004 )
    -------------------------------------------------------------------------
CODE
  Segment part 17. NOT NEEDED.
    -------------------------------------------------------------------------
CODE
  Relative segment, address: CODE_AREA 00001CE8 - 0000242F (0x748 bytes), align: 2
  Segment part 18.            Intra module refs:   DaemonCSM::DaemonCSM()
           ENTRY                   ADDRESS         REF BY
           =====                   =======         ======
           DaemonCSM::OnMessage(CSM_RAM *, GBS_MSG *)
                                   00001CE8 
               stack 1 = 00000000 ( 00000034 )
    -------------------------------------------------------------------------
CODE
  Segment part 19. NOT NEEDED.
    -------------------------------------------------------------------------
CODE
  Relative segment, address: CODE_AREA 00002430 - 00002497 (0x68 bytes), align: 2
  Segment part 20.            Intra module refs:   DaemonCSM::DaemonCSM()
           ENTRY                   ADDRESS         REF BY
           =====                   =======         ======
           DaemonCSM::OnClose(CSM_RAM *)
                                   00002430 
               stack 1 = 00000000 ( 00000008 )
    -------------------------------------------------------------------------
CODE
  Relative segment, address: CODE_AREA 00002498 - 0000249B (0x4 bytes), align: 2
  Segment part 21.            Intra module refs:   DaemonCSM::OnClose(CSM_RAM *)
                                                   DaemonCSM::OnCreate(CSM_RAM *)
                                                   DaemonCSM::OnMessage(CSM_RAM *, GBS_MSG *)
    -------------------------------------------------------------------------
CODE
  Relative segment, address: CODE_AREA 0000249C - 0000249F (0x4 bytes), align: 2
  Segment part 22.            Intra module refs:   DaemonCSM::OnClose(CSM_RAM *)
                                                   DaemonCSM::OnCreate(CSM_RAM *)
    -------------------------------------------------------------------------
CODE
  Relative segment, address: CODE_AREA 000024A0 - 000024A3 (0x4 bytes), align: 2
  Segment part 23.            Intra module refs:   DaemonCSM::OnClose(CSM_RAM *)
                                                   DaemonCSM::OnCreate(CSM_RAM *)
                                                   DaemonCSM::OnMessage(CSM_RAM *, GBS_MSG *)
    -------------------------------------------------------------------------
CODE
  Segment part 24. NOT NEEDED.
    -------------------------------------------------------------------------
CODE
  Relative segment, address: CODE_AREA 000024A4 - 000024D3 (0x30 bytes), align: 2
  Segment part 25.            Intra module refs:   DaemonCSM::OnMessage(CSM_RAM *, GBS_MSG *)
           ENTRY                   ADDRESS         REF BY
           =====                   =======         ======
           DaemonCSM::AddDlgCsmID(int)
                                   000024A4 
    -------------------------------------------------------------------------
CODE
  Segment part 26. NOT NEEDED.
    -------------------------------------------------------------------------
CODE
  Segment part 27. NOT NEEDED.
           ENTRY                   ADDRESS         REF BY
           =====                   =======         ======
           DaemonCSM::AddDlgCsmID_Forced0(int)
                                   
               not allocated function
    -------------------------------------------------------------------------
CODE
  Segment part 28. NOT NEEDED.
    -------------------------------------------------------------------------
CODE
  Relative segment, address: CODE_AREA 000024D4 - 0000250B (0x38 bytes), align: 2
  Segment part 29.            Intra module refs:   DaemonCSM::OnClose(CSM_RAM *)
           ENTRY                   ADDRESS         REF BY
           =====                   =======         ======
           DaemonCSM::CloseAllDlgCSM()
                                   000024D4 
               stack 1 = 00000000 ( 00000010 )
    -------------------------------------------------------------------------
CODE
  Segment part 30. NOT NEEDED.
    -------------------------------------------------------------------------
CODE
  Relative segment, address: CODE_AREA 0000250C - 00002537 (0x2c bytes), align: 2
  Segment part 31.            Intra module refs:   DaemonCSM::OnMessage(CSM_RAM *, GBS_MSG *)
           ENTRY                   ADDRESS         REF BY
           =====                   =======         ======
           DaemonCSM::DelDlgCsmID(int)
                                   0000250C 
    -------------------------------------------------------------------------
CODE
  Segment part 32. NOT NEEDED.
    -------------------------------------------------------------------------
CODE
  Relative segment, address: CODE_AREA 00002538 - 0000258B (0x54 bytes), align: 2
  Segment part 33.            Intra module refs:   DaemonCSM::OnMessage(CSM_RAM *, GBS_MSG *)
           ENTRY                   ADDRESS         REF BY
           =====                   =======         ======
           DaemonCSM::IsOnTopMyCSM()
                                   00002538 
               stack 1 = 00000000 ( 00000008 )
    -------------------------------------------------------------------------
CODE
  Segment part 34. NOT NEEDED.
    -------------------------------------------------------------------------
CODE
  Relative segment, address: CODE_AREA 0000258C - 00002593 (0x8 bytes), align: 2
  Segment part 35.            Intra module refs:   DaemonCSM::OnMessage(CSM_RAM *, GBS_MSG *)
           ENTRY                   ADDRESS         REF BY
           =====                   =======         ======
           DaemonCSM::DoNewProc()
                                   0000258C 
               stack 1 = 00000000 ( 00000004 )
    -------------------------------------------------------------------------
CODE
  Segment part 36. NOT NEEDED.
    -------------------------------------------------------------------------
CODE
  Relative segment, address: CODE_AREA 00002594 - 0000259B (0x8 bytes), align: 2
  Segment part 37.            Intra module refs:   DaemonCSM::OnMessage(CSM_RAM *, GBS_MSG *)
           ENTRY                   ADDRESS         REF BY
           =====                   =======         ======
           DaemonCSM::UpdateNProc()
                                   00002594 
               stack 1 = 00000000 ( 00000004 )
    -------------------------------------------------------------------------
CODE
  Segment part 38. NOT NEEDED.
    -------------------------------------------------------------------------
CODE
  Relative segment, address: CODE_AREA 0000259C - 000025DF (0x44 bytes), align: 2
  Segment part 39.            Intra module refs:   DaemonCSM::DaemonCSM()
           ENTRY                   ADDRESS         REF BY
           =====                   =======         ======
           DaemonCSM::AddIconBar(short *)
                                   0000259C 
               stack 1 = 00000000 ( 00000004 )
    -------------------------------------------------------------------------
CODE
  Relative segment, address: CODE_AREA 000025E0 - 000025E3 (0x4 bytes), align: 2
  Segment part 40.            Intra module refs:   DaemonCSM::AddIconBar(short *)
                                                   DaemonCSM::OnClose(CSM_RAM *)
                                                   DaemonCSM::OnCreate(CSM_RAM *)
                                                   DaemonCSM::OnMessage(CSM_RAM *, GBS_MSG *)
    -------------------------------------------------------------------------
CODE
  Segment part 41. NOT NEEDED.
    -------------------------------------------------------------------------
CODE
  Relative segment, address: CODE_AREA 000025E4 - 00002717 (0x134 bytes), align: 2
  Segment part 42.            Intra module refs:   DaemonCSM::OnMessage(CSM_RAM *, GBS_MSG *)
           ENTRY                   ADDRESS         REF BY
           =====                   =======         ======
           DaemonCSM::PlayNotifySound(DaemonCSM *, char *)
                                   000025E4 
               stack 1 = 00000000 ( 000002F4 )
    -------------------------------------------------------------------------
CODE
  Relative segment, address: CODE_AREA 00002718 - 0000271B (0x4 bytes), align: 2
  Segment part 43.            Intra module refs:   DaemonCSM::OnMessage(CSM_RAM *, GBS_MSG *)
                                                   DaemonCSM::PlayNotifySound(DaemonCSM *, char *)
    -------------------------------------------------------------------------
CODE
  Segment part 44. NOT NEEDED.
    -------------------------------------------------------------------------
CODE
  Relative segment, address: CODE_AREA 0000271C - 0000274B (0x30 bytes), align: 2
  Segment part 45.            Intra module refs:   DaemonCSM::IsOnTopMyCSM()
           ENTRY                   ADDRESS         REF BY
           =====                   =======         ======
           DaemonCSM::GetTopCSM()
                                   0000271C        SendList::Send(SendList *) (SendList)
               stack 1 = 00000000 ( 00000004 )
    -------------------------------------------------------------------------
CODE
  Segment part 46. NOT NEEDED.
    -------------------------------------------------------------------------
CODE
  Relative segment, address: CODE_AREA 0000274C - 0000277F (0x34 bytes), align: 2
  Segment part 47.            Intra module refs:   DaemonCSM::OnMessage(CSM_RAM *, GBS_MSG *)
           ENTRY                   ADDRESS         REF BY
           =====                   =======         ======
           DaemonCSM::StartDialog(int, void *)
                                   0000274C 
               stack 1 = 00000000 ( 0000000C )
    -------------------------------------------------------------------------
CODE
  Segment part 48. NOT NEEDED.Intra module refs:   DaemonCSM::delete ~DaemonCSM(DaemonCSM *)
    -------------------------------------------------------------------------
CODE
  Segment part 49. NOT NEEDED.Intra module refs:   DaemonCSM::new DaemonCSM()
    -------------------------------------------------------------------------
CODE
  Segment part 50. NOT NEEDED.Intra module refs:   DaemonCSM::DaemonCSM()
    -------------------------------------------------------------------------
CODE
  Segment part 51. NOT NEEDED.Intra module refs:   DaemonCSM::DaemonCSM()
    -------------------------------------------------------------------------
CODE
  Segment part 52. NOT NEEDED.Intra module refs:   DaemonCSM::~DaemonCSM()
    -------------------------------------------------------------------------
CODE
  Segment part 53. NOT NEEDED.Intra module refs:   DaemonCSM::~DaemonCSM()
    -------------------------------------------------------------------------
CODE
  Segment part 54. NOT NEEDED.Intra module refs:   DaemonCSM::OnCreate(CSM_RAM *)
    -------------------------------------------------------------------------
CODE
  Segment part 55. NOT NEEDED.Intra module refs:   DaemonCSM::OnCreate(CSM_RAM *)
    -------------------------------------------------------------------------
CODE
  Segment part 56. NOT NEEDED.Intra module refs:   DaemonCSM::OnCreate(CSM_RAM *)
    -------------------------------------------------------------------------
CODE
  Segment part 57. NOT NEEDED.Intra module refs:   DaemonCSM::OnCreate(CSM_RAM *)
    -------------------------------------------------------------------------
CODE
  Segment part 58. NOT NEEDED.Intra module refs:   DaemonCSM::OnCreate(CSM_RAM *)
    -------------------------------------------------------------------------
CODE
  Segment part 59. NOT NEEDED.Intra module refs:   DaemonCSM::OnMessage(CSM_RAM *, GBS_MSG *)
    -------------------------------------------------------------------------
CODE
  Segment part 60. NOT NEEDED.Intra module refs:   DaemonCSM::OnMessage(CSM_RAM *, GBS_MSG *)
    -------------------------------------------------------------------------
CODE
  Segment part 61. NOT NEEDED.Intra module refs:   DaemonCSM::OnMessage(CSM_RAM *, GBS_MSG *)
    -------------------------------------------------------------------------
CODE
  Segment part 62. NOT NEEDED.Intra module refs:   DaemonCSM::OnMessage(CSM_RAM *, GBS_MSG *)
    -------------------------------------------------------------------------
CODE
  Segment part 63. NOT NEEDED.Intra module refs:   DaemonCSM::OnMessage(CSM_RAM *, GBS_MSG *)
    -------------------------------------------------------------------------
CODE
  Segment part 64. NOT NEEDED.Intra module refs:   DaemonCSM::OnMessage(CSM_RAM *, GBS_MSG *)
                                                   DaemonCSM::StartDialog(int, void *)
    -------------------------------------------------------------------------
CODE
  Segment part 65. NOT NEEDED.Intra module refs:   DaemonCSM::OnMessage(CSM_RAM *, GBS_MSG *)
    -------------------------------------------------------------------------
CODE
  Segment part 66. NOT NEEDED.Intra module refs:   DaemonCSM::OnMessage(CSM_RAM *, GBS_MSG *)
    -------------------------------------------------------------------------
CODE
  Segment part 67. NOT NEEDED.Intra module refs:   DaemonCSM::OnMessage(CSM_RAM *, GBS_MSG *)
    -------------------------------------------------------------------------
CODE
  Segment part 68. NOT NEEDED.Intra module refs:   DaemonCSM::OnMessage(CSM_RAM *, GBS_MSG *)
    -------------------------------------------------------------------------
CODE
  Segment part 69. NOT NEEDED.Intra module refs:   DaemonCSM::OnMessage(CSM_RAM *, GBS_MSG *)
    -------------------------------------------------------------------------
CODE
  Segment part 70. NOT NEEDED.Intra module refs:   DaemonCSM::OnMessage(CSM_RAM *, GBS_MSG *)
    -------------------------------------------------------------------------
CODE
  Segment part 71. NOT NEEDED.Intra module refs:   DaemonCSM::OnMessage(CSM_RAM *, GBS_MSG *)
    -------------------------------------------------------------------------
CODE
  Segment part 72. NOT NEEDED.Intra module refs:   DaemonCSM::OnClose(CSM_RAM *)
    -------------------------------------------------------------------------
CODE
  Segment part 73. NOT NEEDED.Intra module refs:   DaemonCSM::OnClose(CSM_RAM *)
    -------------------------------------------------------------------------
CODE
  Segment part 74. NOT NEEDED.Intra module refs:   DaemonCSM::OnClose(CSM_RAM *)
    -------------------------------------------------------------------------
CODE
  Segment part 75. NOT NEEDED.Intra module refs:   DaemonCSM::OnClose(CSM_RAM *)
    -------------------------------------------------------------------------
CODE
  Segment part 76. NOT NEEDED.Intra module refs:   DaemonCSM::OnClose(CSM_RAM *)
    -------------------------------------------------------------------------
CODE
  Segment part 77. NOT NEEDED.Intra module refs:   DaemonCSM::DoNewProc()
                                                   DaemonCSM::UpdateNProc()
    -------------------------------------------------------------------------
CODE
  Segment part 78. NOT NEEDED.Intra module refs:   DaemonCSM::PlayNotifySound(DaemonCSM *, char *)
    -------------------------------------------------------------------------
CODE
  Segment part 79. NOT NEEDED.Intra module refs:   DaemonCSM::StartDialog(int, void *)
    -------------------------------------------------------------------------
CODE
  Segment part 80. NOT NEEDED.Intra module refs:   DaemonCSM::StartDialog(int, void *)
    -------------------------------------------------------------------------
CSTACK
  Segment part 1. NOT NEEDED.
    -------------------------------------------------------------------------
DATA_C
  Relative segment, address: CODE_AREA 0000BF54 - 0000BF5B (0x8 bytes), align: 2
  Segment part 2.             Intra module refs:   DaemonCSM::DaemonCSM()
    -------------------------------------------------------------------------
DATA_C
  Segment part 3. NOT NEEDED.
    -------------------------------------------------------------------------
DATA_C
  Relative segment, address: CODE_AREA 0000BF5C - 0000BF63 (0x8 bytes), align: 2
  Segment part 4.             Intra module refs:   DaemonCSM::CreateDaemonCSM()

    *************************************************************************

  FILE NAME : D:\pasha\elf\SieELF\MySMSYS\Mss3\Release_ELKA\Obj\DialogCSM.r79
  PROGRAM MODULE, NAME : DialogCSM

  SEGMENTS IN THE MODULE
  ======================
CODE
  Segment part 3. NOT NEEDED.
    -------------------------------------------------------------------------
CODE
  Segment part 4. NOT NEEDED.
           ENTRY                   ADDRESS         REF BY
           =====                   =======         ======
           DialogCSM::delete ~DialogCSM(DialogCSM *)
                                   
               not allocated function
    -------------------------------------------------------------------------
CODE
  Segment part 5. NOT NEEDED.
    -------------------------------------------------------------------------
CODE
  Relative segment, address: CODE_AREA 00002780 - 0000279B (0x1c bytes), align: 2
  Segment part 6.
           ENTRY                   ADDRESS         REF BY
           =====                   =======         ======
           DialogCSM::new DialogCSM()
                                   00002780        DaemonCSM::StartDialog(int, void *) (DaemonCSM)
               stack 1 = 00000000 ( 00000004 )
    -------------------------------------------------------------------------
CODE
  Segment part 7. NOT NEEDED.
    -------------------------------------------------------------------------
CODE
  Relative segment, address: CODE_AREA 0000279C - 0000281F (0x84 bytes), align: 2
  Segment part 8.             Intra module refs:   DialogCSM::new DialogCSM()
           ENTRY                   ADDRESS         REF BY
           =====                   =======         ======
           DialogCSM::DialogCSM()
                                   0000279C 
    -------------------------------------------------------------------------
CODE
  Segment part 9. NOT NEEDED.
    -------------------------------------------------------------------------
CODE
  Segment part 10. NOT NEEDED.
           ENTRY                   ADDRESS         REF BY
           =====                   =======         ======
           DialogCSM::~DialogCSM()
                                   
               not allocated function
    -------------------------------------------------------------------------
CODE
  Segment part 11. NOT NEEDED.
    -------------------------------------------------------------------------
CODE
  Relative segment, address: CODE_AREA 00002820 - 0000284F (0x30 bytes), align: 2
  Segment part 12.            Intra module refs:   DialogCSM::DialogCSM()
           ENTRY                   ADDRESS         REF BY
           =====                   =======         ======
           DialogCSM::OnMessage(CSM_RAM *, GBS_MSG *)
                                   00002820 
    -------------------------------------------------------------------------
CODE
  Segment part 13. NOT NEEDED.
    -------------------------------------------------------------------------
CODE
  Relative segment, address: CODE_AREA 00002850 - 00002D2F (0x4e0 bytes), align: 2
  Segment part 14.            Intra module refs:   DialogCSM::DialogCSM()
           ENTRY                   ADDRESS         REF BY
           =====                   =======         ======
           DialogCSM::OnCreate(CSM_RAM *)
                                   00002850 
               stack 1 = 00000000 ( 0000002C )
    -------------------------------------------------------------------------
CODE
  Segment part 15. NOT NEEDED.
    -------------------------------------------------------------------------
CODE
  Relative segment, address: CODE_AREA 00002D30 - 00002D47 (0x18 bytes), align: 2
  Segment part 16.            Intra module refs:   DialogCSM::DialogCSM()
           ENTRY                   ADDRESS         REF BY
           =====                   =======         ======
           DialogCSM::OnClose(CSM_RAM *)
                                   00002D30 
               stack 1 = 00000000 ( 00000004 )
    -------------------------------------------------------------------------
CODE
  Segment part 17. NOT NEEDED.
    -------------------------------------------------------------------------
CODE
  Relative segment, address: CODE_AREA 00002D48 - 00002DBF (0x78 bytes), align: 2
  Segment part 18.
           ENTRY                   ADDRESS         REF BY
           =====                   =======         ======
           DialogCSM::CreateDialogCSM(int, void *)
                                   00002D48        DaemonCSM::StartDialog(int, void *) (DaemonCSM)
               stack 1 = 00000000 ( 00000040 )
    -------------------------------------------------------------------------
CODE
  Relative segment, address: CODE_AREA 00002DC0 - 00002DC3 (0x4 bytes), align: 2
  Segment part 19.            Intra module refs:   DialogCSM::CreateDialogCSM(int, void *)
                                                   DialogCSM::OnCreate(CSM_RAM *)
    -------------------------------------------------------------------------
CODE
  Segment part 20. NOT NEEDED.
    -------------------------------------------------------------------------
CODE
  Segment part 21. NOT NEEDED.
           ENTRY                   ADDRESS         REF BY
           =====                   =======         ======
           DialogCSM::UpdateNameDlgCSM(DLG_CSM *, int)
                                   
               not allocated function
    -------------------------------------------------------------------------
CODE
  Relative segment, address: CODE_AREA 00002DC4 - 00002DC7 (0x4 bytes), align: 2
  Segment part 22.            Intra module refs:   DialogCSM::OnCreate(CSM_RAM *)
    -------------------------------------------------------------------------
CODE
  Segment part 23. NOT NEEDED.Intra module refs:   DialogCSM::OnClose(CSM_RAM *)
                                                   DialogCSM::OnCreate(CSM_RAM *)
    -------------------------------------------------------------------------
CODE
  Segment part 24. NOT NEEDED.Intra module refs:   DialogCSM::new DialogCSM()
    -------------------------------------------------------------------------
CODE
  Segment part 25. NOT NEEDED.Intra module refs:   DialogCSM::OnCreate(CSM_RAM *)
    -------------------------------------------------------------------------
CODE
  Segment part 26. NOT NEEDED.Intra module refs:   DialogCSM::OnCreate(CSM_RAM *)
    -------------------------------------------------------------------------
CODE
  Segment part 27. NOT NEEDED.Intra module refs:   DialogCSM::OnCreate(CSM_RAM *)
    -------------------------------------------------------------------------
CODE
  Segment part 28. NOT NEEDED.Intra module refs:   DialogCSM::OnCreate(CSM_RAM *)
    -------------------------------------------------------------------------
CODE
  Segment part 29. NOT NEEDED.Intra module refs:   DialogCSM::OnCreate(CSM_RAM *)
    -------------------------------------------------------------------------
CODE
  Segment part 30. NOT NEEDED.Intra module refs:   DialogCSM::OnCreate(CSM_RAM *)
    -------------------------------------------------------------------------
CODE
  Segment part 31. NOT NEEDED.Intra module refs:   DialogCSM::OnCreate(CSM_RAM *)
    -------------------------------------------------------------------------
CODE
  Segment part 32. NOT NEEDED.Intra module refs:   DialogCSM::OnCreate(CSM_RAM *)
    -------------------------------------------------------------------------
CODE
  Segment part 33. NOT NEEDED.Intra module refs:   DialogCSM::OnCreate(CSM_RAM *)
    -------------------------------------------------------------------------
CODE
  Segment part 34. NOT NEEDED.Intra module refs:   DialogCSM::OnCreate(CSM_RAM *)
    -------------------------------------------------------------------------
CODE
  Segment part 35. NOT NEEDED.Intra module refs:   DialogCSM::OnCreate(CSM_RAM *)
    -------------------------------------------------------------------------
CODE
  Segment part 36. NOT NEEDED.Intra module refs:   DialogCSM::OnCreate(CSM_RAM *)
    -------------------------------------------------------------------------
CODE
  Segment part 37. NOT NEEDED.Intra module refs:   DialogCSM::OnCreate(CSM_RAM *)
    -------------------------------------------------------------------------
CODE
  Segment part 38. NOT NEEDED.Intra module refs:   DialogCSM::OnCreate(CSM_RAM *)
    -------------------------------------------------------------------------
CODE
  Segment part 39. NOT NEEDED.Intra module refs:   DialogCSM::OnCreate(CSM_RAM *)
    -------------------------------------------------------------------------
CSTACK
  Segment part 1. NOT NEEDED.
    -------------------------------------------------------------------------
DATA_C
  Relative segment, address: CODE_AREA 0000BF64 - 0000BF6B (0x8 bytes), align: 2
  Segment part 2.             Intra module refs:   DialogCSM::OnCreate(CSM_RAM *)

    *************************************************************************

  FILE NAME : D:\pasha\elf\SieELF\MySMSYS\Mss3\Release_ELKA\Obj\EditGUI.r79
  PROGRAM MODULE, NAME : EditGUI

  SEGMENTS IN THE MODULE
  ======================
DATA_C
  Segment part 2. NOT NEEDED.
    -------------------------------------------------------------------------
DATA_C
  Relative segment, address: CODE_AREA 0000BF6C - 0000BF77 (0xc bytes), align: 2
  Segment part 3.             Intra module refs:   EditGUI::OnKey(void *, GUI_MSG *)
    -------------------------------------------------------------------------
DATA_C
  Relative segment, address: CODE_AREA 0000BF78 - 0000BF83 (0xc bytes), align: 2
  Segment part 4.             Intra module refs:   EditGUI::GHook(void *, int)
    -------------------------------------------------------------------------
DATA_C
  Relative segment, address: CODE_AREA 0000BF84 - 0000BF9B (0x18 bytes), align: 2
  Segment part 5.             Intra module refs:   Segment part 6
    -------------------------------------------------------------------------
DATA_C
  Relative segment, address: CODE_AREA 0000BF9C - 0000BFA3 (0x8 bytes), align: 2
  Segment part 6.             Intra module refs:   EditGUI::EditGUI()
    -------------------------------------------------------------------------
DATA_I
  Relative segment, address: DATA_AREA 00000000 - 00000013 (0x14 bytes), align: 2
  Segment part 7.             Intra module refs:   Segment part 62
           ENTRY                   ADDRESS         REF BY
           =====                   =======         ======
           editgui_hdr             00000000 
[...]
    | Stack used (prev) :  00005580
  01  SmsData::FilterGetCount(WSHDR *)
      | Stack used (prev) :  00005580
      | + function block  :  00000010
  <-Sub-tree of type: Function tree
    | Stack used          :  00005590


  ->Sub-tree of type: Function tree
                             CSTACK
    | Stack used (prev) :  00005590
  01  SmsData::FilterFindNext(_SDLIST *)
      | Stack used (prev) :  00005590
      | + function block  :  000000A4
  <-Sub-tree of type: Function tree
    | Stack used          :  00005634


  ->Sub-tree of type: Function tree
                             CSTACK
    | Stack used (prev) :  00005634
  01  SmsData::FilterFindNext(_SDLIST *, char const *)
      | Stack used (prev) :  00005634
      | + function block  :  0000000C
  <-Sub-tree of type: Function tree
    | Stack used          :  00005640


  ->Sub-tree of type: Function tree
                             CSTACK
    | Stack used (prev) :  00005640
  01  SmsData::FilterFindPrev(_SDLIST *)
      | Stack used (prev) :  00005640
      | + function block  :  000000A4
  <-Sub-tree of type: Function tree
    | Stack used          :  000056E4


  ->Sub-tree of type: Function tree
                             CSTACK
    | Stack used (prev) :  000056E4
  01  SmsData::FilterFindPrev(_SDLIST *, char const *)
      | Stack used (prev) :  000056E4
      | + function block  :  0000000C
  <-Sub-tree of type: Function tree
    | Stack used          :  000056F0


  ->Sub-tree of type: Function tree
                             CSTACK
    | Stack used (prev) :  000056F0
  01  SmsData::MoveToArchive(_SDLIST *)
      | Stack used (prev) :  000056F0
      | + function block  :  00000120
  <-Sub-tree of type: Function tree
    | Stack used          :  00005810


  ->Sub-tree of type: Function tree
                             CSTACK
    | Stack used (prev) :  00005810
  01  SmsData::GetFilePathSDL(_SDLIST *, char *, char *, int)
      | Stack used (prev) :  00005810
      | + function block  :  000001A4
  <-Sub-tree of type: Function tree
    | Stack used          :  000059B4


  ->Sub-tree of type: Function tree
                             CSTACK
    | Stack used (prev) :  000059B4
  01  SmsData::MoveAllToArchive()
      | Stack used (prev) :  000059B4
      | + function block  :  00000010
  <-Sub-tree of type: Function tree
    | Stack used          :  000059C4


  ->Sub-tree of type: Function tree
                             CSTACK
    | Stack used (prev) :  000059C4
  01  SmsData::FindLastNew()
      | Stack used (prev) :  000059C4
      | + function block  :  00000000
  <-Sub-tree of type: Function tree
    | Stack used          :  000059C4


  ->Sub-tree of type: Function tree
                             CSTACK
    | Stack used (prev) :  000059C4
  01  SmsData::ExportAllToText()
      | Stack used (prev) :  000059C4
      | + function block  :  00000288
  <-Sub-tree of type: Function tree
    | Stack used          :  00005C4C


  ->Sub-tree of type: Function tree
                             CSTACK
    | Stack used (prev) :  00005C4C
  01  SmsData::DeleteAllMss()
      | Stack used (prev) :  00005C4C
      | + function block  :  00000014
  <-Sub-tree of type: Function tree
    | Stack used          :  00005C60


  ->Sub-tree of type: Function tree
                             CSTACK
    | Stack used (prev) :  00005C60
  01  SmsOptionMenu::new SmsOptionMenu()
      | Stack used (prev) :  00005C60
      | + function block  :  00000004
  <-Sub-tree of type: Function tree
    | Stack used          :  00005C64


  ->Sub-tree of type: Function tree
                             CSTACK
    | Stack used (prev) :  00005C64
  01  SmsListMenu::new SmsListMenu()
      | Stack used (prev) :  00005C64
      | + function block  :  00000004
  <-Sub-tree of type: Function tree
    | Stack used          :  00005C68


  ->Sub-tree of type: Function tree
                             CSTACK
    | Stack used (prev) :  00005C68
  01  SmsListMenu::SmsListMenu()
      | Stack used (prev) :  00005C68
      | + function block  :  00000000
  <-Sub-tree of type: Function tree
    | Stack used          :  00005C68


  ->Sub-tree of type: Function tree
                             CSTACK
    | Stack used (prev) :  00005C68
  01  SmsListMenu::CreateSmsListMenu(int, int, DLG_CSM *)
      | Stack used (prev) :  00005C68
      | + function block  :  0000000C
  <-Sub-tree of type: Function tree
    | Stack used          :  00005C74


  ->Sub-tree of type: Function tree
                             CSTACK
    | Stack used (prev) :  00005C74
  01  SmsListMenu::GetSmsListMenuGUI(int, int, DLG_CSM *, int)
      | Stack used (prev) :  00005C74
      | + function block  :  0000001C
  <-Sub-tree of type: Function tree
    | Stack used          :  00005C90


  ->Sub-tree of type: Function tree
                             CSTACK
    | Stack used (prev) :  00005C90
  01  SmsOptionMenu::SmsOptionMenu()
      | Stack used (prev) :  00005C90
      | + function block  :  00000000
  <-Sub-tree of type: Function tree
    | Stack used          :  00005C90


  ->Sub-tree of type: Function tree
                             CSTACK
    | Stack used (prev) :  00005C90
  01  SmsOptionMenu::CreateSmsOptionMenu(DLG_CSM *, int, int, _SDLIST *)
      | Stack used (prev) :  00005C90
      | + function block  :  00000008
  <-Sub-tree of type: Function tree
    | Stack used          :  00005C98


  ->Sub-tree of type: Function tree
                             CSTACK
    | Stack used (prev) :  00005C98
  01  SmsListMenu::ReCreateMe(void *)
      | Stack used (prev) :  00005C98
      | + function block  :  0000001C
  <-Sub-tree of type: Function tree
    | Stack used          :  00005CB4


  ->Sub-tree of type: Function tree
                             CSTACK
    | Stack used (prev) :  00005CB4
  01  TViewGUI::new TViewGUI()
      | Stack used (prev) :  00005CB4
      | + function block  :  00000004
  <-Sub-tree of type: Function tree
    | Stack used          :  00005CB8


  ->Sub-tree of type: Function tree
                             CSTACK
    | Stack used (prev) :  00005CB8
  01  TViewGUI::CreateTViewGUI(WSHDR *, WSHDR *)
      | Stack used (prev) :  00005CB8
      | + function block  :  00000020
  <-Sub-tree of type: Function tree
    | Stack used          :  00005CD8


  ->Sub-tree of type: Function tree
                             CSTACK
    | Stack used (prev) :  00005CD8
  01  TabGUI::TabGUI()
      | Stack used (prev) :  00005CD8
      | + function block  :  00000008
  <-Sub-tree of type: Function tree
    | Stack used          :  00005CE0


  ->Sub-tree of type: Function tree
                             CSTACK
    | Stack used (prev) :  00005CE0
  01  TabGUI::~TabGUI()
      | Stack used (prev) :  00005CE0
      | + function block  :  00000000
  <-Sub-tree of type: Function tree
    | Stack used          :  00005CE0


  ->Sub-tree of type: Function tree
                             CSTACK
    | Stack used (prev) :  00005CE0
  01  TabGUI::CreateTabGUI(DLG_CSM *)
      | Stack used (prev) :  00005CE0
      | + function block  :  0000001C
  <-Sub-tree of type: Function tree
    | Stack used          :  00005CFC


  ->Sub-tree of type: Function tree
                             CSTACK
    | Stack used (prev) :  00005CFC
  01  TabGUI::ReCreateTabGUI(DLG_CSM *)
      | Stack used (prev) :  00005CFC
      | + function block  :  00000028
  <-Sub-tree of type: Function tree
    | Stack used          :  00005D24


  ->Sub-tree of type: Function tree
                             CSTACK
    | Stack used (prev) :  00005D24
  01  TplMenu::delete ~TplMenu(TplMenu *)
      | Stack used (prev) :  00005D24
      | + function block  :  00000008
  <-Sub-tree of type: Function tree
    | Stack used          :  00005D2C


  ->Sub-tree of type: Function tree
                             CSTACK
    | Stack used (prev) :  00005D2C
  01  TplMenu::new TplMenu()
      | Stack used (prev) :  00005D2C
      | + function block  :  00000004
  <-Sub-tree of type: Function tree
    | Stack used          :  00005D30


  ->Sub-tree of type: Function tree
                             CSTACK
    | Stack used (prev) :  00005D30
  01  TplMenu::TplMenu()
      | Stack used (prev) :  00005D30
      | + function block  :  00000000
  <-Sub-tree of type: Function tree
    | Stack used          :  00005D30


  ->Sub-tree of type: Function tree
                             CSTACK
    | Stack used (prev) :  00005D30
  01  TplMenu::AllocTPList()
      | Stack used (prev) :  00005D30
      | + function block  :  00000008
  <-Sub-tree of type: Function tree
    | Stack used          :  00005D38


  ->Sub-tree of type: Function tree
                             CSTACK
    | Stack used (prev) :  00005D38
  01  TplMenu::AddToTPList(_TPLIST *)
      | Stack used (prev) :  00005D38
      | + function block  :  0000000C
  <-Sub-tree of type: Function tree
    | Stack used          :  00005D44


  ->Sub-tree of type: Function tree
                             CSTACK
    | Stack used (prev) :  00005D44
  01  TplMenu::FreeTPList()
      | Stack used (prev) :  00005D44
      | + function block  :  0000000C
  <-Sub-tree of type: Function tree
    | Stack used          :  00005D50


  ->Sub-tree of type: Function tree
                             CSTACK
    | Stack used (prev) :  00005D50
  01  TplMenu::ReadTpl()
      | Stack used (prev) :  00005D50
      | + function block  :  000024F4
  <-Sub-tree of type: Function tree
    | Stack used          :  00008244


  ->Sub-tree of type: Function tree
                             CSTACK
    | Stack used (prev) :  00008244
  01  TplMenu::GetTpl(int)
      | Stack used (prev) :  00008244
      | + function block  :  00000000
  <-Sub-tree of type: Function tree
    | Stack used          :  00008244


  ->Sub-tree of type: Function tree
                             CSTACK
    | Stack used (prev) :  00008244
  01  TplMenu::CreateTplMenu(void *)
      | Stack used (prev) :  00008244
      | + function block  :  0000000C
  <-Sub-tree of type: Function tree
    | Stack used          :  00008250


  ->Sub-tree of type: Function tree
                             CSTACK
    | Stack used (prev) :  00008250
  01  Vibra::new Vibra()
      | Stack used (prev) :  00008250
      | + function block  :  00000004
  <-Sub-tree of type: Function tree
    | Stack used          :  00008254


  ->Sub-tree of type: Function tree
                             CSTACK
    | Stack used (prev) :  00008254
  01  Vibra::delete ~Vibra(Vibra *)
      | Stack used (prev) :  00008254
      | + function block  :  00000008
  <-Sub-tree of type: Function tree
    | Stack used          :  0000825C


  ->Sub-tree of type: Function tree
                             CSTACK
    | Stack used (prev) :  0000825C
  01  Vibra::Vibra()
      | Stack used (prev) :  0000825C
      | + function block  :  00000008
  <-Sub-tree of type: Function tree
    | Stack used          :  00008264


  ->Sub-tree of type: Function tree
                             CSTACK
    | Stack used (prev) :  00008264
  01  Vibra::InitThythm()
      | Stack used (prev) :  00008264
      | + function block  :  00000014
  <-Sub-tree of type: Function tree
    | Stack used          :  00008278


  ->Sub-tree of type: Function tree
                             CSTACK
    | Stack used (prev) :  00008278
  01  Vibra::ReInitThythm()
      | Stack used (prev) :  00008278
      | + function block  :  00000008
  <-Sub-tree of type: Function tree
    | Stack used          :  00008280


  ->Sub-tree of type: Function tree
                             CSTACK
    | Stack used (prev) :  00008280
  01  Vibra::VibraStart()
      | Stack used (prev) :  00008280
      | + function block  :  00000008
  <-Sub-tree of type: Function tree
    | Stack used          :  00008288


  ->Sub-tree of type: Function tree
                             CSTACK
    | Stack used (prev) :  00008288
  01  Vibra::VibraNext()
      | Stack used (prev) :  00008288
      | + function block  :  00000008
  <-Sub-tree of type: Function tree
    | Stack used          :  00008290


  ->Sub-tree of type: Function tree
                             CSTACK
    | Stack used (prev) :  00008290
  01  Vibra::VibraStop()
      | Stack used (prev) :  00008290
      | + function block  :  00000004
  <-Sub-tree of type: Function tree
    | Stack used          :  00008294


  ->Sub-tree of type: Function tree
                             CSTACK
    | Stack used (prev) :  00008294
  01  operator new(unsigned int)
      | Stack used (prev) :  00008294
      | + function block  :  00000004
  <-Sub-tree of type: Function tree
    | Stack used          :  00008298


  ->Sub-tree of type: Function tree
                             CSTACK
    | Stack used (prev) :  00008298
  01  operator new[](unsigned int)
      | Stack used (prev) :  00008298
      | + function block  :  00000004
  <-Sub-tree of type: Function tree
    | Stack used          :  0000829C


  ->Sub-tree of type: Function tree
                             CSTACK
    | Stack used (prev) :  0000829C
  01  operator delete(void *)
      | Stack used (prev) :  0000829C
      | + function block  :  00000004
  <-Sub-tree of type: Function tree
    | Stack used          :  000082A0


  ->Sub-tree of type: Function tree
                             CSTACK
    | Stack used (prev) :  000082A0
  01  LoadConfigData
      | Stack used (prev) :  000082A0
      | + function block  :  00000024
  <-Sub-tree of type: Function tree
    | Stack used          :  000082C4


  ->Sub-tree of type: Function tree
                             CSTACK
    | Stack used (prev) :  000082C4
  01  InitConfig
      | Stack used (prev) :  000082C4
      | + function block  :  00000008
  <-Sub-tree of type: Function tree
    | Stack used          :  000082CC


  ->Sub-tree of type: Function tree
                             CSTACK
    | Stack used (prev) :  000082CC
  01  main
      | Stack used (prev) :  000082CC
      | + function block  :  00000004
  <-Sub-tree of type: Function tree
    | Stack used          :  000082D0


  ->Sub-tree of type: Function tree
                             CSTACK
    | Stack used (prev) :  000082D0
  01  ascii_2ws(WSHDR *, char const *, int)
      | Stack used (prev) :  000082D0
      | + function block  :  00000018
  <-Sub-tree of type: Function tree
    | Stack used          :  000082E8


  ->Sub-tree of type: Function tree
                             CSTACK
    | Stack used (prev) :  000082E8
  01  wstrcmp_nocase(WSHDR *, WSHDR *)
      | Stack used (prev) :  000082E8
      | + function block  :  00000008
  <-Sub-tree of type: Function tree
    | Stack used          :  000082F0


  ->Sub-tree of type: Function tree
                             CSTACK
    | Stack used (prev) :  000082F0
  01  wstrncmp_nocase(WSHDR *, WSHDR *, int)
      | Stack used (prev) :  000082F0
      | + function block  :  0000000C
  <-Sub-tree of type: Function tree
    | Stack used          :  000082FC


  ->Sub-tree of type: Function tree
                             CSTACK
    | Stack used (prev) :  000082FC
  01  num_2ws(WSHDR *, char const *, int)
      | Stack used (prev) :  000082FC
      | + function block  :  0000001C
  <-Sub-tree of type: Function tree
    | Stack used          :  00008318


  ->Sub-tree of type: Function tree
                             CSTACK
    | Stack used (prev) :  00008318
  01  ws_2num(WSHDR *, char *, int)
      | Stack used (prev) :  00008318
      | + function block  :  00000004
  <-Sub-tree of type: Function tree
    | Stack used          :  0000831C


  ->Sub-tree of type: Function tree
                             CSTACK
    | Stack used (prev) :  0000831C
  01  str2int(char const *)
      | Stack used (prev) :  0000831C
      | + function block  :  00000000
  <-Sub-tree of type: Function tree
    | Stack used          :  0000831C


  ->Sub-tree of type: Function tree
                             CSTACK
    | Stack used (prev) :  0000831C
  01  IsWsSmall(WSHDR *)
      | Stack used (prev) :  0000831C
      | + function block  :  00000000
  <-Sub-tree of type: Function tree
    | Stack used          :  0000831C


  ->Sub-tree of type: Function tree
                             CSTACK
    | Stack used (prev) :  0000831C
  01  IsNum(WSHDR *)
      | Stack used (prev) :  0000831C
      | + function block  :  00000000
  <-Sub-tree of type: Function tree
    | Stack used          :  0000831C


  ->Sub-tree of type: Function tree
                             CSTACK
    | Stack used (prev) :  0000831C
  01  w_charcmp_nocase(unsigned short *, unsigned short *, int)
      | Stack used (prev) :  0000831C
      | + function block  :  00000004
  <-Sub-tree of type: Function tree
    | Stack used          :  00008320


  ->Sub-tree of type: Function tree
                             CSTACK
    | Stack used (prev) :  00008320
  01  wstrstr(WSHDR *, WSHDR *)
      | Stack used (prev) :  00008320
      | + function block  :  0000001C
  <-Sub-tree of type: Function tree
    | Stack used          :  0000833C


  ->Sub-tree of type: Function tree
                             CSTACK
    | Stack used (prev) :  0000833C
  01  NumberMatch(char const *, char const *)
      | Stack used (prev) :  0000833C
      | + function block  :  00000014
  <-Sub-tree of type: Function tree
    | Stack used          :  00008350


  ->Sub-tree of type: Function tree
                             CSTACK
    | Stack used (prev) :  00008350
  01  StrClearChr(char *, int)
      | Stack used (prev) :  00008350
      | + function block  :  00000000
  <-Sub-tree of type: Function tree
    | Stack used          :  00008350




                ****************************************
                *                                      *
                *      SEGMENTS IN ADDRESS ORDER       *
                *                                      *
                ****************************************


SEGMENT              SPACE    START ADDRESS   END ADDRESS     SIZE  TYPE  ALIGN
=======              =====    =============   ===========     ====  ====  =====
ELFBEGIN             CODE_AREA           00000000                     rel    0
DATA_ID              CODE_AREA      00000000 - 00000423         424   rel    2
START                CODE_AREA           00000424                     dse    0
CODE                 CODE_AREA      00000424 - 0000BE2B        BA08   rel    2
DATA_C               CODE_AREA      0000BE2C - 0000CAA1         C76   rel    2
INITTAB              CODE_AREA      0000CAA4 - 0000CABB          18   rel    2
DATA_Z               CODE_AREA      0000CABC - 00010BD3        4118   rel    2
MYSEG                CODE_AREA           00010BD4                     dse    0
DATA_N               CODE_AREA           00010BD4                     dse    0
CONFIG_C             CODE_AREA      00010BD4 - 000115BB         9E8   rel    2
DATA_I               DATA_AREA      00000000 - 00000423         424   rel    2

                ****************************************
                *                                      *
                *        END OF CROSS REFERENCE        *
                *                                      *
                ****************************************

 71 098 bytes of CODE memory
  1 060 bytes of DATA memory

Errors: none
Warnings: none

