################################################################################
#                                                                              #
#      IAR Universal Linker V4.59Z/386                                         #
#                                                                              #
#           Link time     =  28/Mar/2008  19:09:11                             #
#           Target CPU    =  ARM                                               #
#           List file     =  E:\Ivo\arm\IVOPLAY\NewSGold\List\ivoplay_nsg.map  #
#           Output file 1 =  E:\Ivo\arm\IVOPLAY\NewSGold\Exe\ivoplay_nsg.elf   #
#                            Format: elf, variant: -ynpra                      #
#           Command line  =  E:\Ivo\arm\IVOPLAY\NewSGold\Obj\CONFIG.r79        #
#                            E:\Ivo\arm\IVOPLAY\NewSGold\Obj\FUNC.r79          #
#                            E:\Ivo\arm\IVOPLAY\NewSGold\Obj\MAIN.r79          #
#                            E:\Ivo\arm\IVOPLAY\NewSGold\Obj\MAINMENU.r79      #
#                            E:\Ivo\arm\IVOPLAY\NewSGold\Obj\SPYSOK.r79        #
#                            E:\Ivo\arm\IVOPLAY\NewSGold\Obj\conf_loader.r79   #
#                            E:\Ivo\arm\IVOPLAY\NewSGold\Obj\mediafiles.r79    #
#                            E:\Ivo\arm\IVOPLAY\NewSGold\Obj\mediafiles_base.r #
#                            79                                                #
#                            E:\Ivo\arm\IVOPLAY\NewSGold\Obj\medialibrary.r79  #
#                            E:\Ivo\arm\IVOPLAY\NewSGold\Obj\playlists.r79     #
#                            -o                                                #
#                            E:\Ivo\arm\IVOPLAY\NewSGold\Exe\ivoplay_nsg.elf   #
#                            -Felf -l                                          #
#                            E:\Ivo\arm\IVOPLAY\NewSGold\List\ivoplay_nsg.map  #
#                            -xmsnio -f E:\Ivo\arm\IVOPLAY\test.xcl (-carm     #
#                            -V(CODE)CODE_AREA,12 -V(DATA)DATA_AREA,12         #
#                            -Z(CODE_AREA)ELFBEGIN,DATA_ID,START,CODE,DATA_C,I #
#                            NITTAB,DATA_Z,DATA_N,CONFIG_C=0-FFFFFFFF          #
#                            -Z(DATA_AREA)DATA_I=0-FFFFFFFF) -ynpra            #
#                            D:\arm\ARM\LIB\dl5tpainl8n.r79 -s main            #
#                                                                              #
#                        Copyright 1987-2006 IAR Systems. All rights reserved. #
################################################################################





                ****************************************
                *                                      *
                *           CROSS REFERENCE            *
                *                                      *
                ****************************************

       Program entry at : CODE_AREA 0000826C  Relocatable, from module : MAIN




                ****************************************
                *                                      *
                *            RUNTIME MODEL             *
                *                                      *
                ****************************************

  StackAlign4  = USED
  __cpu_mode   = __pcs__interwork
  __data_model = absolute
  __endian     = little
  __rt_version = 6



                ****************************************
                *                                      *
                *              MODULE MAP              *
                *                                      *
                ****************************************


  DEFINED ABSOLUTE ENTRIES
    *************************************************************************

  DEFINED ABSOLUTE ENTRIES
    *************************************************************************

  FILE NAME : E:\Ivo\arm\IVOPLAY\NewSGold\Obj\CONFIG.r79
  PROGRAM MODULE, NAME : CONFIG

  SEGMENTS IN THE MODULE
  ======================
CONFIG_C
  Relative segment, address: CODE_AREA 0003000C - 00030037 (0x2c bytes), align: 2
  Segment part 2. ROOT.
           ENTRY                   ADDRESS         REF BY
           =====                   =======         ======
           cfghdr0                 0003000C        LoadConfigData (conf_loader)
    -------------------------------------------------------------------------
CONFIG_C
  Relative segment, address: CODE_AREA 00030038 - 000300B7 (0x80 bytes), align: 2
  Segment part 3. ROOT.
           ENTRY                   ADDRESS         REF BY
           =====                   =======         ======
           folder                  00030038        Segment part 29 (SPYSOK)
    -------------------------------------------------------------------------
CONFIG_C
  Relative segment, address: CODE_AREA 000300B8 - 000300E3 (0x2c bytes), align: 2
  Segment part 4. ROOT.
           ENTRY                   ADDRESS         REF BY
           =====                   =======         ======
           cfghdr_m10              000300B8 
    -------------------------------------------------------------------------
CONFIG_C
  Relative segment, address: CODE_AREA 000300E4 - 0003010F (0x2c bytes), align: 2
  Segment part 5. ROOT.
           ENTRY                   ADDRESS         REF BY
           =====                   =======         ======
           cfghdr1                 000300E4 
    -------------------------------------------------------------------------
CONFIG_C
  Relative segment, address: CODE_AREA 00030110 - 00030113 (0x4 bytes), align: 2
  Segment part 6. ROOT.
           ENTRY                   ADDRESS         REF BY
           =====                   =======         ======
           EnableIconOnIdle        00030110        maincsm_onmessage (MAIN)
    -------------------------------------------------------------------------
CONFIG_C
  Relative segment, address: CODE_AREA 00030114 - 0003013F (0x2c bytes), align: 2
  Segment part 7. ROOT.
           ENTRY                   ADDRESS         REF BY
           =====                   =======         ======
           cfghdr2                 00030114 
    -------------------------------------------------------------------------
CONFIG_C
  Relative segment, address: CODE_AREA 00030140 - 00030143 (0x4 bytes), align: 2
  Segment part 8. ROOT.
           ENTRY                   ADDRESS         REF BY
           =====                   =======         ======
           IDLEICON_X              00030140        maincsm_onmessage (MAIN)
    -------------------------------------------------------------------------
CONFIG_C
  Relative segment, address: CODE_AREA 00030144 - 00030147 (0x4 bytes), align: 2
  Segment part 9. ROOT.
           ENTRY                   ADDRESS         REF BY
           =====                   =======         ======
           IDLEICON_Y              00030144        maincsm_onmessage (MAIN)
    -------------------------------------------------------------------------
CONFIG_C
  Relative segment, address: CODE_AREA 00030148 - 00030173 (0x2c bytes), align: 2
  Segment part 10. ROOT.
           ENTRY                   ADDRESS         REF BY
           =====                   =======         ======
           cfghdr_m11              00030148 
    -------------------------------------------------------------------------
CONFIG_C
  Relative segment, address: CODE_AREA 00030174 - 0003019F (0x2c bytes), align: 2
  Segment part 11. ROOT.
           ENTRY                   ADDRESS         REF BY
           =====                   =======         ======
           cfghdr_m20              00030174 
    -------------------------------------------------------------------------
CONFIG_C
  Relative segment, address: CODE_AREA 000301A0 - 000301CB (0x2c bytes), align: 2
  Segment part 12. ROOT.
           ENTRY                   ADDRESS         REF BY
           =====                   =======         ======
           cfghdr6                 000301A0 
    -------------------------------------------------------------------------
CONFIG_C
  Relative segment, address: CODE_AREA 000301CC - 000301CF (0x4 bytes), align: 2
  Segment part 13. ROOT.
           ENTRY                   ADDRESS         REF BY
           =====                   =======         ======
           format_1                000301CC        CreateMediaLibrary (medialibrary)
                                                   Segment part 333 (MAIN)
                                                   Segment part 576 (MAIN)
                                                   Segment part 679 (MAIN)
    -------------------------------------------------------------------------
CONFIG_C
  Relative segment, address: CODE_AREA 000301D0 - 000301FB (0x2c bytes), align: 2
  Segment part 14. ROOT.
           ENTRY                   ADDRESS         REF BY
           =====                   =======         ======
           cfghdr7                 000301D0 
    -------------------------------------------------------------------------
CONFIG_C
  Relative segment, address: CODE_AREA 000301FC - 000301FF (0x4 bytes), align: 2
  Segment part 15. ROOT.
           ENTRY                   ADDRESS         REF BY
           =====                   =======         ======
           format_2                000301FC        CreateMediaLibrary (medialibrary)
                                                   Segment part 334 (MAIN)
                                                   Segment part 577 (MAIN)
                                                   Segment part 680 (MAIN)
    -------------------------------------------------------------------------
CONFIG_C
  Relative segment, address: CODE_AREA 00030200 - 0003022B (0x2c bytes), align: 2
  Segment part 16. ROOT.
           ENTRY                   ADDRESS         REF BY
           =====                   =======         ======
           cfghdr8                 00030200 
    -------------------------------------------------------------------------
CONFIG_C
  Relative segment, address: CODE_AREA 0003022C - 0003022F (0x4 bytes), align: 2
  Segment part 17. ROOT.
           ENTRY                   ADDRESS         REF BY
           =====                   =======         ======
           format_3                0003022C        CreateMediaLibrary (medialibrary)
                                                   Segment part 335 (MAIN)
                                                   Segment part 578 (MAIN)
                                                   Segment part 681 (MAIN)
    -------------------------------------------------------------------------
CONFIG_C
  Relative segment, address: CODE_AREA 00030230 - 0003025B (0x2c bytes), align: 2
  Segment part 18. ROOT.
           ENTRY                   ADDRESS         REF BY
           =====                   =======         ======
           cfghdr9                 00030230 
    -------------------------------------------------------------------------
CONFIG_C
  Relative segment, address: CODE_AREA 0003025C - 0003025F (0x4 bytes), align: 2
  Segment part 19. ROOT.
           ENTRY                   ADDRESS         REF BY
           =====                   =======         ======
           format_4                0003025C        CreateMediaLibrary (medialibrary)
                                                   Segment part 336 (MAIN)
                                                   Segment part 579 (MAIN)
                                                   Segment part 682 (MAIN)
    -------------------------------------------------------------------------
CONFIG_C
  Relative segment, address: CODE_AREA 00030260 - 0003028B (0x2c bytes), align: 2
  Segment part 20. ROOT.
           ENTRY                   ADDRESS         REF BY
           =====                   =======         ======
           cfghdr_m21              00030260 
    -------------------------------------------------------------------------
CONFIG_C
  Relative segment, address: CODE_AREA 0003028C - 000302B7 (0x2c bytes), align: 2
  Segment part 21. ROOT.
           ENTRY                   ADDRESS         REF BY
           =====                   =======         ======
           cfghdr_m30              0003028C 
    -------------------------------------------------------------------------
CONFIG_C
  Relative segment, address: CODE_AREA 000302B8 - 000302E3 (0x2c bytes), align: 2
  Segment part 22. ROOT.
           ENTRY                   ADDRESS         REF BY
           =====                   =======         ======
           cfghdr4                 000302B8 
    -------------------------------------------------------------------------
CONFIG_C
  Relative segment, address: CODE_AREA 000302E4 - 000302E7 (0x4 bytes), align: 2
  Segment part 23. ROOT.
           ENTRY                   ADDRESS         REF BY
           =====                   =======         ======
           entime                  000302E4        OnRedraw (MAIN)
                                                   Segment part 461 (MAIN)
                                                   Segment part 544 (MAIN)
                                                   Segment part 649 (MAIN)
    -------------------------------------------------------------------------
CONFIG_C
  Relative segment, address: CODE_AREA 000302E8 - 00030313 (0x2c bytes), align: 2
  Segment part 24. ROOT.
           ENTRY                   ADDRESS         REF BY
           =====                   =======         ======
           cfghdr5                 000302E8 
    -------------------------------------------------------------------------
CONFIG_C
  Relative segment, address: CODE_AREA 00030314 - 00030317 (0x4 bytes), align: 2
  Segment part 25. ROOT.
           ENTRY                   ADDRESS         REF BY
           =====                   =======         ======
           RedrawTime              00030314        Segment part 463 (MAIN)
                                                   Segment part 546 (MAIN)
                                                   Segment part 651 (MAIN)
    -------------------------------------------------------------------------
CONFIG_C
  Relative segment, address: CODE_AREA 00030318 - 00030343 (0x2c bytes), align: 2
  Segment part 26. ROOT.
           ENTRY                   ADDRESS         REF BY
           =====                   =======         ======
           cfghdr_m31              00030318 
    -------------------------------------------------------------------------
CONFIG_C
  Relative segment, address: CODE_AREA 00030344 - 0003036F (0x2c bytes), align: 2
  Segment part 27. ROOT.
           ENTRY                   ADDRESS         REF BY
           =====                   =======         ======
           cfghdr12                00030344 
    -------------------------------------------------------------------------
CONFIG_C
  Relative segment, address: CODE_AREA 00030370 - 00030373 (0x4 bytes), align: 2
  Segment part 28. ROOT.
           ENTRY                   ADDRESS         REF BY
           =====                   =======         ======
           EnableHook              00030370        my_keyhook (MAIN)
    -------------------------------------------------------------------------
CONFIG_C
  Relative segment, address: CODE_AREA 00030374 - 000303D3 (0x60 bytes), align: 2
  Segment part 29. ROOT.
           ENTRY                   ADDRESS         REF BY
           =====                   =======         ======
           cfgcbox11               00030374 
    -------------------------------------------------------------------------
CONFIG_C
  Relative segment, address: CODE_AREA 000303D4 - 000303FF (0x2c bytes), align: 2
  Segment part 30. ROOT.
           ENTRY                   ADDRESS         REF BY
           =====                   =======         ======
           cfghdr_m50              000303D4 
    -------------------------------------------------------------------------
CONFIG_C
  Relative segment, address: CODE_AREA 00030400 - 0003042B (0x2c bytes), align: 2
  Segment part 31. ROOT.
           ENTRY                   ADDRESS         REF BY
           =====                   =======         ======
           cfghdr23                00030400 
    -------------------------------------------------------------------------
CONFIG_C
  Relative segment, address: CODE_AREA 0003042C - 0003042F (0x4 bytes), align: 2
  Segment part 32. ROOT.
           ENTRY                   ADDRESS         REF BY
           =====                   =======         ======
           Key1                    0003042C        OnKey (MAIN)
                                                   Segment part 488 (MAIN)
    -------------------------------------------------------------------------
CONFIG_C
  Relative segment, address: CODE_AREA 00030430 - 000306CF (0x2a0 bytes), align: 2
  Segment part 33. ROOT.
           ENTRY                   ADDRESS         REF BY
           =====                   =======         ======
           cfgcbox14               00030430 
    -------------------------------------------------------------------------
CONFIG_C
  Relative segment, address: CODE_AREA 000306D0 - 000306FB (0x2c bytes), align: 2
  Segment part 34. ROOT.
           ENTRY                   ADDRESS         REF BY
           =====                   =======         ======
           cfghdr24                000306D0 
    -------------------------------------------------------------------------
CONFIG_C
  Relative segment, address: CODE_AREA 000306FC - 000306FF (0x4 bytes), align: 2
  Segment part 35. ROOT.
           ENTRY                   ADDRESS         REF BY
           =====                   =======         ======
           Key2                    000306FC        OnKey (MAIN)
                                                   Segment part 489 (MAIN)
    -------------------------------------------------------------------------
CONFIG_C
  Relative segment, address: CODE_AREA 00030700 - 0003099F (0x2a0 bytes), align: 2
  Segment part 36. ROOT.
           ENTRY                   ADDRESS         REF BY
           =====                   =======         ======
           cfgcbox15               00030700 
    -------------------------------------------------------------------------
CONFIG_C
  Relative segment, address: CODE_AREA 000309A0 - 000309CB (0x2c bytes), align: 2
  Segment part 37. ROOT.
           ENTRY                   ADDRESS         REF BY
           =====                   =======         ======
           cfghdr25                000309A0 
    -------------------------------------------------------------------------
CONFIG_C
  Relative segment, address: CODE_AREA 000309CC - 000309CF (0x4 bytes), align: 2
  Segment part 38. ROOT.
           ENTRY                   ADDRESS         REF BY
           =====                   =======         ======
           Key3                    000309CC        OnKey (MAIN)
                                                   Segment part 490 (MAIN)
    -------------------------------------------------------------------------
CONFIG_C
  Relative segment, address: CODE_AREA 000309D0 - 00030C6F (0x2a0 bytes), align: 2
  Segment part 39. ROOT.
           ENTRY                   ADDRESS         REF BY
           =====                   =======         ======
           cfgcbox16               000309D0 
    -------------------------------------------------------------------------
CONFIG_C
  Relative segment, address: CODE_AREA 00030C70 - 00030C9B (0x2c bytes), align: 2
  Segment part 40. ROOT.
           ENTRY                   ADDRESS         REF BY
           =====                   =======         ======
           cfghdr26                00030C70 
    -------------------------------------------------------------------------
CONFIG_C
  Relative segment, address: CODE_AREA 00030C9C - 00030C9F (0x4 bytes), align: 2
  Segment part 41. ROOT.
           ENTRY                   ADDRESS         REF BY
           =====                   =======         ======
           Key4                    00030C9C        OnKey (MAIN)
                                                   Segment part 491 (MAIN)
    -------------------------------------------------------------------------
CONFIG_C
  Relative segment, address: CODE_AREA 00030CA0 - 00030F3F (0x2a0 bytes), align: 2
  Segment part 42. ROOT.
           ENTRY                   ADDRESS         REF BY
           =====                   =======         ======
           cfgcbox17               00030CA0 
    -------------------------------------------------------------------------
CONFIG_C
  Relative segment, address: CODE_AREA 00030F40 - 00030F6B (0x2c bytes), align: 2
  Segment part 43. ROOT.
           ENTRY                   ADDRESS         REF BY
           =====                   =======         ======
           cfghdr27                00030F40 
    -------------------------------------------------------------------------
CONFIG_C
  Relative segment, address: CODE_AREA 00030F6C - 00030F6F (0x4 bytes), align: 2
  Segment part 44. ROOT.
           ENTRY                   ADDRESS         REF BY
           =====                   =======         ======
           Key5                    00030F6C        OnKey (MAIN)
                                                   Segment part 492 (MAIN)
    -------------------------------------------------------------------------
CONFIG_C
  Relative segment, address: CODE_AREA 00030F70 - 0003120F (0x2a0 bytes), align: 2
  Segment part 45. ROOT.
           ENTRY                   ADDRESS         REF BY
           =====                   =======         ======
           cfgcbox18               00030F70 
    -------------------------------------------------------------------------
CONFIG_C
  Relative segment, address: CODE_AREA 00031210 - 0003123B (0x2c bytes), align: 2
  Segment part 46. ROOT.
           ENTRY                   ADDRESS         REF BY
           =====                   =======         ======
           cfghdr28                00031210 
    -------------------------------------------------------------------------
CONFIG_C
  Relative segment, address: CODE_AREA 0003123C - 0003123F (0x4 bytes), align: 2
  Segment part 47. ROOT.
           ENTRY                   ADDRESS         REF BY
           =====                   =======         ======
           Key6                    0003123C        OnKey (MAIN)
                                                   Segment part 493 (MAIN)
    -------------------------------------------------------------------------
CONFIG_C
  Relative segment, address: CODE_AREA 00031240 - 000314DF (0x2a0 bytes), align: 2
  Segment part 48. ROOT.
           ENTRY                   ADDRESS         REF BY
           =====                   =======         ======
           cfgcbox19               00031240 
    -------------------------------------------------------------------------
CONFIG_C
  Relative segment, address: CODE_AREA 000314E0 - 0003150B (0x2c bytes), align: 2
  Segment part 49. ROOT.
           ENTRY                   ADDRESS         REF BY
           =====                   =======         ======
           cfghdr29                000314E0 
    -------------------------------------------------------------------------
CONFIG_C
  Relative segment, address: CODE_AREA 0003150C - 0003150F (0x4 bytes), align: 2
  Segment part 50. ROOT.
           ENTRY                   ADDRESS         REF BY
           =====                   =======         ======
           Key7                    0003150C        OnKey (MAIN)
                                                   Segment part 494 (MAIN)
    -------------------------------------------------------------------------
CONFIG_C
  Relative segment, address: CODE_AREA 00031510 - 000317AF (0x2a0 bytes), align: 2
  Segment part 51. ROOT.
           ENTRY                   ADDRESS         REF BY
           =====                   =======         ======
           cfgcbox20               00031510 
    -------------------------------------------------------------------------
CONFIG_C
  Relative segment, address: CODE_AREA 000317B0 - 000317DB (0x2c bytes), align: 2
  Segment part 52. ROOT.
           ENTRY                   ADDRESS         REF BY
           =====                   =======         ======
           cfghdr30                000317B0 
    -------------------------------------------------------------------------
CONFIG_C
  Relative segment, address: CODE_AREA 000317DC - 000317DF (0x4 bytes), align: 2
  Segment part 53. ROOT.
           ENTRY                   ADDRESS         REF BY
           =====                   =======         ======
           Key8                    000317DC        OnKey (MAIN)
                                                   Segment part 495 (MAIN)
    -------------------------------------------------------------------------
CONFIG_C
  Relative segment, address: CODE_AREA 000317E0 - 00031A7F (0x2a0 bytes), align: 2
  Segment part 54. ROOT.
           ENTRY                   ADDRESS         REF BY
           =====                   =======         ======
           cfgcbox21               000317E0 
    -------------------------------------------------------------------------
CONFIG_C
  Relative segment, address: CODE_AREA 00031A80 - 00031AAB (0x2c bytes), align: 2
  Segment part 55. ROOT.
           ENTRY                   ADDRESS         REF BY
           =====                   =======         ======
           cfghdr31                00031A80 
    -------------------------------------------------------------------------
CONFIG_C
  Relative segment, address: CODE_AREA 00031AAC - 00031AAF (0x4 bytes), align: 2
  Segment part 56. ROOT.
           ENTRY                   ADDRESS         REF BY
           =====                   =======         ======
           Key9                    00031AAC        OnKey (MAIN)
                                                   Segment part 496 (MAIN)
    -------------------------------------------------------------------------
CONFIG_C
  Relative segment, address: CODE_AREA 00031AB0 - 00031D4F (0x2a0 bytes), align: 2
  Segment part 57. ROOT.
           ENTRY                   ADDRESS         REF BY
           =====                   =======         ======
           cfgcbox22               00031AB0 
    -------------------------------------------------------------------------
CONFIG_C
  Relative segment, address: CODE_AREA 00031D50 - 00031D7B (0x2c bytes), align: 2
  Segment part 58. ROOT.
           ENTRY                   ADDRESS         REF BY
           =====                   =======         ======
           cfghdr32                00031D50 
    -------------------------------------------------------------------------
CONFIG_C
  Relative segment, address: CODE_AREA 00031D7C - 00031D7F (0x4 bytes), align: 2
  Segment part 59. ROOT.
           ENTRY                   ADDRESS         REF BY
           =====                   =======         ======
           KeyZ                    00031D7C        OnKey (MAIN)
                                                   Segment part 498 (MAIN)
    -------------------------------------------------------------------------
CONFIG_C
  Relative segment, address: CODE_AREA 00031D80 - 0003201F (0x2a0 bytes), align: 2
  Segment part 60. ROOT.
           ENTRY                   ADDRESS         REF BY
           =====                   =======         ======
           cfgcbox23               00031D80 
    -------------------------------------------------------------------------
CONFIG_C
  Relative segment, address: CODE_AREA 00032020 - 0003204B (0x2c bytes), align: 2
  Segment part 61. ROOT.
           ENTRY                   ADDRESS         REF BY
           =====                   =======         ======
           cfghdr33                00032020 
    -------------------------------------------------------------------------
CONFIG_C
  Relative segment, address: CODE_AREA 0003204C - 0003204F (0x4 bytes), align: 2
  Segment part 62. ROOT.
           ENTRY                   ADDRESS         REF BY
           =====                   =======         ======
           Key0                    0003204C        OnKey (MAIN)
                                                   Segment part 497 (MAIN)
    -------------------------------------------------------------------------
CONFIG_C
  Relative segment, address: CODE_AREA 00032050 - 000322EF (0x2a0 bytes), align: 2
  Segment part 63. ROOT.
           ENTRY                   ADDRESS         REF BY
           =====                   =======         ======
           cfgcbox24               00032050 
    -------------------------------------------------------------------------
CONFIG_C
  Relative segment, address: CODE_AREA 000322F0 - 0003231B (0x2c bytes), align: 2
  Segment part 64. ROOT.
           ENTRY                   ADDRESS         REF BY
           =====                   =======         ======
           cfghdr34                000322F0 
    -------------------------------------------------------------------------
CONFIG_C
  Relative segment, address: CODE_AREA 0003231C - 0003231F (0x4 bytes), align: 2
  Segment part 65. ROOT.
           ENTRY                   ADDRESS         REF BY
           =====                   =======         ======
           KeyR                    0003231C        OnKey (MAIN)
                                                   Segment part 499 (MAIN)
    -------------------------------------------------------------------------
CONFIG_C
  Relative segment, address: CODE_AREA 00032320 - 000325BF (0x2a0 bytes), align: 2
  Segment part 66. ROOT.
           ENTRY                   ADDRESS         REF BY
           =====                   =======         ======
           cfgcbox25               00032320 
    -------------------------------------------------------------------------
CONFIG_C
  Relative segment, address: CODE_AREA 000325C0 - 000325EB (0x2c bytes), align: 2
  Segment part 67. ROOT.
           ENTRY                   ADDRESS         REF BY
           =====                   =======         ======
           cfghdr_m51              000325C0 
    -------------------------------------------------------------------------
CONFIG_C
  Relative segment, address: CODE_AREA 000325EC - 00032617 (0x2c bytes), align: 2
  Segment part 68. ROOT.
           ENTRY                   ADDRESS         REF BY
           =====                   =======         ======
           cfghdr35                000325EC 
    -------------------------------------------------------------------------
CONFIG_C
  Relative segment, address: CODE_AREA 00032618 - 00032697 (0x80 bytes), align: 2
  Segment part 69. ROOT.
           ENTRY                   ADDRESS         REF BY
           =====                   =======         ======
           playerfolder            00032618        OnRedraw (MAIN)
                                                   Segment part 31 (playlists)
                                                   Segment part 356 (MAIN)
                                                   Segment part 367 (MAIN)
                                                   Segment part 47 (mediafiles_base)
                                                   Segment part 49 (MAINMENU)
                                                   Segment part 50 (mediafiles)
                                                   Segment part 527 (MAIN)
                                                   Segment part 596 (MAIN)
                                                   Segment part 668 (MAIN)
                                                   readskinparamsfromfile (MAIN)
    -------------------------------------------------------------------------
CONFIG_C
  Relative segment, address: CODE_AREA 00032698 - 000326C3 (0x2c bytes), align: 2
  Segment part 70. ROOT.
           ENTRY                   ADDRESS         REF BY
           =====                   =======         ======
           cfghdr_m40              00032698 
    -------------------------------------------------------------------------
CONFIG_C
  Relative segment, address: CODE_AREA 000326C4 - 000326EF (0x2c bytes), align: 2
  Segment part 71. ROOT.
           ENTRY                   ADDRESS         REF BY
           =====                   =======         ======
           cfghdr36                000326C4 
    -------------------------------------------------------------------------
CONFIG_C
  Relative segment, address: CODE_AREA 000326F0 - 000326F3 (0x4 bytes), align: 2
  Segment part 72. ROOT.
           ENTRY                   ADDRESS         REF BY
           =====                   =======         ======
           profile1                000326F0        OnKey (MAIN)
                                                   Segment part 557 (MAIN)
    -------------------------------------------------------------------------
CONFIG_C
  Relative segment, address: CODE_AREA 000326F4 - 0003271F (0x2c bytes), align: 2
  Segment part 73. ROOT.
           ENTRY                   ADDRESS         REF BY
           =====                   =======         ======
           cfghdr37                000326F4 
    -------------------------------------------------------------------------
CONFIG_C
  Relative segment, address: CODE_AREA 00032720 - 00032723 (0x4 bytes), align: 2
  Segment part 74. ROOT.
           ENTRY                   ADDRESS         REF BY
           =====                   =======         ======
           profile2                00032720        OnKey (MAIN)
                                                   Segment part 558 (MAIN)
    -------------------------------------------------------------------------
CONFIG_C
  Relative segment, address: CODE_AREA 00032724 - 0003274F (0x2c bytes), align: 2
  Segment part 75. ROOT.
           ENTRY                   ADDRESS         REF BY
           =====                   =======         ======
           cfghdr38                00032724 
    -------------------------------------------------------------------------
CONFIG_C
  Relative segment, address: CODE_AREA 00032750 - 00032753 (0x4 bytes), align: 2
  Segment part 76. ROOT.
           ENTRY                   ADDRESS         REF BY
           =====                   =======         ======
           profile3                00032750        OnKey (MAIN)
                                                   Segment part 559 (MAIN)
    -------------------------------------------------------------------------
CONFIG_C
  Relative segment, address: CODE_AREA 00032754 - 0003277F (0x2c bytes), align: 2
  Segment part 77. ROOT.
           ENTRY                   ADDRESS         REF BY
           =====                   =======         ======
           cfghdr39                00032754 
    -------------------------------------------------------------------------
CONFIG_C
  Relative segment, address: CODE_AREA 00032780 - 00032783 (0x4 bytes), align: 2
  Segment part 78. ROOT.
           ENTRY                   ADDRESS         REF BY
           =====                   =======         ======
           profile4                00032780        OnKey (MAIN)
                                                   Segment part 560 (MAIN)
    -------------------------------------------------------------------------
CONFIG_C
  Relative segment, address: CODE_AREA 00032784 - 000327AF (0x2c bytes), align: 2
  Segment part 79. ROOT.
           ENTRY                   ADDRESS         REF BY
           =====                   =======         ======
           cfghdr40                00032784 
    -------------------------------------------------------------------------
CONFIG_C
  Relative segment, address: CODE_AREA 000327B0 - 000327B3 (0x4 bytes), align: 2
  Segment part 80. ROOT.
           ENTRY                   ADDRESS         REF BY
           =====                   =======         ======
           profile5                000327B0        OnKey (MAIN)
                                                   Segment part 561 (MAIN)
    -------------------------------------------------------------------------
CONFIG_C
  Relative segment, address: CODE_AREA 000327B4 - 000327DF (0x2c bytes), align: 2
  Segment part 81. ROOT.
           ENTRY                   ADDRESS         REF BY
           =====                   =======         ======
           cfghdr41                000327B4 
    -------------------------------------------------------------------------
CONFIG_C
  Relative segment, address: CODE_AREA 000327E0 - 000327E3 (0x4 bytes), align: 2
  Segment part 82. ROOT.
           ENTRY                   ADDRESS         REF BY
           =====                   =======         ======
           profile6                000327E0        OnKey (MAIN)
                                                   Segment part 562 (MAIN)
    -------------------------------------------------------------------------
CONFIG_C
  Relative segment, address: CODE_AREA 000327E4 - 0003280F (0x2c bytes), align: 2
  Segment part 83. ROOT.
           ENTRY                   ADDRESS         REF BY
           =====                   =======         ======
           cfghdr42                000327E4 
    -------------------------------------------------------------------------
CONFIG_C
  Relative segment, address: CODE_AREA 00032810 - 00032813 (0x4 bytes), align: 2
  Segment part 84. ROOT.
           ENTRY                   ADDRESS         REF BY
           =====                   =======         ======
           profile7                00032810        OnKey (MAIN)
                                                   Segment part 563 (MAIN)
    -------------------------------------------------------------------------
CONFIG_C
  Relative segment, address: CODE_AREA 00032814 - 0003283F (0x2c bytes), align: 2
  Segment part 85. ROOT.
           ENTRY                   ADDRESS         REF BY
           =====                   =======         ======
           cfghdr43                00032814 
    -------------------------------------------------------------------------
CONFIG_C
  Relative segment, address: CODE_AREA 00032840 - 00032843 (0x4 bytes), align: 2
  Segment part 86. ROOT.
           ENTRY                   ADDRESS         REF BY
           =====                   =======         ======
           profile8                00032840        OnKey (MAIN)
                                                   Segment part 564 (MAIN)
    -------------------------------------------------------------------------
CONFIG_C
  Relative segment, address: CODE_AREA 00032844 - 0003286F (0x2c bytes), align: 2
  Segment part 87. ROOT.
           ENTRY                   ADDRESS         REF BY
           =====                   =======         ======
           cfghdr_m41              00032844 
    -------------------------------------------------------------------------
CSTACK
  Segment part 1. NOT NEEDED.

    *************************************************************************

  FILE NAME : E:\Ivo\arm\IVOPLAY\NewSGold\Obj\FUNC.r79
  PROGRAM MODULE, NAME : FUNC

  SEGMENTS IN THE MODULE
  ======================
ELFBEGIN
  Relative segment, address: CODE_AREA 00000000, align: 0
  Segment part 0. ROOT.
           ENTRY                   ADDRESS         REF BY
           =====                   =======         ======
           ELF_BEGIN               00000000        ElfKiller (MAIN)
    -------------------------------------------------------------------------
CODE
  Relative segment, address: CODE_AREA 000004A4 - 000004A7 (0x4 bytes), align: 2
  Segment part 1. ROOT.
           ENTRY                   ADDRESS         REF BY
           =====                   =======         ======
           kill_data               000004A4        ElfKiller (MAIN)

    *************************************************************************

  FILE NAME : E:\Ivo\arm\IVOPLAY\NewSGold\Obj\MAIN.r79
  PROGRAM MODULE, NAME : MAIN

  SEGMENTS IN THE MODULE
  ======================
DATA_C
  Relative segment, address: CODE_AREA 0000B3F4 - 0000B3FF (0xc bytes), align: 2
  Segment part 2.             Intra module refs:   OnRedraw
    -------------------------------------------------------------------------
DATA_C
  Relative segment, address: CODE_AREA 0000B400 - 0000B40B (0xc bytes), align: 2
  Segment part 3.             Intra module refs:   OnRedraw
    -------------------------------------------------------------------------
DATA_C
  Relative segment, address: CODE_AREA 0000B40C - 0000B413 (0x8 bytes), align: 2
  Segment part 4.             Intra module refs:   OnRedraw
    -------------------------------------------------------------------------
DATA_C
  Relative segment, address: CODE_AREA 0000B414 - 0000B423 (0x10 bytes), align: 2
  Segment part 5.             Intra module refs:   OnRedraw
    -------------------------------------------------------------------------
DATA_C
  Relative segment, address: CODE_AREA 0000B424 - 0000B437 (0x14 bytes), align: 2
  Segment part 6.             Intra module refs:   OnRedraw
    -------------------------------------------------------------------------
DATA_C
  Relative segment, address: CODE_AREA 0000B438 - 0000B443 (0xc bytes), align: 2
  Segment part 7.             Intra module refs:   OnRedraw
    -------------------------------------------------------------------------
DATA_C
  Relative segment, address: CODE_AREA 0000B444 - 0000B44F (0xc bytes), align: 2
  Segment part 8.             Intra module refs:   OnRedraw
    -------------------------------------------------------------------------
DATA_C
  Relative segment, address: CODE_AREA 0000B450 - 0000B45B (0xc bytes), align: 2
  Segment part 9.             Intra module refs:   OnRedraw
    -------------------------------------------------------------------------
DATA_C
  Relative segment, address: CODE_AREA 0000B45C - 0000B467 (0xc bytes), align: 2
  Segment part 10.            Intra module refs:   OnRedraw
    -------------------------------------------------------------------------
DATA_C
  Relative segment, address: CODE_AREA 0000B468 - 0000B473 (0xc bytes), align: 2
  Segment part 11.            Intra module refs:   OnRedraw
                                                   Segment part 657
    -------------------------------------------------------------------------
DATA_C
  Relative segment, address: CODE_AREA 0000B474 - 0000B47F (0xc bytes), align: 2
  Segment part 12.            Intra module refs:   OnRedraw
                                                   Segment part 656
    -------------------------------------------------------------------------
DATA_C
  Relative segment, address: CODE_AREA 0000B480 - 0000B487 (0x8 bytes), align: 2
  Segment part 13.            Intra module refs:   OnRedraw
    -------------------------------------------------------------------------
DATA_C
  Relative segment, address: CODE_AREA 0000B488 - 0000B49B (0x14 bytes), align: 2
  Segment part 14.            Intra module refs:   OnKey
    -------------------------------------------------------------------------
DATA_C
  Relative segment, address: CODE_AREA 0000B49C - 0000B4A7 (0xc bytes), align: 2
  Segment part 15.            Intra module refs:   OnRedraw
    -------------------------------------------------------------------------
DATA_C
  Relative segment, address: CODE_AREA 0000B4A8 - 0000B4BF (0x18 bytes), align: 2
  Segment part 16.            Intra module refs:   OnRedraw
                                                   Segment part 443
    -------------------------------------------------------------------------
DATA_C
  Relative segment, address: CODE_AREA 0000B4C0 - 0000B4CF (0x10 bytes), align: 2
  Segment part 17.            Intra module refs:   OnRedraw
    -------------------------------------------------------------------------
DATA_C
  Relative segment, address: CODE_AREA 0000B4D0 - 0000B4DB (0xc bytes), align: 2
  Segment part 18.            Intra module refs:   Segment part 353
                                                   Segment part 364
    -------------------------------------------------------------------------
DATA_C
  Relative segment, address: CODE_AREA 0000B4DC - 0000B4EB (0x10 bytes), align: 2
  Segment part 19.            Intra module refs:   OnRedraw
                                                   Segment part 357
                                                   Segment part 368
                                                   Segment part 659
    -------------------------------------------------------------------------
DATA_C
  Segment part 20. NOT NEEDED.
    -------------------------------------------------------------------------
DATA_C
  Relative segment, address: CODE_AREA 0000B4EC - 0000B4F3 (0x8 bytes), align: 2
  Segment part 21.            Intra module refs:   Segment part 332
                                                   Segment part 690
    -------------------------------------------------------------------------
DATA_C
  Relative segment, address: CODE_AREA 0000B4F4 - 0000B4FB (0x8 bytes), align: 2
  Segment part 22.            Intra module refs:   ZapovnytyTaVidsortuvatyKatalog
    -------------------------------------------------------------------------
DATA_C
  Segment part 23. NOT NEEDED.
    -------------------------------------------------------------------------
DATA_C
  Relative segment, address: CODE_AREA 0000B4FC - 0000B507 (0xc bytes), align: 2
  Segment part 24.            Intra module refs:   Segment part 251
    -------------------------------------------------------------------------
DATA_C
  Relative segment, address: CODE_AREA 0000B508 - 0000B50F (0x8 bytes), align: 2
  Segment part 25.            Intra module refs:   Segment part 305
                                                   Segment part 430
                                                   Segment part 580
                                                   Segment part 641
                                                   readskinparamsfromfile
    -------------------------------------------------------------------------
DATA_C
  Relative segment, address: CODE_AREA 0000B510 - 0000B527 (0x18 bytes), align: 2
  Segment part 26.            Intra module refs:   readskinparamsfromfile
    -------------------------------------------------------------------------
DATA_C
  Relative segment, address: CODE_AREA 0000B528 - 0000B533 (0xc bytes), align: 2
  Segment part 27.            Intra module refs:   WhatToDo
    -------------------------------------------------------------------------
DATA_C
  Relative segment, address: CODE_AREA 0000B534 - 0000B543 (0x10 bytes), align: 2
  Segment part 28.            Intra module refs:   Segment part 253
    -------------------------------------------------------------------------
DATA_C
  Relative segment, address: CODE_AREA 0000B544 - 0000B54B (0x8 bytes), align: 2
  Segment part 29.            Intra module refs:   Segment part 247
    -------------------------------------------------------------------------
DATA_C
  Relative segment, address: CODE_AREA 0000B54C - 0000B553 (0x8 bytes), align: 2
  Segment part 30.            Intra module refs:   Segment part 247
    -------------------------------------------------------------------------
DATA_C
  Relative segment, address: CODE_AREA 0000B554 - 0000B55B (0x8 bytes), align: 2
  Segment part 31.            Intra module refs:   main
    -------------------------------------------------------------------------
DATA_C
  Segment part 32. NOT NEEDED.
    -------------------------------------------------------------------------
DATA_C
  Segment part 33. NOT NEEDED.
    -------------------------------------------------------------------------
DATA_C
  Segment part 34. NOT NEEDED.
    -------------------------------------------------------------------------
DATA_C
  Relative segment, address: CODE_AREA 0000B55C - 0000B58B (0x30 bytes), align: 2
  Segment part 35.            Intra module refs:   main
    -------------------------------------------------------------------------
DATA_C
  Relative segment, address: CODE_AREA 0000B58C - 0000B59B (0x10 bytes), align: 2
  Segment part 36.            Intra module refs:   main
    -------------------------------------------------------------------------
DATA_C
  Relative segment, address: CODE_AREA 0000B59C - 0000B5A7 (0xc bytes), align: 2
  Segment part 37.            Intra module refs:   skins
    -------------------------------------------------------------------------
DATA_C
  Relative segment, address: CODE_AREA 0000B5A8 - 0000B5B7 (0x10 bytes), align: 2
  Segment part 38.            Intra module refs:   UpdateCSMname
    -------------------------------------------------------------------------
DATA_C
  Relative segment, address: CODE_AREA 0000B5B8 - 0000B5CB (0x14 bytes), align: 2
  Segment part 39.            Intra module refs:   maincsm_onmessage
    -------------------------------------------------------------------------
DATA_C
  Relative segment, address: CODE_AREA 0000B5CC - 0000B5DB (0x10 bytes), align: 2
  Segment part 40.            Intra module refs:   Segment part 678
    -------------------------------------------------------------------------
DATA_C
  Relative segment, address: CODE_AREA 0000B5DC - 0000B5E7 (0xc bytes), align: 2
  Segment part 41.            Intra module refs:   maincsm_onmessage
    -------------------------------------------------------------------------
DATA_C
  Relative segment, address: CODE_AREA 0000B5E8 - 0000B5EF (0x8 bytes), align: 2
  Segment part 42.            Intra module refs:   maincsm_onmessage
    -------------------------------------------------------------------------
DATA_C
  Relative segment, address: CODE_AREA 0000B5F0 - 0000B5F7 (0x8 bytes), align: 2
  Segment part 43.            Intra module refs:   maincsm_onmessage
    -------------------------------------------------------------------------
DATA_C
  Relative segment, address: CODE_AREA 0000B5F8 - 0000B607 (0x10 bytes), align: 2
  Segment part 44.            Intra module refs:   maincsm_onmessage
    -------------------------------------------------------------------------
DATA_C
  Relative segment, address: CODE_AREA 0000B608 - 0000B623 (0x1c bytes), align: 2
  Segment part 45.            Intra module refs:   PersheShchoStuknuloVGolovu
    -------------------------------------------------------------------------
DATA_C
  Relative segment, address: CODE_AREA 0000B624 - 0000B62B (0x8 bytes), align: 2
  Segment part 46.            Intra module refs:   PersheShchoStuknuloVGolovu
    -------------------------------------------------------------------------
DATA_C
  Relative segment, address: CODE_AREA 0000B62C - 0000B633 (0x8 bytes), align: 2
  Segment part 47.            Intra module refs:   OnKey
    -------------------------------------------------------------------------
DATA_C
  Relative segment, address: CODE_AREA 0000B634 - 0000B64F (0x1c bytes), align: 2
  Segment part 48.            Intra module refs:   OnKey
    -------------------------------------------------------------------------
DATA_C
  Segment part 49. NOT NEEDED.
    -------------------------------------------------------------------------
DATA_C
  Relative segment, address: CODE_AREA 0000B650 - 0000B673 (0x24 bytes), align: 2
  Segment part 50.            Intra module refs:   OnKey
    -------------------------------------------------------------------------
DATA_C
  Relative segment, address: CODE_AREA 0000B674 - 0000B6B3 (0x40 bytes), align: 2
  Segment part 51.            Intra module refs:   OnKey
    -------------------------------------------------------------------------
DATA_C
  Relative segment, address: CODE_AREA 0000B6B4 - 0000B6BF (0xc bytes), align: 2
  Segment part 52.            Intra module refs:   OnRedraw
    -------------------------------------------------------------------------
DATA_C
  Relative segment, address: CODE_AREA 0000B6C0 - 0000B6DB (0x1c bytes), align: 2
  Segment part 53.            Intra module refs:   OnKey
    -------------------------------------------------------------------------
DATA_C
  Relative segment, address: CODE_AREA 0000B6DC - 0000B6E3 (0x8 bytes), align: 2
  Segment part 54.            Intra module refs:   CreatePlaylist
    -------------------------------------------------------------------------
DATA_C
  Relative segment, address: CODE_AREA 0000B6E4 - 0000B6EF (0xc bytes), align: 2
  Segment part 55.            Intra module refs:   WhatToDo
    -------------------------------------------------------------------------
DATA_C
  Relative segment, address: CODE_AREA 0000B6F0 - 0000B707 (0x18 bytes), align: 2
  Segment part 56.            Intra module refs:   WhatToDo
    -------------------------------------------------------------------------
DATA_C
  Relative segment, address: CODE_AREA 0000B708 - 0000B70F (0x8 bytes), align: 2
  Segment part 57.            Intra module refs:   Segment part 568
                                                   Segment part 640
    -------------------------------------------------------------------------
DATA_C
  Relative segment, address: CODE_AREA 0000B710 - 0000B72B (0x1c bytes), align: 2
  Segment part 58.            Intra module refs:   WhatToDo
    -------------------------------------------------------------------------
DATA_C
  Segment part 59. NOT NEEDED.
    -------------------------------------------------------------------------
DATA_C
  Relative segment, address: CODE_AREA 0000B72C - 0000B747 (0x1c bytes), align: 2
  Segment part 60.            Intra module refs:   WhatToDo
    -------------------------------------------------------------------------
DATA_C
  Relative segment, address: CODE_AREA 0000B748 - 0000B75B (0x14 bytes), align: 2
  Segment part 61.            Intra module refs:   Segment part 520
    -------------------------------------------------------------------------
DATA_C
  Relative segment, address: CODE_AREA 0000B75C - 0000B767 (0xc bytes), align: 2
  Segment part 62.            Intra module refs:   WriteLastPlaylist
    -------------------------------------------------------------------------
DATA_C
  Relative segment, address: CODE_AREA 0000B768 - 0000B777 (0x10 bytes), align: 2
  Segment part 63.            Intra module refs:   Segment part 528
    -------------------------------------------------------------------------
DATA_C
  Segment part 64. NOT NEEDED.
    -------------------------------------------------------------------------
DATA_C
  Relative segment, address: CODE_AREA 0000B778 - 0000B787 (0x10 bytes), align: 2
  Segment part 65.            Intra module refs:   Play
    -------------------------------------------------------------------------
DATA_C
  Relative segment, address: CODE_AREA 0000B788 - 0000B78F (0x8 bytes), align: 2
  Segment part 66.            Intra module refs:   Segment part 460
                                                   Segment part 588
                                                   Segment part 604
                                                   Segment part 695
    -------------------------------------------------------------------------
DATA_C
  Relative segment, address: CODE_AREA 0000B790 - 0000B7BF (0x30 bytes), align: 2
  Segment part 67.            Intra module refs:   SavePlaylist
    -------------------------------------------------------------------------
DATA_C
  Relative segment, address: CODE_AREA 0000B7C0 - 0000B7CB (0xc bytes), align: 2
  Segment part 68.            Intra module refs:   SavePlaylist
    -------------------------------------------------------------------------
DATA_C
  Relative segment, address: CODE_AREA 0000B7CC - 0000B7D7 (0xc bytes), align: 2
  Segment part 69.            Intra module refs:   SavePlaylist
    -------------------------------------------------------------------------
DATA_C
  Relative segment, address: CODE_AREA 0000B7D8 - 0000B7DF (0x8 bytes), align: 2
  Segment part 70.            Intra module refs:   Segment part 397
                                                   Segment part 515
    -------------------------------------------------------------------------
DATA_C
  Relative segment, address: CODE_AREA 0000BE98 - 0000BE98 (0x1 bytes), align: 0
  Segment part 71.            Intra module refs:   SavePlaylist
    -------------------------------------------------------------------------
DATA_C
  Segment part 72. NOT NEEDED.
    -------------------------------------------------------------------------
DATA_C
  Relative segment, address: CODE_AREA 0000B7E0 - 0000B7E7 (0x8 bytes), align: 2
  Segment part 73.            Intra module refs:   OnRedraw
    -------------------------------------------------------------------------
DATA_C
  Relative segment, address: CODE_AREA 0000B7E8 - 0000B7F3 (0xc bytes), align: 2
  Segment part 74.            Intra module refs:   OnRedraw
    -------------------------------------------------------------------------
DATA_C
  Relative segment, address: CODE_AREA 0000B7F4 - 0000B7FB (0x8 bytes), align: 2
  Segment part 75.            Intra module refs:   OnRedraw
    -------------------------------------------------------------------------
DATA_C
  Segment part 76. NOT NEEDED.
    -------------------------------------------------------------------------
DATA_C
  Relative segment, address: CODE_AREA 0000BE99 - 0000BE9B (0x3 bytes), align: 0
  Segment part 77.            Intra module refs:   OnRedraw
    -------------------------------------------------------------------------
DATA_C
  Relative segment, address: CODE_AREA 0000BE9C - 0000BE9C (0x1 bytes), align: 0
  Segment part 78.            Intra module refs:   OnRedraw
                                                   Segment part 307
                                                   Segment part 431
                                                   Segment part 523
                                                   Segment part 603
                                                   Segment part 688
                                                   readskinparamsfromfile
    -------------------------------------------------------------------------
DATA_C
  Relative segment, address: CODE_AREA 0000BE9D - 0000BE9F (0x3 bytes), align: 0
  Segment part 79.            Intra module refs:   readskinparamsfromfile
    -------------------------------------------------------------------------
DATA_C
  Relative segment, address: CODE_AREA 0000B7FC - 0000B7FF (0x4 bytes), align: 2
  Segment part 80.            Intra module refs:   OnRedraw
                                                   Segment part 380
    -------------------------------------------------------------------------
DATA_Z
  Relative segment, address: CODE_AREA 0000BED4 - 0000BED7 (0x4 bytes), align: 2
  Segment part 81.            Intra module refs:   Segment part 403
           ENTRY                   ADDRESS         REF BY
           =====                   =======         ======
           pisniashchozberigaetsia
                                   0000BED4 
    -------------------------------------------------------------------------
DATA_Z
  Relative segment, address: CODE_AREA 0000BED8 - 0000BEDB (0x4 bytes), align: 2
  Segment part 82.            Intra module refs:   Segment part 676
           ENTRY                   ADDRESS         REF BY
           =====                   =======         ======
           identyfikator           0000BED8 
    -------------------------------------------------------------------------
DATA_C
  Relative segment, address: CODE_AREA 0000B800 - 0000B81F (0x20 bytes), align: 2
  Segment part 83.            Intra module refs:   Segment part 554
                                                   Segment part 644
           ENTRY                   ADDRESS         REF BY
           =====                   =======         ======
           ipc_my_name             0000B800 
    -------------------------------------------------------------------------
DATA_Z
  Relative segment, address: CODE_AREA 0000BEDC - 0000BEEB (0x10 bytes), align: 2
  Segment part 84.            Intra module refs:   Segment part 447
                                                   Segment part 626
           ENTRY                   ADDRESS         REF BY
           =====                   =======         ======
           RedrawTimer             0000BEDC 
    -------------------------------------------------------------------------
DATA_Z
  Relative segment, address: CODE_AREA 0000BEEC - 0000BEFB (0x10 bytes), align: 2
  Segment part 85.            Intra module refs:   Segment part 464
                                                   Segment part 547
                                                   Segment part 652
           ENTRY                   ADDRESS         REF BY
           =====                   =======         ======
           TimeTimer               0000BEEC 
    -------------------------------------------------------------------------
DATA_Z
  Relative segment, address: CODE_AREA 0000BEFC - 0000BF0B (0x10 bytes), align: 2
  Segment part 86.            Intra module refs:   Segment part 509
                                                   Segment part 627
                                                   Segment part 674
           ENTRY                   ADDRESS         REF BY
           =====                   =======         ======
           PlayerMenu              0000BEFC 
    -------------------------------------------------------------------------
DATA_Z
  Relative segment, address: CODE_AREA 0000BF0C - 0000BF1B (0x10 bytes), align: 2
  Segment part 87.            Intra module refs:   Segment part 456
                                                   Segment part 628
           ENTRY                   ADDRESS         REF BY
           =====                   =======         ======
           PlayNextTimer           0000BF0C 
    -------------------------------------------------------------------------
DATA_Z
  Relative segment, address: CODE_AREA 0000BF1C - 0000BF2B (0x10 bytes), align: 2
  Segment part 88.            Intra module refs:   OnKey
                                                   Segment part 383
                                                   Segment part 634
           ENTRY                   ADDRESS         REF BY
           =====                   =======         ======
           Scroll                  0000BF1C 
    -------------------------------------------------------------------------
DATA_I
  Relative segment, address: DATA_AREA 00000000 - 00000003 (0x4 bytes), align: 2
  Segment part 89.            Intra module refs:   Segment part 452
                                                   Segment part 648
           ENTRY                   ADDRESS         REF BY
           =====                   =======         ======
           CanPlayNext             00000000 
    -------------------------------------------------------------------------
DATA_C
  Relative segment, address: CODE_AREA 0000B820 - 0000B827 (0x8 bytes), align: 2
  Segment part 91.            Intra module refs:   Segment part 552
                                                   Segment part 642
           ENTRY                   ADDRESS         REF BY
           =====                   =======         ======
           ipc_xtask_name          0000B820 
    -------------------------------------------------------------------------
DATA_Z
  Relative segment, address: CODE_AREA 0000BF2C - 0000BF37 (0xc bytes), align: 2
  Segment part 92.            Intra module refs:   Segment part 553
                                                   Segment part 555
                                                   Segment part 556
                                                   Segment part 643
                                                   Segment part 645
                                                   Segment part 647
           ENTRY                   ADDRESS         REF BY
           =====                   =======         ======
           gipc                    0000BF2C 
    -------------------------------------------------------------------------
DATA_Z
  Relative segment, address: CODE_AREA 0000BF38 - 0000BF3B (0x4 bytes), align: 2
  Segment part 93.            Intra module refs:   OnRedraw
                                                   Segment part 391
           ENTRY                   ADDRESS         REF BY
           =====                   =======         ======
           top                     0000BF38 
    -------------------------------------------------------------------------
DATA_Z
  Relative segment, address: CODE_AREA 0000BF3C - 0000BF3F (0x4 bytes), align: 2
  Segment part 94.            Intra module refs:   OnKey
                                                   OnRedraw
                                                   Segment part 376
           ENTRY                   ADDRESS         REF BY
           =====                   =======         ======
           selected                0000BF3C 
    -------------------------------------------------------------------------
DATA_Z
  Relative segment, address: CODE_AREA 0000BF40 - 0001BE3F (0xff00 bytes), align: 2
  Segment part 95.            Intra module refs:   OnRedraw
                                                   Segment part 324
                                                   Segment part 326
                                                   Segment part 413
                                                   Segment part 429
                                                   Segment part 459
                                                   Segment part 586
                                                   Segment part 587
                                                   Segment part 599
                                                   Segment part 606
                                                   Segment part 687
                                                   Segment part 694
                                                   findlisttime
           ENTRY                   ADDRESS         REF BY
           =====                   =======         ======
           spysok                  0000BF40 
    -------------------------------------------------------------------------
DATA_Z
  Relative segment, address: CODE_AREA 0001BE40 - 0001C23B (0x3fc bytes), align: 2
  Segment part 96.            Intra module refs:   OnKey
                                                   OnRedraw
                                                   Segment part 374
           ENTRY                   ADDRESS         REF BY
           =====                   =======         ======
           spysokselected          0001BE40 
    -------------------------------------------------------------------------
DATA_Z
  Relative segment, address: CODE_AREA 0001C23C - 0001C637 (0x3fc bytes), align: 2
  Segment part 97.            Intra module refs:   OnRedraw
                                                   Segment part 417
                                                   Segment part 589
                                                   Segment part 602
                                                   Segment part 699
                                                   findlisttime
           ENTRY                   ADDRESS         REF BY
           =====                   =======         ======
           timelength              0001C23C 
    -------------------------------------------------------------------------
DATA_Z
  Relative segment, address: CODE_AREA 0001C638 - 0001C63B (0x4 bytes), align: 2
  Segment part 98.            Intra module refs:   OnRedraw
                                                   Segment part 354
                                                   Segment part 365
                                                   Segment part 530
                                                   Segment part 550
                                                   Segment part 658
                                                   readskinparamsfromfile
           ENTRY                   ADDRESS         REF BY
           =====                   =======         ======
           curskin                 0001C638 
    -------------------------------------------------------------------------
DATA_Z
  Relative segment, address: CODE_AREA 0001C63C - 0001CE0B (0x7d0 bytes), align: 2
  Segment part 99.            Intra module refs:   OnRedraw
                                                   Segment part 355
                                                   Segment part 366
                                                   Segment part 442
                                                   Segment part 670
                                                   readskinparamsfromfile
           ENTRY                   ADDRESS         REF BY
           =====                   =======         ======
           ArrayOfSkins            0001C63C 
    -------------------------------------------------------------------------
DATA_Z
  Relative segment, address: CODE_AREA 0001CE0C - 0001CE0F (0x4 bytes), align: 2
  Segment part 100.           Intra module refs:   Segment part 399
                                                   Segment part 593
                                                   Segment part 639
                                                   Segment part 691
           ENTRY                   ADDRESS         REF BY
           =====                   =======         ======
           playlistmode            0001CE0C 
    -------------------------------------------------------------------------
DATA_Z
  Relative segment, address: CODE_AREA 0001CE10 - 0001CF0F (0x100 bytes), align: 2
  Segment part 101.           Intra module refs:   Segment part 402
                                                   Segment part 524
                                                   Segment part 594
                                                   Segment part 630
                                                   Segment part 692
           ENTRY                   ADDRESS         REF BY
           =====                   =======         ======
           LastPlaylist            0001CE10 
    -------------------------------------------------------------------------
DATA_Z
  Relative segment, address: CODE_AREA 0001CF10 - 0001D00F (0x100 bytes), align: 2
  Segment part 102.           Intra module refs:   OnRedraw
                                                   Segment part 400
                                                   Segment part 595
                                                   Segment part 700
           ENTRY                   ADDRESS         REF BY
           =====                   =======         ======
           playlistname            0001CF10 
    -------------------------------------------------------------------------
DATA_Z
  Relative segment, address: CODE_AREA 0001D010 - 0001D40B (0x3fc bytes), align: 2
  Segment part 103.           Intra module refs:   Segment part 437
                                                   Segment part 601
                                                   Segment part 698
           ENTRY                   ADDRESS         REF BY
           =====                   =======         ======
           notplayed               0001D010 
    -------------------------------------------------------------------------
DATA_I
  Relative segment, address: DATA_AREA 00000004 - 00000083 (0x80 bytes), align: 2
  Segment part 104.           Intra module refs:   OnRedraw
                                                   Segment part 418
                                                   Segment part 663
           ENTRY                   ADDRESS         REF BY
           =====                   =======         ======
           calbum                  00000004 
    -------------------------------------------------------------------------
DATA_I
  Relative segment, address: DATA_AREA 00000084 - 00000103 (0x80 bytes), align: 2
  Segment part 106.           Intra module refs:   OnRedraw
                                                   Segment part 420
                                                   Segment part 665
           ENTRY                   ADDRESS         REF BY
           =====                   =======         ======
           ctrack                  00000084 
    -------------------------------------------------------------------------
DATA_I
  Relative segment, address: DATA_AREA 00000104 - 00000183 (0x80 bytes), align: 2
  Segment part 108.           Intra module refs:   OnRedraw
                                                   Segment part 419
                                                   Segment part 664
           ENTRY                   ADDRESS         REF BY
           =====                   =======         ======
           cartist                 00000104 
    -------------------------------------------------------------------------
DATA_Z
  Relative segment, address: CODE_AREA 0001D40C - 0001D48B (0x80 bytes), align: 2
  Segment part 110.           Intra module refs:   OnRedraw
                                                   Segment part 421
                                                   Segment part 662
           ENTRY                   ADDRESS         REF BY
           =====                   =======         ======
           NameOfCurentTrack       0001D40C 
    -------------------------------------------------------------------------
DATA_Z
  Relative segment, address: CODE_AREA 0001D48C - 0001D48F (0x4 bytes), align: 2
  Segment part 111.           Intra module refs:   OnRedraw
                                                   Segment part 426
                                                   Segment part 521
                                                   Segment part 548
           ENTRY                   ADDRESS         REF BY
           =====                   =======         ======
           random                  0001D48C 
    -------------------------------------------------------------------------
DATA_Z
  Relative segment, address: CODE_AREA 0001D490 - 0001D493 (0x4 bytes), align: 2
  Segment part 112.           Intra module refs:   Segment part 549
                                                   Segment part 671
           ENTRY                   ADDRESS         REF BY
           =====                   =======         ======
           NumberOfSkins           0001D490 
    -------------------------------------------------------------------------
DATA_Z
  Relative segment, address: CODE_AREA 0001D494 - 0001D49F (0xc bytes), align: 2
  Segment part 113.           Intra module refs:   Segment part 416
           ENTRY                   ADDRESS         REF BY
           =====                   =======         ======
           timehms                 0001D494 
    -------------------------------------------------------------------------
DATA_Z
  Relative segment, address: CODE_AREA 0001D4A0 - 0001D4A3 (0x4 bytes), align: 2
  Segment part 114.           Intra module refs:   OnRedraw
                                                   Segment part 408
                                                   Segment part 566
                                                   Segment part 653
           ENTRY                   ADDRESS         REF BY
           =====                   =======         ======
           timesec                 0001D4A0 
    -------------------------------------------------------------------------
DATA_Z
  Relative segment, address: CODE_AREA 0001D4A4 - 0001D4A7 (0x4 bytes), align: 2
  Segment part 115.           Intra module refs:   OnRedraw
                                                   Segment part 409
                                                   Segment part 565
                                                   Segment part 654
           ENTRY                   ADDRESS         REF BY
           =====                   =======         ======
           timemin                 0001D4A4 
    -------------------------------------------------------------------------
DATA_Z
  Relative segment, address: CODE_AREA 0001D4A8 - 0001D4AB (0x4 bytes), align: 2
  Segment part 116.           Intra module refs:   Segment part 454
                                                   Segment part 567
                                                   Segment part 605
                                                   Segment part 697
           ENTRY                   ADDRESS         REF BY
           =====                   =======         ======
           JaPerekliuchyvPisniu    0001D4A8 
    -------------------------------------------------------------------------
DATA_Z
  Relative segment, address: CODE_AREA 0001D4AC - 0001D4AF (0x4 bytes), align: 2
  Segment part 117.           Intra module refs:   Segment part 410
                                                   Segment part 543
           ENTRY                   ADDRESS         REF BY
           =====                   =======         ======
           NeedToStop              0001D4AC 
    -------------------------------------------------------------------------
DATA_Z
  Relative segment, address: CODE_AREA 0001D4B0 - 0001D4B3 (0x4 bytes), align: 2
  Segment part 118.           Intra module refs:   OnKey
                                                   OnRedraw
                                                   Segment part 423
                                                   Segment part 481
                                                   Segment part 590
                                                   Segment part 684
           ENTRY                   ADDRESS         REF BY
           =====                   =======         ======
           WhatToView              0001D4B0 
    -------------------------------------------------------------------------
DATA_Z
  Relative segment, address: CODE_AREA 0001D4B4 - 0001D4B7 (0x4 bytes), align: 2
  Segment part 119.           Intra module refs:   OnKey
                                                   OnRedraw
                                                   Segment part 436
                                                   Segment part 522
                                                   Segment part 571
                                                   Segment part 693
           ENTRY                   ADDRESS         REF BY
[...]
                    : indirect calls (Is not an interrupt and is not flagged
                    : as not overlayable)
    | Stack used          :  000006A8


  ->Sub-tree of type: Indirectly called function tree that does not make
                    : indirect calls (Is not an interrupt and is not flagged
                    : as not overlayable)
                             CSTACK
    | Stack used (prev) :  00000000
  01  CreateBaseOfMediafiles
      | Stack used (prev) :  00000000
      | + function block  :  00000490
  <-Sub-tree of type: Indirectly called function tree that does not make
                    : indirect calls (Is not an interrupt and is not flagged
                    : as not overlayable)
    | Stack used          :  00000490


  ->Sub-tree of type: Indirectly called function tree that does not make
                    : indirect calls (Is not an interrupt and is not flagged
                    : as not overlayable)
                             CSTACK
    | Stack used (prev) :  00000000
  01  selipl_menu_onkey
      | Stack used (prev) :  00000000
      | + function block  :  00000110
  <-Sub-tree of type: Indirectly called function tree that does not make
                    : indirect calls (Is not an interrupt and is not flagged
                    : as not overlayable)
    | Stack used          :  00000110


  ->Sub-tree of type: Indirectly called function tree that does not make
                    : indirect calls (Is not an interrupt and is not flagged
                    : as not overlayable)
                             CSTACK
    | Stack used (prev) :  00000000
  01  selipl_menu_ghook
      | Stack used (prev) :  00000000
      | + function block  :  0000000C
  <-Sub-tree of type: Indirectly called function tree that does not make
                    : indirect calls (Is not an interrupt and is not flagged
                    : as not overlayable)
    | Stack used          :  0000000C


  ->Sub-tree of type: Indirectly called function tree that does not make
                    : indirect calls (Is not an interrupt and is not flagged
                    : as not overlayable)
                             CSTACK
    | Stack used (prev) :  00000000
  01  selipl_menu_iconhndl
      | Stack used (prev) :  00000000
      | + function block  :  00000018
  <-Sub-tree of type: Indirectly called function tree that does not make
                    : indirect calls (Is not an interrupt and is not flagged
                    : as not overlayable)
    | Stack used          :  00000018


  ->Sub-tree of type: Indirectly called function tree that does not make
                    : indirect calls (Is not an interrupt and is not flagged
                    : as not overlayable)
                             CSTACK
    | Stack used (prev) :  00000000
  01  CreateMenuFindPlaylist
      | Stack used (prev) :  00000000
      | + function block  :  000004F4
  <-Sub-tree of type: Indirectly called function tree that does not make
                    : indirect calls (Is not an interrupt and is not flagged
                    : as not overlayable)
    | Stack used          :  000004F4


  ->Sub-tree of type: Function tree
                             CSTACK
    | Stack used (prev) :  000006A8
  01  toupper
      | Stack used (prev) :  000006A8
      | + function block  :  00000000
  <-Sub-tree of type: Function tree
    | Stack used          :  000006A8


  ->Sub-tree of type: Function tree
                             CSTACK
    | Stack used (prev) :  000006A8
  01  strcmp_nocase
      | Stack used (prev) :  000006A8
      | + function block  :  00000010
  <-Sub-tree of type: Function tree
    | Stack used          :  000006B8


  ->Sub-tree of type: Function tree
                             CSTACK
    | Stack used (prev) :  000006B8
  01  CLOSECURENTCSM
      | Stack used (prev) :  000006B8
      | + function block  :  00000004
  <-Sub-tree of type: Function tree
    | Stack used          :  000006BC


  ->Sub-tree of type: Function tree
                             CSTACK
    | Stack used (prev) :  000006BC
  01  readskinparamsfromfile
      | Stack used (prev) :  000006BC
      | + function block  :  0000517C
  <-Sub-tree of type: Function tree
    | Stack used          :  00005838


  ->Sub-tree of type: Function tree
                             CSTACK
    | Stack used (prev) :  00005838
  01  patch_input
      | Stack used (prev) :  00005838
      | + function block  :  0000000C
  <-Sub-tree of type: Function tree
    | Stack used          :  00005844


  ->Sub-tree of type: Function tree
                             CSTACK
    | Stack used (prev) :  00005844
  01  patch_header2
      | Stack used (prev) :  00005844
      | + function block  :  00000008
  <-Sub-tree of type: Function tree
    | Stack used          :  0000584C


  ->Sub-tree of type: Function tree
                             CSTACK
    | Stack used (prev) :  0000584C
  01  CreateSaveAsDialog
      | Stack used (prev) :  0000584C
      | + function block  :  00000040
  <-Sub-tree of type: Function tree
    | Stack used          :  0000588C


  ->Sub-tree of type: Function tree
                             CSTACK
    | Stack used (prev) :  0000588C
  01  VporiadkuvatySpysok
      | Stack used (prev) :  0000588C
      | + function block  :  0000001C
  <-Sub-tree of type: Function tree
    | Stack used          :  000058A8


  ->Sub-tree of type: Function tree
                             CSTACK
    | Stack used (prev) :  000058A8
  01  GetKatalogfontcolour
      | Stack used (prev) :  000058A8
      | + function block  :  00000000
  <-Sub-tree of type: Function tree
    | Stack used          :  000058A8


  ->Sub-tree of type: Function tree
                             CSTACK
    | Stack used (prev) :  000058A8
  01  ZapovnytyTaVidsortuvatyKatalog
      | Stack used (prev) :  000058A8
      | + function block  :  000004E4
  <-Sub-tree of type: Function tree
    | Stack used          :  00005D8C


  ->Sub-tree of type: Function tree
                             CSTACK
    | Stack used (prev) :  00005D8C
  01  ShowMess
      | Stack used (prev) :  00005D8C
      | + function block  :  0000001C
  <-Sub-tree of type: Function tree
    | Stack used          :  00005DA8


  ->Sub-tree of type: Function tree
                             CSTACK
    | Stack used (prev) :  00005DA8
  01  Message
      | Stack used (prev) :  00005DA8
      | + function block  :  00000004
  <-Sub-tree of type: Function tree
    | Stack used          :  00005DAC


  ->Sub-tree of type: Function tree
                             CSTACK
    | Stack used (prev) :  00005DAC
  01  GetFon
      | Stack used (prev) :  00005DAC
      | + function block  :  00000008
  <-Sub-tree of type: Function tree
    | Stack used          :  00005DB4


  ->Sub-tree of type: Function tree
                             CSTACK
    | Stack used (prev) :  00005DB4
  01  GetKatalogbackgroundcolour
      | Stack used (prev) :  00005DB4
      | + function block  :  00000000
  <-Sub-tree of type: Function tree
    | Stack used          :  00005DB4


  ->Sub-tree of type: Function tree
                             CSTACK
    | Stack used (prev) :  00005DB4
  01  SaveOnlyPlaylistParams
      | Stack used (prev) :  00005DB4
      | + function block  :  00000010
  <-Sub-tree of type: Function tree
    | Stack used          :  00005DC4


  ->Sub-tree of type: Function tree
                             CSTACK
    | Stack used (prev) :  00005DC4
  01  findmp3length
      | Stack used (prev) :  00005DC4
      | + function block  :  00000000
  <-Sub-tree of type: Function tree
    | Stack used          :  00005DC4


  ->Sub-tree of type: Function tree
                             CSTACK
    | Stack used (prev) :  00005DC4
  01  findtegs
      | Stack used (prev) :  00005DC4
      | + function block  :  000000BC
  <-Sub-tree of type: Function tree
    | Stack used          :  00005E80


  ->Sub-tree of type: Function tree
                             CSTACK
    | Stack used (prev) :  00005E80
  01  Play
      | Stack used (prev) :  00005E80
      | + function block  :  00000544
  <-Sub-tree of type: Function tree
    | Stack used          :  000063C4


  ->Sub-tree of type: Function tree
                             CSTACK
    | Stack used (prev) :  000063C4
  01  LoadPlaylist
      | Stack used (prev) :  000063C4
      | + function block  :  00005200
  <-Sub-tree of type: Function tree
    | Stack used          :  0000B5C4


  ->Sub-tree of type: Function tree
                             CSTACK
    | Stack used (prev) :  0000B5C4
  01  LoadM3uPlaylist
      | Stack used (prev) :  0000B5C4
      | + function block  :  00005414
  <-Sub-tree of type: Function tree
    | Stack used          :  000109D8


  ->Sub-tree of type: Function tree
                             CSTACK
    | Stack used (prev) :  000109D8
  01  whattoplaynext
      | Stack used (prev) :  000109D8
      | + function block  :  00000018
  <-Sub-tree of type: Function tree
    | Stack used          :  000109F0


  ->Sub-tree of type: Function tree
                             CSTACK
    | Stack used (prev) :  000109F0
  01  whattoplayprev
      | Stack used (prev) :  000109F0
      | + function block  :  00000004
  <-Sub-tree of type: Function tree
    | Stack used          :  000109F4


  ->Sub-tree of type: Function tree
                             CSTACK
    | Stack used (prev) :  000109F4
  01  showvolume
      | Stack used (prev) :  000109F4
      | + function block  :  00000008
  <-Sub-tree of type: Function tree
    | Stack used          :  000109FC


  ->Sub-tree of type: Function tree
                             CSTACK
    | Stack used (prev) :  000109FC
  01  Play_PauseResume
      | Stack used (prev) :  000109FC
      | + function block  :  00000104
  <-Sub-tree of type: Function tree
    | Stack used          :  00010B00


  ->Sub-tree of type: Function tree
                             CSTACK
    | Stack used (prev) :  00010B00
  01  VolumeDown
      | Stack used (prev) :  00010B00
      | + function block  :  00000004
  <-Sub-tree of type: Function tree
    | Stack used          :  00010B04


  ->Sub-tree of type: Function tree
                             CSTACK
    | Stack used (prev) :  00010B04
  01  VolumeMute
      | Stack used (prev) :  00010B04
      | + function block  :  00000004
  <-Sub-tree of type: Function tree
    | Stack used          :  00010B08


  ->Sub-tree of type: Function tree
                             CSTACK
    | Stack used (prev) :  00010B08
  01  VolumeUp
      | Stack used (prev) :  00010B08
      | + function block  :  00000004
  <-Sub-tree of type: Function tree
    | Stack used          :  00010B0C


  ->Sub-tree of type: Function tree
                             CSTACK
    | Stack used (prev) :  00010B0C
  01  ShowPlayerMenu
      | Stack used (prev) :  00010B0C
      | + function block  :  00000008
  <-Sub-tree of type: Function tree
    | Stack used          :  00010B14


  ->Sub-tree of type: Function tree
                             CSTACK
    | Stack used (prev) :  00010B14
  01  SaveParams
      | Stack used (prev) :  00010B14
      | + function block  :  00000010
  <-Sub-tree of type: Function tree
    | Stack used          :  00010B24


  ->Sub-tree of type: Function tree
                             CSTACK
    | Stack used (prev) :  00010B24
  01  WriteLastPlaylist
      | Stack used (prev) :  00010B24
      | + function block  :  00000140
  <-Sub-tree of type: Function tree
    | Stack used          :  00010C64


  ->Sub-tree of type: Function tree
                             CSTACK
    | Stack used (prev) :  00010C64
  01  ReadLastPlaylist
      | Stack used (prev) :  00010C64
      | + function block  :  00000484
  <-Sub-tree of type: Function tree
    | Stack used          :  000110E8


  ->Sub-tree of type: Function tree
                             CSTACK
    | Stack used (prev) :  000110E8
  01  LoadParams
      | Stack used (prev) :  000110E8
      | + function block  :  00000010
  <-Sub-tree of type: Function tree
    | Stack used          :  000110F8


  ->Sub-tree of type: Function tree
                             CSTACK
    | Stack used (prev) :  000110F8
  01  WhatToDo
      | Stack used (prev) :  000110F8
      | + function block  :  0000011C
  <-Sub-tree of type: Function tree
    | Stack used          :  00011214


  ->Sub-tree of type: Function tree
                             CSTACK
    | Stack used (prev) :  00011214
  01  IsFile
      | Stack used (prev) :  00011214
      | + function block  :  00000000
  <-Sub-tree of type: Function tree
    | Stack used          :  00011214


  ->Sub-tree of type: Function tree
                             CSTACK
    | Stack used (prev) :  00011214
  01  CreatePlaylist
      | Stack used (prev) :  00011214
      | + function block  :  000003D8
  <-Sub-tree of type: Function tree
    | Stack used          :  000115EC


  ->Sub-tree of type: Function tree
                             CSTACK
    | Stack used (prev) :  000115EC
  01  CheckDoubleRun
      | Stack used (prev) :  000115EC
      | + function block  :  00000014
  <-Sub-tree of type: Function tree
    | Stack used          :  00011600


  ->Sub-tree of type: Function tree
                             CSTACK
    | Stack used (prev) :  00011600
  01  UpdateCSMname
      | Stack used (prev) :  00011600
      | + function block  :  00000008
  <-Sub-tree of type: Function tree
    | Stack used          :  00011608


  ->Sub-tree of type: Function tree
                             CSTACK
    | Stack used (prev) :  00011608
  01  skins
      | Stack used (prev) :  00011608
      | + function block  :  000003CC
  <-Sub-tree of type: Function tree
    | Stack used          :  000119D4


  ->Sub-tree of type: Function tree
                             CSTACK
    | Stack used (prev) :  000119D4
  01  main
      | Stack used (prev) :  000119D4
      | + function block  :  000004A0
  <-Sub-tree of type: Function tree
    | Stack used          :  00011E74


  ->Sub-tree of type: Function tree
                             CSTACK
    | Stack used (prev) :  00011E74
  01  Cleaner
      | Stack used (prev) :  00011E74
      | + function block  :  00000008
  <-Sub-tree of type: Function tree
    | Stack used          :  00011E7C


  ->Sub-tree of type: Function tree
                             CSTACK
    | Stack used (prev) :  00011E7C
  01  patch_header
      | Stack used (prev) :  00011E7C
      | + function block  :  00000008
  <-Sub-tree of type: Function tree
    | Stack used          :  00011E84


  ->Sub-tree of type: Function tree
                             CSTACK
    | Stack used (prev) :  00011E84
  01  CloseMAINMENU
      | Stack used (prev) :  00011E84
      | + function block  :  00000004
  <-Sub-tree of type: Function tree
    | Stack used          :  00011E88


  ->Sub-tree of type: Function tree
                             CSTACK
    | Stack used (prev) :  00011E88
  01  ShowMainMenu
      | Stack used (prev) :  00011E88
      | + function block  :  00000014
  <-Sub-tree of type: Function tree
    | Stack used          :  00011E9C


  ->Sub-tree of type: Function tree
                             CSTACK
    | Stack used (prev) :  00011E9C
  01  patch_header
      | Stack used (prev) :  00011E9C
      | + function block  :  00000008
  <-Sub-tree of type: Function tree
    | Stack used          :  00011EA4


  ->Sub-tree of type: Function tree
                             CSTACK
    | Stack used (prev) :  00011EA4
  01  SaveConfigData
      | Stack used (prev) :  00011EA4
      | + function block  :  00000018
  <-Sub-tree of type: Function tree
    | Stack used          :  00011EBC


  ->Sub-tree of type: Function tree
                             CSTACK
    | Stack used (prev) :  00011EBC
  01  LoadConfigData
      | Stack used (prev) :  00011EBC
      | + function block  :  0000002C
  <-Sub-tree of type: Function tree
    | Stack used          :  00011EE8


  ->Sub-tree of type: Function tree
                             CSTACK
    | Stack used (prev) :  00011EE8
  01  InitConfig
      | Stack used (prev) :  00011EE8
      | + function block  :  00000004
  <-Sub-tree of type: Function tree
    | Stack used          :  00011EEC


  ->Sub-tree of type: Function tree
                             CSTACK
    | Stack used (prev) :  00011EEC
  01  ViewFiles
      | Stack used (prev) :  00011EEC
      | + function block  :  000004B8
  <-Sub-tree of type: Function tree
    | Stack used          :  000123A4


  ->Sub-tree of type: Function tree
                             CSTACK
    | Stack used (prev) :  000123A4
  01  find_tegs
      | Stack used (prev) :  000123A4
      | + function block  :  000000C0
  <-Sub-tree of type: Function tree
    | Stack used          :  00012464


  ->Sub-tree of type: Function tree
                             CSTACK
    | Stack used (prev) :  00012464
  01  BEER
      | Stack used (prev) :  00012464
      | + function block  :  00000544
  <-Sub-tree of type: Function tree
    | Stack used          :  000129A8


  ->Sub-tree of type: Function tree
                             CSTACK
    | Stack used (prev) :  000129A8
  01  CreateMediaLibrary
      | Stack used (prev) :  000129A8
      | + function block  :  0000051C
  <-Sub-tree of type: Function tree
    | Stack used          :  00012EC4


  ->Sub-tree of type: Function tree
                             CSTACK
    | Stack used (prev) :  00012EC4
  01  patch_header
      | Stack used (prev) :  00012EC4
      | + function block  :  00000008
  <-Sub-tree of type: Function tree
    | Stack used          :  00012ECC




                ****************************************
                *                                      *
                *      SEGMENTS IN ADDRESS ORDER       *
                *                                      *
                ****************************************


SEGMENT              SPACE    START ADDRESS   END ADDRESS     SIZE  TYPE  ALIGN
=======              =====    =============   ===========     ====  ====  =====
ELFBEGIN             CODE_AREA           00000000                     rel    0
DATA_ID              CODE_AREA      00000000 - 000004A3         4A4   rel    2
START                CODE_AREA           000004A4                     dse    0
CODE                 CODE_AREA      000004A4 - 0000B3F3        AF50   rel    2
DATA_C               CODE_AREA      0000B3F4 - 0000BEB8         AC5   rel    2
INITTAB              CODE_AREA      0000BEBC - 0000BED3          18   rel    2
DATA_Z               CODE_AREA      0000BED4 - 0003000A       24137   rel    2
DATA_N               CODE_AREA           0003000B                     dse    0
CONFIG_C             CODE_AREA      0003000C - 0003286F        2864   rel    2
DATA_I               DATA_AREA      00000000 - 000004A3         4A4   rel    2

                ****************************************
                *                                      *
                *        END OF CROSS REFERENCE        *
                *                                      *
                ****************************************

 206 956 bytes of CODE memory
   1 188 bytes of DATA memory

Errors: none
Warnings: none

