Warning[w6]: Type conflict for external/entry "isfile", in module Main against external/entry in module register; prototyped function vs K&R function
  /* In module Main: */
  /* K&R Function, args 0, attr 0 */
  int (__atpcs __interwork isfile)();
  /* In module register: */
  /* Function, args 1, attr 0 */
  int (__atpcs __interwork isfile)(char *);
################################################################################
#                                                                              #
#      IAR Universal Linker V4.59Z/386                                         #
#                                                                              #
#           Link time     =  15/Mar/2008  23:03:18                             #
#           Target CPU    =  ARM                                               #
#           List file     =  F:\ÝLF\Iar1\arm\Project\Release_ELKA\List\Mirrr_X #
#                            XX.map                                            #
#           Output file 1 =  F:\ÝLF\Iar1\arm\Project\Release_ELKA\Exe\Mirrr_XX #
#                            X.elf                                             #
#                            Format: elf, variant: -ynpraw                     #
#           Command line  =  F:\ÝLF\Iar1\arm\Project\DIV.R79                   #
#                            F:\ÝLF\Iar1\arm\Project\Release_ELKA\Obj\Main.r79 #
#                            F:\ÝLF\Iar1\arm\Project\Release_ELKA\Obj\Siemens. #
#                            r79                                               #
#                            F:\ÝLF\Iar1\arm\Project\Release_ELKA\Obj\Swi.r79  #
#                            F:\ÝLF\Iar1\arm\Project\Release_ELKA\Obj\devka.r7 #
#                            9                                                 #
#                            F:\ÝLF\Iar1\arm\Project\Release_ELKA\Obj\readimg. #
#                            r79                                               #
#                            F:\ÝLF\Iar1\arm\Project\Release_ELKA\Obj\register #
#                            .r79                                              #
#                            "F:\ÝLF\Iar1\arm\Rebel Editor\jpeglib\Release\Exe #
#                            \jpeglib.r79"                                     #
#                            -o                                                #
#                            F:\ÝLF\Iar1\arm\Project\Release_ELKA\Exe\Mirrr_XX #
#                            X.elf                                             #
#                            -Felf -l                                          #
#                            F:\ÝLF\Iar1\arm\Project\Release_ELKA\List\Mirrr_X #
#                            XX.map                                            #
#                            -xmsnio -f F:\ÝLF\Iar1\arm\Project\test.xcl       #
#                            (-carm -V(CODE)CODE_AREA,12                       #
#                            -V(DATA)DATA_AREA,12                              #
#                            -Z(CODE_AREA)ELFBEGIN,DATA_ID,START,CODE,DATA_C,I #
#                            NITTAB,DATA_Z,DATA_N,CONFIG_C=0-FFFFFFFF          #
#                            -Z(DATA_AREA)DATA_I=0-FFFFFFFF) -ynpraw -s main   #
#                                                                              #
#                        Copyright 1987-2006 IAR Systems. All rights reserved. #
################################################################################





                ****************************************
                *                                      *
                *           CROSS REFERENCE            *
                *                                      *
                ****************************************

       Program entry at : CODE_AREA 00001890  Relocatable, from module : Siemens




                ****************************************
                *                                      *
                *            RUNTIME MODEL             *
                *                                      *
                ****************************************

  StackAlign4  = USED
  __cpu_mode   = __pcs__interwork
  __data_model = absolute
  __endian     = little
  __rt_version = 6



                ****************************************
                *                                      *
                *              MODULE MAP              *
                *                                      *
                ****************************************


  DEFINED ABSOLUTE ENTRIES
    *************************************************************************

  DEFINED ABSOLUTE ENTRIES
    *************************************************************************

  FILE NAME : F:\ÝLF\Iar1\arm\Project\DIV.R79
  LIBRARY MODULE, NAME : ?div_module

  SEGMENTS IN THE MODULE
  ======================
CODE
  Segment part 0. NOT NEEDED.
           ENTRY                   ADDRESS         REF BY
           =====                   =======         ======
           ??divu8_t               
    -------------------------------------------------------------------------
CODE
  Segment part 1. NOT NEEDED.
           ENTRY                   ADDRESS         REF BY
           =====                   =======         ======
           ??divu8_a               
    -------------------------------------------------------------------------
CODE
  Segment part 2. NOT NEEDED.
           ENTRY                   ADDRESS         REF BY
           =====                   =======         ======
           ??divu16_t              
    -------------------------------------------------------------------------
CODE
  Segment part 3. NOT NEEDED.
           ENTRY                   ADDRESS         REF BY
           =====                   =======         ======
           ??divu16_a              
    -------------------------------------------------------------------------
CODE
  Relative segment, address: CODE_AREA 000010A4 - 000010A7 (0x4 bytes), align: 2
  Segment part 4.
           ENTRY                   ADDRESS         REF BY
           =====                   =======         ======
           ??divu32_t              000010A5        alloc_barray (jmemmgr)
                                                   alloc_sarray (jmemmgr)
                                                   decompress_data (jdcoefct)
                                                   decompress_smooth_data (jdcoefct)
                                                   per_scan_setup (jdinput)
                                                   realize_virt_arrays (jmemmgr)
                                                   set_bottom_pointers (jdmainct)
    -------------------------------------------------------------------------
CODE
  Relative segment, address: CODE_AREA 000010A8 - 000010B3 (0xc bytes), align: 2
  Segment part 5.             Intra module refs:   ??divu32_t
           ENTRY                   ADDRESS         REF BY
           =====                   =======         ======
           ??divu32_a              000010A8 
    -------------------------------------------------------------------------
CODE
  Segment part 6. NOT NEEDED.
           ENTRY                   ADDRESS         REF BY
           =====                   =======         ======
           ??div8_t                
    -------------------------------------------------------------------------
CODE
  Segment part 7. NOT NEEDED.
           ENTRY                   ADDRESS         REF BY
           =====                   =======         ======
           ??div8_a                
    -------------------------------------------------------------------------
CODE
  Segment part 8. NOT NEEDED.
           ENTRY                   ADDRESS         REF BY
           =====                   =======         ======
           ??div16_t               
    -------------------------------------------------------------------------
CODE
  Segment part 9. NOT NEEDED.
           ENTRY                   ADDRESS         REF BY
           =====                   =======         ======
           ??div16_a               
    -------------------------------------------------------------------------
CODE
  Relative segment, address: CODE_AREA 000010B4 - 000010B7 (0x4 bytes), align: 2
  Segment part 10.
           ENTRY                   ADDRESS         REF BY
           =====                   =======         ======
           ??div32_t               000010B5        alloc_funny_pointers (jdmainct)
                                                   decompress_smooth_data (jdcoefct)
                                                   jdiv_round_up (jutils)
                                                   jinit_d_main_controller (jdmainct)
                                                   jinit_upsampler (jdsample)
                                                   jround_up (jutils)
                                                   make_funny_pointers (jdmainct)
                                                   realize_virt_arrays (jmemmgr)
                                                   set_bottom_pointers (jdmainct)
                                                   set_wraparound_pointers (jdmainct)
    -------------------------------------------------------------------------
CODE
  Relative segment, address: CODE_AREA 000010B8 - 000010CF (0x18 bytes), align: 2
  Segment part 11.            Intra module refs:   ??div32_t
           ENTRY                   ADDRESS         REF BY
           =====                   =======         ======
           ??div32_a               000010B8 
    -------------------------------------------------------------------------
CODE
  Relative segment, address: CODE_AREA 000010D0 - 000011A7 (0xd8 bytes), align: 2
  Segment part 12.            Intra module refs:   ??div32_a
                                                   ??divu32_a

    *************************************************************************

  FILE NAME : F:\ÝLF\Iar1\arm\Project\Release_ELKA\Obj\Main.r79
  PROGRAM MODULE, NAME : Main

  SEGMENTS IN THE MODULE
  ======================
CODE
  Segment part 54. NOT NEEDED.
    -------------------------------------------------------------------------
CODE
  Segment part 55. NOT NEEDED.
           ENTRY                   ADDRESS         REF BY
           =====                   =======         ======
           DisIconbar              
               not allocated function
    -------------------------------------------------------------------------
CODE
  Segment part 56. NOT NEEDED.
    -------------------------------------------------------------------------
DATA_I
  Segment part 19. NOT NEEDED.
           ENTRY                   ADDRESS         REF BY
           =====                   =======         ======
           nite                    
    -------------------------------------------------------------------------
DATA_I
  Segment part 27. NOT NEEDED.
           ENTRY                   ADDRESS         REF BY
           =====                   =======         ======
           curcolor                
    -------------------------------------------------------------------------
DATA_I
  Segment part 29. NOT NEEDED.
           ENTRY                   ADDRESS         REF BY
           =====                   =======         ======
           maskcolor               
    -------------------------------------------------------------------------
DATA_Z
  Segment part 16. NOT NEEDED.
           ENTRY                   ADDRESS         REF BY
           =====                   =======         ======
           lenta                   
           loadfilesize            
    -------------------------------------------------------------------------
DATA_Z
  Segment part 17. NOT NEEDED.
           ENTRY                   ADDRESS         REF BY
           =====                   =======         ======
           loggerCWILIB            
    -------------------------------------------------------------------------
DATA_Z
  Segment part 18. NOT NEEDED.
           ENTRY                   ADDRESS         REF BY
           =====                   =======         ======
           intlog                  
    -------------------------------------------------------------------------
DATA_Z
  Segment part 21. NOT NEEDED.
           ENTRY                   ADDRESS         REF BY
           =====                   =======         ======
           fastfon                 
    -------------------------------------------------------------------------
DATA_Z
  Segment part 22. NOT NEEDED.
           ENTRY                   ADDRESS         REF BY
           =====                   =======         ======
           tmpfnt                  
    -------------------------------------------------------------------------
DATA_Z
  Segment part 23. NOT NEEDED.
           ENTRY                   ADDRESS         REF BY
           =====                   =======         ======
           regfile                 
    -------------------------------------------------------------------------
DATA_Z
  Segment part 24. NOT NEEDED.
           ENTRY                   ADDRESS         REF BY
           =====                   =======         ======
           wsbuf                   
    -------------------------------------------------------------------------
DATA_Z
  Segment part 25. NOT NEEDED.
           ENTRY                   ADDRESS         REF BY
           =====                   =======         ======
           fon                     
    -------------------------------------------------------------------------
DATA_Z
  Segment part 26. NOT NEEDED.
           ENTRY                   ADDRESS         REF BY
           =====                   =======         ======
           curImg                  
    -------------------------------------------------------------------------
DATA_Z
  Segment part 35. NOT NEEDED.
           ENTRY                   ADDRESS         REF BY
           =====                   =======         ======
           movecolor               
    -------------------------------------------------------------------------
DATA_Z
  Segment part 36. NOT NEEDED.
           ENTRY                   ADDRESS         REF BY
           =====                   =======         ======
           menubkcolor             
    -------------------------------------------------------------------------
DATA_Z
  Segment part 39. NOT NEEDED.
           ENTRY                   ADDRESS         REF BY
           =====                   =======         ======
           err                     
    -------------------------------------------------------------------------
DATA_Z
  Segment part 40. NOT NEEDED.
           ENTRY                   ADDRESS         REF BY
           =====                   =======         ======
           bufan2                  
    -------------------------------------------------------------------------
DATA_Z
  Segment part 41. NOT NEEDED.
           ENTRY                   ADDRESS         REF BY
           =====                   =======         ======
           bufan                   
    -------------------------------------------------------------------------
CODE
  Segment part 57. NOT NEEDED.
           ENTRY                   ADDRESS         REF BY
           =====                   =======         ======
           strh2int                
               not allocated function
    -------------------------------------------------------------------------
CODE
  Segment part 58. NOT NEEDED.
    -------------------------------------------------------------------------
CODE
  Segment part 59. NOT NEEDED.
           ENTRY                   ADDRESS         REF BY
           =====                   =======         ======
           RunEntry                
               not allocated function
    -------------------------------------------------------------------------
CODE
  Segment part 60. NOT NEEDED.
    -------------------------------------------------------------------------
CODE
  Segment part 61. NOT NEEDED.
           ENTRY                   ADDRESS         REF BY
           =====                   =======         ======
           min                     
               not allocated function
    -------------------------------------------------------------------------
CODE
  Segment part 62. NOT NEEDED.
    -------------------------------------------------------------------------
CODE
  Segment part 63. NOT NEEDED.
           ENTRY                   ADDRESS         REF BY
           =====                   =======         ======
           max                     
               not allocated function
    -------------------------------------------------------------------------
CODE
  Segment part 64. NOT NEEDED.
    -------------------------------------------------------------------------
CODE
  Segment part 65. NOT NEEDED.
    -------------------------------------------------------------------------
CODE
  Segment part 66. NOT NEEDED.
           ENTRY                   ADDRESS         REF BY
           =====                   =======         ======
           fgets                   
               not allocated function
    -------------------------------------------------------------------------
CODE
  Segment part 67. NOT NEEDED.
    -------------------------------------------------------------------------
CODE
  Segment part 68. NOT NEEDED.
           ENTRY                   ADDRESS         REF BY
           =====                   =======         ======
           printf                  
               not allocated function
    -------------------------------------------------------------------------
CODE
  Segment part 69. NOT NEEDED.
    -------------------------------------------------------------------------
CODE
  Segment part 70. NOT NEEDED.
           ENTRY                   ADDRESS         REF BY
           =====                   =======         ======
           strdup                  
               not allocated function
    -------------------------------------------------------------------------
CODE
  Segment part 71. NOT NEEDED.
    -------------------------------------------------------------------------
CODE
  Segment part 72. NOT NEEDED.
           ENTRY                   ADDRESS         REF BY
           =====                   =======         ======
           savefile                
               not allocated function
    -------------------------------------------------------------------------
CODE
  Segment part 73. NOT NEEDED.
    -------------------------------------------------------------------------
CODE
  Segment part 74. NOT NEEDED.
           ENTRY                   ADDRESS         REF BY
           =====                   =======         ======
           loadfile                
               not allocated function
    -------------------------------------------------------------------------
CODE
  Segment part 75. NOT NEEDED.
    -------------------------------------------------------------------------
CODE
  Segment part 76. NOT NEEDED.
           ENTRY                   ADDRESS         REF BY
           =====                   =======         ======
           toup                    
               not allocated function
    -------------------------------------------------------------------------
CODE
  Segment part 77. NOT NEEDED.
    -------------------------------------------------------------------------
CODE
  Segment part 78. NOT NEEDED.
           ENTRY                   ADDRESS         REF BY
           =====                   =======         ======
           todown                  
               not allocated function
    -------------------------------------------------------------------------
CODE
  Segment part 79. NOT NEEDED.
    -------------------------------------------------------------------------
CODE
  Segment part 80. NOT NEEDED.
           ENTRY                   ADDRESS         REF BY
           =====                   =======         ======
           isalth                  
               not allocated function
    -------------------------------------------------------------------------
CODE
  Segment part 81. NOT NEEDED.
    -------------------------------------------------------------------------
CODE
  Segment part 82. NOT NEEDED.
    -------------------------------------------------------------------------
CODE
  Segment part 83. NOT NEEDED.
           ENTRY                   ADDRESS         REF BY
           =====                   =======         ======
           isval                   
               not allocated function
    -------------------------------------------------------------------------
CODE
  Segment part 84. NOT NEEDED.
    -------------------------------------------------------------------------
CODE
  Segment part 85. NOT NEEDED.
           ENTRY                   ADDRESS         REF BY
           =====                   =======         ======
           strchrpos               
               not allocated function
    -------------------------------------------------------------------------
CODE
  Segment part 86. NOT NEEDED.
    -------------------------------------------------------------------------
CODE
  Segment part 87. NOT NEEDED.
           ENTRY                   ADDRESS         REF BY
           =====                   =======         ======
           emptystr                
               not allocated function
    -------------------------------------------------------------------------
CODE
  Segment part 88. NOT NEEDED.
    -------------------------------------------------------------------------
CODE
  Segment part 89. NOT NEEDED.
    -------------------------------------------------------------------------
CODE
  Segment part 90. NOT NEEDED.
           ENTRY                   ADDRESS         REF BY
           =====                   =======         ======
           strcmpsize              
               not allocated function
    -------------------------------------------------------------------------
CODE
  Segment part 91. NOT NEEDED.
    -------------------------------------------------------------------------
CODE
  Segment part 92. NOT NEEDED.
           ENTRY                   ADDRESS         REF BY
           =====                   =======         ======
           getint                  
               not allocated function
    -------------------------------------------------------------------------
CODE
  Segment part 93. NOT NEEDED.
    -------------------------------------------------------------------------
CODE
  Segment part 94. NOT NEEDED.
           ENTRY                   ADDRESS         REF BY
           =====                   =======         ======
           get3int                 
               not allocated function
    -------------------------------------------------------------------------
CODE
  Segment part 95. NOT NEEDED.
    -------------------------------------------------------------------------
CODE
  Segment part 96. NOT NEEDED.
           ENTRY                   ADDRESS         REF BY
           =====                   =======         ======
           getshort                
               not allocated function
    -------------------------------------------------------------------------
CODE
  Segment part 97. NOT NEEDED.
    -------------------------------------------------------------------------
CODE
  Segment part 98. NOT NEEDED.
           ENTRY                   ADDRESS         REF BY
           =====                   =======         ======
           putint                  
               not allocated function
    -------------------------------------------------------------------------
CODE
  Segment part 99. NOT NEEDED.
    -------------------------------------------------------------------------
CODE
  Segment part 100. NOT NEEDED.
           ENTRY                   ADDRESS         REF BY
           =====                   =======         ======
           intToChar               
               not allocated function
    -------------------------------------------------------------------------
CODE
  Segment part 101. NOT NEEDED.
    -------------------------------------------------------------------------
CODE
  Segment part 102. NOT NEEDED.
           ENTRY                   ADDRESS         REF BY
           =====                   =======         ======
           putshort                
               not allocated function
    -------------------------------------------------------------------------
CODE
  Segment part 103. NOT NEEDED.
    -------------------------------------------------------------------------
DATA_Z
  Segment part 42. NOT NEEDED.
           ENTRY                   ADDRESS         REF BY
           =====                   =======         ======
           loadgraphsize           
    -------------------------------------------------------------------------
DATA_C
  Segment part 2. NOT NEEDED.
    -------------------------------------------------------------------------
DATA_C
  Relative segment, address: CODE_AREA 00008230 - 0000823F (0x10 bytes), align: 2
  Segment part 3.             Intra module refs:   Segment part 45
    -------------------------------------------------------------------------
DATA_C
  Relative segment, address: CODE_AREA 00008240 - 0000825B (0x1c bytes), align: 2
  Segment part 4.             Intra module refs:   onstart
    -------------------------------------------------------------------------
DATA_C
  Segment part 5. NOT NEEDED.
    -------------------------------------------------------------------------
DATA_C
  Relative segment, address: CODE_AREA 0000825C - 0000827F (0x24 bytes), align: 2
  Segment part 6.             Intra module refs:   odraw
    -------------------------------------------------------------------------
DATA_C
  Segment part 7. NOT NEEDED.
    -------------------------------------------------------------------------
DATA_C
  Segment part 8. NOT NEEDED.
    -------------------------------------------------------------------------
DATA_C
  Relative segment, address: CODE_AREA 00008280 - 000082DF (0x60 bytes), align: 2
  Segment part 9.             Intra module refs:   Segment part 111
    -------------------------------------------------------------------------
DATA_C
  Relative segment, address: CODE_AREA 000082E0 - 0000833F (0x60 bytes), align: 2
  Segment part 10.            Intra module refs:   drawim
    -------------------------------------------------------------------------
DATA_C
  Segment part 11. NOT NEEDED.
    -------------------------------------------------------------------------
DATA_C
  Segment part 12. NOT NEEDED.
    -------------------------------------------------------------------------
DATA_C
  Relative segment, address: CODE_AREA 00008340 - 0000834F (0x10 bytes), align: 2
  Segment part 13.            Intra module refs:   Segment part 49
    -------------------------------------------------------------------------
DATA_C
  Relative segment, address: CODE_AREA 00008350 - 00008373 (0x24 bytes), align: 2
  Segment part 14.            Intra module refs:   Segment part 49
    -------------------------------------------------------------------------
DATA_C
  Segment part 15. NOT NEEDED.
    -------------------------------------------------------------------------
DATA_C
  Segment part 43. NOT NEEDED.
           ENTRY                   ADDRESS         REF BY
           =====                   =======         ======
           graphpoints             
    -------------------------------------------------------------------------
CODE
  Segment part 104. NOT NEEDED.
           ENTRY                   ADDRESS         REF BY
           =====                   =======         ======
           loadgraph               
               not allocated function
    -------------------------------------------------------------------------
CODE
  Segment part 105. NOT NEEDED.
    -------------------------------------------------------------------------
CODE
  Relative segment, address: CODE_AREA 000011A8 - 0000136B (0x1c4 bytes), align: 2
  Segment part 106.           Intra module refs:   odraw
           ENTRY                   ADDRESS         REF BY
           =====                   =======         ======
           drawim                  000011A8 
               stack 1 = 00000000 ( 000000BC )
    -------------------------------------------------------------------------
CODE
  Segment part 107. NOT NEEDED.
    -------------------------------------------------------------------------
CODE
  Segment part 108. NOT NEEDED.
           ENTRY                   ADDRESS         REF BY
           =====                   =======         ======
           drawimb                 
               not allocated function
    -------------------------------------------------------------------------
CODE
  Segment part 109. NOT NEEDED.
    -------------------------------------------------------------------------
CODE
  Segment part 110. NOT NEEDED.
           ENTRY                   ADDRESS         REF BY
           =====                   =======         ======
           drawimblack             
               not allocated function
    -------------------------------------------------------------------------
CODE
  Relative segment, address: CODE_AREA 0000136C - 00001377 (0xc bytes), align: 2
  Segment part 111.           Intra module refs:   drawim
    -------------------------------------------------------------------------
CODE
  Segment part 112. NOT NEEDED.
    -------------------------------------------------------------------------
CODE
  Segment part 113. NOT NEEDED.
           ENTRY                   ADDRESS         REF BY
           =====                   =======         ======
           x_str                   
               not allocated function
    -------------------------------------------------------------------------
CODE
  Segment part 114. NOT NEEDED.
    -------------------------------------------------------------------------
CODE
  Segment part 115. NOT NEEDED.
           ENTRY                   ADDRESS         REF BY
           =====                   =======         ======
           hex                     
               not allocated function
    -------------------------------------------------------------------------
CODE
  Segment part 116. NOT NEEDED.
    -------------------------------------------------------------------------
CODE
  Segment part 117. NOT NEEDED.
           ENTRY                   ADDRESS         REF BY
           =====                   =======         ======
           hexer                   
               not allocated function
    -------------------------------------------------------------------------
CODE
  Segment part 118. NOT NEEDED.
    -------------------------------------------------------------------------
CODE
  Segment part 119. NOT NEEDED.
    -------------------------------------------------------------------------
DATA_I
  Relative segment, address: DATA_AREA 00000000 - 0000000F (0x10 bytes), align: 2
  Segment part 31.            Intra module refs:   cls
                                                   odraw
                                                   onstart
           ENTRY                   ADDRESS         REF BY
           =====                   =======         ======
           FImage                  00000008 
           bkcolor                 00000000 
           frcolor                 00000004 
           maks                    0000000C 
    -------------------------------------------------------------------------
DATA_I
  Segment part 33. NOT NEEDED.
           ENTRY                   ADDRESS         REF BY
           =====                   =======         ======
           menucolor               
    -------------------------------------------------------------------------
DATA_I
  Segment part 37. NOT NEEDED.
           ENTRY                   ADDRESS         REF BY
           =====                   =======         ======
           belex                   
    -------------------------------------------------------------------------
DATA_I
  Relative segment, address: DATA_AREA 00000010 - 00000013 (0x4 bytes), align: 2
  Segment part 44.
           ENTRY                   ADDRESS         REF BY
           =====                   =======         ======
           Title                   00000010        UpdateCSMname (Siemens)
    -------------------------------------------------------------------------
DATA_I
  Segment part 46. NOT NEEDED.
           ENTRY                   ADDRESS         REF BY
           =====                   =======         ======
           enter                   
    -------------------------------------------------------------------------
DATA_I
  Relative segment, address: DATA_AREA 00000014 - 0000001F (0xc bytes), align: 2
  Segment part 48.
           ENTRY                   ADDRESS         REF BY
           =====                   =======         ======
           errors                  00000014        main (Siemens)
    -------------------------------------------------------------------------
DATA_Z
  Relative segment, address: CODE_AREA 000086EC - 000086EF (0x4 bytes), align: 2
  Segment part 50.            Intra module refs:   Segment part 130
           ENTRY                   ADDRESS         REF BY
           =====                   =======         ======
           running                 000086EC 
    -------------------------------------------------------------------------
DATA_Z
  Segment part 51. NOT NEEDED.
           ENTRY                   ADDRESS         REF BY
           =====                   =======         ======
           mode                    
    -------------------------------------------------------------------------
DATA_I
  Relative segment, address: DATA_AREA 00000020 - 00000027 (0x8 bytes), align: 2
  Segment part 52.            Intra module refs:   onkey
           ENTRY                   ADDRESS         REF BY
           =====                   =======         ======
           curx                    00000020 
           cury                    00000024 
    -------------------------------------------------------------------------
CODE
  Segment part 120. NOT NEEDED.
           ENTRY                   ADDRESS         REF BY
           =====                   =======         ======
           drawcur                 
               not allocated function
    -------------------------------------------------------------------------
CODE
  Segment part 121. NOT NEEDED.
    -------------------------------------------------------------------------
CODE
  Segment part 122. NOT NEEDED.
    -------------------------------------------------------------------------
CODE
  Relative segment, address: CODE_AREA 00001378 - 0000137B (0x4 bytes), align: 2
  Segment part 123.
           ENTRY                   ADDRESS         REF BY
           =====                   =======         ======
           onredraw                00001378        method0 (Siemens)
               stack 1 = 00000000 ( 00000004 )
    -------------------------------------------------------------------------
CODE
  Segment part 124. NOT NEEDED.
    -------------------------------------------------------------------------
CODE
  Relative segment, address: CODE_AREA 0000137C - 0000143F (0xc4 bytes), align: 2
  Segment part 125.
           ENTRY                   ADDRESS         REF BY
           =====                   =======         ======
           odraw                   0000137C        DrawScreen (Siemens)
               stack 1 = 00000000 ( 00000038 )
    -------------------------------------------------------------------------
CODE
  Segment part 126. NOT NEEDED.
    -------------------------------------------------------------------------
CODE
  Relative segment, address: CODE_AREA 00001440 - 0000158B (0x14c bytes), align: 2
  Segment part 127.
           ENTRY                   ADDRESS         REF BY
           =====                   =======         ======
           onkey                   00001440        method5 (Siemens)
               stack 1 = 00000000 ( 0000000C )
    -------------------------------------------------------------------------
CODE
  Segment part 128. NOT NEEDED.
    -------------------------------------------------------------------------
CODE
  Relative segment, address: CODE_AREA 0000158C - 00001593 (0x8 bytes), align: 2
  Segment part 129.
           ENTRY                   ADDRESS         REF BY
           =====                   =======         ======
           onclose                 0000158C        maincsm_onclose (Siemens)
    -------------------------------------------------------------------------
CODE
  Relative segment, address: CODE_AREA 00001594 - 0000159F (0xc bytes), align: 2
  Segment part 130.           Intra module refs:   onclose
    -------------------------------------------------------------------------
CODE
  Segment part 131. NOT NEEDED.
    -------------------------------------------------------------------------
CODE
  Relative segment, address: CODE_AREA 000015A0 - 000015A3 (0x4 bytes), align: 2
  Segment part 132.
           ENTRY                   ADDRESS         REF BY
           =====                   =======         ======
           onexit                  000015A0        Killer (Siemens)
    -------------------------------------------------------------------------
CODE
  Segment part 133. NOT NEEDED.
    -------------------------------------------------------------------------
CODE
  Relative segment, address: CODE_AREA 000015A4 - 000015A7 (0x4 bytes), align: 2
  Segment part 134.
           ENTRY                   ADDRESS         REF BY
           =====                   =======         ======
           oncreate                000015A4        method1 (Siemens)
    -------------------------------------------------------------------------
CODE
  Segment part 135. NOT NEEDED.
    -------------------------------------------------------------------------
CODE
  Relative segment, address: CODE_AREA 000015A8 - 0000160B (0x64 bytes), align: 2
  Segment part 136.
           ENTRY                   ADDRESS         REF BY
           =====                   =======         ======
           onstart                 000015A8        main (Siemens)
               stack 1 = 00000000 ( 00000008 )
    -------------------------------------------------------------------------
CODE
  Segment part 137. NOT NEEDED.
    -------------------------------------------------------------------------
CODE
  Segment part 138. NOT NEEDED.
    -------------------------------------------------------------------------
CODE
  Segment part 139. NOT NEEDED.Intra module refs   cls
    -------------------------------------------------------------------------
CODE
  Segment part 140. NOT NEEDED.Intra module refs   onredraw
    -------------------------------------------------------------------------
CODE
  Segment part 141. NOT NEEDED.Intra module refs   onstart
    -------------------------------------------------------------------------
CODE
  Segment part 142. NOT NEEDED.Intra module refs   onstart
    -------------------------------------------------------------------------
CODE
  Segment part 143. NOT NEEDED.
           ENTRY                   ADDRESS         REF BY
           =====                   =======         ======
           rgb888tobyte            
               not allocated function
    -------------------------------------------------------------------------
CODE
  Relative segment, address: CODE_AREA 0000160C - 00001637 (0x2c bytes), align: 2
  Segment part 144.           Intra module refs:   onredraw
           ENTRY                   ADDRESS         REF BY
           =====                   =======         ======
           cls                     0000160C 
               stack 1 = 00000000 ( 00000004 )
    -------------------------------------------------------------------------
CSTACK
  Segment part 1. NOT NEEDED.
    -------------------------------------------------------------------------
DATA_ID
  Segment part 20. NOT NEEDED.
    -------------------------------------------------------------------------
DATA_ID
  Segment part 28. NOT NEEDED.
    -------------------------------------------------------------------------
DATA_ID
  Segment part 30. NOT NEEDED.
    -------------------------------------------------------------------------
DATA_ID
  Relative segment, address: CODE_AREA 00000000 - 0000000F (0x10 bytes), align: 2
  Segment part 32.            Intra module refs:   Segment part 31
    -------------------------------------------------------------------------
DATA_ID
  Segment part 34. NOT NEEDED.
    -------------------------------------------------------------------------
DATA_ID
  Segment part 38. NOT NEEDED.
    -------------------------------------------------------------------------
DATA_ID
  Relative segment, address: CODE_AREA 00000010 - 00000013 (0x4 bytes), align: 2
  Segment part 45.            Intra module refs:   Title
    -------------------------------------------------------------------------
DATA_ID
  Segment part 47. NOT NEEDED.
    -------------------------------------------------------------------------
DATA_ID
  Relative segment, address: CODE_AREA 00000014 - 0000001F (0xc bytes), align: 2
  Segment part 49.            Intra module refs:   errors
    -------------------------------------------------------------------------
DATA_ID
  Relative segment, address: CODE_AREA 00000020 - 00000027 (0x8 bytes), align: 2
  Segment part 53.            Intra module refs:   Segment part 52
    -------------------------------------------------------------------------
DATA_ID
  Segment part 145. NOT NEEDED.
           ENTRY                   ADDRESS         REF BY
           =====                   =======         ======
           ?*?DATA_ID              
    -------------------------------------------------------------------------
INITTAB
  Relative segment, address: CODE_AREA 000086D4 - 000086DF (0xc bytes), align: 2
  Segment part 146. ROOT.
           ENTRY                   ADDRESS         REF BY
           =====                   =======         ======
           ?init?tab?DATA_I        000086D4 
    -------------------------------------------------------------------------
INITTAB
  Relative segment, address: CODE_AREA 000086E0 - 000086EB (0xc bytes), align: 2
  Segment part 147. ROOT.
           ENTRY                   ADDRESS         REF BY
           =====                   =======         ======
           ?init?tab?DATA_Z        000086E0 

    *************************************************************************

  FILE NAME : F:\ÝLF\Iar1\arm\Project\Release_ELKA\Obj\Siemens.r79
  PROGRAM MODULE, NAME : Siemens

  SEGMENTS IN THE MODULE
  ======================
DATA_Z
  Segment part 7. NOT NEEDED.
           ENTRY                   ADDRESS         REF BY
           =====                   =======         ======
           C65                     
    -------------------------------------------------------------------------
DATA_Z
  Segment part 8. NOT NEEDED.
           ENTRY                   ADDRESS         REF BY
           =====                   =======         ======
           S75                     
    -------------------------------------------------------------------------
CODE
  Segment part 14. NOT NEEDED.
    -------------------------------------------------------------------------
CODE
  Relative segment, address: CODE_AREA 00001638 - 000016B7 (0x80 bytes), align: 2
  Segment part 15.            Intra module refs:   method0
           ENTRY                   ADDRESS         REF BY
           =====                   =======         ======
           DrawScreen              00001638 
               stack 1 = 00000000 ( 00000038 )
    -------------------------------------------------------------------------
CODE
  Segment part 16. NOT NEEDED.
    -------------------------------------------------------------------------
CODE
  Relative segment, address: CODE_AREA 000016B8 - 000016C7 (0x10 bytes), align: 2
  Segment part 17.            Intra module refs:   gui_methods
           ENTRY                   ADDRESS         REF BY
           =====                   =======         ======
           method0                 000016B8 
               stack 1 = 00000000 ( 00000004 )
    -------------------------------------------------------------------------
CODE
  Segment part 18. NOT NEEDED.
    -------------------------------------------------------------------------
CODE
  Relative segment, address: CODE_AREA 000016C8 - 000016DB (0x14 bytes), align: 2
  Segment part 19.            Intra module refs:   gui_methods
           ENTRY                   ADDRESS         REF BY
           =====                   =======         ======
           method1                 000016C8 
               stack 1 = 00000000 ( 00000008 )
    -------------------------------------------------------------------------
CODE
  Segment part 20. NOT NEEDED.
    -------------------------------------------------------------------------
CODE
  Relative segment, address: CODE_AREA 000016DC - 000016E7 (0xc bytes), align: 2
  Segment part 21.            Intra module refs:   gui_methods
           ENTRY                   ADDRESS         REF BY
           =====                   =======         ======
           method2                 000016DC 
    -------------------------------------------------------------------------
CODE
  Segment part 22. NOT NEEDED.
    -------------------------------------------------------------------------
CODE
  Relative segment, address: CODE_AREA 000016E8 - 000016F7 (0x10 bytes), align: 2
  Segment part 23.            Intra module refs:   gui_methods
           ENTRY                   ADDRESS         REF BY
           =====                   =======         ======
           method3                 000016E8 
               stack 1 = 00000000 ( 00000008 )
    -------------------------------------------------------------------------
CODE
  Relative segment, address: CODE_AREA 000016F8 - 000016FF (0x8 bytes), align: 2
  Segment part 24.            Intra module refs:   method1
                                                   method3
    -------------------------------------------------------------------------
CODE
  Segment part 25. NOT NEEDED.
    -------------------------------------------------------------------------
CODE
  Relative segment, address: CODE_AREA 00001700 - 00001713 (0x14 bytes), align: 2
  Segment part 26.            Intra module refs:   gui_methods
           ENTRY                   ADDRESS         REF BY
           =====                   =======         ======
           method4                 00001700 
    -------------------------------------------------------------------------
CODE
  Segment part 27. NOT NEEDED.
    -------------------------------------------------------------------------
CODE
  Relative segment, address: CODE_AREA 00001714 - 0000173B (0x28 bytes), align: 2
  Segment part 28.            Intra module refs:   gui_methods
           ENTRY                   ADDRESS         REF BY
           =====                   =======         ======
           method5                 00001714 
               stack 1 = 00000000 ( 00000004 )
    -------------------------------------------------------------------------
CODE
  Segment part 29. NOT NEEDED.
    -------------------------------------------------------------------------
CODE
  Relative segment, address: CODE_AREA 0000173C - 0000173F (0x4 bytes), align: 2
  Segment part 30.            Intra module refs:   gui_methods
           ENTRY                   ADDRESS         REF BY
           =====                   =======         ======
           method7                 0000173C 
    -------------------------------------------------------------------------
CODE
  Segment part 31. NOT NEEDED.
    -------------------------------------------------------------------------
CODE
  Relative segment, address: CODE_AREA 00001740 - 00001743 (0x4 bytes), align: 2
  Segment part 32.            Intra module refs:   gui_methods
           ENTRY                   ADDRESS         REF BY
           =====                   =======         ======
           method8                 00001740 
    -------------------------------------------------------------------------
CODE
  Segment part 33. NOT NEEDED.
    -------------------------------------------------------------------------
CODE
  Relative segment, address: CODE_AREA 00001744, align: 2
  Segment part 34.            Intra module refs:   gui_methods
           ENTRY                   ADDRESS         REF BY
           =====                   =======         ======
           method9                 00001744 
    -------------------------------------------------------------------------
CODE
  Relative segment, address: CODE_AREA 00001744 - 0000174B (0x8 bytes), align: 2
  Segment part 35.            Intra module refs:   method8
                                                   method9
    -------------------------------------------------------------------------
CODE
  Segment part 36. NOT NEEDED.
    -------------------------------------------------------------------------
DATA_I
  Relative segment, address: DATA_AREA 00000028 - 00000051 (0x2a bytes), align: 2
  Segment part 3.             Intra module refs:   Killer
                                                   Segment part 41
                                                   Segment part 49
                                                   Segment part 52
           ENTRY                   ADDRESS         REF BY
           =====                   =======         ======
           Canvas                  00000028 
           EL71                    00000051 
           SGOLD2                  00000050 
           height                  00000044 
           img                     00000030 
           msgerror                0000003C 
           screen                  0000004C        cls (Main)
           screensize              00000048        cls (Main)
           width                   00000040 
    -------------------------------------------------------------------------
DATA_I
  Relative segment, address: DATA_AREA 000010A0 - 000010A0 (0x1 bytes), align: 0
  Segment part 5.             Intra module refs:   maincsm_onclose
           ENTRY                   ADDRESS         REF BY
           =====                   =======         ======
           closer                  000010A0 
    -------------------------------------------------------------------------
CODE
  Relative segment, address: CODE_AREA 0000174C - 0000178B (0x40 bytes), align: 2
  Segment part 37.            Intra module refs:   MAINCSM
           ENTRY                   ADDRESS         REF BY
           =====                   =======         ======
           maincsm_oncreate        0000174C 
               stack 1 = 00000000 ( 0000000C )
    -------------------------------------------------------------------------
CODE
  Segment part 38. NOT NEEDED.
    -------------------------------------------------------------------------
CODE
  Segment part 39. NOT NEEDED.
           ENTRY                   ADDRESS         REF BY
           =====                   =======         ======
           maincsm_oncreate2       
               not allocated function
    -------------------------------------------------------------------------
CODE
  Relative segment, address: CODE_AREA 0000178C - 000017C3 (0x38 bytes), align: 2
  Segment part 40.            Intra module refs:   maincsm_oncreate
    -------------------------------------------------------------------------
CODE
  Relative segment, address: CODE_AREA 000017C4 - 000017C7 (0x4 bytes), align: 2
  Segment part 41.            Intra module refs:   maincsm_oncreate
    -------------------------------------------------------------------------
CODE
  Relative segment, address: CODE_AREA 000017C8 - 000017CB (0x4 bytes), align: 2
  Segment part 42.            Intra module refs:   Segment part 40
    -------------------------------------------------------------------------
CODE
  Segment part 43. NOT NEEDED.
    -------------------------------------------------------------------------
CODE
  Relative segment, address: CODE_AREA 000017CC - 00001803 (0x38 bytes), align: 2
  Segment part 44.            Intra module refs:   Segment part 53
           ENTRY                   ADDRESS         REF BY
           =====                   =======         ======
           Killer                  000017CC 
               stack 1 = 00000000 ( 00000004 )
    -------------------------------------------------------------------------
CODE
  Segment part 45. NOT NEEDED.
    -------------------------------------------------------------------------
CODE
  Relative segment, address: CODE_AREA 00001804 - 00001837 (0x34 bytes), align: 2
  Segment part 46.            Intra module refs:   MAINCSM
           ENTRY                   ADDRESS         REF BY
           =====                   =======         ======
           maincsm_onclose         00001804 
               stack 1 = 00000000 ( 00000008 )
    -------------------------------------------------------------------------
CODE
  Segment part 47. NOT NEEDED.
    -------------------------------------------------------------------------
CODE
  Relative segment, address: CODE_AREA 00001838 - 0000188B (0x54 bytes), align: 2
  Segment part 48.            Intra module refs:   MAINCSM
           ENTRY                   ADDRESS         REF BY
           =====                   =======         ======
           maincsm_onmessage       00001838 
    -------------------------------------------------------------------------
CODE
  Relative segment, address: CODE_AREA 0000188C - 0000188F (0x4 bytes), align: 2
  Segment part 49.            Intra module refs:   maincsm_onmessage
                                                   method5
    -------------------------------------------------------------------------
CODE
  Segment part 50. NOT NEEDED.
    -------------------------------------------------------------------------
DATA_Z
  Relative segment, address: CODE_AREA 000086F0 - 00008807 (0x118 bytes), align: 2
  Segment part 11.            Intra module refs:   MAINCSM
           ENTRY                   ADDRESS         REF BY
           =====                   =======         ======
           maincsm_name_body       000086F0 
    -------------------------------------------------------------------------
DATA_Z
  Segment part 12. NOT NEEDED.
           ENTRY                   ADDRESS         REF BY
           =====                   =======         ======
           maincsm_name_body2      
    -------------------------------------------------------------------------
DATA_C
  Relative segment, address: CODE_AREA 00008374 - 000083CB (0x58 bytes), align: 2
  Segment part 2.             Intra module refs:   UpdateCSMname
                                                   main
           ENTRY                   ADDRESS         REF BY
           =====                   =======         ======
           MAINCSM                 00008390 
    -------------------------------------------------------------------------
DATA_C
  Relative segment, address: CODE_AREA 000083CC - 000083F7 (0x2c bytes), align: 2
  Segment part 9.             Intra module refs:   Segment part 42
           ENTRY                   ADDRESS         REF BY
           =====                   =======         ======
           gui_methods             000083CC 
    -------------------------------------------------------------------------
DATA_C
  Relative segment, address: CODE_AREA 000083F8 - 000083FB (0x4 bytes), align: 2
  Segment part 10.            Intra module refs:   MAINCSM
           ENTRY                   ADDRESS         REF BY
           =====                   =======         ======
           minus11                 000083F8 
    -------------------------------------------------------------------------
DATA_C
  Segment part 13. NOT NEEDED.
           ENTRY                   ADDRESS         REF BY
           =====                   =======         ======
           MAINCSM2                
    -------------------------------------------------------------------------
CODE
  Relative segment, address: CODE_AREA 00001890 - 00001993 (0x104 bytes), align: 2
  Segment part 51.
           ENTRY                   ADDRESS         REF BY
           =====                   =======         ======
           main                    00001890        Absolute parts (?ABS_ENTRY_MOD)
               stack 1 = 00000000 ( 000000C8 )
    -------------------------------------------------------------------------
CODE
  Relative segment, address: CODE_AREA 00001994 - 00001997 (0x4 bytes), align: 2
  Segment part 52.            Intra module refs:   DrawScreen
                                                   main
    -------------------------------------------------------------------------
CODE
  Relative segment, address: CODE_AREA 00001998 - 0000199B (0x4 bytes), align: 2
  Segment part 53.            Intra module refs:   main
                                                   maincsm_onclose
    -------------------------------------------------------------------------
CODE
  Segment part 54. NOT NEEDED.Intra module refs:   DrawScreen
    -------------------------------------------------------------------------
CODE
  Segment part 55. NOT NEEDED.Intra module refs:   method0
    -------------------------------------------------------------------------
CODE
  Segment part 56. NOT NEEDED.Intra module refs:   method1
    -------------------------------------------------------------------------
CODE
  Segment part 57. NOT NEEDED.Intra module refs:   method5
    -------------------------------------------------------------------------
CODE
  Segment part 58. NOT NEEDED.Intra module refs:   Segment part 40
    -------------------------------------------------------------------------
CODE
  Segment part 59. NOT NEEDED.Intra module refs:   Killer
    -------------------------------------------------------------------------
CODE
  Segment part 60. NOT NEEDED.Intra module refs:   Killer
    -------------------------------------------------------------------------
CODE
  Segment part 61. NOT NEEDED.Intra module refs:   maincsm_onclose
    -------------------------------------------------------------------------
CODE
  Segment part 62. NOT NEEDED.Intra module refs:   main
    -------------------------------------------------------------------------
CODE
  Relative segment, address: CODE_AREA 0000199C - 000019BB (0x20 bytes), align: 2
  Segment part 63.            Intra module refs:   Segment part 40
           ENTRY                   ADDRESS         REF BY
           =====                   =======         ======
           UpdateCSMname           0000199C 
               stack 1 = 00000000 ( 00000004 )
    -------------------------------------------------------------------------
CSTACK
  Segment part 1. NOT NEEDED.
    -------------------------------------------------------------------------
DATA_ID
  Relative segment, address: CODE_AREA 00000028 - 00000051 (0x2a bytes), align: 2
  Segment part 4.             Intra module refs:   Segment part 3
    -------------------------------------------------------------------------
DATA_ID
  Relative segment, address: CODE_AREA 000010A0 - 000010A0 (0x1 bytes), align: 0
  Segment part 6.             Intra module refs:   closer
    -------------------------------------------------------------------------
INITTAB
  Segment part 64. TENTATIVE. Used definition from Main
           ENTRY                   ADDRESS         REF BY
           =====                   =======         ======
           ?init?tab?DATA_Z        
    -------------------------------------------------------------------------
DATA_ID
  Segment part 65. TENTATIVE. Used definition from Main
           ENTRY                   ADDRESS         REF BY
           =====                   =======         ======
           ?*?DATA_ID              
    -------------------------------------------------------------------------
INITTAB
  Segment part 66. TENTATIVE. Used definition from Main
           ENTRY                   ADDRESS         REF BY
           =====                   =======         ======
           ?init?tab?DATA_I        

    *************************************************************************

  FILE NAME : F:\ÝLF\Iar1\arm\Project\Release_ELKA\Obj\Swi.r79
  PROGRAM MODULE, NAME : Swi

  SEGMENTS IN THE MODULE
  ======================
CODE
  Relative segment, address: CODE_AREA 000019BC - 00001CDB (0x320 bytes), align: 2
  Segment part 0. ROOT.
           ENTRY                   ADDRESS         REF BY
           =====                   =======         ======
           kill_data               000019BC        Killer (Siemens)
           ?call_ctors             000019C0 
           strlen                  000019C4 
           strchr                  000019E4 
           strrchr                 00001A10 
           strcpy                  00001A48 
           strcat                  00001A64 
           memcmp                  00001A90 
           strcmp                  00001AC0 
           stricmp                 00001AE4 
           strncmp                 00001B10 
           strnicmp                00001B40 
           memcpy                  00001B78 
           movsw                   00001BC4 
           movsd                   00001BE0 
           memset                  00001BFC 
           memsetw                 00001C54        cls (Main)
           memsetd                 00001C74 
           memmov                  00001C94 
           iszero                  00001CBC 
    -------------------------------------------------------------------------
ELFBEGIN
  Relative segment, address: CODE_AREA 00000000, align: 0
  Segment part 1. ROOT.
           ENTRY                   ADDRESS         REF BY
           =====                   =======         ======
           ELF_BEGIN               00000000        Killer (Siemens)

    *************************************************************************

  FILE NAME : F:\ÝLF\Iar1\arm\Project\Release_ELKA\Obj\devka.r79
  PROGRAM MODULE, NAME : devka

  SEGMENTS IN THE MODULE
  ======================
DATA_I
  Relative segment, address: DATA_AREA 00000054 - 0000109F (0x104c bytes), align: 2
  Segment part 2.
           ENTRY                   ADDRESS         REF BY
           =====                   =======         ======
           devka                   00000054        onstart (Main)
    -------------------------------------------------------------------------
CSTACK
  Segment part 1. NOT NEEDED.
    -------------------------------------------------------------------------
DATA_ID
  Relative segment, address: CODE_AREA 00000054 - 0000109F (0x104c bytes), align: 2
  Segment part 3.             Intra module refs:   devka
    -------------------------------------------------------------------------
DATA_ID
  Segment part 4. TENTATIVE. Used definition from Main
           ENTRY                   ADDRESS         REF BY
           =====                   =======         ======
           ?*?DATA_ID              
    -------------------------------------------------------------------------
INITTAB
  Segment part 5. TENTATIVE. Used definition from Main
           ENTRY                   ADDRESS         REF BY
           =====                   =======         ======
           ?init?tab?DATA_I        

    *************************************************************************

  FILE NAME : F:\ÝLF\Iar1\arm\Project\Release_ELKA\Obj\readimg.r79
  PROGRAM MODULE, NAME : readimg

  SEGMENTS IN THE MODULE
  ======================
CODE
  Segment part 4. NOT NEEDED.
    -------------------------------------------------------------------------
CODE
  Segment part 5. NOT NEEDED.
           ENTRY                   ADDRESS         REF BY
           =====                   =======         ======
           xmalloc                 
               not allocated function
    -------------------------------------------------------------------------
CODE
  Segment part 6. NOT NEEDED.
    -------------------------------------------------------------------------
CODE
  Segment part 7. NOT NEEDED.
           ENTRY                   ADDRESS         REF BY
           =====                   =======         ======
           xmfree                  
               not allocated function
    -------------------------------------------------------------------------
CODE
  Segment part 8. NOT NEEDED.
    -------------------------------------------------------------------------
CODE
  Segment part 9. NOT NEEDED.
           ENTRY                   ADDRESS         REF BY
           =====                   =======         ======
           read_data_fn            
               not allocated function
    -------------------------------------------------------------------------
CODE
  Segment part 10. NOT NEEDED.
    -------------------------------------------------------------------------
CODE
  Segment part 11. NOT NEEDED.
           ENTRY                   ADDRESS         REF BY
           =====                   =======         ======
           read_pngimg             
               not allocated function
    -------------------------------------------------------------------------
CODE
  Segment part 12. NOT NEEDED.
    -------------------------------------------------------------------------
CODE
  Relative segment, address: CODE_AREA 00001CDC - 00001CFB (0x20 bytes), align: 2
  Segment part 13.            Intra module refs:   Segment part 20
           LOCAL                   ADDRESS         
           =====                   =======         
           my_error_exit           00001CDC 
               stack 1 = 00000000 ( 00000008 )
    -------------------------------------------------------------------------
CODE
  Segment part 14. NOT NEEDED.
    -------------------------------------------------------------------------
DATA_C
  Segment part 2. NOT NEEDED.
    -------------------------------------------------------------------------
DATA_C
  Relative segment, address: CODE_AREA 000086D0 - 000086D1 (0x2 bytes), align: 0
  Segment part 3.             Intra module refs:   read_jpgimg
           ENTRY                   ADDRESS         REF BY
           =====                   =======         ======
           jpg_hdr                 000086D0 
    -------------------------------------------------------------------------
CODE
  Relative segment, address: CODE_AREA 00001CFC - 00001E9F (0x1a4 bytes), align: 2
  Segment part 15.
           ENTRY                   ADDRESS         REF BY
           =====                   =======         ======
           read_jpgimg             00001CFC        onstart (Main)
               stack 1 = 00000000 ( 0000029C )
    -------------------------------------------------------------------------
CODE
  Segment part 16. NOT NEEDED.
    -------------------------------------------------------------------------
CODE
  Segment part 17. NOT NEEDED.
           ENTRY                   ADDRESS         REF BY
           =====                   =======         ======
           write_JPEG_file         
               not allocated function
    -------------------------------------------------------------------------
CODE
  Segment part 18. NOT NEEDED.
    -------------------------------------------------------------------------
CODE
  Segment part 19. NOT NEEDED.
           ENTRY                   ADDRESS         REF BY
           =====                   =======         ======
           write_jpgimg            
               not allocated function
    -------------------------------------------------------------------------
CODE
  Relative segment, address: CODE_AREA 00001EA0 - 00001EA3 (0x4 bytes), align: 2
  Segment part 20.            Intra module refs:   read_jpgimg
    -------------------------------------------------------------------------
CODE
  Segment part 21. NOT NEEDED.
    -------------------------------------------------------------------------
CODE
  Segment part 22. NOT NEEDED.
           ENTRY                   ADDRESS         REF BY
           =====                   =======         ======
           ConvertRGBAToRGB8       
               not allocated function
    -------------------------------------------------------------------------
CODE
  Segment part 23. NOT NEEDED.
    -------------------------------------------------------------------------
CODE
  Segment part 24. NOT NEEDED.
           ENTRY                   ADDRESS         REF BY
           =====                   =======         ======
           CreateFrame             
               not allocated function
    -------------------------------------------------------------------------
CODE
  Segment part 25. NOT NEEDED.
    -------------------------------------------------------------------------
CODE
  Segment part 26. NOT NEEDED.
           ENTRY                   ADDRESS         REF BY
           =====                   =======         ======
           CreateDelimiter         
               not allocated function
    -------------------------------------------------------------------------
CODE
  Segment part 27. NOT NEEDED.
    -------------------------------------------------------------------------
CODE
  Segment part 28. NOT NEEDED.Intra module refs:   read_jpgimg
    -------------------------------------------------------------------------
CODE
  Segment part 29. NOT NEEDED.Intra module refs:   read_jpgimg
    -------------------------------------------------------------------------
CODE
  Segment part 30. NOT NEEDED.Intra module refs:   read_jpgimg
    -------------------------------------------------------------------------
CODE
  Segment part 31. NOT NEEDED.Intra module refs:   read_jpgimg
    -------------------------------------------------------------------------
CODE
  Segment part 32. NOT NEEDED.Intra module refs:   read_jpgimg
    -------------------------------------------------------------------------
CODE
  Segment part 33. NOT NEEDED.Intra module refs:   read_jpgimg
    -------------------------------------------------------------------------
CODE
  Segment part 34. NOT NEEDED.Intra module refs:   read_jpgimg
    -------------------------------------------------------------------------
CODE
  Segment part 35. NOT NEEDED.Intra module refs:   read_jpgimg
    -------------------------------------------------------------------------
CODE
  Segment part 36. NOT NEEDED.
    -------------------------------------------------------------------------
CODE
  Segment part 37. NOT NEEDED.
    -------------------------------------------------------------------------
CODE
  Segment part 38. NOT NEEDED.
    -------------------------------------------------------------------------
CODE
  Segment part 39. NOT NEEDED.
    -------------------------------------------------------------------------
CODE
  Segment part 40. NOT NEEDED.
    -------------------------------------------------------------------------
CODE
  Segment part 41. NOT NEEDED.
    -------------------------------------------------------------------------
CODE
  Segment part 42. NOT NEEDED.
    -------------------------------------------------------------------------
CSTACK
  Segment part 1. NOT NEEDED.

    *************************************************************************

  FILE NAME : F:\ÝLF\Iar1\arm\Project\Release_ELKA\Obj\register.r79
  PROGRAM MODULE, NAME : register

  SEGMENTS IN THE MODULE
  ======================
DATA_Z
  Segment part 8. NOT NEEDED.
           ENTRY                   ADDRESS         REF BY
           =====                   =======         ======
           lent                    
    -------------------------------------------------------------------------
CODE
  Segment part 9. NOT NEEDED.
    -------------------------------------------------------------------------
CODE
  Segment part 10. NOT NEEDED.
           ENTRY                   ADDRESS         REF BY
           =====                   =======         ======
           loadfiles               
               not allocated function
    -------------------------------------------------------------------------
CODE
  Segment part 11. NOT NEEDED.
    -------------------------------------------------------------------------
CODE
  Segment part 12. NOT NEEDED.
           ENTRY                   ADDRESS         REF BY
           =====                   =======         ======
           savefiles               
               not allocated function
    -------------------------------------------------------------------------
CODE
  Segment part 13. NOT NEEDED.
    -------------------------------------------------------------------------
CODE
  Relative segment, address: CODE_AREA 00001EA4 - 00001ED7 (0x34 bytes), align: 2
  Segment part 14.
           ENTRY                   ADDRESS         REF BY
           =====                   =======         ======
           isfile                  00001EA4        onstart (Main)
               stack 1 = 00000000 ( 0000000C )
    -------------------------------------------------------------------------
CODE
  Segment part 15. NOT NEEDED.
    -------------------------------------------------------------------------
CODE
  Segment part 16. NOT NEEDED.
           ENTRY                   ADDRESS         REF BY
           =====                   =======         ======
           test_dir                
               not allocated function
    -------------------------------------------------------------------------
CSTACK
  Segment part 1. NOT NEEDED.
    -------------------------------------------------------------------------
INITTAB
  Segment part 17. TENTATIVE. Used definition from Main
           ENTRY                   ADDRESS         REF BY
           =====                   =======         ======
           ?init?tab?DATA_Z        
    -------------------------------------------------------------------------
DATA_C
  Segment part 2. NOT NEEDED.
    -------------------------------------------------------------------------
DATA_C
  Segment part 3. NOT NEEDED.
    -------------------------------------------------------------------------
DATA_C
  Segment part 4. NOT NEEDED.
    -------------------------------------------------------------------------
DATA_C
  Segment part 5. NOT NEEDED.
    -------------------------------------------------------------------------
DATA_C
  Segment part 6. NOT NEEDED.
    -------------------------------------------------------------------------
DATA_C
  Segment part 7. NOT NEEDED.

    *************************************************************************

  FILE NAME : F:\ÝLF\Iar1\arm\Rebel Editor\jpeglib\Release\Exe\jpeglib.r79
  LIBRARY MODULE, NAME : jcapimin

  SEGMENTS IN THE MODULE
  ======================
CODE
  Segment part 2. NOT NEEDED.
    -------------------------------------------------------------------------
CODE
  Segment part 3. NOT NEEDED.
           ENTRY                   ADDRESS         REF BY
           =====                   =======         ======
           jpeg_CreateCompress     
               not allocated function
    -------------------------------------------------------------------------
CODE
  Segment part 4. NOT NEEDED.
    -------------------------------------------------------------------------
CODE
  Segment part 5. NOT NEEDED.
           ENTRY                   ADDRESS         REF BY
           =====                   =======         ======
           jpeg_destroy_compress   
               not allocated function
    -------------------------------------------------------------------------
CODE
  Segment part 6. NOT NEEDED.
    -------------------------------------------------------------------------
CODE
  Segment part 7. NOT NEEDED.
           ENTRY                   ADDRESS         REF BY
           =====                   =======         ======
           jpeg_abort_compress     
               not allocated function
    -------------------------------------------------------------------------
CODE
  Segment part 8. NOT NEEDED.
    -------------------------------------------------------------------------
CODE
  Segment part 9. NOT NEEDED.
           ENTRY                   ADDRESS         REF BY
           =====                   =======         ======
           jpeg_suppress_tables    
               not allocated function
    -------------------------------------------------------------------------
CODE
  Segment part 10. NOT NEEDED.
    -------------------------------------------------------------------------
CODE
  Segment part 11. NOT NEEDED.
           ENTRY                   ADDRESS         REF BY
           =====                   =======         ======
           jpeg_finish_compress    
               not allocated function
    -------------------------------------------------------------------------
CODE
  Segment part 12. NOT NEEDED.
    -------------------------------------------------------------------------
CODE
  Segment part 13. NOT NEEDED.
           ENTRY                   ADDRESS         REF BY
           =====                   =======         ======
           jpeg_write_marker       
               not allocated function
    -------------------------------------------------------------------------
CODE
  Segment part 14. NOT NEEDED.
    -------------------------------------------------------------------------
CODE
  Segment part 15. NOT NEEDED.
           ENTRY                   ADDRESS         REF BY
           =====                   =======         ======
           jpeg_write_m_header     
               not allocated function
[...]
    | Stack used          :  00000688


  ->Sub-tree of type: Function tree
                             CSTACK
    | Stack used (prev) :  00000688
  01  jpeg_start_decompress
      | Stack used (prev) :  00000688
      | + function block  :  0000000C
  <-Sub-tree of type: Function tree
    | Stack used          :  00000694


  ->Sub-tree of type: Function tree
                             CSTACK
    | Stack used (prev) :  00000694
  01  output_pass_setup
      | Stack used (prev) :  00000694
      | + function block  :  0000000C
  <-Sub-tree of type: Function tree
    | Stack used          :  000006A0


  ->Sub-tree of type: Function tree
                             CSTACK
    | Stack used (prev) :  000006A0
  01  jpeg_read_scanlines
      | Stack used (prev) :  000006A0
      | + function block  :  00000018
  <-Sub-tree of type: Function tree
    | Stack used          :  000006B8


  ->Sub-tree of type: Function tree
                             CSTACK
    | Stack used (prev) :  000006B8
  01  jpeg_stdio_src
      | Stack used (prev) :  000006B8
      | + function block  :  0000000C
  <-Sub-tree of type: Function tree
    | Stack used          :  000006C4


  ->Sub-tree of type: Function tree
                             CSTACK
    | Stack used (prev) :  000006C4
  01  start_iMCU_row
      | Stack used (prev) :  000006C4
      | + function block  :  00000004
  <-Sub-tree of type: Function tree
    | Stack used          :  000006C8


  ->Sub-tree of type: Function tree
                             CSTACK
    | Stack used (prev) :  000006C8
  01  smoothing_ok
      | Stack used (prev) :  000006C8
      | + function block  :  00000020
  <-Sub-tree of type: Function tree
    | Stack used          :  000006E8


  ->Sub-tree of type: Function tree
                             CSTACK
    | Stack used (prev) :  000006E8
  01  jinit_d_coef_controller
      | Stack used (prev) :  000006E8
      | + function block  :  0000002C
  <-Sub-tree of type: Function tree
    | Stack used          :  00000714


  ->Sub-tree of type: Function tree
                             CSTACK
    | Stack used (prev) :  00000714
  01  build_ycc_rgb_table
      | Stack used (prev) :  00000714
      | + function block  :  00000010
  <-Sub-tree of type: Function tree
    | Stack used          :  00000724


  ->Sub-tree of type: Function tree
                             CSTACK
    | Stack used (prev) :  00000724
  01  jinit_color_deconverter
      | Stack used (prev) :  00000724
      | + function block  :  00000014
  <-Sub-tree of type: Function tree
    | Stack used          :  00000738


  ->Sub-tree of type: Function tree
                             CSTACK
    | Stack used (prev) :  00000738
  01  jinit_inverse_dct
      | Stack used (prev) :  00000738
      | + function block  :  0000001C
  <-Sub-tree of type: Function tree
    | Stack used          :  00000754


  ->Sub-tree of type: Function tree
                             CSTACK
    | Stack used (prev) :  00000754
  01  jpeg_make_d_derived_tbl
      | Stack used (prev) :  00000754
      | + function block  :  00000530
  <-Sub-tree of type: Function tree
    | Stack used          :  00000C84


  ->Sub-tree of type: Function tree
                             CSTACK
    | Stack used (prev) :  00000C84
  01  jpeg_fill_bit_buffer
      | Stack used (prev) :  00000C84
      | + function block  :  00000024
  <-Sub-tree of type: Function tree
    | Stack used          :  00000CA8


  ->Sub-tree of type: Function tree
                             CSTACK
    | Stack used (prev) :  00000CA8
  01  jpeg_huff_decode
      | Stack used (prev) :  00000CA8
      | + function block  :  00000014
  <-Sub-tree of type: Function tree
    | Stack used          :  00000CBC


  ->Sub-tree of type: Function tree
                             CSTACK
    | Stack used (prev) :  00000CBC
  01  jinit_huff_decoder
      | Stack used (prev) :  00000CBC
      | + function block  :  0000000C
  <-Sub-tree of type: Function tree
    | Stack used          :  00000CC8


  ->Sub-tree of type: Function tree
                             CSTACK
    | Stack used (prev) :  00000CC8
  01  initial_setup
      | Stack used (prev) :  00000CC8
      | + function block  :  00000014
  <-Sub-tree of type: Function tree
    | Stack used          :  00000CDC


  ->Sub-tree of type: Function tree
                             CSTACK
    | Stack used (prev) :  00000CDC
  01  per_scan_setup
      | Stack used (prev) :  00000CDC
      | + function block  :  00000018
  <-Sub-tree of type: Function tree
    | Stack used          :  00000CF4


  ->Sub-tree of type: Function tree
                             CSTACK
    | Stack used (prev) :  00000CF4
  01  latch_quant_tables
      | Stack used (prev) :  00000CF4
      | + function block  :  00000018
  <-Sub-tree of type: Function tree
    | Stack used          :  00000D0C


  ->Sub-tree of type: Function tree
                             CSTACK
    | Stack used (prev) :  00000D0C
  01  jinit_input_controller
      | Stack used (prev) :  00000D0C
      | + function block  :  00000008
  <-Sub-tree of type: Function tree
    | Stack used          :  00000D14


  ->Sub-tree of type: Function tree
                             CSTACK
    | Stack used (prev) :  00000D14
  01  alloc_funny_pointers
      | Stack used (prev) :  00000D14
      | + function block  :  00000028
  <-Sub-tree of type: Function tree
    | Stack used          :  00000D3C


  ->Sub-tree of type: Function tree
                             CSTACK
    | Stack used (prev) :  00000D3C
  01  make_funny_pointers
      | Stack used (prev) :  00000D3C
      | + function block  :  00000030
  <-Sub-tree of type: Function tree
    | Stack used          :  00000D6C


  ->Sub-tree of type: Function tree
                             CSTACK
    | Stack used (prev) :  00000D6C
  01  set_wraparound_pointers
      | Stack used (prev) :  00000D6C
      | + function block  :  00000028
  <-Sub-tree of type: Function tree
    | Stack used          :  00000D94


  ->Sub-tree of type: Function tree
                             CSTACK
    | Stack used (prev) :  00000D94
  01  set_bottom_pointers
      | Stack used (prev) :  00000D94
      | + function block  :  00000020
  <-Sub-tree of type: Function tree
    | Stack used          :  00000DB4


  ->Sub-tree of type: Function tree
                             CSTACK
    | Stack used (prev) :  00000DB4
  01  jinit_d_main_controller
      | Stack used (prev) :  00000DB4
      | + function block  :  0000001C
  <-Sub-tree of type: Function tree
    | Stack used          :  00000DD0


  ->Sub-tree of type: Function tree
                             CSTACK
    | Stack used (prev) :  00000DD0
  01  get_soi
      | Stack used (prev) :  00000DD0
      | + function block  :  00000014
  <-Sub-tree of type: Function tree
    | Stack used          :  00000DE4


  ->Sub-tree of type: Function tree
                             CSTACK
    | Stack used (prev) :  00000DE4
  01  get_sof
      | Stack used (prev) :  00000DE4
      | + function block  :  0000001C
  <-Sub-tree of type: Function tree
    | Stack used          :  00000E00


  ->Sub-tree of type: Function tree
                             CSTACK
    | Stack used (prev) :  00000E00
  01  get_sos
      | Stack used (prev) :  00000E00
      | + function block  :  00000028
  <-Sub-tree of type: Function tree
    | Stack used          :  00000E28


  ->Sub-tree of type: Function tree
                             CSTACK
    | Stack used (prev) :  00000E28
  01  get_dht
      | Stack used (prev) :  00000E28
      | + function block  :  00000138
  <-Sub-tree of type: Function tree
    | Stack used          :  00000F60


  ->Sub-tree of type: Function tree
                             CSTACK
    | Stack used (prev) :  00000F60
  01  get_dqt
      | Stack used (prev) :  00000F60
      | + function block  :  00000028
  <-Sub-tree of type: Function tree
    | Stack used          :  00000F88


  ->Sub-tree of type: Function tree
                             CSTACK
    | Stack used (prev) :  00000F88
  01  get_dri
      | Stack used (prev) :  00000F88
      | + function block  :  00000018
  <-Sub-tree of type: Function tree
    | Stack used          :  00000FA0


  ->Sub-tree of type: Function tree
                             CSTACK
    | Stack used (prev) :  00000FA0
  01  examine_app0
      | Stack used (prev) :  00000FA0
      | + function block  :  00000014
  <-Sub-tree of type: Function tree
    | Stack used          :  00000FB4


  ->Sub-tree of type: Function tree
                             CSTACK
    | Stack used (prev) :  00000FB4
  01  examine_app14
      | Stack used (prev) :  00000FB4
      | + function block  :  00000010
  <-Sub-tree of type: Function tree
    | Stack used          :  00000FC4


  ->Sub-tree of type: Function tree
                             CSTACK
    | Stack used (prev) :  00000FC4
  01  next_marker
      | Stack used (prev) :  00000FC4
      | + function block  :  0000001C
  <-Sub-tree of type: Function tree
    | Stack used          :  00000FE0


  ->Sub-tree of type: Function tree
                             CSTACK
    | Stack used (prev) :  00000FE0
  01  first_marker
      | Stack used (prev) :  00000FE0
      | + function block  :  0000001C
  <-Sub-tree of type: Function tree
    | Stack used          :  00000FFC


  ->Sub-tree of type: Function tree
                             CSTACK
    | Stack used (prev) :  00000FFC
  01  jinit_marker_reader
      | Stack used (prev) :  00000FFC
      | + function block  :  00000010
  <-Sub-tree of type: Function tree
    | Stack used          :  0000100C


  ->Sub-tree of type: Function tree
                             CSTACK
    | Stack used (prev) :  0000100C
  01  use_merged_upsample
      | Stack used (prev) :  0000100C
      | + function block  :  00000004
  <-Sub-tree of type: Function tree
    | Stack used          :  00001010


  ->Sub-tree of type: Function tree
                             CSTACK
    | Stack used (prev) :  00001010
  01  jpeg_calc_output_dimensions
      | Stack used (prev) :  00001010
      | + function block  :  00000014
  <-Sub-tree of type: Function tree
    | Stack used          :  00001024


  ->Sub-tree of type: Function tree
                             CSTACK
    | Stack used (prev) :  00001024
  01  prepare_range_limit_table
      | Stack used (prev) :  00001024
      | + function block  :  00000010
  <-Sub-tree of type: Function tree
    | Stack used          :  00001034


  ->Sub-tree of type: Function tree
                             CSTACK
    | Stack used (prev) :  00001034
  01  master_selection
      | Stack used (prev) :  00001034
      | + function block  :  00000014
  <-Sub-tree of type: Function tree
    | Stack used          :  00001048


  ->Sub-tree of type: Function tree
                             CSTACK
    | Stack used (prev) :  00001048
  01  jinit_master_decompress
      | Stack used (prev) :  00001048
      | + function block  :  00000008
  <-Sub-tree of type: Function tree
    | Stack used          :  00001050


  ->Sub-tree of type: Function tree
                             CSTACK
    | Stack used (prev) :  00001050
  01  build_ycc_rgb_table
      | Stack used (prev) :  00001050
      | + function block  :  00000010
  <-Sub-tree of type: Function tree
    | Stack used          :  00001060


  ->Sub-tree of type: Function tree
                             CSTACK
    | Stack used (prev) :  00001060
  01  jinit_merged_upsampler
      | Stack used (prev) :  00001060
      | + function block  :  00000010
  <-Sub-tree of type: Function tree
    | Stack used          :  00001070


  ->Sub-tree of type: Function tree
                             CSTACK
    | Stack used (prev) :  00001070
  01  process_restart
      | Stack used (prev) :  00001070
      | + function block  :  00000014
  <-Sub-tree of type: Function tree
    | Stack used          :  00001084


  ->Sub-tree of type: Function tree
                             CSTACK
    | Stack used (prev) :  00001084
  01  jinit_phuff_decoder
      | Stack used (prev) :  00001084
      | + function block  :  00000014
  <-Sub-tree of type: Function tree
    | Stack used          :  00001098


  ->Sub-tree of type: Function tree
                             CSTACK
    | Stack used (prev) :  00001098
  01  jinit_d_post_controller
      | Stack used (prev) :  00001098
      | + function block  :  00000010
  <-Sub-tree of type: Function tree
    | Stack used          :  000010A8


  ->Sub-tree of type: Function tree
                             CSTACK
    | Stack used (prev) :  000010A8
  01  jinit_upsampler
      | Stack used (prev) :  000010A8
      | + function block  :  00000028
  <-Sub-tree of type: Function tree
    | Stack used          :  000010D0


  ->Sub-tree of type: Function tree
                             CSTACK
    | Stack used (prev) :  000010D0
  01  jpeg_std_error
      | Stack used (prev) :  000010D0
      | + function block  :  00000000
  <-Sub-tree of type: Function tree
    | Stack used          :  000010D0


  ->Sub-tree of type: Function tree
                             CSTACK
    | Stack used (prev) :  000010D0
  01  jpeg_get_small
      | Stack used (prev) :  000010D0
      | + function block  :  00000004
  <-Sub-tree of type: Function tree
    | Stack used          :  000010D4


  ->Sub-tree of type: Function tree
                             CSTACK
    | Stack used (prev) :  000010D4
  01  jpeg_free_small
      | Stack used (prev) :  000010D4
      | + function block  :  00000004
  <-Sub-tree of type: Function tree
    | Stack used          :  000010D8


  ->Sub-tree of type: Function tree
                             CSTACK
    | Stack used (prev) :  000010D8
  01  jpeg_get_large
      | Stack used (prev) :  000010D8
      | + function block  :  00000004
  <-Sub-tree of type: Function tree
    | Stack used          :  000010DC


  ->Sub-tree of type: Function tree
                             CSTACK
    | Stack used (prev) :  000010DC
  01  jpeg_free_large
      | Stack used (prev) :  000010DC
      | + function block  :  00000004
  <-Sub-tree of type: Function tree
    | Stack used          :  000010E0


  ->Sub-tree of type: Function tree
                             CSTACK
    | Stack used (prev) :  000010E0
  01  jpeg_mem_available
      | Stack used (prev) :  000010E0
      | + function block  :  00000000
  <-Sub-tree of type: Function tree
    | Stack used          :  000010E0


  ->Sub-tree of type: Function tree
                             CSTACK
    | Stack used (prev) :  000010E0
  01  jpeg_open_backing_store
      | Stack used (prev) :  000010E0
      | + function block  :  0000000C
  <-Sub-tree of type: Function tree
    | Stack used          :  000010EC


  ->Sub-tree of type: Function tree
                             CSTACK
    | Stack used (prev) :  000010EC
  01  jpeg_mem_init
      | Stack used (prev) :  000010EC
      | + function block  :  00000000
  <-Sub-tree of type: Function tree
    | Stack used          :  000010EC


  ->Sub-tree of type: Function tree
                             CSTACK
    | Stack used (prev) :  000010EC
  01  jpeg_mem_term
      | Stack used (prev) :  000010EC
      | + function block  :  00000000
  <-Sub-tree of type: Function tree
    | Stack used          :  000010EC


  ->Sub-tree of type: Function tree
                             CSTACK
    | Stack used (prev) :  000010EC
  01  out_of_memory
      | Stack used (prev) :  000010EC
      | + function block  :  00000004
  <-Sub-tree of type: Function tree
    | Stack used          :  000010F0


  ->Sub-tree of type: Function tree
                             CSTACK
    | Stack used (prev) :  000010F0
  01  do_sarray_io
      | Stack used (prev) :  000010F0
      | + function block  :  00000028
  <-Sub-tree of type: Function tree
    | Stack used          :  00001118


  ->Sub-tree of type: Function tree
                             CSTACK
    | Stack used (prev) :  00001118
  01  do_barray_io
      | Stack used (prev) :  00001118
      | + function block  :  00000028
  <-Sub-tree of type: Function tree
    | Stack used          :  00001140


  ->Sub-tree of type: Function tree
                             CSTACK
    | Stack used (prev) :  00001140
  01  jinit_memory_mgr
      | Stack used (prev) :  00001140
      | + function block  :  00000014
  <-Sub-tree of type: Function tree
    | Stack used          :  00001154


  ->Sub-tree of type: Function tree
                             CSTACK
    | Stack used (prev) :  00001154
  01  jdiv_round_up
      | Stack used (prev) :  00001154
      | + function block  :  00000004
  <-Sub-tree of type: Function tree
    | Stack used          :  00001158


  ->Sub-tree of type: Function tree
                             CSTACK
    | Stack used (prev) :  00001158
  01  jround_up
      | Stack used (prev) :  00001158
      | + function block  :  00000004
  <-Sub-tree of type: Function tree
    | Stack used          :  0000115C


  ->Sub-tree of type: Function tree
                             CSTACK
    | Stack used (prev) :  0000115C
  01  jcopy_sample_rows
      | Stack used (prev) :  0000115C
      | + function block  :  00000014
  <-Sub-tree of type: Function tree
    | Stack used          :  00001170


  ->Sub-tree of type: Function tree
                             CSTACK
    | Stack used (prev) :  00001170
  01  jcopy_block_row
      | Stack used (prev) :  00001170
      | + function block  :  00000004
  <-Sub-tree of type: Function tree
    | Stack used          :  00001174


  ->Sub-tree of type: Function tree
                             CSTACK
    | Stack used (prev) :  00001174
  01  jzero_far
      | Stack used (prev) :  00001174
      | + function block  :  00000004
  <-Sub-tree of type: Function tree
    | Stack used          :  00001178




                ****************************************
                *                                      *
                *      SEGMENTS IN ADDRESS ORDER       *
                *                                      *
                ****************************************


SEGMENT              SPACE    START ADDRESS   END ADDRESS     SIZE  TYPE  ALIGN
=======              =====    =============   ===========     ====  ====  =====
ELFBEGIN             CODE_AREA           00000000                     rel    0
DATA_ID              CODE_AREA      00000000 - 000010A0        10A1   rel    2
START                CODE_AREA           000010A1                     dse    0
CODE                 CODE_AREA      000010A4 - 0000822F        718C   rel    2
DATA_C               CODE_AREA      00008230 - 000086D1         4A2   rel    2
INITTAB              CODE_AREA      000086D4 - 000086EB          18   rel    2
DATA_Z               CODE_AREA      000086EC - 00008807         11C   rel    2
DATA_I               DATA_AREA      00000000 - 000010A0        10A1   rel    2

                ****************************************
                *                                      *
                *        END OF CROSS REFERENCE        *
                *                                      *
                ****************************************

 34 819 bytes of CODE memory
  4 257 bytes of DATA memory

Errors: none
Warnings: 1

