################################################################################
#                                                                              #
#      IAR Universal Linker V4.60I/386                                         #
#                                                                              #
#           Link time     =  02/Apr/2009  12:33:07                             #
#           Target CPU    =  ARM                                               #
#           List file     =  D:\pasha\elf\SVN2\TED\Release_ELKA\List\TED.map   #
#           Output file 1 =  D:\pasha\elf\SVN2\TED\Release_ELKA\Exe\TED.elf    #
#                            Format: elf, variant: -ynpraw                     #
#           Command line  =  D:\pasha\elf\SVN2\TED\Release_ELKA\Obj\config_dat #
#                            a.r79                                             #
#                            D:\pasha\elf\SVN2\TED\Release_ELKA\Obj\convert_fo #
#                            rmat.r79                                          #
#                            D:\pasha\elf\SVN2\TED\Release_ELKA\Obj\convert_si #
#                            mple.r79                                          #
#                            D:\pasha\elf\SVN2\TED\Release_ELKA\Obj\func.r79   #
#                            D:\pasha\elf\SVN2\TED\Release_ELKA\Obj\linework.r #
#                            79                                                #
#                            D:\pasha\elf\SVN2\TED\Release_ELKA\Obj\main.r79   #
#                            D:\pasha\elf\SVN2\TED\Release_ELKA\Obj\saver.r79  #
#                            D:\pasha\elf\SVN2\TED\div.r79 -o                  #
#                            D:\pasha\elf\SVN2\TED\Release_ELKA\Exe\TED.elf    #
#                            -Felf -l                                          #
#                            D:\pasha\elf\SVN2\TED\Release_ELKA\List\TED.map   #
#                            -xmsnio -f D:\pasha\elf\SVN2\TED\test.xcl         #
#                            (-carm -V(CODE)CODE_AREA,12                       #
#                            -V(DATA)DATA_AREA,12                              #
#                            -Z(CODE_AREA)ELFBEGIN,DATA_ID,START,CODE,DATA_C,I #
#                            NITTAB,DATA_Z,DATA_N,CONFIG_C=0-FFFFFFFF          #
#                            -Z(DATA_AREA)DATA_I=0-FFFFFFFF) -ynpraw -s main   #
#                                                                              #
#                        Copyright 1987-2007 IAR Systems. All rights reserved. #
################################################################################





                ****************************************
                *                                      *
                *           CROSS REFERENCE            *
                *                                      *
                ****************************************

       Program entry at : CODE_AREA 00007B44  Relocatable, from module : main




                ****************************************
                *                                      *
                *            RUNTIME MODEL             *
                *                                      *
                ****************************************

  StackAlign4  = USED
  __cpu_mode   = __pcs__interwork
  __data_model = absolute
  __endian     = little
  __rt_version = 6



                ****************************************
                *                                      *
                *              MODULE MAP              *
                *                                      *
                ****************************************


  DEFINED ABSOLUTE ENTRIES
    *************************************************************************

  DEFINED ABSOLUTE ENTRIES
    *************************************************************************

  FILE NAME : D:\pasha\elf\SVN2\TED\Release_ELKA\Obj\config_data.r79
  PROGRAM MODULE, NAME : config_data

  SEGMENTS IN THE MODULE
  ======================
CONFIG_C
  Relative segment, address: CODE_AREA 0000DB94 - 0000DBBF (0x2c bytes), align: 2
  Segment part 2. ROOT.
           ENTRY                   ADDRESS         REF BY
           =====                   =======         ======
           cfghdr0                 0000DB94        LoadConfigData (main)
    -------------------------------------------------------------------------
CONFIG_C
  Relative segment, address: CODE_AREA 0000DBC0 - 0000DBC3 (0x4 bytes), align: 2
  Segment part 3. ROOT.
           ENTRY                   ADDRESS         REF BY
           =====                   =======         ======
           INK                     0000DBC0        DrawScreen (main)
    -------------------------------------------------------------------------
CONFIG_C
  Relative segment, address: CODE_AREA 0000DBC4 - 0000DBEF (0x2c bytes), align: 2
  Segment part 4. ROOT.
           ENTRY                   ADDRESS         REF BY
           =====                   =======         ======
           cfghdr1                 0000DBC4 
    -------------------------------------------------------------------------
CONFIG_C
  Relative segment, address: CODE_AREA 0000DBF0 - 0000DBF3 (0x4 bytes), align: 2
  Segment part 5. ROOT.
           ENTRY                   ADDRESS         REF BY
           =====                   =======         ======
           PAPER                   0000DBF0        DrawScreen (main)
    -------------------------------------------------------------------------
CONFIG_C
  Relative segment, address: CODE_AREA 0000DBF4 - 0000DC1F (0x2c bytes), align: 2
  Segment part 6. ROOT.
           ENTRY                   ADDRESS         REF BY
           =====                   =======         ======
           cfghdr2                 0000DBF4 
    -------------------------------------------------------------------------
CONFIG_C
  Relative segment, address: CODE_AREA 0000DC20 - 0000DC5F (0x40 bytes), align: 2
  Segment part 7. ROOT.
           ENTRY                   ADDRESS         REF BY
           =====                   =======         ======
           ted_path                0000DC20        Segment part 268 (main)
                                                   Segment part 446 (main)
                                                   Segment part 609 (main)
    -------------------------------------------------------------------------
CONFIG_C
  Relative segment, address: CODE_AREA 0000DC60 - 0000DC8B (0x2c bytes), align: 2
  Segment part 8. ROOT.
           ENTRY                   ADDRESS         REF BY
           =====                   =======         ======
           cfghdr3                 0000DC60 
    -------------------------------------------------------------------------
CONFIG_C
  Relative segment, address: CODE_AREA 0000DC8C - 0000DC8F (0x4 bytes), align: 2
  Segment part 9. ROOT.
           ENTRY                   ADDRESS         REF BY
           =====                   =======         ======
           DISPLAY_LIGHT           0000DC8C 
    -------------------------------------------------------------------------
CONFIG_C
  Relative segment, address: CODE_AREA 0000DC90 - 0000DCBB (0x2c bytes), align: 2
  Segment part 10. ROOT.
           ENTRY                   ADDRESS         REF BY
           =====                   =======         ======
           cfghdr4                 0000DC90 
    -------------------------------------------------------------------------
CONFIG_C
  Relative segment, address: CODE_AREA 0000DCBC - 0000DCBF (0x4 bytes), align: 2
  Segment part 11. ROOT.
           ENTRY                   ADDRESS         REF BY
           =====                   =======         ======
           ADJ_LIGHT               0000DCBC 
    -------------------------------------------------------------------------
CONFIG_C
  Relative segment, address: CODE_AREA 0000DCC0 - 0000DCFF (0x40 bytes), align: 2
  Segment part 12. ROOT.
           ENTRY                   ADDRESS         REF BY
           =====                   =======         ======
           cfgcbox4                0000DCC0 
    -------------------------------------------------------------------------
CONFIG_C
  Relative segment, address: CODE_AREA 0000DD00 - 0000DD2B (0x2c bytes), align: 2
  Segment part 13. ROOT.
           ENTRY                   ADDRESS         REF BY
           =====                   =======         ======
           cfghdr5                 0000DD00 
    -------------------------------------------------------------------------
CONFIG_C
  Relative segment, address: CODE_AREA 0000DD2C - 0000DD2F (0x4 bytes), align: 2
  Segment part 14. ROOT.
           ENTRY                   ADDRESS         REF BY
           =====                   =======         ======
           ENA_AUTOF               0000DD2C        FirstLoadFile (main)
    -------------------------------------------------------------------------
CONFIG_C
  Relative segment, address: CODE_AREA 0000DD30 - 0000DD6F (0x40 bytes), align: 2
  Segment part 15. ROOT.
           ENTRY                   ADDRESS         REF BY
           =====                   =======         ======
           cfgcbox5                0000DD30 
    -------------------------------------------------------------------------
CONFIG_C
  Relative segment, address: CODE_AREA 0000DD70 - 0000DD9B (0x2c bytes), align: 2
  Segment part 16. ROOT.
           ENTRY                   ADDRESS         REF BY
           =====                   =======         ======
           cfghdr6                 0000DD70 
    -------------------------------------------------------------------------
CONFIG_C
  Relative segment, address: CODE_AREA 0000DD9C - 0000DD9F (0x4 bytes), align: 2
  Segment part 17. ROOT.
           ENTRY                   ADDRESS         REF BY
           =====                   =======         ======
           AUTOF_MODE              0000DD9C        FirstLoadFile (main)
    -------------------------------------------------------------------------
CONFIG_C
  Relative segment, address: CODE_AREA 0000DDA0 - 0000DDFF (0x60 bytes), align: 2
  Segment part 18. ROOT.
           ENTRY                   ADDRESS         REF BY
           =====                   =======         ======
           cfgcbox6                0000DDA0 
    -------------------------------------------------------------------------
CONFIG_C
  Relative segment, address: CODE_AREA 0000DE00 - 0000DE2B (0x2c bytes), align: 2
  Segment part 19. ROOT.
           ENTRY                   ADDRESS         REF BY
           =====                   =======         ======
           cfghdr7                 0000DE00 
    -------------------------------------------------------------------------
CONFIG_C
  Relative segment, address: CODE_AREA 0000DE2C - 0000DE2F (0x4 bytes), align: 2
  Segment part 20. ROOT.
           ENTRY                   ADDRESS         REF BY
           =====                   =======         ======
           AUTOF_FONT              0000DE2C        FirstLoadFile (main)
    -------------------------------------------------------------------------
CONFIG_C
  Relative segment, address: CODE_AREA 0000DE30 - 0000DEEF (0xc0 bytes), align: 2
  Segment part 21. ROOT.
           ENTRY                   ADDRESS         REF BY
           =====                   =======         ======
           cfgcbox7                0000DE30 
    -------------------------------------------------------------------------
CSTACK
  Segment part 1. NOT NEEDED.

    *************************************************************************

  FILE NAME : D:\pasha\elf\SVN2\TED\Release_ELKA\Obj\convert_format.r79
  PROGRAM MODULE, NAME : convert_format

  SEGMENTS IN THE MODULE
  ======================
DATA_C
  Relative segment, address: CODE_AREA 000081DC - 0000825B (0x80 bytes), align: 2
  Segment part 2.             Intra module refs:   GetCharType_x
    -------------------------------------------------------------------------
CODE
  Segment part 5. NOT NEEDED.
    -------------------------------------------------------------------------
CODE
  Relative segment, address: CODE_AREA 000005E8 - 00000673 (0x8c bytes), align: 2
  Segment part 6.             Intra module refs:   ConvertFormat
           ENTRY                   ADDRESS         REF BY
           =====                   =======         ======
           GetCharType_x           000005E8 
    -------------------------------------------------------------------------
CODE
  Segment part 7. NOT NEEDED.
    -------------------------------------------------------------------------
CODE
  Relative segment, address: CODE_AREA 00000674 - 00000AE7 (0x474 bytes), align: 2
  Segment part 8.
           ENTRY                   ADDRESS         REF BY
           =====                   =======         ======
           ConvertFormat           00000674        FirstLoadFile (main)
               stack 1 = 00000000 ( 00000140 )
    -------------------------------------------------------------------------
CODE
  Relative segment, address: CODE_AREA 00000AE8 - 00000AEB (0x4 bytes), align: 2
  Segment part 9.             Intra module refs:   ConvertFormat
                                                   GetCharType_x
    -------------------------------------------------------------------------
CODE
  Segment part 10. NOT NEEDED.
    -------------------------------------------------------------------------
DATA_C
  Relative segment, address: CODE_AREA 0000825C - 000082DB (0x80 bytes), align: 2
  Segment part 3.             Intra module refs:   Segment part 19
    -------------------------------------------------------------------------
CODE
  Segment part 11. NOT NEEDED.
           ENTRY                   ADDRESS         REF BY
           =====                   =======         ======
           alt2num                 
               not allocated function
    -------------------------------------------------------------------------
CODE
  Segment part 12. NOT NEEDED.
    -------------------------------------------------------------------------
CODE
  Segment part 13. NOT NEEDED.
           ENTRY                   ADDRESS         REF BY
           =====                   =======         ======
           koi2num                 
               not allocated function
    -------------------------------------------------------------------------
CODE
  Segment part 14. NOT NEEDED.
    -------------------------------------------------------------------------
DATA_C
  Relative segment, address: CODE_AREA 000082DC - 000082FB (0x20 bytes), align: 2
  Segment part 4.             Intra module refs:   Segment part 20
    -------------------------------------------------------------------------
CODE
  Segment part 15. NOT NEEDED.
           ENTRY                   ADDRESS         REF BY
           =====                   =======         ======
           work_2s                 
               not allocated function
    -------------------------------------------------------------------------
CODE
  Segment part 16. NOT NEEDED.
    -------------------------------------------------------------------------
CODE
  Relative segment, address: CODE_AREA 00000AEC - 00000CEF (0x204 bytes), align: 2
  Segment part 17.            Intra module refs:   ConvertFormat
           ENTRY                   ADDRESS         REF BY
           =====                   =======         ======
           def_code                00000AEC 
               stack 1 = 00000000 ( 00000128 )
    -------------------------------------------------------------------------
CODE
  Relative segment, address: CODE_AREA 00000CF0 - 00000CF3 (0x4 bytes), align: 2
  Segment part 18.            Intra module refs:   ConvertFormat
                                                   def_code
    -------------------------------------------------------------------------
CODE
  Relative segment, address: CODE_AREA 00000CF4 - 00000CF7 (0x4 bytes), align: 2
  Segment part 19.            Intra module refs:   def_code
    -------------------------------------------------------------------------
CODE
  Relative segment, address: CODE_AREA 00000CF8 - 00000CFB (0x4 bytes), align: 2
  Segment part 20.            Intra module refs:   def_code
    -------------------------------------------------------------------------
CODE
  Segment part 21. NOT NEEDED.Intra module refs:   ConvertFormat
    -------------------------------------------------------------------------
CODE
  Segment part 22. NOT NEEDED.Intra module refs:   ConvertFormat
    -------------------------------------------------------------------------
CODE
  Segment part 23. NOT NEEDED.Intra module refs:   ConvertFormat
    -------------------------------------------------------------------------
CSTACK
  Segment part 1. NOT NEEDED.

    *************************************************************************

  FILE NAME : D:\pasha\elf\SVN2\TED\Release_ELKA\Obj\convert_simple.r79
  PROGRAM MODULE, NAME : convert_simple

  SEGMENTS IN THE MODULE
  ======================
CODE
  Segment part 2. NOT NEEDED.
    -------------------------------------------------------------------------
CODE
  Relative segment, address: CODE_AREA 00000CFC - 00000E63 (0x168 bytes), align: 2
  Segment part 3.
           ENTRY                   ADDRESS         REF BY
           =====                   =======         ======
           ConvertSimple           00000CFC        FirstLoadFile (main)
               stack 1 = 00000000 ( 0000003C )
    -------------------------------------------------------------------------
CODE
  Segment part 4. NOT NEEDED. Intra module refs:   ConvertSimple
    -------------------------------------------------------------------------
CODE
  Segment part 5. NOT NEEDED. Intra module refs:   ConvertSimple
    -------------------------------------------------------------------------
CSTACK
  Segment part 1. NOT NEEDED.

    *************************************************************************

  FILE NAME : D:\pasha\elf\SVN2\TED\Release_ELKA\Obj\func.r79
  PROGRAM MODULE, NAME : func

  SEGMENTS IN THE MODULE
  ======================
ELFBEGIN
  Relative segment, address: CODE_AREA 00000000, align: 0
  Segment part 0. ROOT.
           ENTRY                   ADDRESS         REF BY
           =====                   =======         ======
           ELF_BEGIN               00000000        Killer2 (main)
    -------------------------------------------------------------------------
CODE
  Relative segment, address: CODE_AREA 00000E64 - 00000E67 (0x4 bytes), align: 2
  Segment part 1. ROOT.
           ENTRY                   ADDRESS         REF BY
           =====                   =======         ======
           kill_data               00000E64        Killer2 (main)
                                                   method7 (main)

    *************************************************************************

  FILE NAME : D:\pasha\elf\SVN2\TED\Release_ELKA\Obj\linework.r79
  PROGRAM MODULE, NAME : linework

  SEGMENTS IN THE MODULE
  ======================
CODE
  Segment part 2. NOT NEEDED.
    -------------------------------------------------------------------------
CODE
  Relative segment, address: CODE_AREA 00000E68 - 00000E93 (0x2c bytes), align: 2
  Segment part 3.
           ENTRY                   ADDRESS         REF BY
           =====                   =======         ======
           bl_us                   00000E68        DrawScreen (main)
    -------------------------------------------------------------------------
CODE
  Segment part 4. NOT NEEDED.
    -------------------------------------------------------------------------
CODE
  Relative segment, address: CODE_AREA 00000E94 - 00000EC3 (0x30 bytes), align: 2
  Segment part 5.
           ENTRY                   ADDRESS         REF BY
           =====                   =======         ======
           bl_ds                   00000E94        DrawScreen (main)
                                                   delline (main)
                                                   ed_inp_redraw (main)
                                                   joinlines (main)
    -------------------------------------------------------------------------
CODE
  Segment part 6. NOT NEEDED.
    -------------------------------------------------------------------------
CODE
  Relative segment, address: CODE_AREA 00000EC4 - 00000F67 (0xa4 bytes), align: 2
  Segment part 7.
           ENTRY                   ADDRESS         REF BY
           =====                   =======         ======
           move_up                 00000EC4        GotoLine (main)
                                                   PageUp (main)
                                                   actUp (main)
                                                   maincsm_onmessage (main)
               stack 1 = 00000000 ( 00000008 )
    -------------------------------------------------------------------------
CODE
  Segment part 8. NOT NEEDED.
    -------------------------------------------------------------------------
CODE
  Relative segment, address: CODE_AREA 00000F68 - 00000FC7 (0x60 bytes), align: 2
  Segment part 9.
           ENTRY                   ADDRESS         REF BY
           =====                   =======         ======
           move_dw                 00000F68        GotoLine (main)
                                                   LineDw (main)
                                                   actDown (main)
                                                   maincsm_onmessage (main)
                                                   method5 (main)
               stack 1 = 00000000 ( 0000000C )
    -------------------------------------------------------------------------
CODE
  Relative segment, address: CODE_AREA 00000FC8 - 00000FCB (0x4 bytes), align: 2
  Segment part 10.            Intra module refs:   move_dw
                                                   move_up
    -------------------------------------------------------------------------
CODE
  Relative segment, address: CODE_AREA 00000FCC - 00000FCF (0x4 bytes), align: 2
  Segment part 11.            Intra module refs:   move_dw
                                                   move_up
    -------------------------------------------------------------------------
CODE
  Relative segment, address: CODE_AREA 00000FD0 - 00000FD3 (0x4 bytes), align: 2
  Segment part 12.            Intra module refs:   bl_ds
                                                   move_dw
                                                   move_up
    -------------------------------------------------------------------------
CODE
  Relative segment, address: CODE_AREA 00000FD4 - 00000FD7 (0x4 bytes), align: 2
  Segment part 13.            Intra module refs:   bl_ds
                                                   move_dw
    -------------------------------------------------------------------------
CODE
  Relative segment, address: CODE_AREA 00000FD8 - 00000FDB (0x4 bytes), align: 2
  Segment part 14.            Intra module refs:   bl_us
                                                   move_dw
                                                   move_up
    -------------------------------------------------------------------------
CSTACK
  Segment part 1. NOT NEEDED.

    *************************************************************************

  FILE NAME : D:\pasha\elf\SVN2\TED\Release_ELKA\Obj\main.r79
  PROGRAM MODULE, NAME : main

  SEGMENTS IN THE MODULE
  ======================
DATA_I
  Relative segment, address: DATA_AREA 00000000 - 0000000B (0xc bytes), align: 2
  Segment part 67.            Intra module refs:   Segment part 160
                                                   Segment part 179
                                                   Segment part 196
                                                   Segment part 204
                                                   Segment part 212
           ENTRY                   ADDRESS         REF BY
           =====                   =======         ======
           menusoftkeys            00000000 
    -------------------------------------------------------------------------
DATA_I
  Relative segment, address: DATA_AREA 0000000C - 00000023 (0x18 bytes), align: 2
  Segment part 69.            Intra module refs:   Segment part 72
           ENTRY                   ADDRESS         REF BY
           =====                   =======         ======
           menu_sk                 0000000C 
    -------------------------------------------------------------------------
DATA_I
  Relative segment, address: DATA_AREA 00000024 - 0000002B (0x8 bytes), align: 2
  Segment part 71.            Intra module refs:   Segment part 160
                                                   Segment part 167
                                                   Segment part 173
                                                   Segment part 179
                                                   Segment part 188
                                                   Segment part 196
                                                   Segment part 204
                                                   Segment part 212
           ENTRY                   ADDRESS         REF BY
           =====                   =======         ======
           menu_skt                00000024 
    -------------------------------------------------------------------------
DATA_I
  Relative segment, address: DATA_AREA 0000002C - 0000003B (0x10 bytes), align: 2
  Segment part 73.            Intra module refs:   DrawSoftMenu
                                                   Segment part 192
                                                   Segment part 198
           ENTRY                   ADDRESS         REF BY
           =====                   =======         ======
           t_bm1                   0000002C 
    -------------------------------------------------------------------------
DATA_I
  Relative segment, address: DATA_AREA 0000003C - 0000004B (0x10 bytes), align: 2
  Segment part 75.            Intra module refs:   DrawSoftMenu
                                                   Segment part 192
                                                   Segment part 198
           ENTRY                   ADDRESS         REF BY
           =====                   =======         ======
           t_bm2                   0000003C 
    -------------------------------------------------------------------------
DATA_I
  Relative segment, address: DATA_AREA 0000004C - 0000005B (0x10 bytes), align: 2
  Segment part 77.            Intra module refs:   DrawSoftMenu
                                                   Segment part 192
                                                   Segment part 198
           ENTRY                   ADDRESS         REF BY
           =====                   =======         ======
           t_bm3                   0000004C 
    -------------------------------------------------------------------------
DATA_I
  Relative segment, address: DATA_AREA 0000005C - 0000006B (0x10 bytes), align: 2
  Segment part 79.            Intra module refs:   DrawSoftMenu
                                                   Segment part 192
                                                   Segment part 198
           ENTRY                   ADDRESS         REF BY
           =====                   =======         ======
           t_bm4                   0000005C 
    -------------------------------------------------------------------------
DATA_Z
  Relative segment, address: CODE_AREA 00008C00 - 00008C03 (0x4 bytes), align: 2
  Segment part 81.            Intra module refs:   Segment part 319
                                                   Segment part 592
           ENTRY                   ADDRESS         REF BY
           =====                   =======         ======
           info_ws                 00008C00 
    -------------------------------------------------------------------------
DATA_Z
  Relative segment, address: CODE_AREA 00008C04 - 00008C07 (0x4 bytes), align: 2
  Segment part 82.            Intra module refs:   Segment part 316
                                                   Segment part 593
           ENTRY                   ADDRESS         REF BY
           =====                   =======         ======
           upinfo_ws               00008C04 
    -------------------------------------------------------------------------
DATA_Z
  Relative segment, address: CODE_AREA 00008C08 - 00008C0B (0x4 bytes), align: 2
  Segment part 83.            Intra module refs:   Segment part 318
                                                   Segment part 436
                                                   Segment part 594
           ENTRY                   ADDRESS         REF BY
           =====                   =======         ======
           e_ws                    00008C08 
    -------------------------------------------------------------------------
DATA_Z
  Relative segment, address: CODE_AREA 00008C0C - 00008C0F (0x4 bytes), align: 2
  Segment part 84.            Intra module refs:   Segment part 281
                                                   Segment part 459
                                                   Segment part 553
           ENTRY                   ADDRESS         REF BY
           =====                   =======         ======
           terminated              00008C0C 
    -------------------------------------------------------------------------
DATA_Z
  Relative segment, address: CODE_AREA 00008C10 - 00008C13 (0x4 bytes), align: 2
  Segment part 85.            Intra module refs:   Segment part 471
                                                   Segment part 569
                                                   maincsm_onmessage
           ENTRY                   ADDRESS         REF BY
           =====                   =======         ======
           loadmenu_id             00008C10 
    -------------------------------------------------------------------------
DATA_Z
  Relative segment, address: CODE_AREA 00008C14 - 00008C17 (0x4 bytes), align: 2
  Segment part 86.            Intra module refs:   Segment part 380
                                                   maincsm_onmessage
           ENTRY                   ADDRESS         REF BY
           =====                   =======         ======
           edit_id                 00008C14 
    -------------------------------------------------------------------------
DATA_Z
  Relative segment, address: CODE_AREA 00008C18 - 00008C1B (0x4 bytes), align: 2
  Segment part 87.            Intra module refs:   Segment part 370
                                                   Segment part 428
                                                   Segment part 584
           ENTRY                   ADDRESS         REF BY
           =====                   =======         ======
           text_changed            00008C18 
    -------------------------------------------------------------------------
DATA_Z
  Relative segment, address: CODE_AREA 00008C1C - 00008C1F (0x4 bytes), align: 2
  Segment part 88.            Intra module refs:   Segment part 246
                                                   Segment part 305
                                                   Segment part 335
                                                   Segment part 420
                                                   maincsm_onmessage
           ENTRY                   ADDRESS         REF BY
           =====                   =======         ======
           editmode                00008C1C 
    -------------------------------------------------------------------------
DATA_I
  Relative segment, address: DATA_AREA 0000006C - 0000006F (0x4 bytes), align: 2
  Segment part 89.            Intra module refs:   Segment part 279
           ENTRY                   ADDRESS         REF BY
           =====                   =======         ======
           stk_fhandle             0000006C 
    -------------------------------------------------------------------------
DATA_Z
  Relative segment, address: CODE_AREA 00008C20 - 00008C23 (0x4 bytes), align: 2
  Segment part 91.            Intra module refs:   Segment part 234
                                                   Segment part 271
                                                   Segment part 329
                                                   Segment part 419
                                                   Segment part 464
                                                   Segment part 574
                                                   maincsm_onmessage
           ENTRY                   ADDRESS         REF BY
           =====                   =======         ======
           rotate                  00008C20 
    -------------------------------------------------------------------------
DATA_I
  Relative segment, address: DATA_AREA 00000070 - 00000073 (0x4 bytes), align: 2
  Segment part 92.            Intra module refs:   Segment part 280
                                                   Segment part 340
                                                   Segment part 413
                                                   Segment part 526
                                                   Segment part 576
           ENTRY                   ADDRESS         REF BY
           =====                   =======         ======
           draw_mode               00000070        savetext (saver)
    -------------------------------------------------------------------------
DATA_I
  Relative segment, address: DATA_AREA 00000074 - 00000077 (0x4 bytes), align: 2
  Segment part 94.            Intra module refs:   Segment part 272
                                                   Segment part 483
                                                   Segment part 557
           ENTRY                   ADDRESS         REF BY
           =====                   =======         ======
           font_size               00000074 
    -------------------------------------------------------------------------
DATA_Z
  Relative segment, address: CODE_AREA 00008C24 - 00008C27 (0x4 bytes), align: 2
  Segment part 96.            Intra module refs:   Segment part 493
                                                   Segment part 588
                                                   Segment part 615
           ENTRY                   ADDRESS         REF BY
           =====                   =======         ======
           fonts_count             00008C24 
    -------------------------------------------------------------------------
DATA_Z
  Relative segment, address: CODE_AREA 00008C28 - 00008C2B (0x4 bytes), align: 2
  Segment part 97.            Intra module refs:   Segment part 362
           ENTRY                   ADDRESS         REF BY
           =====                   =======         ======
           clip_pasted             00008C28 
    -------------------------------------------------------------------------
DATA_C
  Relative segment, address: CODE_AREA 000082FC - 00008307 (0xc bytes), align: 2
  Segment part 2.             Intra module refs:   Segment part 156
    -------------------------------------------------------------------------
DATA_C
  Relative segment, address: CODE_AREA 00008308 - 00008313 (0xc bytes), align: 2
  Segment part 3.             Intra module refs:   Segment part 192
    -------------------------------------------------------------------------
DATA_C
  Relative segment, address: CODE_AREA 00008314 - 0000831B (0x8 bytes), align: 2
  Segment part 4.             Intra module refs:   Segment part 192
    -------------------------------------------------------------------------
DATA_C
  Relative segment, address: CODE_AREA 0000831C - 00008323 (0x8 bytes), align: 2
  Segment part 5.             Intra module refs:   Segment part 192
    -------------------------------------------------------------------------
DATA_C
  Relative segment, address: CODE_AREA 00008324 - 0000832B (0x8 bytes), align: 2
  Segment part 6.             Intra module refs:   Segment part 192
    -------------------------------------------------------------------------
DATA_C
  Relative segment, address: CODE_AREA 0000832C - 0000832F (0x4 bytes), align: 2
  Segment part 7.             Intra module refs:   Segment part 192
    -------------------------------------------------------------------------
DATA_C
  Relative segment, address: CODE_AREA 00008330 - 0000833B (0xc bytes), align: 2
  Segment part 8.             Intra module refs:   Segment part 186
    -------------------------------------------------------------------------
DATA_C
  Relative segment, address: CODE_AREA 0000833C - 0000834B (0x10 bytes), align: 2
  Segment part 9.             Intra module refs:   Segment part 184
    -------------------------------------------------------------------------
DATA_C
  Relative segment, address: CODE_AREA 0000834C - 00008357 (0xc bytes), align: 2
  Segment part 10.            Intra module refs:   Segment part 177
    -------------------------------------------------------------------------
DATA_C
  Relative segment, address: CODE_AREA 00008358 - 00008363 (0xc bytes), align: 2
  Segment part 11.            Intra module refs:   Segment part 171
    -------------------------------------------------------------------------
DATA_C
  Relative segment, address: CODE_AREA 00008364 - 0000836F (0xc bytes), align: 2
  Segment part 12.            Intra module refs:   instime
    -------------------------------------------------------------------------
DATA_C
  Relative segment, address: CODE_AREA 00008370 - 0000837B (0xc bytes), align: 2
  Segment part 13.            Intra module refs:   Segment part 158
    -------------------------------------------------------------------------
DATA_C
  Relative segment, address: CODE_AREA 0000837C - 0000838B (0x10 bytes), align: 2
  Segment part 14.            Intra module refs:   Segment part 156
    -------------------------------------------------------------------------
DATA_C
  Relative segment, address: CODE_AREA 0000838C - 00008393 (0x8 bytes), align: 2
  Segment part 15.            Intra module refs:   Segment part 156
    -------------------------------------------------------------------------
DATA_C
  Relative segment, address: CODE_AREA 00008394 - 0000839F (0xc bytes), align: 2
  Segment part 16.            Intra module refs:   Segment part 156
    -------------------------------------------------------------------------
DATA_C
  Relative segment, address: CODE_AREA 000083A0 - 000083AB (0xc bytes), align: 2
  Segment part 17.            Intra module refs:   Segment part 156
    -------------------------------------------------------------------------
DATA_C
  Relative segment, address: CODE_AREA 000083AC - 000083B7 (0xc bytes), align: 2
  Segment part 18.            Intra module refs:   Segment part 156
    -------------------------------------------------------------------------
DATA_C
  Relative segment, address: CODE_AREA 000083B8 - 000083C3 (0xc bytes), align: 2
  Segment part 19.            Intra module refs:   Segment part 156
    -------------------------------------------------------------------------
DATA_C
  Relative segment, address: CODE_AREA 000083C4 - 000083CF (0xc bytes), align: 2
  Segment part 20.            Intra module refs:   Segment part 156
    -------------------------------------------------------------------------
DATA_C
  Relative segment, address: CODE_AREA 000083D0 - 000083D7 (0x8 bytes), align: 2
  Segment part 21.            Intra module refs:   Segment part 70
    -------------------------------------------------------------------------
DATA_C
  Relative segment, address: CODE_AREA 000083D8 - 000083DF (0x8 bytes), align: 2
  Segment part 22.            Intra module refs:   Segment part 70
    -------------------------------------------------------------------------
DATA_C
  Relative segment, address: CODE_AREA 000083E0 - 000083E7 (0x8 bytes), align: 2
  Segment part 23.            Intra module refs:   GetFontList
    -------------------------------------------------------------------------
DATA_C
  Relative segment, address: CODE_AREA 000083E8 - 000083FB (0x14 bytes), align: 2
  Segment part 24.            Intra module refs:   main
    -------------------------------------------------------------------------
DATA_C
  Relative segment, address: CODE_AREA 000083FC - 0000840F (0x14 bytes), align: 2
  Segment part 25.            Intra module refs:   main
    -------------------------------------------------------------------------
DATA_C
  Relative segment, address: CODE_AREA 00008410 - 00008427 (0x18 bytes), align: 2
  Segment part 26.            Intra module refs:   main
    -------------------------------------------------------------------------
DATA_C
  Relative segment, address: CODE_AREA 00008428 - 0000843F (0x18 bytes), align: 2
  Segment part 27.            Intra module refs:   main
    -------------------------------------------------------------------------
DATA_C
  Relative segment, address: CODE_AREA 00008440 - 00008457 (0x18 bytes), align: 2
  Segment part 28.            Intra module refs:   main
    -------------------------------------------------------------------------
DATA_C
  Relative segment, address: CODE_AREA 00008458 - 0000845F (0x8 bytes), align: 2
  Segment part 29.            Intra module refs:   UpdateCSMname
    -------------------------------------------------------------------------
DATA_C
  Relative segment, address: CODE_AREA 00008460 - 00008467 (0x8 bytes), align: 2
  Segment part 30.            Intra module refs:   Killer
    -------------------------------------------------------------------------
DATA_C
  Relative segment, address: CODE_AREA 00008468 - 0000847B (0x14 bytes), align: 2
  Segment part 31.            Intra module refs:   Killer
    -------------------------------------------------------------------------
DATA_C
  Relative segment, address: CODE_AREA 0000847C - 00008483 (0x8 bytes), align: 2
  Segment part 32.            Intra module refs:   load_menu_iconhndl
    -------------------------------------------------------------------------
DATA_C
  Relative segment, address: CODE_AREA 00008484 - 0000848F (0xc bytes), align: 2
  Segment part 33.            Intra module refs:   load_menu_iconhndl
    -------------------------------------------------------------------------
DATA_C
  Relative segment, address: CODE_AREA 00008490 - 0000849F (0x10 bytes), align: 2
  Segment part 34.            Intra module refs:   load_menu_iconhndl
    -------------------------------------------------------------------------
DATA_C
  Relative segment, address: CODE_AREA 000084A0 - 000084AB (0xc bytes), align: 2
  Segment part 35.            Intra module refs:   load_menu_iconhndl
    -------------------------------------------------------------------------
DATA_C
  Relative segment, address: CODE_AREA 000084AC - 000084B7 (0xc bytes), align: 2
  Segment part 36.            Intra module refs:   load_menu_iconhndl
    -------------------------------------------------------------------------
DATA_C
  Relative segment, address: CODE_AREA 000084B8 - 000084C3 (0xc bytes), align: 2
  Segment part 37.            Intra module refs:   load_menu_iconhndl
    -------------------------------------------------------------------------
DATA_C
  Relative segment, address: CODE_AREA 000084C4 - 000084CB (0x8 bytes), align: 2
  Segment part 38.            Intra module refs:   load_menu_iconhndl
    -------------------------------------------------------------------------
DATA_C
  Relative segment, address: CODE_AREA 000084CC - 000084DB (0x10 bytes), align: 2
  Segment part 39.            Intra module refs:   do_rotate
    -------------------------------------------------------------------------
DATA_C
  Relative segment, address: CODE_AREA 000084DC - 000084EB (0x10 bytes), align: 2
  Segment part 40.            Intra module refs:   Segment part 484
    -------------------------------------------------------------------------
DATA_C
  Segment part 41. NOT NEEDED.
    -------------------------------------------------------------------------
DATA_C
  Relative segment, address: CODE_AREA 000084EC - 000084F3 (0x8 bytes), align: 2
  Segment part 42.            Intra module refs:   Segment part 169
    -------------------------------------------------------------------------
DATA_C
  Relative segment, address: CODE_AREA 000084F4 - 000084FB (0x8 bytes), align: 2
  Segment part 43.            Intra module refs:   Segment part 162
    -------------------------------------------------------------------------
DATA_C
  Relative segment, address: CODE_AREA 000084FC - 0000850B (0x10 bytes), align: 2
  Segment part 44.            Intra module refs:   insdate
    -------------------------------------------------------------------------
DATA_C
  Relative segment, address: CODE_AREA 0000850C - 00008517 (0xc bytes), align: 2
  Segment part 45.            Intra module refs:   Segment part 165
    -------------------------------------------------------------------------
DATA_C
  Relative segment, address: CODE_AREA 00008518 - 00008573 (0x5c bytes), align: 2
  Segment part 46.            Intra module refs:   DrawScreen
    -------------------------------------------------------------------------
DATA_C
  Segment part 47. NOT NEEDED.
    -------------------------------------------------------------------------
DATA_C
  Relative segment, address: CODE_AREA 00008574 - 0000857B (0x8 bytes), align: 2
  Segment part 48.            Intra module refs:   DrawScreen
    -------------------------------------------------------------------------
DATA_C
  Relative segment, address: CODE_AREA 0000857C - 00008587 (0xc bytes), align: 2
  Segment part 49.            Intra module refs:   DrawScreen
    -------------------------------------------------------------------------
DATA_C
  Relative segment, address: CODE_AREA 00008588 - 00008593 (0xc bytes), align: 2
  Segment part 50.            Intra module refs:   DrawScreen
    -------------------------------------------------------------------------
DATA_C
  Relative segment, address: CODE_AREA 00008594 - 000085A3 (0x10 bytes), align: 2
  Segment part 51.            Intra module refs:   DrawScreen
    -------------------------------------------------------------------------
DATA_C
  Relative segment, address: CODE_AREA 000085A4 - 000085F3 (0x50 bytes), align: 2
  Segment part 52.            Intra module refs:   DrawInfo
    -------------------------------------------------------------------------
DATA_C
  Relative segment, address: CODE_AREA 000085F4 - 000085FB (0x8 bytes), align: 2
  Segment part 53.            Intra module refs:   DrawInfo
    -------------------------------------------------------------------------
DATA_C
  Relative segment, address: CODE_AREA 000085FC - 00008603 (0x8 bytes), align: 2
  Segment part 54.            Intra module refs:   DrawInfo
    -------------------------------------------------------------------------
DATA_C
  Relative segment, address: CODE_AREA 00008604 - 0000860B (0x8 bytes), align: 2
  Segment part 55.            Intra module refs:   DrawInfo
    -------------------------------------------------------------------------
DATA_C
  Relative segment, address: CODE_AREA 0000860C - 0000861B (0x10 bytes), align: 2
  Segment part 56.            Intra module refs:   Segment part 269
    -------------------------------------------------------------------------
DATA_C
  Relative segment, address: CODE_AREA 0000861C - 00008633 (0x18 bytes), align: 2
  Segment part 57.            Intra module refs:   DiskErrorMsg
    -------------------------------------------------------------------------
DATA_C
  Relative segment, address: CODE_AREA 00008634 - 0000864B (0x18 bytes), align: 2
  Segment part 58.            Intra module refs:   DiskErrorMsg
    -------------------------------------------------------------------------
DATA_C
  Relative segment, address: CODE_AREA 0000864C - 00008663 (0x18 bytes), align: 2
  Segment part 59.            Intra module refs:   DiskErrorMsg
    -------------------------------------------------------------------------
DATA_C
  Relative segment, address: CODE_AREA 00008664 - 0000867B (0x18 bytes), align: 2
  Segment part 60.            Intra module refs:   DiskErrorMsg
    -------------------------------------------------------------------------
DATA_C
  Relative segment, address: CODE_AREA 0000867C - 0000869B (0x20 bytes), align: 2
  Segment part 61.            Intra module refs:   DiskErrorMsg
    -------------------------------------------------------------------------
DATA_C
  Relative segment, address: CODE_AREA 0000869C - 000086A7 (0xc bytes), align: 2
  Segment part 62.            Intra module refs:   DrwImg
    -------------------------------------------------------------------------
DATA_C
  Relative segment, address: CODE_AREA 000086A8 - 000086B3 (0xc bytes), align: 2
  Segment part 63.            Intra module refs:   Segment part 210
    -------------------------------------------------------------------------
DATA_C
  Relative segment, address: CODE_AREA 000086B4 - 000086BF (0xc bytes), align: 2
  Segment part 64.            Intra module refs:   Segment part 206
    -------------------------------------------------------------------------
DATA_C
  Relative segment, address: CODE_AREA 000086C0 - 000086CF (0x10 bytes), align: 2
  Segment part 65.            Intra module refs:   Segment part 202
                                                   Segment part 206
    -------------------------------------------------------------------------
DATA_C
  Relative segment, address: CODE_AREA 000086D0 - 000086D7 (0x8 bytes), align: 2
  Segment part 66.            Intra module refs:   Segment part 182
                                                   Segment part 194
                                                   Segment part 206
    -------------------------------------------------------------------------
DATA_C
  Relative segment, address: CODE_AREA 000086D8 - 000086DB (0x4 bytes), align: 2
  Segment part 98.            Intra module refs:   MAINCSM
           ENTRY                   ADDRESS         REF BY
           =====                   =======         ======
           minus11                 000086D8 
    -------------------------------------------------------------------------
DATA_C
  Relative segment, address: CODE_AREA 000086DC - 000086E7 (0xc bytes), align: 2
  Segment part 99.            Intra module refs:   imgDiskAccess
           ENTRY                   ADDRESS         REF BY
           =====                   =======         ======
           bmpDiskAccess           000086DC 
    -------------------------------------------------------------------------
DATA_C
  Relative segment, address: CODE_AREA 000086E8 - 000086F3 (0xc bytes), align: 2
  Segment part 100.           Intra module refs:   DrawScreen
           ENTRY                   ADDRESS         REF BY
           =====                   =======         ======
           imgDiskAccess           000086E8 
    -------------------------------------------------------------------------
DATA_Z
  Relative segment, address: CODE_AREA 00008C2C - 00008C2F (0x4 bytes), align: 2
  Segment part 101.           Intra module refs:   Segment part 260
                                                   Segment part 559
           ENTRY                   ADDRESS         REF BY
           =====                   =======         ======
           u_disk                  00008C2C        savetext (saver)
    -------------------------------------------------------------------------
DATA_Z
  Relative segment, address: CODE_AREA 00008C30 - 00008C33 (0x4 bytes), align: 2
  Segment part 102.           Intra module refs:   Segment part 261
                                                   Segment part 560
           ENTRY                   ADDRESS         REF BY
           =====                   =======         ======
           d_disk                  00008C30        savetext (saver)
    -------------------------------------------------------------------------
DATA_Z
  Relative segment, address: CODE_AREA 00008C34 - 00008C37 (0x4 bytes), align: 2
  Segment part 103.           Intra module refs:   Segment part 259
                                                   Segment part 355
                                                   Segment part 570
           ENTRY                   ADDRESS         REF BY
           =====                   =======         ======
           usp                     00008C34        Segment part 11 (linework)
                                                   savetext (saver)
    -------------------------------------------------------------------------
DATA_Z
  Relative segment, address: CODE_AREA 00008C38 - 00008C3B (0x4 bytes), align: 2
  Segment part 104.           Intra module refs:   Segment part 303
                                                   Segment part 368
                                                   Segment part 417
                                                   Segment part 565
                                                   Segment part 602
           ENTRY                   ADDRESS         REF BY
           =====                   =======         ======
           dsp                     00008C38        Segment part 10 (linework)
                                                   savetext (saver)
    -------------------------------------------------------------------------
DATA_I
  Relative segment, address: DATA_AREA 00000078 - 0000007B (0x4 bytes), align: 2
  Segment part 105.           Intra module refs:   Segment part 277
                                                   Segment part 317
                                                   Segment part 472
                                                   Segment part 494
                                                   Segment part 586
                                                   Segment part 601
           ENTRY                   ADDRESS         REF BY
           =====                   =======         ======
           disk_access             00000078        savetext (saver)
    -------------------------------------------------------------------------
DATA_Z
  Relative segment, address: CODE_AREA 00008C3C - 00008C3F (0x4 bytes), align: 2
  Segment part 107.           Intra module refs:   DrawScreen
           ENTRY                   ADDRESS         REF BY
           =====                   =======         ======
           cursor_cnt              00008C3C 
    -------------------------------------------------------------------------
DATA_Z
  Segment part 108. NOT NEEDED.
           ENTRY                   ADDRESS         REF BY
           =====                   =======         ======
           disable_exit            
    -------------------------------------------------------------------------
DATA_Z
  Relative segment, address: CODE_AREA 00008C40 - 00008C43 (0x4 bytes), align: 2
  Segment part 109.           Intra module refs:   Segment part 273
                                                   Segment part 310
                                                   Segment part 424
                                                   Segment part 556
           ENTRY                   ADDRESS         REF BY
           =====                   =======         ======
           win_dos_koi             00008C40        Segment part 9 (convert_format)
    -------------------------------------------------------------------------
DATA_Z
  Relative segment, address: CODE_AREA 00008C44 - 00008C47 (0x4 bytes), align: 2
  Segment part 110.           Intra module refs:   Segment part 274
                                                   Segment part 341
                                                   Segment part 418
                                                   Segment part 568
           ENTRY                   ADDRESS         REF BY
           =====                   =======         ======
           cursor_off              00008C44 
    -------------------------------------------------------------------------
DATA_Z
  Relative segment, address: CODE_AREA 00008C48 - 00008CC7 (0x80 bytes), align: 2
  Segment part 111.           Intra module refs:   Segment part 251
                                                   Segment part 595
                                                   Segment part 610
           ENTRY                   ADDRESS         REF BY
           =====                   =======         ======
           stkfile                 00008C48        savetext (saver)
    -------------------------------------------------------------------------
DATA_Z
  Relative segment, address: CODE_AREA 00008CC8 - 00008CCB (0x4 bytes), align: 2
  Segment part 112.           Intra module refs:   Segment part 278
                                                   Segment part 575
           ENTRY                   ADDRESS         REF BY
           =====                   =======         ======
           seek_to_line            00008CC8 
    -------------------------------------------------------------------------
DATA_Z
  Relative segment, address: CODE_AREA 00008CCC - 00008CCF (0x4 bytes), align: 2
  Segment part 113.           Intra module refs:   Segment part 312
                                                   Segment part 372
                                                   Segment part 571
           ENTRY                   ADDRESS         REF BY
           =====                   =======         ======
           total_line              00008CCC 
    -------------------------------------------------------------------------
DATA_Z
  Relative segment, address: CODE_AREA 00008CD0 - 00008CD3 (0x4 bytes), align: 2
  Segment part 114.           Intra module refs:   Segment part 313
                                                   Segment part 357
                                                   Segment part 415
                                                   Segment part 572
                                                   maincsm_onmessage
           ENTRY                   ADDRESS         REF BY
           =====                   =======         ======
           curline                 00008CD0        ConvertFormat (convert_format)
                                                   ConvertSimple (convert_simple)
    -------------------------------------------------------------------------
DATA_Z
  Relative segment, address: CODE_AREA 00008CD4 - 00008CD7 (0x4 bytes), align: 2
  Segment part 115.           Intra module refs:   Segment part 333
                                                   Segment part 377
                                                   Segment part 422
                                                   Segment part 567
           ENTRY                   ADDRESS         REF BY
           =====                   =======         ======
           curpos                  00008CD4 
    -------------------------------------------------------------------------
DATA_Z
  Relative segment, address: CODE_AREA 00008CD8 - 00008CDB (0x4 bytes), align: 2
  Segment part 116.           Intra module refs:   Segment part 293
                                                   Segment part 325
                                                   Segment part 416
                                                   Segment part 573
                                                   maincsm_onmessage
           ENTRY                   ADDRESS         REF BY
           =====                   =======         ======
           viewline                00008CD8 
    -------------------------------------------------------------------------
DATA_Z
  Relative segment, address: CODE_AREA 00008CDC - 00008CDF (0x4 bytes), align: 2
  Segment part 117.           Intra module refs:   Segment part 332
                                                   Segment part 348
                                                   Segment part 423
                                                   Segment part 566
           ENTRY                   ADDRESS         REF BY
           =====                   =======         ======
           viewpos                 00008CDC 
    -------------------------------------------------------------------------
DATA_Z
  Relative segment, address: CODE_AREA 00008CE0 - 00008CE3 (0x4 bytes), align: 2
  Segment part 118.           Intra module refs:   Segment part 287
                                                   Segment part 327
                                                   Segment part 453
           ENTRY                   ADDRESS         REF BY
           =====                   =======         ======
           max_y                   00008CE0 
    -------------------------------------------------------------------------
DATA_Z
  Relative segment, address: CODE_AREA 00008CE4 - 00008CE7 (0x4 bytes), align: 2
  Segment part 119.           Intra module refs:   Segment part 286
                                                   Segment part 326
                                                   Segment part 414
                                                   Segment part 455
                                                   maincsm_onmessage
           ENTRY                   ADDRESS         REF BY
           =====                   =======         ======
           max_y_emode             00008CE4 
    -------------------------------------------------------------------------
DATA_Z
  Relative segment, address: CODE_AREA 00008CE8 - 00008CEB (0x4 bytes), align: 2
  Segment part 120.           Intra module refs:   Segment part 307
                                                   Segment part 337
                                                   Segment part 457
           ENTRY                   ADDRESS         REF BY
           =====                   =======         ======
           max_x                   00008CE8        ConvertFormat (convert_format)
    -------------------------------------------------------------------------
DATA_Z
  Relative segment, address: CODE_AREA 00008CEC - 00008CEF (0x4 bytes), align: 2
  Segment part 121.           Intra module refs:   Segment part 306
                                                   Segment part 336
                                                   Segment part 454
           ENTRY                   ADDRESS         REF BY
           =====                   =======         ======
           max_x_emode             00008CEC 
    -------------------------------------------------------------------------
DATA_Z
  Relative segment, address: CODE_AREA 00008CF0 - 00008CF3 (0x4 bytes), align: 2
  Segment part 122.           Intra module refs:   Segment part 323
                                                   Segment part 456
           ENTRY                   ADDRESS         REF BY
           =====                   =======         ======
           sheight_emode           00008CF0 
    -------------------------------------------------------------------------
DATA_Z
  Relative segment, address: CODE_AREA 00008CF4 - 00008CF7 (0x4 bytes), align: 2
  Segment part 123.           Intra module refs:   LoadFont
           ENTRY                   ADDRESS         REF BY
           =====                   =======         ======
           sheight                 00008CF4 
    -------------------------------------------------------------------------
DATA_I
  Relative segment, address: DATA_AREA 0000007C - 0000007F (0x4 bytes), align: 2
  Segment part 124.           Intra module refs:   Segment part 292
                                                   Segment part 369
                                                   Segment part 421
                                                   Segment part 564
                                                   Segment part 612
           ENTRY                   ADDRESS         REF BY
           =====                   =======         ======
           STKSZ                   0000007C        Segment part 13 (linework)
                                                   savetext (saver)
    -------------------------------------------------------------------------
DATA_I
  Relative segment, address: DATA_AREA 00000080 - 00000083 (0x4 bytes), align: 2
  Segment part 126.           Intra module refs:   CheckDiskAccess
           ENTRY                   ADDRESS         REF BY
           =====                   =======         ======
           STKMAX                  00000080 
    -------------------------------------------------------------------------
DATA_I
  Relative segment, address: DATA_AREA 00000084 - 00000087 (0x4 bytes), align: 2
  Segment part 128.           Intra module refs:   CheckDiskAccess
           ENTRY                   ADDRESS         REF BY
           =====                   =======         ======
           STKMIN                  00000084 
    -------------------------------------------------------------------------
DATA_I
  Relative segment, address: DATA_AREA 00000088 - 0000008B (0x4 bytes), align: 2
  Segment part 130.           Intra module refs:   Segment part 253
                                                   Segment part 552
           ENTRY                   ADDRESS         REF BY
           =====                   =======         ======
           STKSZ50                 00000088        ConvertFormat (convert_format)
                                                   ConvertSimple (convert_simple)
                                                   savetext (saver)
    -------------------------------------------------------------------------
DATA_Z
  Relative segment, address: CODE_AREA 00008CF8 - 00008CFB (0x4 bytes), align: 2
  Segment part 132.           Intra module refs:   Segment part 255
                                                   Segment part 356
                                                   Segment part 590
                                                   Segment part 613
           ENTRY                   ADDRESS         REF BY
           =====                   =======         ======
           ustk                    00008CF8        ConvertFormat (convert_format)
                                                   ConvertSimple (convert_simple)
                                                   Segment part 14 (linework)
                                                   savetext (saver)
    -------------------------------------------------------------------------
DATA_Z
  Relative segment, address: CODE_AREA 00008CFC - 00008CFF (0x4 bytes), align: 2
  Segment part 133.           Intra module refs:   Segment part 304
                                                   Segment part 371
                                                   Segment part 381
                                                   Segment part 591
                                                   Segment part 616
           ENTRY                   ADDRESS         REF BY
           =====                   =======         ======
           dstk                    00008CFC        ConvertSimple (convert_simple)
                                                   Segment part 12 (linework)
                                                   Segment part 18 (convert_format)
                                                   savetext (saver)
    -------------------------------------------------------------------------
DATA_Z
  Relative segment, address: CODE_AREA 00008D00 - 00009CFF (0x1000 bytes), align: 2
  Segment part 134.           Intra module refs:   Segment part 256
                                                   Segment part 562
           ENTRY                   ADDRESS         REF BY
           =====                   =======         ======
           dbat                    00008D00        savetext (saver)
    -------------------------------------------------------------------------
DATA_Z
  Relative segment, address: CODE_AREA 00009D00 - 0000ACFF (0x1000 bytes), align: 2
  Segment part 135.           Intra module refs:   Segment part 254
                                                   Segment part 561
           ENTRY                   ADDRESS         REF BY
           =====                   =======         ======
           ubat                    00009D00        savetext (saver)
    -------------------------------------------------------------------------
DATA_Z
  Relative segment, address: CODE_AREA 0000AD00 - 0000B0FF (0x400 bytes), align: 2
  Segment part 136.           Intra module refs:   Segment part 252
                                                   Segment part 563
           ENTRY                   ADDRESS         REF BY
           =====                   =======         ======
           bfree                   0000AD00 
    -------------------------------------------------------------------------
DATA_Z
  Relative segment, address: CODE_AREA 0000B100 - 0000B103 (0x4 bytes), align: 2
  Segment part 137.           Intra module refs:   Segment part 240
                                                   Segment part 451
                                                   Segment part 589
           ENTRY                   ADDRESS         REF BY
           =====                   =======         ======
           font                    0000B100 
    -------------------------------------------------------------------------
DATA_Z
  Relative segment, address: CODE_AREA 0000B104 - 0000B203 (0x100 bytes), align: 2
  Segment part 138.           Intra module refs:   Segment part 245
                                                   Segment part 334
           ENTRY                   ADDRESS         REF BY
           =====                   =======         ======
           chars_width             0000B104        ConvertFormat (convert_format)
    -------------------------------------------------------------------------
DATA_Z
  Relative segment, address: CODE_AREA 0000B204 - 0000B303 (0x100 bytes), align: 2
  Segment part 139.           Intra module refs:   Segment part 229
                                                   Segment part 452
           ENTRY                   ADDRESS         REF BY
           =====                   =======         ======
           chars_width_src         0000B204 
    -------------------------------------------------------------------------
DATA_Z
  Relative segment, address: CODE_AREA 0000B304 - 0000B307 (0x4 bytes), align: 2
  Segment part 140.           Intra module refs:   Segment part 237
                                                   Segment part 450
           ENTRY                   ADDRESS         REF BY
           =====                   =======         ======
           FW                      0000B304 
    -------------------------------------------------------------------------
DATA_Z
  Relative segment, address: CODE_AREA 0000B308 - 0000B30B (0x4 bytes), align: 2
  Segment part 141.           Intra module refs:   Segment part 238
                                                   Segment part 328
                                                   Segment part 449
           ENTRY                   ADDRESS         REF BY
           =====                   =======         ======
           FH                      0000B308 
    -------------------------------------------------------------------------
DATA_Z
  Relative segment, address: CODE_AREA 0000B30C - 0000B40B (0x100 bytes), align: 2
  Segment part 142.           Intra module refs:   Segment part 300
                                                   Segment part 321
                                                   Segment part 367
           ENTRY                   ADDRESS         REF BY
           =====                   =======         ======
           editline                0000B30C 
    -------------------------------------------------------------------------
DATA_Z
  Relative segment, address: CODE_AREA 0000B40C - 0000B48B (0x80 bytes), align: 2
  Segment part 143.           Intra module refs:   Segment part 311
                                                   Segment part 320
                                                   Segment part 437
                                                   Segment part 585
                                                   Segment part 611
           ENTRY                   ADDRESS         REF BY
           =====                   =======         ======
           filename                0000B40C        savetext (saver)
    -------------------------------------------------------------------------
DATA_Z
  Relative segment, address: CODE_AREA 0000B48C - 0000B52B (0xa0 bytes), align: 2
  Segment part 144.           Intra module refs:   DrawScreen
                                                   Segment part 270
                                                   Segment part 473
                                                   Segment part 477
                                                   Segment part 482
                                                   Segment part 532
                                                   Segment part 535
                                                   Segment part 538
                                                   Segment part 541
                                                   Segment part 558
                                                   Segment part 583
                                                   goto_last_saved
           ENTRY                   ADDRESS         REF BY
           =====                   =======         ======
           HISTORY                 0000B48C 
    -------------------------------------------------------------------------
DATA_Z
  Relative segment, address: CODE_AREA 0000B52C - 0000DA2B (0x2500 bytes), align: 2
  Segment part 145.           Intra module refs:   Segment part 147
                                                   Segment part 239
                                                   Segment part 322
                                                   Segment part 458
           ENTRY                   ADDRESS         REF BY
           =====                   =======         ======
           myscr                   0000B52C 
    -------------------------------------------------------------------------
DATA_I
  Relative segment, address: DATA_AREA 0000008C - 00000097 (0xc bytes), align: 2
  Segment part 146.           Intra module refs:   Segment part 221
                                                   Segment part 324
           ENTRY                   ADDRESS         REF BY
           =====                   =======         ======
           MyScrHdr                0000008C 
    -------------------------------------------------------------------------
CODE
  Segment part 219. NOT NEEDED.
    -------------------------------------------------------------------------
CODE
  Relative segment, address: CODE_AREA 00000FDC - 0000129F (0x2c4 bytes), align: 2
  Segment part 220.           Intra module refs:   DrawScreen
           ENTRY                   ADDRESS         REF BY
           =====                   =======         ======
           DrwImg                  00000FDC 
               stack 1 = 00000000 ( 0000006C )
    -------------------------------------------------------------------------
CODE
  Relative segment, address: CODE_AREA 000012A0 - 000012A3 (0x4 bytes), align: 2
  Segment part 221.           Intra module refs:   DrwImg
    -------------------------------------------------------------------------
CODE
  Segment part 222. NOT NEEDED.
    -------------------------------------------------------------------------
DATA_Z
  Relative segment, address: CODE_AREA 0000DB90 - 0000DB90 (0x1 bytes), align: 0
  Segment part 148.           Intra module refs:   DiskErrorMsg
           ENTRY                   ADDRESS         REF BY
           =====                   =======         ======
           Q_DiskError             0000DB90 
    -------------------------------------------------------------------------
CODE
  Relative segment, address: CODE_AREA 000012A4 - 0000133B (0x98 bytes), align: 2
  Segment part 223.           Intra module refs:   DoDiskAccess
                                                   FL_saver
                                                   FirstLoadFile
           ENTRY                   ADDRESS         REF BY
           =====                   =======         ======
           DiskErrorMsg            000012A4        savetext (saver)
               stack 1 = 00000000 ( 00000010 )
    -------------------------------------------------------------------------
CODE
  Segment part 224. NOT NEEDED.
    -------------------------------------------------------------------------
DATA_C
  Relative segment, address: CODE_AREA 000086F4 - 00008773 (0x80 bytes), align: 2
  Segment part 149.           Intra module refs:   Segment part 235
                                                   Segment part 382
           ENTRY                   ADDRESS         REF BY
           =====                   =======         ======
           wintranslation          000086F4        GetCharType_x (convert_format)
    -------------------------------------------------------------------------
DATA_C
  Relative segment, address: CODE_AREA 00008774 - 000087F3 (0x80 bytes), align: 2
  Segment part 150.           Intra module refs:   Segment part 236
                                                   Segment part 383
           ENTRY                   ADDRESS         REF BY
           =====                   =======         ======
           koi8translation         00008774        GetCharType_x (convert_format)
    -------------------------------------------------------------------------
DATA_C
  Relative segment, address: CODE_AREA 000087F4 - 000088F3 (0x100 bytes), align: 2
  Segment part 151.           Intra module refs:   Segment part 384
           ENTRY                   ADDRESS         REF BY
           =====                   =======         ======
           dos2unicode             000087F4 
    -------------------------------------------------------------------------
CODE
  Segment part 225. NOT NEEDED.
           ENTRY                   ADDRESS         REF BY
[...]
      | + function block  :  00000018
  <-Sub-tree of type: Indirectly called function tree that does not make
                    : indirect calls (Is not an interrupt and is not flagged
                    : as not overlayable)
    | Stack used          :  00000018


  ->Sub-tree of type: Indirectly called function tree that does not make
                    : indirect calls (Is not an interrupt and is not flagged
                    : as not overlayable)
                             CSTACK
    | Stack used (prev) :  00000000
  01  search_menu
      | Stack used (prev) :  00000000
      | + function block  :  00000000
  <-Sub-tree of type: Indirectly called function tree that does not make
                    : indirect calls (Is not an interrupt and is not flagged
                    : as not overlayable)
    | Stack used          :  00000000


  ->Sub-tree of type: Indirectly called function tree that does not make
                    : indirect calls (Is not an interrupt and is not flagged
                    : as not overlayable)
                             CSTACK
    | Stack used (prev) :  00000000
  01  FirstLoadFile
      | Stack used (prev) :  00000000
      | + function block  :  00000028
  <-Sub-tree of type: Indirectly called function tree that does not make
                    : indirect calls (Is not an interrupt and is not flagged
                    : as not overlayable)
    | Stack used          :  00000028


  ->Sub-tree of type: Indirectly called function tree that does not make
                    : indirect calls (Is not an interrupt and is not flagged
                    : as not overlayable)
                             CSTACK
    | Stack used (prev) :  00000000
  01  maincsm_oncreate
      | Stack used (prev) :  00000000
      | + function block  :  00000010
  <-Sub-tree of type: Indirectly called function tree that does not make
                    : indirect calls (Is not an interrupt and is not flagged
                    : as not overlayable)
    | Stack used          :  00000010


  ->Sub-tree of type: Indirectly called function tree that does not make
                    : indirect calls (Is not an interrupt and is not flagged
                    : as not overlayable)
                             CSTACK
    | Stack used (prev) :  00000000
  01  Killer2
      | Stack used (prev) :  00000000
      | + function block  :  00000004
  <-Sub-tree of type: Indirectly called function tree that does not make
                    : indirect calls (Is not an interrupt and is not flagged
                    : as not overlayable)
    | Stack used          :  00000004


  ->Sub-tree of type: Indirectly called function tree that does not make
                    : indirect calls (Is not an interrupt and is not flagged
                    : as not overlayable)
                             CSTACK
    | Stack used (prev) :  00000000
  01  Killer
      | Stack used (prev) :  00000000
      | + function block  :  00000010
  <-Sub-tree of type: Indirectly called function tree that does not make
                    : indirect calls (Is not an interrupt and is not flagged
                    : as not overlayable)
    | Stack used          :  00000010


  ->Sub-tree of type: Indirectly called function tree that does not make
                    : indirect calls (Is not an interrupt and is not flagged
                    : as not overlayable)
                             CSTACK
    | Stack used (prev) :  00000000
  01  maincsm_onclose
      | Stack used (prev) :  00000000
      | + function block  :  00000004
  <-Sub-tree of type: Indirectly called function tree that does not make
                    : indirect calls (Is not an interrupt and is not flagged
                    : as not overlayable)
    | Stack used          :  00000004


  ->Sub-tree of type: Indirectly called function tree that does not make
                    : indirect calls (Is not an interrupt and is not flagged
                    : as not overlayable)
                             CSTACK
    | Stack used (prev) :  00000000
  01  maincsm_onmessage
      | Stack used (prev) :  00000000
      | + function block  :  00000018
  <-Sub-tree of type: Indirectly called function tree that does not make
                    : indirect calls (Is not an interrupt and is not flagged
                    : as not overlayable)
    | Stack used          :  00000018


  ->Sub-tree of type: Indirectly called function tree that does not make
                    : indirect calls (Is not an interrupt and is not flagged
                    : as not overlayable)
                             CSTACK
    | Stack used (prev) :  00000000
  01  savetext
      | Stack used (prev) :  00000000
      | + function block  :  0000002C
  <-Sub-tree of type: Indirectly called function tree that does not make
                    : indirect calls (Is not an interrupt and is not flagged
                    : as not overlayable)
    | Stack used          :  0000002C


  ->Sub-tree of type: Function tree
                             CSTACK
    | Stack used (prev) :  000000B0
  01  GetCharType_x
      | Stack used (prev) :  000000B0
      | + function block  :  00000000
  <-Sub-tree of type: Function tree
    | Stack used          :  000000B0


  ->Sub-tree of type: Function tree
                             CSTACK
    | Stack used (prev) :  000000B0
  01  ConvertFormat
      | Stack used (prev) :  000000B0
      | + function block  :  00000140
  <-Sub-tree of type: Function tree
    | Stack used          :  000001F0


  ->Sub-tree of type: Function tree
                             CSTACK
    | Stack used (prev) :  000001F0
  01  def_code
      | Stack used (prev) :  000001F0
      | + function block  :  00000128
  <-Sub-tree of type: Function tree
    | Stack used          :  00000318


  ->Sub-tree of type: Function tree
                             CSTACK
    | Stack used (prev) :  00000318
  01  ConvertSimple
      | Stack used (prev) :  00000318
      | + function block  :  0000003C
  <-Sub-tree of type: Function tree
    | Stack used          :  00000354


  ->Sub-tree of type: Function tree
                             CSTACK
    | Stack used (prev) :  00000354
  01  bl_us
      | Stack used (prev) :  00000354
      | + function block  :  00000000
  <-Sub-tree of type: Function tree
    | Stack used          :  00000354


  ->Sub-tree of type: Function tree
                             CSTACK
    | Stack used (prev) :  00000354
  01  bl_ds
      | Stack used (prev) :  00000354
      | + function block  :  00000000
  <-Sub-tree of type: Function tree
    | Stack used          :  00000354


  ->Sub-tree of type: Function tree
                             CSTACK
    | Stack used (prev) :  00000354
  01  move_up
      | Stack used (prev) :  00000354
      | + function block  :  00000008
  <-Sub-tree of type: Function tree
    | Stack used          :  0000035C


  ->Sub-tree of type: Function tree
                             CSTACK
    | Stack used (prev) :  0000035C
  01  move_dw
      | Stack used (prev) :  0000035C
      | + function block  :  0000000C
  <-Sub-tree of type: Function tree
    | Stack used          :  00000368


  ->Sub-tree of type: Function tree
                             CSTACK
    | Stack used (prev) :  00000368
  01  DrwImg
      | Stack used (prev) :  00000368
      | + function block  :  0000006C
  <-Sub-tree of type: Function tree
    | Stack used          :  000003D4


  ->Sub-tree of type: Function tree
                             CSTACK
    | Stack used (prev) :  000003D4
  01  DiskErrorMsg
      | Stack used (prev) :  000003D4
      | + function block  :  00000010
  <-Sub-tree of type: Function tree
    | Stack used          :  000003E4


  ->Sub-tree of type: Function tree
                             CSTACK
    | Stack used (prev) :  000003E4
  01  CharWidthForCodepage
      | Stack used (prev) :  000003E4
      | + function block  :  00000000
  <-Sub-tree of type: Function tree
    | Stack used          :  000003E4


  ->Sub-tree of type: Function tree
                             CSTACK
    | Stack used (prev) :  000003E4
  01  char16to8
      | Stack used (prev) :  000003E4
      | + function block  :  00000000
  <-Sub-tree of type: Function tree
    | Stack used          :  000003E4


  ->Sub-tree of type: Function tree
                             CSTACK
    | Stack used (prev) :  000003E4
  01  DrawChar
      | Stack used (prev) :  000003E4
      | + function block  :  00000038
  <-Sub-tree of type: Function tree
    | Stack used          :  0000041C


  ->Sub-tree of type: Function tree
                             CSTACK
    | Stack used (prev) :  0000041C
  01  drawStkStr
      | Stack used (prev) :  0000041C
      | + function block  :  00000024
  <-Sub-tree of type: Function tree
    | Stack used          :  00000440


  ->Sub-tree of type: Function tree
                             CSTACK
    | Stack used (prev) :  00000440
  01  drawFrmStkStr
      | Stack used (prev) :  00000440
      | + function block  :  0000002C
  <-Sub-tree of type: Function tree
    | Stack used          :  0000046C


  ->Sub-tree of type: Function tree
                             CSTACK
    | Stack used (prev) :  0000046C
  01  CheckDiskAccess
      | Stack used (prev) :  0000046C
      | + function block  :  00000004
  <-Sub-tree of type: Function tree
    | Stack used          :  00000470


  ->Sub-tree of type: Function tree
                             CSTACK
    | Stack used (prev) :  00000470
  01  SearchHistory
      | Stack used (prev) :  00000470
      | + function block  :  00000094
  <-Sub-tree of type: Function tree
    | Stack used          :  00000504


  ->Sub-tree of type: Function tree
                             CSTACK
    | Stack used (prev) :  00000504
  01  SaveHistory
      | Stack used (prev) :  00000504
      | + function block  :  0000013C
  <-Sub-tree of type: Function tree
    | Stack used          :  00000640


  ->Sub-tree of type: Function tree
                             CSTACK
    | Stack used (prev) :  00000640
  01  LineDw
      | Stack used (prev) :  00000640
      | + function block  :  00000004
  <-Sub-tree of type: Function tree
    | Stack used          :  00000644


  ->Sub-tree of type: Function tree
                             CSTACK
    | Stack used (prev) :  00000644
  01  PageUp
      | Stack used (prev) :  00000644
      | + function block  :  00000008
  <-Sub-tree of type: Function tree
    | Stack used          :  0000064C


  ->Sub-tree of type: Function tree
                             CSTACK
    | Stack used (prev) :  0000064C
  01  ToEOL
      | Stack used (prev) :  0000064C
      | + function block  :  00000004
  <-Sub-tree of type: Function tree
    | Stack used          :  00000650


  ->Sub-tree of type: Function tree
                             CSTACK
    | Stack used (prev) :  00000650
  01  WordLeft
      | Stack used (prev) :  00000650
      | + function block  :  00000000
  <-Sub-tree of type: Function tree
    | Stack used          :  00000650


  ->Sub-tree of type: Function tree
                             CSTACK
    | Stack used (prev) :  00000650
  01  WordRight
      | Stack used (prev) :  00000650
      | + function block  :  00000010
  <-Sub-tree of type: Function tree
    | Stack used          :  00000660


  ->Sub-tree of type: Function tree
                             CSTACK
    | Stack used (prev) :  00000660
  01  DrawInfo
      | Stack used (prev) :  00000660
      | + function block  :  00000068
  <-Sub-tree of type: Function tree
    | Stack used          :  000006C8


  ->Sub-tree of type: Function tree
                             CSTACK
    | Stack used (prev) :  000006C8
  01  DrawScreen
      | Stack used (prev) :  000006C8
      | + function block  :  00000064
  <-Sub-tree of type: Function tree
    | Stack used          :  0000072C


  ->Sub-tree of type: Function tree
                             CSTACK
    | Stack used (prev) :  0000072C
  01  doCurRight
      | Stack used (prev) :  0000072C
      | + function block  :  00000018
  <-Sub-tree of type: Function tree
    | Stack used          :  00000744


  ->Sub-tree of type: Function tree
                             CSTACK
    | Stack used (prev) :  00000744
  01  doCurLeft
      | Stack used (prev) :  00000744
      | + function block  :  0000000C
  <-Sub-tree of type: Function tree
    | Stack used          :  00000750


  ->Sub-tree of type: Function tree
                             CSTACK
    | Stack used (prev) :  00000750
  01  CreateEditDialog
      | Stack used (prev) :  00000750
      | + function block  :  00000048
  <-Sub-tree of type: Function tree
    | Stack used          :  00000798


  ->Sub-tree of type: Function tree
                             CSTACK
    | Stack used (prev) :  00000798
  01  actUp
      | Stack used (prev) :  00000798
      | + function block  :  00000004
  <-Sub-tree of type: Function tree
    | Stack used          :  0000079C


  ->Sub-tree of type: Function tree
                             CSTACK
    | Stack used (prev) :  0000079C
  01  actDown
      | Stack used (prev) :  0000079C
      | + function block  :  00000010
  <-Sub-tree of type: Function tree
    | Stack used          :  000007AC


  ->Sub-tree of type: Function tree
                             CSTACK
    | Stack used (prev) :  000007AC
  01  CreateSaveAsDialog
      | Stack used (prev) :  000007AC
      | + function block  :  00000048
  <-Sub-tree of type: Function tree
    | Stack used          :  000007F4


  ->Sub-tree of type: Function tree
                             CSTACK
    | Stack used (prev) :  000007F4
  01  AddFont
      | Stack used (prev) :  000007F4
      | + function block  :  00000018
  <-Sub-tree of type: Function tree
    | Stack used          :  0000080C


  ->Sub-tree of type: Function tree
                             CSTACK
    | Stack used (prev) :  0000080C
  01  DeleteFonts
      | Stack used (prev) :  0000080C
      | + function block  :  00000008
  <-Sub-tree of type: Function tree
    | Stack used          :  00000814


  ->Sub-tree of type: Function tree
                             CSTACK
    | Stack used (prev) :  00000814
  01  GetFontList
      | Stack used (prev) :  00000814
      | + function block  :  0000037C
  <-Sub-tree of type: Function tree
    | Stack used          :  00000B90


  ->Sub-tree of type: Function tree
                             CSTACK
    | Stack used (prev) :  00000B90
  01  do_rotate
      | Stack used (prev) :  00000B90
      | + function block  :  00000008
  <-Sub-tree of type: Function tree
    | Stack used          :  00000B98


  ->Sub-tree of type: Function tree
                             CSTACK
    | Stack used (prev) :  00000B98
  01  load_direct
      | Stack used (prev) :  00000B98
      | + function block  :  00000004
  <-Sub-tree of type: Function tree
    | Stack used          :  00000B9C


  ->Sub-tree of type: Function tree
                             CSTACK
    | Stack used (prev) :  00000B9C
  01  load_format
      | Stack used (prev) :  00000B9C
      | + function block  :  00000004
  <-Sub-tree of type: Function tree
    | Stack used          :  00000BA0


  ->Sub-tree of type: Function tree
                             CSTACK
    | Stack used (prev) :  00000BA0
  01  load_eolspc
      | Stack used (prev) :  00000BA0
      | + function block  :  00000004
  <-Sub-tree of type: Function tree
    | Stack used          :  00000BA4


  ->Sub-tree of type: Function tree
                             CSTACK
    | Stack used (prev) :  00000BA4
  01  DrawLoadMenu
      | Stack used (prev) :  00000BA4
      | + function block  :  0000001C
  <-Sub-tree of type: Function tree
    | Stack used          :  00000BC0


  ->Sub-tree of type: Function tree
                             CSTACK
    | Stack used (prev) :  00000BC0
  01  goto_line_inp
      | Stack used (prev) :  00000BC0
      | + function block  :  00000050
  <-Sub-tree of type: Function tree
    | Stack used          :  00000C10


  ->Sub-tree of type: Function tree
                             CSTACK
    | Stack used (prev) :  00000C10
  01  DrawSoftMenu
      | Stack used (prev) :  00000C10
      | + function block  :  0000001C
  <-Sub-tree of type: Function tree
    | Stack used          :  00000C2C


  ->Sub-tree of type: Function tree
                             CSTACK
    | Stack used (prev) :  00000C2C
  01  FL_loader
      | Stack used (prev) :  00000C2C
      | + function block  :  0000001C
  <-Sub-tree of type: Function tree
    | Stack used          :  00000C48


  ->Sub-tree of type: Function tree
                             CSTACK
    | Stack used (prev) :  00000C48
  01  FL_saver
      | Stack used (prev) :  00000C48
      | + function block  :  0000001C
  <-Sub-tree of type: Function tree
    | Stack used          :  00000C64


  ->Sub-tree of type: Function tree
                             CSTACK
    | Stack used (prev) :  00000C64
  01  UpdateCSMname
      | Stack used (prev) :  00000C64
      | + function block  :  00000008
  <-Sub-tree of type: Function tree
    | Stack used          :  00000C6C


  ->Sub-tree of type: Function tree
                             CSTACK
    | Stack used (prev) :  00000C6C
  01  LoadConfigData
      | Stack used (prev) :  00000C6C
      | + function block  :  00000024
  <-Sub-tree of type: Function tree
    | Stack used          :  00000C90


  ->Sub-tree of type: Function tree
                             CSTACK
    | Stack used (prev) :  00000C90
  01  main
      | Stack used (prev) :  00000C90
      | + function block  :  0000006C
  <-Sub-tree of type: Function tree
    | Stack used          :  00000CFC




                ****************************************
                *                                      *
                *      SEGMENTS IN ADDRESS ORDER       *
                *                                      *
                ****************************************


SEGMENT              SPACE    START ADDRESS   END ADDRESS     SIZE  TYPE  ALIGN
=======              =====    =============   ===========     ====  ====  =====
ELFBEGIN             CODE_AREA           00000000                     rel    0
DATA_ID              CODE_AREA      00000000 - 000005E7         5E8   rel    2
START                CODE_AREA           000005E8                     dse    0
CODE                 CODE_AREA      000005E8 - 000081DB        7BF4   rel    2
DATA_C               CODE_AREA      000081DC - 00008BE6         A0B   rel    2
INITTAB              CODE_AREA      00008BE8 - 00008BFF          18   rel    2
DATA_Z               CODE_AREA      00008C00 - 0000DB90        4F91   rel    2
DATA_N               CODE_AREA           0000DB91                     dse    0
CONFIG_C             CODE_AREA      0000DB94 - 0000DEEF         35C   rel    2
DATA_I               DATA_AREA      00000000 - 000005E7         5E8   rel    2

                ****************************************
                *                                      *
                *        END OF CROSS REFERENCE        *
                *                                      *
                ****************************************

 57 068 bytes of CODE memory
  1 512 bytes of DATA memory

Errors: none
Warnings: none

