################################################################################
#                                                                              #
#      IAR Universal Linker V4.60I/386                                         #
#                                                                              #
#           Link time     =  24/Apr/2011  00:19:49                             #
#           Target CPU    =  ARM                                               #
#           List file     =  C:\arm\bobakozel\Release\List\Cam_NSG.map         #
#           Output file 1 =  C:\arm\bobakozel\Release\Exe\Cam_NSG.elf          #
#                            Format: elf, variant: -ynpra                      #
#           Command line  =  C:\arm\bobakozel\Release\Obj\conf_loader.r79      #
#                            C:\arm\bobakozel\Release\Obj\config_data.r79      #
#                            C:\arm\bobakozel\Release\Obj\func.r79             #
#                            C:\arm\bobakozel\Release\Obj\main.r79             #
#                            C:\arm\bobakozel\Release\Obj\string_works.r79     #
#                            -o C:\arm\bobakozel\Release\Exe\Cam_NSG.elf       #
#                            -Felf -l                                          #
#                            C:\arm\bobakozel\Release\List\Cam_NSG.map         #
#                            -xmsnio -f C:\arm\amr2wav\test.xcl (-carm         #
#                            -V(CODE)CODE_AREA,12 -V(DATA)DATA_AREA,12         #
#                            -Z(CODE_AREA)ELFBEGIN,DATA_ID,START,CODE,DATA_C,I #
#                            NITTAB,DATA_Z,DATA_N,CONFIG_C=0-FFFFFFFF          #
#                            -Z(DATA_AREA)DATA_I=0-FFFFFFFF) -ynpra -s main    #
#                                                                              #
#                        Copyright 1987-2007 IAR Systems. All rights reserved. #
################################################################################





                ****************************************
                *                                      *
                *           CROSS REFERENCE            *
                *                                      *
                ****************************************

       Program entry at : CODE_AREA 000009A0  Relocatable, from module : main




                ****************************************
                *                                      *
                *            RUNTIME MODEL             *
                *                                      *
                ****************************************

  StackAlign4  = USED
  __cpu_mode   = __pcs__interwork
  __data_model = absolute
  __endian     = little
  __rt_version = 6



                ****************************************
                *                                      *
                *              MODULE MAP              *
                *                                      *
                ****************************************


  DEFINED ABSOLUTE ENTRIES
    *************************************************************************

  DEFINED ABSOLUTE ENTRIES
    *************************************************************************

  FILE NAME : C:\arm\bobakozel\Release\Obj\conf_loader.r79
  PROGRAM MODULE, NAME : conf_loader

  SEGMENTS IN THE MODULE
  ======================
DATA_I
  Relative segment, address: DATA_AREA 00000000 - 00000003 (0x4 bytes), align: 2
  Segment part 5.             Intra module refs:   LoadConfigData
           ENTRY                   ADDRESS         REF BY
           =====                   =======         ======
           successed_config_filename
                                   00000000        maincsm_onmessage (main)
    -------------------------------------------------------------------------
CODE
  Segment part 7. NOT NEEDED.
    -------------------------------------------------------------------------
CODE
  Relative segment, address: CODE_AREA 00000004 - 00000133 (0x130 bytes), align: 2
  Segment part 8.             Intra module refs:   InitConfig
           ENTRY                   ADDRESS         REF BY
           =====                   =======         ======
           LoadConfigData          00000004 
               stack 1 = 00000000 ( 00000030 )
    -------------------------------------------------------------------------
CODE
  Segment part 9. NOT NEEDED.
    -------------------------------------------------------------------------
CODE
  Relative segment, address: CODE_AREA 00000134 - 0000015B (0x28 bytes), align: 2
  Segment part 10.
           ENTRY                   ADDRESS         REF BY
           =====                   =======         ======
           InitConfig              00000134        main (main)
                                                   maincsm_onmessage (main)
               stack 1 = 00000000 ( 00000004 )
    -------------------------------------------------------------------------
CSTACK
  Segment part 1. NOT NEEDED.
    -------------------------------------------------------------------------
DATA_ID
  Relative segment, address: CODE_AREA 00000000 - 00000003 (0x4 bytes), align: 2
  Segment part 6.             Intra module refs:   successed_config_filename
    -------------------------------------------------------------------------
DATA_ID
  Segment part 11. NOT NEEDED.
           ENTRY                   ADDRESS         REF BY
           =====                   =======         ======
           ?*?DATA_ID              
    -------------------------------------------------------------------------
INITTAB
  Relative segment, address: CODE_AREA 00000D9C - 00000DA7 (0xc bytes), align: 2
  Segment part 12. ROOT.
           ENTRY                   ADDRESS         REF BY
           =====                   =======         ======
           ?init?tab?DATA_I        00000D9C 
    -------------------------------------------------------------------------
CONFIG_C
  Segment part 13. NOT NEEDED.
    -------------------------------------------------------------------------
DATA_C
  Relative segment, address: CODE_AREA 00000D98 - 00000D98 (0x1 bytes), align: 0
  Segment part 2.             Intra module refs:   Segment part 6
    -------------------------------------------------------------------------
DATA_C
  Relative segment, address: CODE_AREA 00000AD8 - 00000AF3 (0x1c bytes), align: 2
  Segment part 3.             Intra module refs:   InitConfig
    -------------------------------------------------------------------------
DATA_C
  Relative segment, address: CODE_AREA 00000AF4 - 00000B0F (0x1c bytes), align: 2
  Segment part 4.             Intra module refs:   InitConfig

    *************************************************************************

  FILE NAME : C:\arm\bobakozel\Release\Obj\config_data.r79
  PROGRAM MODULE, NAME : config_data

  SEGMENTS IN THE MODULE
  ======================
CONFIG_C
  Relative segment, address: CODE_AREA 00001034 - 0000105F (0x2c bytes), align: 2
  Segment part 2. ROOT.
           ENTRY                   ADDRESS         REF BY
           =====                   =======         ======
           cfghdr0                 00001034 
    -------------------------------------------------------------------------
CONFIG_C
  Relative segment, address: CODE_AREA 00001060 - 00001067 (0x8 bytes), align: 2
  Segment part 3. ROOT.
           ENTRY                   ADDRESS         REF BY
           =====                   =======         ======
           DATA_AREA               00001060        maincsm_onmessage (main)
    -------------------------------------------------------------------------
CONFIG_C
  Relative segment, address: CODE_AREA 00001068 - 00001093 (0x2c bytes), align: 2
  Segment part 4. ROOT.
           ENTRY                   ADDRESS         REF BY
           =====                   =======         ======
           cfghdr61                00001068 
    -------------------------------------------------------------------------
CONFIG_C
  Relative segment, address: CODE_AREA 00001094 - 00001097 (0x4 bytes), align: 2
  Segment part 5. ROOT.
           ENTRY                   ADDRESS         REF BY
           =====                   =======         ======
           SHOW_CITY               00001094        GenerateString (main)
    -------------------------------------------------------------------------
CONFIG_C
  Relative segment, address: CODE_AREA 00001098 - 000010C3 (0x2c bytes), align: 2
  Segment part 6. ROOT.
           ENTRY                   ADDRESS         REF BY
           =====                   =======         ======
           cfghdr62                00001098 
    -------------------------------------------------------------------------
CONFIG_C
  Relative segment, address: CODE_AREA 000010C4 - 000010C7 (0x4 bytes), align: 2
  Segment part 7. ROOT.
           ENTRY                   ADDRESS         REF BY
           =====                   =======         ======
           SHOW_AREA               000010C4        GenerateString (main)
    -------------------------------------------------------------------------
CONFIG_C
  Relative segment, address: CODE_AREA 000010C8 - 000010F3 (0x2c bytes), align: 2
  Segment part 8. ROOT.
           ENTRY                   ADDRESS         REF BY
           =====                   =======         ======
           cfghdr66                000010C8 
    -------------------------------------------------------------------------
CONFIG_C
  Relative segment, address: CODE_AREA 000010F4 - 000010F7 (0x4 bytes), align: 2
  Segment part 9. ROOT.
           ENTRY                   ADDRESS         REF BY
           =====                   =======         ======
           SHOW_COUNTRY            000010F4        GenerateString (main)
    -------------------------------------------------------------------------
CONFIG_C
  Relative segment, address: CODE_AREA 000010F8 - 00001123 (0x2c bytes), align: 2
  Segment part 10. ROOT.
           ENTRY                   ADDRESS         REF BY
           =====                   =======         ======
           cfghdr68                000010F8 
    -------------------------------------------------------------------------
CONFIG_C
  Relative segment, address: CODE_AREA 00001124 - 00001127 (0x4 bytes), align: 2
  Segment part 11. ROOT.
           ENTRY                   ADDRESS         REF BY
           =====                   =======         ======
           SHOW_LOT                00001124 
    -------------------------------------------------------------------------
CONFIG_C
  Relative segment, address: CODE_AREA 00001128 - 00001153 (0x2c bytes), align: 2
  Segment part 12. ROOT.
           ENTRY                   ADDRESS         REF BY
           =====                   =======         ======
           cfghdr69                00001128 
    -------------------------------------------------------------------------
CONFIG_C
  Relative segment, address: CODE_AREA 00001154 - 00001157 (0x4 bytes), align: 2
  Segment part 13. ROOT.
           ENTRY                   ADDRESS         REF BY
           =====                   =======         ======
           SHOW_LAN                00001154 
    -------------------------------------------------------------------------
CSTACK
  Segment part 1. NOT NEEDED.

    *************************************************************************

  FILE NAME : C:\arm\bobakozel\Release\Obj\func.r79
  PROGRAM MODULE, NAME : func

  SEGMENTS IN THE MODULE
  ======================
ELFBEGIN
  Relative segment, address: CODE_AREA 00000000, align: 0
  Segment part 0. ROOT.
           ENTRY                   ADDRESS         REF BY
           =====                   =======         ======
           ELF_BEGIN               00000000        Killer (main)
    -------------------------------------------------------------------------
CODE
  Relative segment, address: CODE_AREA 0000015C - 00000163 (0x8 bytes), align: 2
  Segment part 1. ROOT.
           ENTRY                   ADDRESS         REF BY
           =====                   =======         ======
           kill_data               0000015C        Killer (main)
           seqkill                 00000160 

    *************************************************************************

  FILE NAME : C:\arm\bobakozel\Release\Obj\main.r79
  PROGRAM MODULE, NAME : main

  SEGMENTS IN THE MODULE
  ======================
DATA_C
  Relative segment, address: CODE_AREA 00000B10 - 00000B5B (0x4c bytes), align: 2
  Segment part 2.             Intra module refs:   send_req
    -------------------------------------------------------------------------
DATA_C
  Relative segment, address: CODE_AREA 00000B5C - 00000B6B (0x10 bytes), align: 2
  Segment part 3.             Intra module refs:   GenerateString
    -------------------------------------------------------------------------
DATA_C
  Segment part 4. NOT NEEDED.
    -------------------------------------------------------------------------
DATA_C
  Relative segment, address: CODE_AREA 00000B6C - 00000B73 (0x8 bytes), align: 2
  Segment part 5.             Intra module refs:   Parsing
    -------------------------------------------------------------------------
DATA_C
  Relative segment, address: CODE_AREA 00000B74 - 00000B7B (0x8 bytes), align: 2
  Segment part 6.             Intra module refs:   Parsing
    -------------------------------------------------------------------------
DATA_C
  Relative segment, address: CODE_AREA 00000B7C - 00000B83 (0x8 bytes), align: 2
  Segment part 7.             Intra module refs:   Parsing
    -------------------------------------------------------------------------
DATA_C
  Relative segment, address: CODE_AREA 00000B84 - 00000B8B (0x8 bytes), align: 2
  Segment part 8.             Intra module refs:   Parsing
    -------------------------------------------------------------------------
DATA_C
  Relative segment, address: CODE_AREA 00000B8C - 00000B97 (0xc bytes), align: 2
  Segment part 9.             Intra module refs:   Parsing
    -------------------------------------------------------------------------
DATA_C
  Relative segment, address: CODE_AREA 00000B98 - 00000B9F (0x8 bytes), align: 2
  Segment part 10.            Intra module refs:   Parsing
    -------------------------------------------------------------------------
DATA_C
  Relative segment, address: CODE_AREA 00000BA0 - 00000BA7 (0x8 bytes), align: 2
  Segment part 11.            Intra module refs:   Parsing
    -------------------------------------------------------------------------
DATA_C
  Relative segment, address: CODE_AREA 00000BA8 - 00000BC3 (0x1c bytes), align: 2
  Segment part 12.            Intra module refs:   maincsm_onmessage
    -------------------------------------------------------------------------
DATA_C
  Relative segment, address: CODE_AREA 00000BC4 - 00000BCF (0xc bytes), align: 2
  Segment part 13.            Intra module refs:   main
    -------------------------------------------------------------------------
DATA_C
  Relative segment, address: CODE_AREA 00000BD0 - 00000BD3 (0x4 bytes), align: 2
  Segment part 14.            Intra module refs:   GenerateString
           ENTRY                   ADDRESS         REF BY
           =====                   =======         ======
           SHOW_LON                00000BD0 
    -------------------------------------------------------------------------
DATA_C
  Relative segment, address: CODE_AREA 00000BD4 - 00000BD7 (0x4 bytes), align: 2
  Segment part 15.            Intra module refs:   GenerateString
           ENTRY                   ADDRESS         REF BY
           =====                   =======         ======
           SHOW_LAT                00000BD4 
    -------------------------------------------------------------------------
DATA_Z
  Relative segment, address: CODE_AREA 00000DB4 - 00000E73 (0xc0 bytes), align: 2
  Segment part 16.            Intra module refs:   Segment part 53
           ENTRY                   ADDRESS         REF BY
           =====                   =======         ======
           locate                  00000DB4 
    -------------------------------------------------------------------------
DATA_Z
  Relative segment, address: CODE_AREA 00000E74 - 00000E77 (0x4 bytes), align: 2
  Segment part 17.            Intra module refs:   Segment part 68
           ENTRY                   ADDRESS         REF BY
           =====                   =======         ======
           ews                     00000E74 
    -------------------------------------------------------------------------
DATA_Z
  Relative segment, address: CODE_AREA 00000E78 - 00000E7B (0x4 bytes), align: 2
  Segment part 18.            Intra module refs:   Segment part 56
           ENTRY                   ADDRESS         REF BY
           =====                   =======         ======
           sock                    00000E78 
    -------------------------------------------------------------------------
DATA_Z
  Relative segment, address: CODE_AREA 00000E7C - 00000E7F (0x4 bytes), align: 2
  Segment part 19.            Intra module refs:   Segment part 57
           ENTRY                   ADDRESS         REF BY
           =====                   =======         ======
           connect_state           00000E7C 
    -------------------------------------------------------------------------
DATA_Z
  Relative segment, address: CODE_AREA 00000E80 - 00000E83 (0x4 bytes), align: 2
  Segment part 20.            Intra module refs:   Segment part 67
           ENTRY                   ADDRESS         REF BY
           =====                   =======         ======
           buf                     00000E80 
    -------------------------------------------------------------------------
DATA_Z
  Relative segment, address: CODE_AREA 00000E84 - 00000E87 (0x4 bytes), align: 2
  Segment part 21.            Intra module refs:   Segment part 52
           ENTRY                   ADDRESS         REF BY
           =====                   =======         ======
           pbuf                    00000E84 
    -------------------------------------------------------------------------
DATA_Z
  Relative segment, address: CODE_AREA 00000E88 - 00000E8B (0x4 bytes), align: 2
  Segment part 22.            Intra module refs:   Segment part 62
           ENTRY                   ADDRESS         REF BY
           =====                   =======         ======
           ramnet                  00000E88 
    -------------------------------------------------------------------------
DATA_Z
  Relative segment, address: CODE_AREA 00001030 - 00001031 (0x2 bytes), align: 1
  Segment part 23.            Intra module refs:   Segment part 59
           ENTRY                   ADDRESS         REF BY
           =====                   =======         ======
           old_ci                  00001030 
    -------------------------------------------------------------------------
DATA_Z
  Relative segment, address: CODE_AREA 00000E8C - 00000E93 (0x8 bytes), align: 2
  Segment part 24.            Intra module refs:   Segment part 41
                                                   maincsm_onmessage
           ENTRY                   ADDRESS         REF BY
           =====                   =======         ======
           old_gprs_state          00000E8C 
    -------------------------------------------------------------------------
DATA_Z
  Relative segment, address: CODE_AREA 00000E94 - 00000EA3 (0x10 bytes), align: 2
  Segment part 25.            Intra module refs:   Segment part 69
           ENTRY                   ADDRESS         REF BY
           =====                   =======         ======
           update_tmr              00000E94 
    -------------------------------------------------------------------------
DATA_Z
  Relative segment, address: CODE_AREA 00000EA4 - 00000EB3 (0x10 bytes), align: 2
  Segment part 26.            Intra module refs:   Segment part 70
           ENTRY                   ADDRESS         REF BY
           =====                   =======         ======
           reconnect_tmr           00000EA4 
    -------------------------------------------------------------------------
CODE
  Segment part 31. NOT NEEDED.
    -------------------------------------------------------------------------
CODE
  Relative segment, address: CODE_AREA 00000164 - 000001B7 (0x54 bytes), align: 2
  Segment part 32.            Intra module refs:   Segment part 58
                                                   maincsm_oncreate
           ENTRY                   ADDRESS         REF BY
           =====                   =======         ======
           do_start_connection     00000164 
               stack 1 = 00000000 ( 00000008 )
    -------------------------------------------------------------------------
CODE
  Segment part 33. NOT NEEDED.
    -------------------------------------------------------------------------
CODE
  Relative segment, address: CODE_AREA 000001B8 - 000001DF (0x28 bytes), align: 2
  Segment part 34.            Intra module refs:   create_connect
           ENTRY                   ADDRESS         REF BY
           =====                   =======         ======
           StartGPRS               000001B8 
               stack 1 = 00000000 ( 00000004 )
    -------------------------------------------------------------------------
CODE
  Segment part 35. NOT NEEDED.
    -------------------------------------------------------------------------
CODE
  Relative segment, address: CODE_AREA 000001E0 - 000002E7 (0x108 bytes), align: 2
  Segment part 36.            Intra module refs:   do_start_connection
           ENTRY                   ADDRESS         REF BY
           =====                   =======         ======
           create_connect          000001E0 
               stack 1 = 00000000 ( 0000002C )
    -------------------------------------------------------------------------
CODE
  Segment part 37. NOT NEEDED.
    -------------------------------------------------------------------------
DATA_Z
  Relative segment, address: CODE_AREA 00000EB4 - 00000F17 (0x64 bytes), align: 2
  Segment part 27.            Intra module refs:   send_req
           ENTRY                   ADDRESS         REF BY
           =====                   =======         ======
           req_buf                 00000EB4 
    -------------------------------------------------------------------------
CODE
  Relative segment, address: CODE_AREA 000002E8 - 000003BB (0xd4 bytes), align: 2
  Segment part 38.            Intra module refs:   maincsm_onmessage
           ENTRY                   ADDRESS         REF BY
           =====                   =======         ======
           send_req                000002E8 
               stack 1 = 00000000 ( 00000014 )
    -------------------------------------------------------------------------
CODE
  Segment part 39. NOT NEEDED.
    -------------------------------------------------------------------------
CODE
  Relative segment, address: CODE_AREA 000003BC - 00000413 (0x58 bytes), align: 2
  Segment part 40.            Intra module refs:   get_answer
                                                   maincsm_onmessage
           ENTRY                   ADDRESS         REF BY
           =====                   =======         ======
           end_socket              000003BC 
               stack 1 = 00000000 ( 00000008 )
    -------------------------------------------------------------------------
CODE
  Relative segment, address: CODE_AREA 00000414 - 00000417 (0x4 bytes), align: 2
  Segment part 41.            Intra module refs:   create_connect
                                                   end_socket
    -------------------------------------------------------------------------
CODE
  Segment part 42. NOT NEEDED.
    -------------------------------------------------------------------------
CODE
  Relative segment, address: CODE_AREA 00000418 - 0000046F (0x58 bytes), align: 2
  Segment part 43.            Intra module refs:   maincsm_onmessage
           ENTRY                   ADDRESS         REF BY
           =====                   =======         ======
           get_answer              00000418 
               stack 1 = 00000000 ( 0000000C )
    -------------------------------------------------------------------------
CODE
  Segment part 44. NOT NEEDED.
    -------------------------------------------------------------------------
CODE
  Relative segment, address: CODE_AREA 00000470 - 0000053B (0xcc bytes), align: 2
  Segment part 45.            Intra module refs:   Parsing
                                                   maincsm_onmessage
           ENTRY                   ADDRESS         REF BY
           =====                   =======         ======
           GenerateString          00000470 
               stack 1 = 00000000 ( 000000A0 )
    -------------------------------------------------------------------------
CODE
  Segment part 46. NOT NEEDED.
    -------------------------------------------------------------------------
CODE
  Relative segment, address: CODE_AREA 0000053C - 0000058B (0x50 bytes), align: 2
  Segment part 47.            Intra module refs:   Parsing
           ENTRY                   ADDRESS         REF BY
           =====                   =======         ======
           valuetag                0000053C 
    -------------------------------------------------------------------------
CODE
  Segment part 48. NOT NEEDED.
    -------------------------------------------------------------------------
CODE
  Relative segment, address: CODE_AREA 0000058C - 000005AF (0x24 bytes), align: 2
  Segment part 49.            Intra module refs:   Parsing
           ENTRY                   ADDRESS         REF BY
           =====                   =======         ======
           findtag                 0000058C 
               stack 1 = 00000000 ( 0000000C )
    -------------------------------------------------------------------------
CODE
  Segment part 50. NOT NEEDED.
    -------------------------------------------------------------------------
CODE
  Relative segment, address: CODE_AREA 000005B0 - 000006FF (0x150 bytes), align: 2
  Segment part 51.            Intra module refs:   maincsm_onmessage
           ENTRY                   ADDRESS         REF BY
           =====                   =======         ======
           Parsing                 000005B0 
               stack 1 = 00000000 ( 00000014 )
    -------------------------------------------------------------------------
CODE
  Relative segment, address: CODE_AREA 00000700 - 00000703 (0x4 bytes), align: 2
  Segment part 52.            Intra module refs:   Parsing
                                                   end_socket
                                                   get_answer
                                                   send_req
    -------------------------------------------------------------------------
CODE
  Relative segment, address: CODE_AREA 00000704 - 00000707 (0x4 bytes), align: 2
  Segment part 53.            Intra module refs:   GenerateString
                                                   Parsing
    -------------------------------------------------------------------------
CODE
  Segment part 54. NOT NEEDED.
    -------------------------------------------------------------------------
DATA_C
  Relative segment, address: CODE_AREA 00000BD8 - 00000BDB (0x4 bytes), align: 2
  Segment part 28.            Intra module refs:   Segment part 30
           ENTRY                   ADDRESS         REF BY
           =====                   =======         ======
           minus11                 00000BD8 
    -------------------------------------------------------------------------
CODE
  Relative segment, address: CODE_AREA 00000708 - 000008FB (0x1f4 bytes), align: 2
  Segment part 55.            Intra module refs:   Segment part 30
           ENTRY                   ADDRESS         REF BY
           =====                   =======         ======
           maincsm_onmessage       00000708 
               stack 1 = 00000000 ( 00000024 )
    -------------------------------------------------------------------------
CODE
  Relative segment, address: CODE_AREA 000008FC - 000008FF (0x4 bytes), align: 2
  Segment part 56.            Intra module refs:   create_connect
                                                   end_socket
                                                   get_answer
                                                   maincsm_onmessage
                                                   send_req
    -------------------------------------------------------------------------
CODE
  Relative segment, address: CODE_AREA 00000900 - 00000903 (0x4 bytes), align: 2
  Segment part 57.            Intra module refs:   create_connect
                                                   maincsm_onmessage
                                                   send_req
    -------------------------------------------------------------------------
CODE
  Relative segment, address: CODE_AREA 00000904 - 00000907 (0x4 bytes), align: 2
  Segment part 58.            Intra module refs:   StartGPRS
                                                   create_connect
                                                   do_start_connection
                                                   maincsm_onmessage
    -------------------------------------------------------------------------
CODE
  Relative segment, address: CODE_AREA 00000908 - 0000090B (0x4 bytes), align: 2
  Segment part 59.            Intra module refs:   do_start_connection
                                                   maincsm_onmessage
    -------------------------------------------------------------------------
CODE
  Segment part 60. NOT NEEDED.
    -------------------------------------------------------------------------
CODE
  Relative segment, address: CODE_AREA 0000090C - 00000933 (0x28 bytes), align: 2
  Segment part 61.            Intra module refs:   Segment part 30
           LOCAL                   ADDRESS         
           =====                   =======         
           maincsm_oncreate        0000090C 
               stack 1 = 00000000 ( 00000004 )
    -------------------------------------------------------------------------
CODE
  Relative segment, address: CODE_AREA 00000934 - 00000937 (0x4 bytes), align: 2
  Segment part 62.            Intra module refs:   do_start_connection
                                                   maincsm_oncreate
                                                   maincsm_onmessage
                                                   send_req
    -------------------------------------------------------------------------
CODE
  Segment part 63. NOT NEEDED.
    -------------------------------------------------------------------------
CODE
  Relative segment, address: CODE_AREA 00000938 - 00000953 (0x1c bytes), align: 2
  Segment part 64.            Intra module refs:   maincsm_onclose
           LOCAL                   ADDRESS         
           =====                   =======         
           Killer                  00000938 
               stack 1 = 00000000 ( 00000004 )
    -------------------------------------------------------------------------
CODE
  Segment part 65. NOT NEEDED.
    -------------------------------------------------------------------------
CODE
  Relative segment, address: CODE_AREA 00000954 - 0000098F (0x3c bytes), align: 2
  Segment part 66.            Intra module refs:   Segment part 30
           LOCAL                   ADDRESS         
           =====                   =======         
           maincsm_onclose         00000954 
               stack 1 = 00000000 ( 00000004 )
    -------------------------------------------------------------------------
CODE
  Relative segment, address: CODE_AREA 00000990 - 00000993 (0x4 bytes), align: 2
  Segment part 67.            Intra module refs:   Parsing
                                                   end_socket
                                                   get_answer
                                                   maincsm_onclose
                                                   send_req
    -------------------------------------------------------------------------
CODE
  Relative segment, address: CODE_AREA 00000994 - 00000997 (0x4 bytes), align: 2
  Segment part 68.            Intra module refs:   GenerateString
                                                   maincsm_onclose
                                                   maincsm_oncreate
                                                   maincsm_onmessage
    -------------------------------------------------------------------------
CODE
  Relative segment, address: CODE_AREA 00000998 - 0000099B (0x4 bytes), align: 2
  Segment part 69.            Intra module refs:   do_start_connection
                                                   maincsm_onclose
                                                   maincsm_onmessage
    -------------------------------------------------------------------------
CODE
  Relative segment, address: CODE_AREA 0000099C - 0000099F (0x4 bytes), align: 2
  Segment part 70.            Intra module refs:   StartGPRS
                                                   create_connect
                                                   maincsm_onclose
    -------------------------------------------------------------------------
CODE
  Segment part 71. NOT NEEDED.
    -------------------------------------------------------------------------
DATA_Z
  Relative segment, address: CODE_AREA 00000F18 - 0000102F (0x118 bytes), align: 2
  Segment part 29.            Intra module refs:   Segment part 30
    -------------------------------------------------------------------------
DATA_C
  Relative segment, address: CODE_AREA 00000BDC - 00000C17 (0x3c bytes), align: 2
  Segment part 30.            Intra module refs:   main
    -------------------------------------------------------------------------
CODE
  Relative segment, address: CODE_AREA 000009A0 - 00000A1B (0x7c bytes), align: 2
  Segment part 72.
           ENTRY                   ADDRESS         REF BY
           =====                   =======         ======
           main                    000009A0        Absolute parts (?ABS_ENTRY_MOD)
               stack 1 = 00000000 ( 00000038 )
    -------------------------------------------------------------------------
CODE
  Segment part 73. NOT NEEDED.Intra module refs:   GenerateString
    -------------------------------------------------------------------------
CODE
  Segment part 74. NOT NEEDED.Intra module refs:   maincsm_onmessage
    -------------------------------------------------------------------------
CODE
  Segment part 75. NOT NEEDED.Intra module refs:   main
                                                   maincsm_onmessage
    -------------------------------------------------------------------------
CODE
  Segment part 76. NOT NEEDED.Intra module refs:   Killer
    -------------------------------------------------------------------------
CSTACK
  Segment part 1. NOT NEEDED.
    -------------------------------------------------------------------------
INITTAB
  Relative segment, address: CODE_AREA 00000DA8 - 00000DB3 (0xc bytes), align: 2
  Segment part 77. ROOT.
           ENTRY                   ADDRESS         REF BY
           =====                   =======         ======
           ?init?tab?DATA_Z        00000DA8 

    *************************************************************************

  FILE NAME : C:\arm\bobakozel\Release\Obj\string_works.r79
  PROGRAM MODULE, NAME : string_works

  SEGMENTS IN THE MODULE
  ======================
CODE
  Segment part 4. NOT NEEDED.
    -------------------------------------------------------------------------
CODE
  Relative segment, address: CODE_AREA 00000A1C - 00000A67 (0x4c bytes), align: 2
  Segment part 5.
           ENTRY                   ADDRESS         REF BY
           =====                   =======         ======
           strcmp_nocase           00000A1C        maincsm_onmessage (main)
    -------------------------------------------------------------------------
CODE
  Segment part 6. NOT NEEDED.
    -------------------------------------------------------------------------
CODE
  Segment part 7. NOT NEEDED.
           ENTRY                   ADDRESS         REF BY
           =====                   =======         ======
           MakeGlobalString        
               not allocated function
    -------------------------------------------------------------------------
CODE
  Segment part 8. NOT NEEDED.
    -------------------------------------------------------------------------
DATA_C
  Relative segment, address: CODE_AREA 00000C18 - 00000C97 (0x80 bytes), align: 2
  Segment part 2.             Intra module refs:   char8to16
           ENTRY                   ADDRESS         REF BY
           =====                   =======         ======
           wintranslation          00000C18 
    -------------------------------------------------------------------------
DATA_C
  Relative segment, address: CODE_AREA 00000C98 - 00000D97 (0x100 bytes), align: 2
  Segment part 3.             Intra module refs:   char8to16
           ENTRY                   ADDRESS         REF BY
           =====                   =======         ======
           dos2unicode             00000C98 
    -------------------------------------------------------------------------
CODE
  Relative segment, address: CODE_AREA 00000A68 - 00000A9F (0x38 bytes), align: 2
  Segment part 9.             Intra module refs:   ascii2ws
           ENTRY                   ADDRESS         REF BY
           =====                   =======         ======
           char8to16               00000A68 
    -------------------------------------------------------------------------
CODE
  Segment part 10. NOT NEEDED.
    -------------------------------------------------------------------------
CODE
  Relative segment, address: CODE_AREA 00000AA0 - 00000AD7 (0x38 bytes), align: 2
  Segment part 11.
           ENTRY                   ADDRESS         REF BY
           =====                   =======         ======
           ascii2ws                00000AA0        GenerateString (main)
               stack 1 = 00000000 ( 0000000C )
    -------------------------------------------------------------------------
CODE
  Segment part 12. NOT NEEDED.
    -------------------------------------------------------------------------
CODE
  Segment part 13. NOT NEEDED.
           ENTRY                   ADDRESS         REF BY
           =====                   =======         ======
           char16to8               
               not allocated function
    -------------------------------------------------------------------------
CODE
  Segment part 14. NOT NEEDED.
    -------------------------------------------------------------------------
CODE
  Segment part 15. NOT NEEDED.
           ENTRY                   ADDRESS         REF BY
           =====                   =======         ======
           utf82win                
               not allocated function
    -------------------------------------------------------------------------
CODE
  Segment part 16. NOT NEEDED.
    -------------------------------------------------------------------------
CODE
  Segment part 17. NOT NEEDED.
           ENTRY                   ADDRESS         REF BY
           =====                   =======         ======
           atoi                    
               not allocated function
    -------------------------------------------------------------------------
CSTACK
  Segment part 1. NOT NEEDED.




                ****************************************
                *                                      *
                *            MODULE SUMMARY            *
                *                                      *
                ****************************************

Module         CODE   DATA
------         ----   ----
              (Rel)  (Rel)
conf_loader     417      4
config_data     292
func              8
main          3 146
string_works    572
------        -----      -
Total:        4 435      4


                ****************************************
                *                                      *
                *              CALL GRAPH              *
                *                                      *
                ****************************************

  ->Sub-tree of type: Indirectly called function tree that does not make
                    : indirect calls (Is not an interrupt and is not flagged
                    : as not overlayable)
                             CSTACK
    | Stack used (prev) :  00000000
  01  do_start_connection
      | Stack used (prev) :  00000000
      | + function block  :  00000008
  <-Sub-tree of type: Indirectly called function tree that does not make
                    : indirect calls (Is not an interrupt and is not flagged
                    : as not overlayable)
    | Stack used          :  00000008


  ->Sub-tree of type: Indirectly called function tree that does not make
                    : indirect calls (Is not an interrupt and is not flagged
                    : as not overlayable)
                             CSTACK
    | Stack used (prev) :  00000000
  01  StartGPRS
      | Stack used (prev) :  00000000
      | + function block  :  00000004
  <-Sub-tree of type: Indirectly called function tree that does not make
                    : indirect calls (Is not an interrupt and is not flagged
                    : as not overlayable)
    | Stack used          :  00000004


  ->Sub-tree of type: Indirectly called function tree that does not make
                    : indirect calls (Is not an interrupt and is not flagged
                    : as not overlayable)
                             CSTACK
    | Stack used (prev) :  00000000
  01  create_connect
      | Stack used (prev) :  00000000
      | + function block  :  0000002C
  <-Sub-tree of type: Indirectly called function tree that does not make
                    : indirect calls (Is not an interrupt and is not flagged
                    : as not overlayable)
    | Stack used          :  0000002C


  ->Sub-tree of type: Indirectly called function tree that does not make
                    : indirect calls (Is not an interrupt and is not flagged
                    : as not overlayable)
                             CSTACK
    | Stack used (prev) :  00000000
  01  send_req
      | Stack used (prev) :  00000000
      | + function block  :  00000014
  <-Sub-tree of type: Indirectly called function tree that does not make
                    : indirect calls (Is not an interrupt and is not flagged
                    : as not overlayable)
    | Stack used          :  00000014


  ->Sub-tree of type: Indirectly called function tree that does not make
                    : indirect calls (Is not an interrupt and is not flagged
                    : as not overlayable)
                             CSTACK
    | Stack used (prev) :  00000000
  01  end_socket
      | Stack used (prev) :  00000000
      | + function block  :  00000008
  <-Sub-tree of type: Indirectly called function tree that does not make
                    : indirect calls (Is not an interrupt and is not flagged
                    : as not overlayable)
    | Stack used          :  00000008


  ->Sub-tree of type: Indirectly called function tree that does not make
                    : indirect calls (Is not an interrupt and is not flagged
                    : as not overlayable)
                             CSTACK
    | Stack used (prev) :  00000000
  01  get_answer
      | Stack used (prev) :  00000000
      | + function block  :  0000000C
  <-Sub-tree of type: Indirectly called function tree that does not make
                    : indirect calls (Is not an interrupt and is not flagged
                    : as not overlayable)
    | Stack used          :  0000000C


  ->Sub-tree of type: Indirectly called function tree that does not make
                    : indirect calls (Is not an interrupt and is not flagged
                    : as not overlayable)
                             CSTACK
    | Stack used (prev) :  00000000
  01  Parsing
      | Stack used (prev) :  00000000
      | + function block  :  00000014
  <-Sub-tree of type: Indirectly called function tree that does not make
                    : indirect calls (Is not an interrupt and is not flagged
                    : as not overlayable)
    | Stack used          :  00000014


  ->Sub-tree of type: Indirectly called function tree that does not make
                    : indirect calls (Is not an interrupt and is not flagged
                    : as not overlayable)
                             CSTACK
    | Stack used (prev) :  00000000
  01  maincsm_onmessage
      | Stack used (prev) :  00000000
      | + function block  :  00000024
  <-Sub-tree of type: Indirectly called function tree that does not make
                    : indirect calls (Is not an interrupt and is not flagged
                    : as not overlayable)
    | Stack used          :  00000024


  ->Sub-tree of type: Indirectly called function tree that does not make
                    : indirect calls (Is not an interrupt and is not flagged
                    : as not overlayable)
                             CSTACK
    | Stack used (prev) :  00000000
  01  maincsm_oncreate
      | Stack used (prev) :  00000000
      | + function block  :  00000004
  <-Sub-tree of type: Indirectly called function tree that does not make
                    : indirect calls (Is not an interrupt and is not flagged
                    : as not overlayable)
    | Stack used          :  00000004


  ->Sub-tree of type: Indirectly called function tree that does not make
                    : indirect calls (Is not an interrupt and is not flagged
                    : as not overlayable)
                             CSTACK
    | Stack used (prev) :  00000000
  01  Killer
      | Stack used (prev) :  00000000
      | + function block  :  00000004
  <-Sub-tree of type: Indirectly called function tree that does not make
                    : indirect calls (Is not an interrupt and is not flagged
                    : as not overlayable)
    | Stack used          :  00000004


  ->Sub-tree of type: Indirectly called function tree that does not make
                    : indirect calls (Is not an interrupt and is not flagged
                    : as not overlayable)
                             CSTACK
    | Stack used (prev) :  00000000
  01  maincsm_onclose
      | Stack used (prev) :  00000000
      | + function block  :  00000004
  <-Sub-tree of type: Indirectly called function tree that does not make
                    : indirect calls (Is not an interrupt and is not flagged
                    : as not overlayable)
    | Stack used          :  00000004


  ->Sub-tree of type: Function tree
                             CSTACK
    | Stack used (prev) :  0000002C
  01  LoadConfigData
      | Stack used (prev) :  0000002C
      | + function block  :  00000030
  <-Sub-tree of type: Function tree
    | Stack used          :  0000005C


  ->Sub-tree of type: Function tree
                             CSTACK
    | Stack used (prev) :  0000005C
  01  InitConfig
      | Stack used (prev) :  0000005C
      | + function block  :  00000004
  <-Sub-tree of type: Function tree
    | Stack used          :  00000060


  ->Sub-tree of type: Function tree
                             CSTACK
    | Stack used (prev) :  00000060
  01  GenerateString
      | Stack used (prev) :  00000060
      | + function block  :  000000A0
  <-Sub-tree of type: Function tree
    | Stack used          :  00000100


  ->Sub-tree of type: Function tree
                             CSTACK
    | Stack used (prev) :  00000100
  01  valuetag
      | Stack used (prev) :  00000100
      | + function block  :  00000000
  <-Sub-tree of type: Function tree
    | Stack used          :  00000100


  ->Sub-tree of type: Function tree
                             CSTACK
    | Stack used (prev) :  00000100
  01  findtag
      | Stack used (prev) :  00000100
      | + function block  :  0000000C
  <-Sub-tree of type: Function tree
    | Stack used          :  0000010C


  ->Sub-tree of type: Function tree
                             CSTACK
    | Stack used (prev) :  0000010C
  01  main
      | Stack used (prev) :  0000010C
      | + function block  :  00000038
  <-Sub-tree of type: Function tree
    | Stack used          :  00000144


  ->Sub-tree of type: Function tree
                             CSTACK
    | Stack used (prev) :  00000144
  01  strcmp_nocase
      | Stack used (prev) :  00000144
      | + function block  :  00000000
  <-Sub-tree of type: Function tree
    | Stack used          :  00000144


  ->Sub-tree of type: Function tree
                             CSTACK
    | Stack used (prev) :  00000144
  01  char8to16
      | Stack used (prev) :  00000144
      | + function block  :  00000000
  <-Sub-tree of type: Function tree
    | Stack used          :  00000144


  ->Sub-tree of type: Function tree
                             CSTACK
    | Stack used (prev) :  00000144
  01  ascii2ws
      | Stack used (prev) :  00000144
      | + function block  :  0000000C
  <-Sub-tree of type: Function tree
    | Stack used          :  00000150




                ****************************************
                *                                      *
                *      SEGMENTS IN ADDRESS ORDER       *
                *                                      *
                ****************************************


SEGMENT              SPACE    START ADDRESS   END ADDRESS     SIZE  TYPE  ALIGN
=======              =====    =============   ===========     ====  ====  =====
ELFBEGIN             CODE_AREA           00000000                     rel    0
DATA_ID              CODE_AREA      00000000 - 00000003           4   rel    2
START                CODE_AREA           00000004                     dse    0
CODE                 CODE_AREA      00000004 - 00000AD7         AD4   rel    2
DATA_C               CODE_AREA      00000AD8 - 00000D98         2C1   rel    2
INITTAB              CODE_AREA      00000D9C - 00000DB3          18   rel    2
DATA_Z               CODE_AREA      00000DB4 - 00001031         27E   rel    2
DATA_N               CODE_AREA           00001032                     dse    0
CONFIG_C             CODE_AREA      00001034 - 00001157         124   rel    2
DATA_I               DATA_AREA      00000000 - 00000003           4   rel    2

                ****************************************
                *                                      *
                *        END OF CROSS REFERENCE        *
                *                                      *
                ****************************************

 4 435 bytes of CODE memory
     4 bytes of DATA memory

Errors: none
Warnings: none

