################################################################################
#                                                                              #
#      IAR Universal Linker V4.60I/386                                         #
#                                                                              #
#           Link time     =  07/Oct/2008  13:41:32                             #
#           Target CPU    =  ARM                                               #
#           List file     =  D:\Pasha\elf\LINZA\Release_ELKA\List\Linza.map    #
#           Output file 1 =  D:\Pasha\elf\LINZA\Release_ELKA\Exe\Linza.elf     #
#                            Format: elf, variant: -ynpra                      #
#           Command line  =  D:\Pasha\elf\LINZA\Release_ELKA\Obj\func.r79      #
#                            D:\Pasha\elf\LINZA\Release_ELKA\Obj\main.r79 -o   #
#                            D:\Pasha\elf\LINZA\Release_ELKA\Exe\Linza.elf     #
#                            -Felf -l                                          #
#                            D:\Pasha\elf\LINZA\Release_ELKA\List\Linza.map    #
#                            -xms -f D:\Pasha\elf\test.xcl (-carm              #
#                            -V(CODE)CODE_AREA,12 -V(DATA)DATA_AREA,12         #
#                            -Z(CODE_AREA)ELFBEGIN,DATA_ID,START,CODE,DATA_C,I #
#                            NITTAB,DATA_Z,DATA_N,CONFIG_C=0-FFFFFFFF          #
#                            -Z(DATA_AREA)DATA_I=0-FFFFFFFF) -ynpra            #
#                            "D:\Pasha\Embedded Workbench 4.0 Evaluation2\ARM\ #
#                            LIB\dl5tpainl8n.r79"                              #
#                            -s main                                           #
#                                                                              #
#                        Copyright 1987-2007 IAR Systems. All rights reserved. #
################################################################################





                ****************************************
                *                                      *
                *           CROSS REFERENCE            *
                *                                      *
                ****************************************

       Program entry at : CODE_AREA 00000478  Relocatable, from module : MAIN




                ****************************************
                *                                      *
                *            RUNTIME MODEL             *
                *                                      *
                ****************************************

  StackAlign4  = USED
  __cpu_mode   = __pcs__interwork
  __data_model = absolute
  __endian     = little
  __rt_version = 6



                ****************************************
                *                                      *
                *              MODULE MAP              *
                *                                      *
                ****************************************


  DEFINED ABSOLUTE ENTRIES
    *************************************************************************

  DEFINED ABSOLUTE ENTRIES
    *************************************************************************

  FILE NAME : D:\Pasha\elf\LINZA\Release_ELKA\Obj\func.r79
  PROGRAM MODULE, NAME : func

  SEGMENTS IN THE MODULE
  ======================
CODE
  Relative segment, address: CODE_AREA 00000010 - 00000057 (0x48 bytes), align: 2
  Segment part 0. ROOT.
           ENTRY                   ADDRESS         REF BY
           =====                   =======         ======
           kill_data               00000010        ElfKiller (MAIN)
           myf                     00000014        DrawLinza (MAIN)
           cpyscr                  00000028        tmr_proc (MAIN)
    -------------------------------------------------------------------------
ELFBEGIN
  Relative segment, address: CODE_AREA 00000000, align: 0
  Segment part 1. ROOT.
           ENTRY                   ADDRESS         REF BY
           =====                   =======         ======
           ELF_BEGIN               00000000        ElfKiller (MAIN)

    *************************************************************************

  FILE NAME : D:\Pasha\elf\LINZA\Release_ELKA\Obj\main.r79
  PROGRAM MODULE, NAME : MAIN

  SEGMENTS IN THE MODULE
  ======================
DATA_I
  Relative segment, address: DATA_AREA 00000000 - 0000000F (0x10 bytes), align: 2
  Segment part 7.             Intra module refs:   DrawLinza
                                                   OnKey
           ENTRY                   ADDRESS         REF BY
           =====                   =======         ======
           f                       0000000C 
           r                       00000008 
           x0                      00000000 
           y0                      00000004 
    -------------------------------------------------------------------------
DATA_Z
  Relative segment, address: CODE_AREA 00000588 - 000005A7 (0x20 bytes), align: 2
  Segment part 4.             Intra module refs:   Segment part 44
                                                   main
           ENTRY                   ADDRESS         REF BY
           =====                   =======         ======
           MAINCSM_ID              00000594 
           img                     00000588 
           tmr                     00000598 
    -------------------------------------------------------------------------
DATA_Z
  Relative segment, address: CODE_AREA 000005A8 - 000006BF (0x118 bytes), align: 2
  Segment part 5.             Intra module refs:   MAINCSM
           ENTRY                   ADDRESS         REF BY
           =====                   =======         ======
           maincsm_name_body       000005A8 
    -------------------------------------------------------------------------
DATA_Z
  Relative segment, address: CODE_AREA 000006C0 - 000006C3 (0x4 bytes), align: 2
  Segment part 6.             Intra module refs:   maincsm_oncreate
           ENTRY                   ADDRESS         REF BY
           =====                   =======         ======
           MAINGUI_ID              000006C0 
    -------------------------------------------------------------------------
DATA_Z
  Relative segment, address: CODE_AREA 000006C4 - 00025EC3 (0x25800 bytes), align: 2
  Segment part 9.             Intra module refs:   DrawLinza
                                                   tmr_proc
           ENTRY                   ADDRESS         REF BY
           =====                   =======         ======
           screen                  000006C4 
    -------------------------------------------------------------------------
DATA_Z
  Relative segment, address: CODE_AREA 00025EC4 - 0004B6C3 (0x25800 bytes), align: 2
  Segment part 10.            Intra module refs:   DrawLinza
                                                   tmr_proc
           ENTRY                   ADDRESS         REF BY
           =====                   =======         ======
           dst                     00025EC4 
    -------------------------------------------------------------------------
CODE
  Relative segment, address: CODE_AREA 00000058 - 000000B3 (0x5c bytes), align: 2
  Segment part 12.            Intra module refs:   OnRedraw
           ENTRY                   ADDRESS         REF BY
           =====                   =======         ======
           DrwImg                  00000058 
               stack 1 = 00000000 ( 00000040 )
    -------------------------------------------------------------------------
CODE
  Relative segment, address: CODE_AREA 000000B4 - 00000163 (0xb0 bytes), align: 2
  Segment part 13.            Intra module refs:   OnKey
                                                   tmr_proc
           ENTRY                   ADDRESS         REF BY
           =====                   =======         ======
           DrawLinza               000000B4 
               stack 1 = 00000000 ( 0000001C )
    -------------------------------------------------------------------------
CODE
  Relative segment, address: CODE_AREA 00000164 - 00000197 (0x34 bytes), align: 2
  Segment part 15.            Intra module refs:   Segment part 11
           ENTRY                   ADDRESS         REF BY
           =====                   =======         ======
           OnRedraw                00000164 
               stack 1 = 00000000 ( 0000000C )
    -------------------------------------------------------------------------
CODE
  Relative segment, address: CODE_AREA 00000198 - 0000019F (0x8 bytes), align: 2
  Segment part 17.            Intra module refs:   Segment part 11
           ENTRY                   ADDRESS         REF BY
           =====                   =======         ======
           onCreate                00000198 
    -------------------------------------------------------------------------
CODE
  Relative segment, address: CODE_AREA 000001A0 - 000001A3 (0x4 bytes), align: 2
  Segment part 19.            Intra module refs:   Segment part 11
           ENTRY                   ADDRESS         REF BY
           =====                   =======         ======
           onClose                 000001A0 
    -------------------------------------------------------------------------
CODE
  Relative segment, address: CODE_AREA 000001A4 - 000001AB (0x8 bytes), align: 2
  Segment part 20.            Intra module refs:   onClose
                                                   onCreate
                                                   onFocus
    -------------------------------------------------------------------------
CODE
  Relative segment, address: CODE_AREA 000001AC - 000001B3 (0x8 bytes), align: 2
  Segment part 22.            Intra module refs:   Segment part 11
           ENTRY                   ADDRESS         REF BY
           =====                   =======         ======
           onFocus                 000001AC 
    -------------------------------------------------------------------------
CODE
  Relative segment, address: CODE_AREA 000001B4 - 000001C7 (0x14 bytes), align: 2
  Segment part 24.            Intra module refs:   Segment part 11
           ENTRY                   ADDRESS         REF BY
           =====                   =======         ======
           onUnfocus               000001B4 
    -------------------------------------------------------------------------
CODE
  Relative segment, address: CODE_AREA 000001C8 - 0000033F (0x178 bytes), align: 2
  Segment part 26.            Intra module refs:   Segment part 11
           ENTRY                   ADDRESS         REF BY
           =====                   =======         ======
           OnKey                   000001C8 
               stack 1 = 00000000 ( 0000000C )
    -------------------------------------------------------------------------
CODE
  Relative segment, address: CODE_AREA 00000340 - 00000343 (0x4 bytes), align: 2
  Segment part 28.            Intra module refs:   Segment part 11
           ENTRY                   ADDRESS         REF BY
           =====                   =======         ======
           onDestroy               00000340 
               stack 1 = 00000000 ( 00000004 )
    -------------------------------------------------------------------------
CODE
  Relative segment, address: CODE_AREA 00000344 - 00000347 (0x4 bytes), align: 2
  Segment part 30.            Intra module refs:   Segment part 11
           ENTRY                   ADDRESS         REF BY
           =====                   =======         ======
           method8                 00000344 
    -------------------------------------------------------------------------
CODE
  Relative segment, address: CODE_AREA 00000348, align: 2
  Segment part 32.            Intra module refs:   Segment part 11
           ENTRY                   ADDRESS         REF BY
           =====                   =======         ======
           method9                 00000348 
    -------------------------------------------------------------------------
CODE
  Relative segment, address: CODE_AREA 00000348 - 0000034F (0x8 bytes), align: 2
  Segment part 33.            Intra module refs:   method8
                                                   method9
    -------------------------------------------------------------------------
CODE
  Relative segment, address: CODE_AREA 00000350 - 000003BB (0x6c bytes), align: 2
  Segment part 35.            Intra module refs:   MAINCSM
           ENTRY                   ADDRESS         REF BY
           =====                   =======         ======
           maincsm_oncreate        00000350 
               stack 1 = 00000000 ( 0000000C )
    -------------------------------------------------------------------------
CODE
  Relative segment, address: CODE_AREA 000003BC - 000003D7 (0x1c bytes), align: 2
  Segment part 37.            Intra module refs:   maincsm_onclose
           ENTRY                   ADDRESS         REF BY
           =====                   =======         ======
           ElfKiller               000003BC 
               stack 1 = 00000000 ( 00000004 )
    -------------------------------------------------------------------------
CODE
  Relative segment, address: CODE_AREA 000003D8 - 000003EB (0x14 bytes), align: 2
  Segment part 39.            Intra module refs:   MAINCSM
           ENTRY                   ADDRESS         REF BY
           =====                   =======         ======
           maincsm_onclose         000003D8 
               stack 1 = 00000000 ( 00000004 )
    -------------------------------------------------------------------------
CODE
  Relative segment, address: CODE_AREA 000003EC - 00000417 (0x2c bytes), align: 2
  Segment part 41.            Intra module refs:   MAINCSM
           ENTRY                   ADDRESS         REF BY
           =====                   =======         ======
           maincsm_onmessage       000003EC 
    -------------------------------------------------------------------------
DATA_C
  Relative segment, address: CODE_AREA 000004F4 - 00000537 (0x44 bytes), align: 2
  Segment part 2.             Intra module refs:   UpdateCSMname
                                                   main
           ENTRY                   ADDRESS         REF BY
           =====                   =======         ======
           MAINCSM                 000004FC 
    -------------------------------------------------------------------------
DATA_C
  Relative segment, address: CODE_AREA 00000538 - 0000053B (0x4 bytes), align: 2
  Segment part 3.             Intra module refs:   MAINCSM
           ENTRY                   ADDRESS         REF BY
           =====                   =======         ======
           minus11                 00000538 
    -------------------------------------------------------------------------
DATA_C
  Relative segment, address: CODE_AREA 0000053C - 0000056F (0x34 bytes), align: 2
  Segment part 11.            Intra module refs:   maincsm_oncreate
           ENTRY                   ADDRESS         REF BY
           =====                   =======         ======
           Canvas                  00000568 
           gui_methods             0000053C 
    -------------------------------------------------------------------------
CODE
  Relative segment, address: CODE_AREA 00000418 - 00000473 (0x5c bytes), align: 2
  Segment part 43.            Intra module refs:   main
           ENTRY                   ADDRESS         REF BY
           =====                   =======         ======
           tmr_proc                00000418 
               stack 1 = 00000000 ( 00000008 )
    -------------------------------------------------------------------------
CODE
  Relative segment, address: CODE_AREA 00000474 - 00000477 (0x4 bytes), align: 2
  Segment part 44.            Intra module refs:   OnRedraw
                                                   tmr_proc
    -------------------------------------------------------------------------
CODE
  Relative segment, address: CODE_AREA 00000478 - 000004C3 (0x4c bytes), align: 2
  Segment part 46.
           ENTRY                   ADDRESS         REF BY
           =====                   =======         ======
           main                    00000478        Absolute parts (?ABS_ENTRY_MOD)
               stack 1 = 00000000 ( 00000034 )
    -------------------------------------------------------------------------
CODE
  Relative segment, address: CODE_AREA 000004C4 - 000004F3 (0x30 bytes), align: 2
  Segment part 53.            Intra module refs:   main
           ENTRY                   ADDRESS         REF BY
           =====                   =======         ======
           UpdateCSMname           000004C4 
               stack 1 = 00000000 ( 00000008 )
    -------------------------------------------------------------------------
DATA_ID
  Relative segment, address: CODE_AREA 00000000 - 0000000F (0x10 bytes), align: 2
  Segment part 8.             Intra module refs:   Segment part 7
    -------------------------------------------------------------------------
INITTAB
  Relative segment, address: CODE_AREA 00000570 - 0000057B (0xc bytes), align: 2
  Segment part 55. ROOT.
           ENTRY                   ADDRESS         REF BY
           =====                   =======         ======
           ?init?tab?DATA_I        00000570 
    -------------------------------------------------------------------------
INITTAB
  Relative segment, address: CODE_AREA 0000057C - 00000587 (0xc bytes), align: 2
  Segment part 56. ROOT.
           ENTRY                   ADDRESS         REF BY
           =====                   =======         ======
           ?init?tab?DATA_Z        0000057C 




                ****************************************
                *                                      *
                *      SEGMENTS IN ADDRESS ORDER       *
                *                                      *
                ****************************************


SEGMENT              SPACE    START ADDRESS   END ADDRESS     SIZE  TYPE  ALIGN
=======              =====    =============   ===========     ====  ====  =====
ELFBEGIN             CODE_AREA           00000000                     rel    0
DATA_ID              CODE_AREA      00000000 - 0000000F          10   rel    2
START                CODE_AREA           00000010                     dse    0
CODE                 CODE_AREA      00000010 - 000004F3         4E4   rel    2
DATA_C               CODE_AREA      000004F4 - 0000056F          7C   rel    2
INITTAB              CODE_AREA      00000570 - 00000587          18   rel    2
DATA_Z               CODE_AREA      00000588 - 0004B6C3       4B13C   rel    2
DATA_I               DATA_AREA      00000000 - 0000000F          10   rel    2

                ****************************************
                *                                      *
                *        END OF CROSS REFERENCE        *
                *                                      *
                ****************************************

 308 932 bytes of CODE memory
      16 bytes of DATA memory

Errors: none
Warnings: none

