################################################################################
#                                                                              #
#      IAR Universal Linker V4.60I/386                                         #
#                                                                              #
#           Link time     =  22/May/2009  19:10:29                             #
#           Target CPU    =  ARM                                               #
#           List file     =  D:\pasha\elf\SVN2\CfgEdit\Release_ELKA\List\CfgEd #
#                            it.map                                            #
#           Output file 1 =  D:\pasha\elf\SVN2\CfgEdit\Release_ELKA\Exe\CfgEdi #
#                            t.elf                                             #
#                            Format: elf, variant: -ynpra                      #
#           Command line  =  D:\pasha\elf\SVN2\CfgEdit\Release_ELKA\Obj\color. #
#                            r79                                               #
#                            D:\pasha\elf\SVN2\CfgEdit\Release_ELKA\Obj\func.r #
#                            79                                                #
#                            D:\pasha\elf\SVN2\CfgEdit\Release_ELKA\Obj\keycod #
#                            es.r79                                            #
#                            D:\pasha\elf\SVN2\CfgEdit\Release_ELKA\Obj\main.r #
#                            79                                                #
#                            D:\pasha\elf\SVN2\CfgEdit\Release_ELKA\Obj\visual #
#                            .r79                                              #
#                            -o                                                #
#                            D:\pasha\elf\SVN2\CfgEdit\Release_ELKA\Exe\CfgEdi #
#                            t.elf                                             #
#                            -Felf -l                                          #
#                            D:\pasha\elf\SVN2\CfgEdit\Release_ELKA\List\CfgEd #
#                            it.map                                            #
#                            -xmsnio -f D:\pasha\elf\SVN2\CfgEdit\test.xcl     #
#                            (-carm -V(CODE)CODE_AREA,12                       #
#                            -V(DATA)DATA_AREA,12                              #
#                            -Z(CODE_AREA)ELFBEGIN,DATA_ID,START,CODE,DATA_C,I #
#                            NITTAB,DATA_Z,DATA_N,MYSEG=0-FFFFFFFF             #
#                            -Z(DATA_AREA)DATA_I=0-FFFFFFFF) -ynpra            #
#                            "D:\pasha\Embedded Workbench 4.0 Evaluation2\ARM\ #
#                            LIB\dl5tpainl8n.r79"                              #
#                            -s main                                           #
#                                                                              #
#                        Copyright 1987-2007 IAR Systems. All rights reserved. #
################################################################################





                ****************************************
                *                                      *
                *           CROSS REFERENCE            *
                *                                      *
                ****************************************

       Program entry at : CODE_AREA 000026A4  Relocatable, from module : main




                ****************************************
                *                                      *
                *            RUNTIME MODEL             *
                *                                      *
                ****************************************

  StackAlign4  = USED
  StackAlign8  = USED
  __cpu_mode   = __pcs__interwork
  __data_model = absolute
  __endian     = little
  __rt_version = 6



                ****************************************
                *                                      *
                *              MODULE MAP              *
                *                                      *
                ****************************************


  DEFINED ABSOLUTE ENTRIES
    *************************************************************************

  DEFINED ABSOLUTE ENTRIES
    *************************************************************************

  FILE NAME : D:\pasha\elf\SVN2\CfgEdit\Release_ELKA\Obj\color.r79
  PROGRAM MODULE, NAME : color

  SEGMENTS IN THE MODULE
  ======================
CODE
  Segment part 4. NOT NEEDED.
    -------------------------------------------------------------------------
CODE
  Relative segment, address: CODE_AREA 00000D00 - 00000FCB (0x2cc bytes), align: 2
  Segment part 5.             Intra module refs:   Segment part 3
           ENTRY                   ADDRESS         REF BY
           =====                   =======         ======
           method0_2               00000D00 
               stack 1 = 00000000 ( 00000060 )
    -------------------------------------------------------------------------
CODE
  Segment part 6. NOT NEEDED.
    -------------------------------------------------------------------------
CODE
  Relative segment, address: CODE_AREA 00000FCC - 00000FEB (0x20 bytes), align: 2
  Segment part 7.             Intra module refs:   Segment part 3
           ENTRY                   ADDRESS         REF BY
           =====                   =======         ======
           method1_2               00000FCC 
               stack 1 = 00000000 ( 00000008 )
    -------------------------------------------------------------------------
CODE
  Segment part 8. NOT NEEDED.
    -------------------------------------------------------------------------
CODE
  Relative segment, address: CODE_AREA 00000FEC - 00001007 (0x1c bytes), align: 2
  Segment part 9.             Intra module refs:   Segment part 3
           ENTRY                   ADDRESS         REF BY
           =====                   =======         ======
           method2_2               00000FEC 
               stack 1 = 00000000 ( 00000008 )
    -------------------------------------------------------------------------
CODE
  Segment part 10. NOT NEEDED.
    -------------------------------------------------------------------------
CODE
  Relative segment, address: CODE_AREA 00001008 - 00001023 (0x1c bytes), align: 2
  Segment part 11.            Intra module refs:   Segment part 3
           ENTRY                   ADDRESS         REF BY
           =====                   =======         ======
           method3_2               00001008 
               stack 1 = 00000000 ( 00000008 )
    -------------------------------------------------------------------------
CODE
  Segment part 12. NOT NEEDED.
    -------------------------------------------------------------------------
CODE
  Relative segment, address: CODE_AREA 00001024 - 00001037 (0x14 bytes), align: 2
  Segment part 13.            Intra module refs:   Segment part 3
           ENTRY                   ADDRESS         REF BY
           =====                   =======         ======
           method4_2               00001024 
    -------------------------------------------------------------------------
CODE
  Segment part 14. NOT NEEDED.
    -------------------------------------------------------------------------
CODE
  Relative segment, address: CODE_AREA 00001038 - 00001247 (0x210 bytes), align: 2
  Segment part 15.            Intra module refs:   Segment part 3
           ENTRY                   ADDRESS         REF BY
           =====                   =======         ======
           method5_2               00001038 
               stack 1 = 00000000 ( 0000001C )
    -------------------------------------------------------------------------
CODE
  Segment part 16. NOT NEEDED.
    -------------------------------------------------------------------------
CODE
  Relative segment, address: CODE_AREA 00001248 - 0000124B (0x4 bytes), align: 2
  Segment part 17.            Intra module refs:   Segment part 3
           ENTRY                   ADDRESS         REF BY
           =====                   =======         ======
           method7_2               00001248 
               stack 1 = 00000000 ( 00000004 )
    -------------------------------------------------------------------------
CODE
  Segment part 18. NOT NEEDED.
    -------------------------------------------------------------------------
CODE
  Relative segment, address: CODE_AREA 0000124C - 00001253 (0x8 bytes), align: 2
  Segment part 19.            Intra module refs:   Segment part 3
           ENTRY                   ADDRESS         REF BY
           =====                   =======         ======
           method8_2               0000124C 
    -------------------------------------------------------------------------
CODE
  Segment part 20. NOT NEEDED.
    -------------------------------------------------------------------------
CODE
  Relative segment, address: CODE_AREA 00001254 - 0000125B (0x8 bytes), align: 2
  Segment part 21.            Intra module refs:   Segment part 3
           ENTRY                   ADDRESS         REF BY
           =====                   =======         ======
           method9_2               00001254 
    -------------------------------------------------------------------------
CODE
  Segment part 22. NOT NEEDED.
    -------------------------------------------------------------------------
DATA_C
  Relative segment, address: CODE_AREA 00004424 - 00004437 (0x14 bytes), align: 2
  Segment part 2.             Intra module refs:   method0_2
    -------------------------------------------------------------------------
DATA_C
  Relative segment, address: CODE_AREA 00004438 - 0000446B (0x34 bytes), align: 2
  Segment part 3.             Intra module refs:   EditColors
           ENTRY                   ADDRESS         REF BY
           =====                   =======         ======
           Canvas_2                00004438 
           gui_methods_2           00004440 
    -------------------------------------------------------------------------
CODE
  Relative segment, address: CODE_AREA 0000125C - 000012F7 (0x9c bytes), align: 2
  Segment part 23.
           ENTRY                   ADDRESS         REF BY
           =====                   =======         ======
           EditColors              0000125C        ed1_onkey (main)
               stack 1 = 00000000 ( 0000000C )
    -------------------------------------------------------------------------
CODE
  Segment part 24. NOT NEEDED.Intra module refs:   method7_2
    -------------------------------------------------------------------------
CSTACK
  Segment part 1. NOT NEEDED.

    *************************************************************************

  FILE NAME : D:\pasha\elf\SVN2\CfgEdit\Release_ELKA\Obj\func.r79
  PROGRAM MODULE, NAME : func

  SEGMENTS IN THE MODULE
  ======================
ELFBEGIN
  Relative segment, address: CODE_AREA 00000000, align: 0
  Segment part 0. ROOT.
           ENTRY                   ADDRESS         REF BY
           =====                   =======         ======
           ELF_BEGIN               00000000        Killer (main)
    -------------------------------------------------------------------------
CODE
  Relative segment, address: CODE_AREA 000012F8 - 000012FB (0x4 bytes), align: 2
  Segment part 1. ROOT.
           ENTRY                   ADDRESS         REF BY
           =====                   =======         ======
           kill_data               000012F8        Killer (main)
                                                   method7_2 (color)
                                                   method7_key (keycodes)
                                                   method7_rect (visual)

    *************************************************************************

  FILE NAME : D:\pasha\elf\SVN2\CfgEdit\Release_ELKA\Obj\keycodes.r79
  PROGRAM MODULE, NAME : keycodes

  SEGMENTS IN THE MODULE
  ======================
CODE
  Segment part 6. NOT NEEDED.
    -------------------------------------------------------------------------
CODE
  Relative segment, address: CODE_AREA 000012FC - 0000148B (0x190 bytes), align: 2
  Segment part 7.             Intra module refs:   Segment part 5
           ENTRY                   ADDRESS         REF BY
           =====                   =======         ======
           OnReadraw_key           000012FC 
               stack 1 = 00000000 ( 00000058 )
    -------------------------------------------------------------------------
CODE
  Segment part 8. NOT NEEDED.
    -------------------------------------------------------------------------
CODE
  Relative segment, address: CODE_AREA 0000148C - 000014AB (0x20 bytes), align: 2
  Segment part 9.             Intra module refs:   Segment part 5
           ENTRY                   ADDRESS         REF BY
           =====                   =======         ======
           OnCreate_key            0000148C 
               stack 1 = 00000000 ( 00000008 )
    -------------------------------------------------------------------------
CODE
  Segment part 10. NOT NEEDED.
    -------------------------------------------------------------------------
CODE
  Relative segment, address: CODE_AREA 000014AC - 000014C7 (0x1c bytes), align: 2
  Segment part 11.            Intra module refs:   Segment part 5
           ENTRY                   ADDRESS         REF BY
           =====                   =======         ======
           method2_key             000014AC 
               stack 1 = 00000000 ( 00000008 )
    -------------------------------------------------------------------------
CODE
  Segment part 12. NOT NEEDED.
    -------------------------------------------------------------------------
CODE
  Relative segment, address: CODE_AREA 000014C8 - 000014E3 (0x1c bytes), align: 2
  Segment part 13.            Intra module refs:   Segment part 5
           ENTRY                   ADDRESS         REF BY
           =====                   =======         ======
           OnFocus_key             000014C8 
               stack 1 = 00000000 ( 00000008 )
    -------------------------------------------------------------------------
CODE
  Segment part 14. NOT NEEDED.
    -------------------------------------------------------------------------
CODE
  Relative segment, address: CODE_AREA 000014E4 - 000014F7 (0x14 bytes), align: 2
  Segment part 15.            Intra module refs:   Segment part 5
           ENTRY                   ADDRESS         REF BY
           =====                   =======         ======
           method4_key             000014E4 
    -------------------------------------------------------------------------
CODE
  Segment part 16. NOT NEEDED.
    -------------------------------------------------------------------------
CODE
  Relative segment, address: CODE_AREA 000014F8 - 0000157F (0x88 bytes), align: 2
  Segment part 17.            Intra module refs:   Segment part 5
           ENTRY                   ADDRESS         REF BY
           =====                   =======         ======
           method5_key             000014F8 
               stack 1 = 00000000 ( 00000008 )
    -------------------------------------------------------------------------
CODE
  Segment part 18. NOT NEEDED.
    -------------------------------------------------------------------------
CODE
  Relative segment, address: CODE_AREA 00001580 - 00001583 (0x4 bytes), align: 2
  Segment part 19.            Intra module refs:   Segment part 5
           ENTRY                   ADDRESS         REF BY
           =====                   =======         ======
           method7_key             00001580 
               stack 1 = 00000000 ( 00000004 )
    -------------------------------------------------------------------------
CODE
  Segment part 20. NOT NEEDED.
    -------------------------------------------------------------------------
CODE
  Relative segment, address: CODE_AREA 00001584 - 0000158B (0x8 bytes), align: 2
  Segment part 21.            Intra module refs:   Segment part 5
           ENTRY                   ADDRESS         REF BY
           =====                   =======         ======
           method8_key             00001584 
    -------------------------------------------------------------------------
CODE
  Segment part 22. NOT NEEDED.
    -------------------------------------------------------------------------
CODE
  Relative segment, address: CODE_AREA 0000158C - 00001593 (0x8 bytes), align: 2
  Segment part 23.            Intra module refs:   Segment part 5
           ENTRY                   ADDRESS         REF BY
           =====                   =======         ======
           method9_key             0000158C 
    -------------------------------------------------------------------------
CODE
  Segment part 24. NOT NEEDED.
    -------------------------------------------------------------------------
DATA_C
  Relative segment, address: CODE_AREA 0000446C - 000044D3 (0x68 bytes), align: 2
  Segment part 2.             Intra module refs:   OnReadraw_key
    -------------------------------------------------------------------------
DATA_C
  Relative segment, address: CODE_AREA 000044D4 - 000044D7 (0x4 bytes), align: 2
  Segment part 3.             Intra module refs:   OnReadraw_key
    -------------------------------------------------------------------------
DATA_C
  Segment part 4. NOT NEEDED.
    -------------------------------------------------------------------------
DATA_C
  Relative segment, address: CODE_AREA 000044D8 - 0000450B (0x34 bytes), align: 2
  Segment part 5.             Intra module refs:   GetKeyCodes
           ENTRY                   ADDRESS         REF BY
           =====                   =======         ======
           Canvas_key              000044D8 
           gui_methods_key         000044E0 
    -------------------------------------------------------------------------
CODE
  Relative segment, address: CODE_AREA 00001594 - 0000161B (0x88 bytes), align: 2
  Segment part 25.
           ENTRY                   ADDRESS         REF BY
           =====                   =======         ======
           GetKeyCodes             00001594        ed1_onkey (main)
               stack 1 = 00000000 ( 00000010 )
    -------------------------------------------------------------------------
CODE
  Segment part 26. NOT NEEDED.Intra module refs:   method7_key
    -------------------------------------------------------------------------
CSTACK
  Segment part 1. NOT NEEDED.

    *************************************************************************

  FILE NAME : D:\pasha\elf\SVN2\CfgEdit\Release_ELKA\Obj\main.r79
  PROGRAM MODULE, NAME : main

  SEGMENTS IN THE MODULE
  ======================
CODE
  Segment part 33. NOT NEEDED.
    -------------------------------------------------------------------------
CODE
  Relative segment, address: CODE_AREA 0000161C - 0000161F (0x4 bytes), align: 2
  Segment part 34.            Intra module refs:   Segment part 16
           ENTRY                   ADDRESS         REF BY
           =====                   =======         ======
           ed1_locret              0000161C 
    -------------------------------------------------------------------------
CODE
  Segment part 35. NOT NEEDED.
    -------------------------------------------------------------------------
CODE
  Relative segment, address: CODE_AREA 00001620 - 000017DF (0x1c0 bytes), align: 2
  Segment part 36.            Intra module refs:   ed1_ghook
           ENTRY                   ADDRESS         REF BY
           =====                   =======         ======
           IsFieldCorrect          00001620 
               stack 1 = 00000000 ( 00000060 )
    -------------------------------------------------------------------------
CODE
  Relative segment, address: CODE_AREA 000017E0 - 000017E3 (0x4 bytes), align: 2
  Segment part 37.            Intra module refs:   IsFieldCorrect
    -------------------------------------------------------------------------
CODE
  Segment part 38. NOT NEEDED.
    -------------------------------------------------------------------------
CODE
  Relative segment, address: CODE_AREA 000017E4 - 0000185F (0x7c bytes), align: 2
  Segment part 39.            Intra module refs:   ed1_onkey
           ENTRY                   ADDRESS         REF BY
           =====                   =======         ======
           on_utf8ec               000017E4 
               stack 1 = 00000000 ( 00000008 )
    -------------------------------------------------------------------------
CODE
  Segment part 40. NOT NEEDED.
    -------------------------------------------------------------------------
CODE
  Relative segment, address: CODE_AREA 00001860 - 000019AF (0x150 bytes), align: 2
  Segment part 41.            Intra module refs:   Segment part 16
           ENTRY                   ADDRESS         REF BY
           =====                   =======         ======
           ed1_onkey               00001860 
               stack 1 = 00000000 ( 0000000C )
    -------------------------------------------------------------------------
CODE
  Segment part 42. NOT NEEDED.
    -------------------------------------------------------------------------
CODE
  Relative segment, address: CODE_AREA 000019B0 - 00001D4F (0x3a0 bytes), align: 2
  Segment part 43.            Intra module refs:   Segment part 16
           ENTRY                   ADDRESS         REF BY
           =====                   =======         ======
           ed1_ghook               000019B0 
               stack 1 = 00000000 ( 00000074 )
    -------------------------------------------------------------------------
CODE
  Segment part 44. NOT NEEDED.
    -------------------------------------------------------------------------
CODE
  Relative segment, address: CODE_AREA 00001D50 - 00001E47 (0xf8 bytes), align: 2
  Segment part 45.            Intra module refs:   maincsm_oncreate
                                                   selbcfg_menu_onkey
           ENTRY                   ADDRESS         REF BY
           =====                   =======         ======
           LoadCfg                 00001D50 
               stack 1 = 00000000 ( 00000040 )
    -------------------------------------------------------------------------
CODE
  Segment part 46. NOT NEEDED.
    -------------------------------------------------------------------------
CODE
  Relative segment, address: CODE_AREA 00001E48 - 00001EC7 (0x80 bytes), align: 2
  Segment part 47.            Intra module refs:   CountBCFG
                                                   selbcfg_menu_iconhndl
                                                   selbcfg_menu_onkey
           ENTRY                   ADDRESS         REF BY
           =====                   =======         ======
           FindBCFGByNS            00001E48 
               stack 1 = 00000000 ( 0000000C )
    -------------------------------------------------------------------------
CODE
  Segment part 48. NOT NEEDED.
    -------------------------------------------------------------------------
CODE
  Relative segment, address: CODE_AREA 00001EC8 - 00001EEF (0x28 bytes), align: 2
  Segment part 49.            Intra module refs:   RecountMenuBCFG
           ENTRY                   ADDRESS         REF BY
           =====                   =======         ======
           CountBCFG               00001EC8 
               stack 1 = 00000000 ( 00000008 )
    -------------------------------------------------------------------------
CODE
  Segment part 50. NOT NEEDED.
    -------------------------------------------------------------------------
CODE
  Segment part 51. NOT NEEDED.
           ENTRY                   ADDRESS         REF BY
           =====                   =======         ======
           FindBCFGByN             
               not allocated function
    -------------------------------------------------------------------------
CODE
  Segment part 52. NOT NEEDED.
    -------------------------------------------------------------------------
CODE
  Relative segment, address: CODE_AREA 00001EF0 - 00001F63 (0x74 bytes), align: 2
  Segment part 53.            Intra module refs:   CreateSelectBCFGMenu
                                                   RecountMenuBCFG
           ENTRY                   ADDRESS         REF BY
           =====                   =======         ======
           UpdateBCFGHeader        00001EF0 
               stack 1 = 00000000 ( 00000018 )
    -------------------------------------------------------------------------
CODE
  Segment part 54. NOT NEEDED.
    -------------------------------------------------------------------------
CODE
  Relative segment, address: CODE_AREA 00001F64 - 00001F73 (0x10 bytes), align: 2
  Segment part 55.
           ENTRY                   ADDRESS         REF BY
           =====                   =======         ======
           ClearT9Key              00001F64        filelist_menu_onkey (visual)
               stack 1 = 00000000 ( 00000004 )
    -------------------------------------------------------------------------
CODE
  Segment part 56. NOT NEEDED.
    -------------------------------------------------------------------------
CODE
  Relative segment, address: CODE_AREA 00001F74 - 00001F8F (0x1c bytes), align: 2
  Segment part 57.            Intra module refs:   selbcfg_menu_onkey
           ENTRY                   ADDRESS         REF BY
           =====                   =======         ======
           AddT9Key                00001F74        filelist_menu_onkey (visual)
               stack 1 = 00000000 ( 0000000C )
    -------------------------------------------------------------------------
CODE
  Segment part 58. NOT NEEDED.
    -------------------------------------------------------------------------
CODE
  Relative segment, address: CODE_AREA 00001F90 - 00001FAF (0x20 bytes), align: 2
  Segment part 59.            Intra module refs:   selbcfg_menu_onkey
           ENTRY                   ADDRESS         REF BY
           =====                   =======         ======
           BackSpaceT9             00001F90        filelist_menu_onkey (visual)
               stack 1 = 00000000 ( 00000008 )
    -------------------------------------------------------------------------
CODE
  Segment part 60. NOT NEEDED.
    -------------------------------------------------------------------------
CODE
  Relative segment, address: CODE_AREA 00001FB0 - 00002017 (0x68 bytes), align: 2
  Segment part 61.            Intra module refs:   selbcfg_menu_onkey
           ENTRY                   ADDRESS         REF BY
           =====                   =======         ======
           RecountMenuBCFG         00001FB0 
               stack 1 = 00000000 ( 0000000C )
    -------------------------------------------------------------------------
CODE
  Segment part 62. NOT NEEDED.
    -------------------------------------------------------------------------
CODE
  Relative segment, address: CODE_AREA 00002018 - 0000211F (0x108 bytes), align: 2
  Segment part 63.            Intra module refs:   Segment part 16
           ENTRY                   ADDRESS         REF BY
           =====                   =======         ======
           selbcfg_menu_onkey      00002018 
               stack 1 = 00000000 ( 0000001C )
    -------------------------------------------------------------------------
CODE
  Segment part 64. NOT NEEDED.
    -------------------------------------------------------------------------
CODE
  Relative segment, address: CODE_AREA 00002120 - 0000215F (0x40 bytes), align: 2
  Segment part 65.            Intra module refs:   Segment part 16
           ENTRY                   ADDRESS         REF BY
           =====                   =======         ======
           selbcfg_menu_ghook      00002120 
               stack 1 = 00000000 ( 0000000C )
    -------------------------------------------------------------------------
CODE
  Segment part 66. NOT NEEDED.
    -------------------------------------------------------------------------
CODE
  Relative segment, address: CODE_AREA 00002160 - 000021EB (0x8c bytes), align: 2
  Segment part 67.            Intra module refs:   Segment part 16
           ENTRY                   ADDRESS         REF BY
           =====                   =======         ======
           selbcfg_menu_iconhndl   00002160 
               stack 1 = 00000000 ( 00000020 )
    -------------------------------------------------------------------------
CODE
  Segment part 68. NOT NEEDED.
    -------------------------------------------------------------------------
CODE
  Relative segment, address: CODE_AREA 000021EC - 00002383 (0x198 bytes), align: 2
  Segment part 69.            Intra module refs:   maincsm_oncreate
           ENTRY                   ADDRESS         REF BY
           =====                   =======         ======
           CreateSelectBCFGMenu    000021EC 
               stack 1 = 00000000 ( 000003F8 )
    -------------------------------------------------------------------------
CODE
  Segment part 70. NOT NEEDED.
    -------------------------------------------------------------------------
CODE
  Relative segment, address: CODE_AREA 00002384 - 0000240B (0x88 bytes), align: 2
  Segment part 71.            Intra module refs:   Segment part 3
           ENTRY                   ADDRESS         REF BY
           =====                   =======         ======
           maincsm_oncreate        00002384 
               stack 1 = 00000000 ( 00000010 )
    -------------------------------------------------------------------------
CODE
  Relative segment, address: CODE_AREA 0000240C - 0000240F (0x4 bytes), align: 2
  Segment part 72.            Intra module refs:   UpdateBCFGHeader
                                                   maincsm_oncreate
    -------------------------------------------------------------------------
CODE
  Segment part 73. NOT NEEDED.
    -------------------------------------------------------------------------
CODE
  Relative segment, address: CODE_AREA 00002410 - 0000242B (0x1c bytes), align: 2
  Segment part 74.            Intra module refs:   maincsm_onclose
           ENTRY                   ADDRESS         REF BY
           =====                   =======         ======
           Killer                  00002410 
               stack 1 = 00000000 ( 00000004 )
    -------------------------------------------------------------------------
CODE
  Segment part 75. NOT NEEDED.
    -------------------------------------------------------------------------
CODE
  Relative segment, address: CODE_AREA 0000242C - 0000249F (0x74 bytes), align: 2
  Segment part 76.            Intra module refs:   maincsm_onmessage
           ENTRY                   ADDRESS         REF BY
           =====                   =======         ======
           SaveConfig              0000242C 
               stack 1 = 00000000 ( 00000014 )
    -------------------------------------------------------------------------
CODE
  Segment part 77. NOT NEEDED.
    -------------------------------------------------------------------------
CODE
  Relative segment, address: CODE_AREA 000024A0 - 000024CF (0x30 bytes), align: 2
  Segment part 78.            Intra module refs:   Segment part 3
           ENTRY                   ADDRESS         REF BY
           =====                   =======         ======
           maincsm_onclose         000024A0 
               stack 1 = 00000000 ( 00000008 )
    -------------------------------------------------------------------------
CODE
  Relative segment, address: CODE_AREA 000024D0 - 000024D3 (0x4 bytes), align: 2
  Segment part 79.            Intra module refs:   CreateSelectBCFGMenu
                                                   FindBCFGByNS
                                                   IsFieldCorrect
                                                   LoadCfg
                                                   RecountMenuBCFG
                                                   SaveConfig
                                                   UpdateBCFGHeader
                                                   ed1_ghook
                                                   ed1_onkey
                                                   maincsm_onclose
                                                   maincsm_oncreate
                                                   selbcfg_menu_onkey
    -------------------------------------------------------------------------
CODE
  Segment part 80. NOT NEEDED.
    -------------------------------------------------------------------------
CODE
  Relative segment, address: CODE_AREA 000024D4 - 000025AF (0xdc bytes), align: 2
  Segment part 81.            Intra module refs:   Segment part 3
           ENTRY                   ADDRESS         REF BY
           =====                   =======         ======
           maincsm_onmessage       000024D4 
               stack 1 = 00000000 ( 00000018 )
    -------------------------------------------------------------------------
CODE
  Segment part 82. NOT NEEDED.
    -------------------------------------------------------------------------
DATA_Z
  Relative segment, address: CODE_AREA 00004B14 - 00004C2B (0x118 bytes), align: 2
  Segment part 31.            Intra module refs:   Segment part 3
           ENTRY                   ADDRESS         REF BY
           =====                   =======         ======
           maincsm_name_body       00004B14 
    -------------------------------------------------------------------------
DATA_C
  Relative segment, address: CODE_AREA 0000450C - 0000453F (0x34 bytes), align: 2
  Segment part 2.             Intra module refs:   LoadCfg
    -------------------------------------------------------------------------
DATA_C
  Relative segment, address: CODE_AREA 00004540 - 00004643 (0x104 bytes), align: 2
  Segment part 3.             Intra module refs:   Segment part 37
                                                   Segment part 86
                                                   Segment part 96
                                                   create_ed
                                                   main
           ENTRY                   ADDRESS         REF BY
           =====                   =======         ======
           MAINCSM                 00004608 
           _percent_d              00004543 
           _percent_t              00004546 
           _percent_u              00004540 
    -------------------------------------------------------------------------
DATA_C
  Relative segment, address: CODE_AREA 00004644 - 0000464B (0x8 bytes), align: 2
  Segment part 4.             Intra module refs:   Segment part 28
    -------------------------------------------------------------------------
DATA_C
  Relative segment, address: CODE_AREA 0000464C - 00004657 (0xc bytes), align: 2
  Segment part 5.             Intra module refs:   Segment part 16
    -------------------------------------------------------------------------
DATA_C
  Relative segment, address: CODE_AREA 00004AF4 - 00004AF5 (0x2 bytes), align: 0
  Segment part 6.             Intra module refs:   Segment part 21
                                                   Segment part 28
    -------------------------------------------------------------------------
DATA_C
  Relative segment, address: CODE_AREA 00004658 - 0000465F (0x8 bytes), align: 2
  Segment part 7.             Intra module refs:   Segment part 21
    -------------------------------------------------------------------------
DATA_C
  Relative segment, address: CODE_AREA 00004660 - 00004663 (0x4 bytes), align: 2
  Segment part 8.             Intra module refs:   Segment part 21
    -------------------------------------------------------------------------
DATA_C
  Relative segment, address: CODE_AREA 00004664 - 00004683 (0x20 bytes), align: 2
  Segment part 9.             Intra module refs:   Segment part 16
                                                   Segment part 72
    -------------------------------------------------------------------------
DATA_C
  Segment part 10. NOT NEEDED.
    -------------------------------------------------------------------------
DATA_C
  Relative segment, address: CODE_AREA 00004684 - 000046AB (0x28 bytes), align: 2
  Segment part 11.            Intra module refs:   CreateSelectBCFGMenu
           ENTRY                   ADDRESS         REF BY
           =====                   =======         ======
           _data_etc_path          0000469C 
           _mmc_etc_path           0000468C 
    -------------------------------------------------------------------------
DATA_C
  Segment part 12. NOT NEEDED.
    -------------------------------------------------------------------------
DATA_C
  Relative segment, address: CODE_AREA 000046AC - 000046B3 (0x8 bytes), align: 2
  Segment part 13.            Intra module refs:   Segment part 16
    -------------------------------------------------------------------------
DATA_C
  Relative segment, address: CODE_AREA 00004AF6 - 00004AF8 (0x3 bytes), align: 0
  Segment part 14.            Intra module refs:   Segment part 16
    -------------------------------------------------------------------------
DATA_C
  Relative segment, address: CODE_AREA 000046B4 - 000046B7 (0x4 bytes), align: 2
  Segment part 19.            Intra module refs:   Segment part 3
           ENTRY                   ADDRESS         REF BY
           =====                   =======         ======
           minus11                 000046B4 
    -------------------------------------------------------------------------
DATA_C
  Relative segment, address: CODE_AREA 000046B8 - 000047B7 (0x100 bytes), align: 2
  Segment part 24.            Intra module refs:   FindBCFGByNS
           ENTRY                   ADDRESS         REF BY
           =====                   =======         ======
           table_T9Key             000046B8        FindFLISTtByNS (visual)
    -------------------------------------------------------------------------
DATA_C
  Relative segment, address: CODE_AREA 000047B8 - 00004A0F (0x258 bytes), align: 2
  Segment part 32.            Intra module refs:   char16to8
           ENTRY                   ADDRESS         REF BY
           =====                   =======         ======
           unicode2char            000047B8 
    -------------------------------------------------------------------------
CODE
  Relative segment, address: CODE_AREA 000025B0 - 000025FF (0x50 bytes), align: 2
  Segment part 83.            Intra module refs:   ed1_ghook
           ENTRY                   ADDRESS         REF BY
           =====                   =======         ======
           char16to8               000025B0 
    -------------------------------------------------------------------------
CODE
  Segment part 84. NOT NEEDED.
    -------------------------------------------------------------------------
CODE
  Relative segment, address: CODE_AREA 00002600 - 0000267F (0x80 bytes), align: 2
  Segment part 85.            Intra module refs:   main
                                                   maincsm_oncreate
                                                   selbcfg_menu_onkey
           ENTRY                   ADDRESS         REF BY
           =====                   =======         ======
           UpdateCSMname           00002600 
               stack 1 = 00000000 ( 0000000C )
    -------------------------------------------------------------------------
CODE
  Relative segment, address: CODE_AREA 00002680 - 00002683 (0x4 bytes), align: 2
  Segment part 86.            Intra module refs:   UpdateCSMname
                                                   ed1_ghook
                                                   on_utf8ec
                                                   selbcfg_menu_iconhndl
    -------------------------------------------------------------------------
CODE
  Segment part 87. NOT NEEDED.
    -------------------------------------------------------------------------
CODE
  Relative segment, address: CODE_AREA 00002684 - 000026A3 (0x20 bytes), align: 2
  Segment part 88.            Intra module refs:   LoadCfg
           ENTRY                   ADDRESS         REF BY
           =====                   =======         ======
           ErrorMsg                00002684 
               stack 1 = 00000000 ( 00000008 )
    -------------------------------------------------------------------------
CODE
  Segment part 89. NOT NEEDED.
    -------------------------------------------------------------------------
DATA_I
  Relative segment, address: DATA_AREA 00000000 - 00000A6F (0xa70 bytes), align: 2
  Segment part 15.            Intra module refs:   Segment part 16
                                                   Segment part 28
                                                   Segment part 79
                                                   Segment part 91
                                                   create_ed
           ENTRY                   ADDRESS         REF BY
           =====                   =======         ======
           T9Key                   000009F4 
           bcfg_hdr_text           00000A14 
           bcfgmenu_sk_r           00000A34 
           cfg                     000000A4 
           cfg_h                   000000AC 
           cfg_name                000008C4 
           ed1_desc                00000000 
           ed1_hdr                 00000038 
           ews                     000008B0 
           level                   00000060 
           levelstack              00000064 
           maincsm_id              000008B4 
           picpath                 000009C4        method0_rect (visual)
           prev_bcfg_itemcount     000008C0 
           sbtop                   000008B8 
           sel_bcfg_id             000008BC 
           selbcfg_HDR             0000004C 
           selbcfg_STRUCT          00000A44 
           size_cfg                000000A8 
           total_items             000008AC 
    -------------------------------------------------------------------------
DATA_I
  Segment part 17. NOT NEEDED.
           ENTRY                   ADDRESS         REF BY
           =====                   =======         ======
           icon                    
    -------------------------------------------------------------------------
DATA_I
  Relative segment, address: DATA_AREA 00000A70 - 00000A87 (0x18 bytes), align: 2
  Segment part 20.            Intra module refs:   Segment part 23
           ENTRY                   ADDRESS         REF BY
           =====                   =======         ======
           menu_sk                 00000A70 
    -------------------------------------------------------------------------
DATA_I
  Relative segment, address: DATA_AREA 00000A88 - 00000A8F (0x8 bytes), align: 2
  Segment part 22.            Intra module refs:   Segment part 16
           ENTRY                   ADDRESS         REF BY
           =====                   =======         ======
           menu_skt                00000A88 
    -------------------------------------------------------------------------
DATA_I
  Relative segment, address: DATA_AREA 00000A90 - 00000A9B (0xc bytes), align: 2
  Segment part 25.            Intra module refs:   Segment part 16
           ENTRY                   ADDRESS         REF BY
           =====                   =======         ======
           selbcfg_softkeys        00000A90 
    -------------------------------------------------------------------------
DATA_I
  Relative segment, address: DATA_AREA 00000A9C - 00000AB3 (0x18 bytes), align: 2
  Segment part 27.            Intra module refs:   Segment part 30
           ENTRY                   ADDRESS         REF BY
           =====                   =======         ======
           selbcfg_sk              00000A9C 
    -------------------------------------------------------------------------
DATA_I
  Relative segment, address: DATA_AREA 00000AB4 - 00000ABB (0x8 bytes), align: 2
  Segment part 29.            Intra module refs:   Segment part 16
           ENTRY                   ADDRESS         REF BY
           =====                   =======         ======
           selbcfg_skt             00000AB4 
    -------------------------------------------------------------------------
CODE
  Relative segment, address: CODE_AREA 000026A4 - 00002713 (0x70 bytes), align: 2
  Segment part 90.
           ENTRY                   ADDRESS         REF BY
           =====                   =======         ======
           main                    000026A4        Absolute parts (?ABS_ENTRY_MOD)
               stack 1 = 00000000 ( 0000003C )
    -------------------------------------------------------------------------
CODE
  Relative segment, address: CODE_AREA 00002714 - 00002717 (0x4 bytes), align: 2
  Segment part 91.            Intra module refs:   main
                                                   maincsm_onmessage
    -------------------------------------------------------------------------
CODE
  Segment part 92. NOT NEEDED.
    -------------------------------------------------------------------------
CODE
  Relative segment, address: CODE_AREA 00002718 - 0000274B (0x34 bytes), align: 2
  Segment part 93.            Intra module refs:   create_ed
           ENTRY                   ADDRESS         REF BY
           =====                   =======         ======
           getnumwidth             00002718 
    -------------------------------------------------------------------------
CODE
  Segment part 94. NOT NEEDED.
    -------------------------------------------------------------------------
CODE
  Relative segment, address: CODE_AREA 0000274C - 00003067 (0x91c bytes), align: 2
  Segment part 95.            Intra module refs:   maincsm_oncreate
                                                   maincsm_onmessage
                                                   selbcfg_menu_onkey
           ENTRY                   ADDRESS         REF BY
           =====                   =======         ======
           create_ed               0000274C 
               stack 1 = 00000000 ( 000000C0 )
    -------------------------------------------------------------------------
CODE
  Relative segment, address: CODE_AREA 00003068 - 0000306B (0x4 bytes), align: 2
  Segment part 96.            Intra module refs:   create_ed
    -------------------------------------------------------------------------
CODE
  Segment part 97. NOT NEEDED.Intra module refs:   IsFieldCorrect
    -------------------------------------------------------------------------
CODE
  Segment part 98. NOT NEEDED.Intra module refs:   IsFieldCorrect
                                                   ed1_ghook
    -------------------------------------------------------------------------
CODE
  Segment part 99. NOT NEEDED.Intra module refs:   IsFieldCorrect
                                                   ed1_ghook
    -------------------------------------------------------------------------
CODE
  Segment part 100. NOT NEEDED.Intra module refs   on_utf8ec
    -------------------------------------------------------------------------
CODE
  Segment part 101. NOT NEEDED.Intra module refs   ed1_onkey
    -------------------------------------------------------------------------
CODE
  Segment part 102. NOT NEEDED.Intra module refs   ed1_onkey
    -------------------------------------------------------------------------
CODE
  Segment part 103. NOT NEEDED.Intra module refs   ed1_onkey
    -------------------------------------------------------------------------
CODE
  Segment part 104. NOT NEEDED.Intra module refs   CreateSelectBCFGMenu
    -------------------------------------------------------------------------
CODE
  Segment part 105. NOT NEEDED.Intra module refs   Killer
    -------------------------------------------------------------------------
CSTACK
  Segment part 1. NOT NEEDED.
    -------------------------------------------------------------------------
DATA_ID
  Relative segment, address: CODE_AREA 00000000 - 00000A6F (0xa70 bytes), align: 2
  Segment part 16.            Intra module refs:   Segment part 15
    -------------------------------------------------------------------------
DATA_ID
  Segment part 18. NOT NEEDED.
    -------------------------------------------------------------------------
DATA_ID
  Relative segment, address: CODE_AREA 00000A70 - 00000A87 (0x18 bytes), align: 2
  Segment part 21.            Intra module refs:   menu_sk
    -------------------------------------------------------------------------
DATA_ID
  Relative segment, address: CODE_AREA 00000A88 - 00000A8F (0x8 bytes), align: 2
  Segment part 23.            Intra module refs:   menu_skt
    -------------------------------------------------------------------------
DATA_ID
  Relative segment, address: CODE_AREA 00000A90 - 00000A9B (0xc bytes), align: 2
  Segment part 26.            Intra module refs:   selbcfg_softkeys
    -------------------------------------------------------------------------
DATA_ID
  Relative segment, address: CODE_AREA 00000A9C - 00000AB3 (0x18 bytes), align: 2
  Segment part 28.            Intra module refs:   selbcfg_sk
    -------------------------------------------------------------------------
DATA_ID
  Relative segment, address: CODE_AREA 00000AB4 - 00000ABB (0x8 bytes), align: 2
  Segment part 30.            Intra module refs:   selbcfg_skt
    -------------------------------------------------------------------------
INITTAB
  Relative segment, address: CODE_AREA 00004AFC - 00004B07 (0xc bytes), align: 2
  Segment part 106. ROOT.
           ENTRY                   ADDRESS         REF BY
           =====                   =======         ======
           ?init?tab?DATA_Z        00004AFC 
    -------------------------------------------------------------------------
DATA_ID
  Segment part 107. NOT NEEDED.
           ENTRY                   ADDRESS         REF BY
           =====                   =======         ======
           ?*?DATA_ID              
    -------------------------------------------------------------------------
INITTAB
  Relative segment, address: CODE_AREA 00004B08 - 00004B13 (0xc bytes), align: 2
  Segment part 108. ROOT.
           ENTRY                   ADDRESS         REF BY
           =====                   =======         ======
           ?init?tab?DATA_I        00004B08 

    *************************************************************************

  FILE NAME : D:\pasha\elf\SVN2\CfgEdit\Release_ELKA\Obj\visual.r79
  PROGRAM MODULE, NAME : visual

  SEGMENTS IN THE MODULE
  ======================
DATA_I
  Relative segment, address: DATA_AREA 00000ABC - 00000AD7 (0x1c bytes), align: 2
  Segment part 10.            Intra module refs:   method0_rect
           ENTRY                   ADDRESS         REF BY
           =====                   =======         ======
           black                   00000ACC        method0_2 (color)
           colors                  00000ABC        method0_2 (color)
           transparent             00000AD4        method0_2 (color)
           white                   00000AD0        method0_2 (color)
    -------------------------------------------------------------------------
DATA_C
  Relative segment, address: CODE_AREA 00004A10 - 00004A17 (0x8 bytes), align: 2
  Segment part 2.             Intra module refs:   Segment part 19
    -------------------------------------------------------------------------
DATA_C
  Relative segment, address: CODE_AREA 00004A18 - 00004A2B (0x14 bytes), align: 2
  Segment part 3.             Intra module refs:   Segment part 19
                                                   UpdateFListHeader
    -------------------------------------------------------------------------
DATA_C
  Relative segment, address: CODE_AREA 00004AF9 - 00004AFA (0x2 bytes), align: 0
  Segment part 4.             Intra module refs:   Segment part 19
    -------------------------------------------------------------------------
DATA_C
  Relative segment, address: CODE_AREA 00004A2C - 00004A4B (0x20 bytes), align: 2
  Segment part 5.             Intra module refs:   method0_rect
           ENTRY                   ADDRESS         REF BY
           =====                   =======         ======
           imgPointer              00004A40 
    -------------------------------------------------------------------------
CODE
  Segment part 22. NOT NEEDED.
    -------------------------------------------------------------------------
CODE
  Relative segment, address: CODE_AREA 0000306C - 000030C7 (0x5c bytes), align: 2
  Segment part 23.            Intra module refs:   method0_rect
           ENTRY                   ADDRESS         REF BY
           =====                   =======         ======
           DrwImg                  0000306C 
               stack 1 = 00000000 ( 00000040 )
    -------------------------------------------------------------------------
CODE
  Segment part 24. NOT NEEDED.
    -------------------------------------------------------------------------
CODE
  Relative segment, address: CODE_AREA 000030C8 - 0000334B (0x284 bytes), align: 2
  Segment part 25.            Intra module refs:   Segment part 13
           ENTRY                   ADDRESS         REF BY
           =====                   =======         ======
           method0_rect            000030C8 
               stack 1 = 00000000 ( 00000068 )
    -------------------------------------------------------------------------
CODE
  Segment part 26. NOT NEEDED.
    -------------------------------------------------------------------------
CODE
  Relative segment, address: CODE_AREA 0000334C - 0000336B (0x20 bytes), align: 2
  Segment part 27.            Intra module refs:   Segment part 13
           ENTRY                   ADDRESS         REF BY
           =====                   =======         ======
           method1_rect            0000334C 
               stack 1 = 00000000 ( 00000008 )
    -------------------------------------------------------------------------
CODE
  Segment part 28. NOT NEEDED.
    -------------------------------------------------------------------------
CODE
  Relative segment, address: CODE_AREA 0000336C - 00003387 (0x1c bytes), align: 2
  Segment part 29.            Intra module refs:   Segment part 13
           ENTRY                   ADDRESS         REF BY
           =====                   =======         ======
           method2_rect            0000336C 
               stack 1 = 00000000 ( 00000008 )
    -------------------------------------------------------------------------
CODE
  Segment part 30. NOT NEEDED.
    -------------------------------------------------------------------------
CODE
  Relative segment, address: CODE_AREA 00003388 - 000033A3 (0x1c bytes), align: 2
  Segment part 31.            Intra module refs:   Segment part 13
           ENTRY                   ADDRESS         REF BY
           =====                   =======         ======
           method3_rect            00003388 
               stack 1 = 00000000 ( 00000008 )
    -------------------------------------------------------------------------
CODE
  Segment part 32. NOT NEEDED.
    -------------------------------------------------------------------------
CODE
  Relative segment, address: CODE_AREA 000033A4 - 000033B7 (0x14 bytes), align: 2
  Segment part 33.            Intra module refs:   Segment part 13
           ENTRY                   ADDRESS         REF BY
           =====                   =======         ======
           method4_rect            000033A4 
    -------------------------------------------------------------------------
CODE
  Segment part 34. NOT NEEDED.
    -------------------------------------------------------------------------
CODE
  Relative segment, address: CODE_AREA 000033B8 - 0000363F (0x288 bytes), align: 2
  Segment part 35.            Intra module refs:   Segment part 13
           ENTRY                   ADDRESS         REF BY
           =====                   =======         ======
           method5_rect            000033B8 
               stack 1 = 00000000 ( 00000014 )
    -------------------------------------------------------------------------
CODE
  Segment part 36. NOT NEEDED.
    -------------------------------------------------------------------------
CODE
  Relative segment, address: CODE_AREA 00003640 - 00003643 (0x4 bytes), align: 2
  Segment part 37.            Intra module refs:   Segment part 13
           ENTRY                   ADDRESS         REF BY
           =====                   =======         ======
           method7_rect            00003640 
               stack 1 = 00000000 ( 00000004 )
    -------------------------------------------------------------------------
CODE
  Segment part 38. NOT NEEDED.
    -------------------------------------------------------------------------
CODE
  Relative segment, address: CODE_AREA 00003644 - 0000364B (0x8 bytes), align: 2
  Segment part 39.            Intra module refs:   Segment part 13
           ENTRY                   ADDRESS         REF BY
           =====                   =======         ======
           method8_rect            00003644 
    -------------------------------------------------------------------------
CODE
  Segment part 40. NOT NEEDED.
    -------------------------------------------------------------------------
CODE
  Relative segment, address: CODE_AREA 0000364C - 00003653 (0x8 bytes), align: 2
  Segment part 41.            Intra module refs:   Segment part 13
           ENTRY                   ADDRESS         REF BY
           =====                   =======         ======
           method9_rect            0000364C 
    -------------------------------------------------------------------------
CODE
  Segment part 42. NOT NEEDED.
    -------------------------------------------------------------------------
CODE
  Relative segment, address: CODE_AREA 00003654 - 00003713 (0xc0 bytes), align: 2
  Segment part 43.
           ENTRY                   ADDRESS         REF BY
           =====                   =======         ======
           EditCoordinates         00003654        ed1_onkey (main)
               stack 1 = 00000000 ( 00000010 )
    -------------------------------------------------------------------------
CODE
  Segment part 44. NOT NEEDED.
    -------------------------------------------------------------------------
CODE
  Relative segment, address: CODE_AREA 00003714 - 0000374F (0x3c bytes), align: 2
  Segment part 45.            Intra module refs:   CreateRootMenu
                                                   FindFiles
                                                   filelist_menu_ghook
           ENTRY                   ADDRESS         REF BY
           =====                   =======         ======
           Free_FLIST              00003714 
               stack 1 = 00000000 ( 00000008 )
    -------------------------------------------------------------------------
CODE
  Segment part 46. NOT NEEDED.
    -------------------------------------------------------------------------
DATA_C
  Relative segment, address: CODE_AREA 00004A4C - 00004A57 (0xc bytes), align: 2
  Segment part 6.             Intra module refs:   FindFiles
                                                   filelist_menu_onkey
           ENTRY                   ADDRESS         REF BY
           =====                   =======         ======
           back                    00004A4C 
    -------------------------------------------------------------------------
DATA_C
  Segment part 7. NOT NEEDED.
    -------------------------------------------------------------------------
DATA_C
  Relative segment, address: CODE_AREA 00004A58 - 00004A5F (0x8 bytes), align: 2
  Segment part 8.             Intra module refs:   filelist_menu_iconhndl
    -------------------------------------------------------------------------
DATA_C
  Relative segment, address: CODE_AREA 00004A60 - 00004A67 (0x8 bytes), align: 2
  Segment part 9.             Intra module refs:   CreateRootMenu
    -------------------------------------------------------------------------
DATA_C
  Relative segment, address: CODE_AREA 00004A68 - 00004A6F (0x8 bytes), align: 2
  Segment part 12.            Intra module refs:   imgPointer
           ENTRY                   ADDRESS         REF BY
           =====                   =======         ======
           Pointer                 00004A68 
    -------------------------------------------------------------------------
DATA_C
  Relative segment, address: CODE_AREA 00004A70 - 00004AA3 (0x34 bytes), align: 2
  Segment part 13.            Intra module refs:   EditCoordinates
           ENTRY                   ADDRESS         REF BY
           =====                   =======         ======
           Canvas_1                00004A70 
           gui_methods_rect        00004A78 
    -------------------------------------------------------------------------
CODE
  Relative segment, address: CODE_AREA 00003750 - 0000377F (0x30 bytes), align: 2
  Segment part 47.            Intra module refs:   AddToFList
           ENTRY                   ADDRESS         REF BY
           =====                   =======         ======
           strcmp_nocase           00003750        CreateSelectBCFGMenu (main)
    -------------------------------------------------------------------------
CODE
  Segment part 48. NOT NEEDED.
    -------------------------------------------------------------------------
CODE
  Relative segment, address: CODE_AREA 00003780 - 0000383F (0xc0 bytes), align: 2
  Segment part 49.            Intra module refs:   CreateRootMenu
                                                   FindFiles
           ENTRY                   ADDRESS         REF BY
           =====                   =======         ======
           AddToFList              00003780 
               stack 1 = 00000000 ( 00000018 )
    -------------------------------------------------------------------------
CODE
  Segment part 50. NOT NEEDED.
    -------------------------------------------------------------------------
CODE
  Relative segment, address: CODE_AREA 00003840 - 000039D3 (0x194 bytes), align: 2
  Segment part 51.            Intra module refs:   filelist_menu_onkey
                                                   open_select_file_gui
           ENTRY                   ADDRESS         REF BY
           =====                   =======         ======
           FindFiles               00003840 
               stack 1 = 00000000 ( 000004E4 )
    -------------------------------------------------------------------------
CODE
  Segment part 52. NOT NEEDED.
    -------------------------------------------------------------------------
CODE
  Relative segment, address: CODE_AREA 000039D4 - 00003A63 (0x90 bytes), align: 2
  Segment part 53.            Intra module refs:   CountFList
                                                   FindFLISTtByN
           ENTRY                   ADDRESS         REF BY
           =====                   =======         ======
           FindFLISTtByNS          000039D4 
               stack 1 = 00000000 ( 00000010 )
    -------------------------------------------------------------------------
CODE
  Segment part 54. NOT NEEDED.
    -------------------------------------------------------------------------
CODE
  Relative segment, address: CODE_AREA 00003A64 - 00003AD3 (0x70 bytes), align: 2
  Segment part 55.            Intra module refs:   RecountFList
                                                   filelist_menu_iconhndl
                                                   filelist_menu_onkey
                                                   open_select_file_gui
           ENTRY                   ADDRESS         REF BY
           =====                   =======         ======
           UpdateFListHeader       00003A64 
               stack 1 = 00000000 ( 00000014 )
    -------------------------------------------------------------------------
CODE
  Segment part 56. NOT NEEDED.
    -------------------------------------------------------------------------
CODE
  Relative segment, address: CODE_AREA 00003AD4 - 00003B17 (0x44 bytes), align: 2
  Segment part 57.            Intra module refs:   RecountFList
           ENTRY                   ADDRESS         REF BY
           =====                   =======         ======
           CountFList              00003AD4 
               stack 1 = 00000000 ( 00000008 )
    -------------------------------------------------------------------------
CODE
  Segment part 58. NOT NEEDED.
    -------------------------------------------------------------------------
CODE
  Relative segment, address: CODE_AREA 00003B18 - 00003B7F (0x68 bytes), align: 2
  Segment part 59.            Intra module refs:   filelist_menu_onkey
           ENTRY                   ADDRESS         REF BY
           =====                   =======         ======
           RecountFList            00003B18 
               stack 1 = 00000000 ( 0000000C )
    -------------------------------------------------------------------------
CODE
  Segment part 60. NOT NEEDED.
    -------------------------------------------------------------------------
CODE
  Relative segment, address: CODE_AREA 00003B80 - 00003BD3 (0x54 bytes), align: 2
  Segment part 61.            Intra module refs:   filelist_menu_iconhndl
                                                   filelist_menu_onkey
           ENTRY                   ADDRESS         REF BY
           =====                   =======         ======
           FindFLISTtByN           00003B80 
               stack 1 = 00000000 ( 00000008 )
    -------------------------------------------------------------------------
CODE
  Segment part 62. NOT NEEDED.
    -------------------------------------------------------------------------
CODE
  Relative segment, address: CODE_AREA 00003BD4 - 00003C1F (0x4c bytes), align: 2
  Segment part 63.            Intra module refs:   filelist_menu_onkey
           ENTRY                   ADDRESS         REF BY
           =====                   =======         ======
           SavePath                00003BD4 
               stack 1 = 00000000 ( 0000003C )
    -------------------------------------------------------------------------
CODE
  Segment part 64. NOT NEEDED.
    -------------------------------------------------------------------------
CODE
  Relative segment, address: CODE_AREA 00003C20 - 00003DAF (0x190 bytes), align: 2
  Segment part 65.            Intra module refs:   Segment part 15
           ENTRY                   ADDRESS         REF BY
           =====                   =======         ======
           filelist_menu_onkey     00003C20 
               stack 1 = 00000000 ( 0000001C )
    -------------------------------------------------------------------------
CODE
  Relative segment, address: CODE_AREA 00003DB0 - 00003DB3 (0x4 bytes), align: 2
  Segment part 66.            Intra module refs:   AddToFList
                                                   FindFLISTtByNS
                                                   Free_FLIST
                                                   RecountFList
                                                   UpdateFListHeader
                                                   filelist_menu_onkey
    -------------------------------------------------------------------------
CODE
  Segment part 67. NOT NEEDED.
    -------------------------------------------------------------------------
CODE
  Relative segment, address: CODE_AREA 00003DB4 - 00003DEB (0x38 bytes), align: 2
  Segment part 68.            Intra module refs:   Segment part 15
           ENTRY                   ADDRESS         REF BY
           =====                   =======         ======
           filelist_menu_ghook     00003DB4 
               stack 1 = 00000000 ( 0000000C )
    -------------------------------------------------------------------------
CODE
  Segment part 69. NOT NEEDED.
    -------------------------------------------------------------------------
CODE
  Relative segment, address: CODE_AREA 00003DEC - 00003EBF (0xd4 bytes), align: 2
  Segment part 70.            Intra module refs:   Segment part 15
           ENTRY                   ADDRESS         REF BY
           =====                   =======         ======
           filelist_menu_iconhndl
                                   00003DEC 
               stack 1 = 00000000 ( 0000001C )
    -------------------------------------------------------------------------
CODE
  Segment part 71. NOT NEEDED.
    -------------------------------------------------------------------------
DATA_I
  Relative segment, address: DATA_AREA 00000AD8 - 00000CD3 (0x1fc bytes), align: 2
  Segment part 14.            Intra module refs:   CreateRootMenu
                                                   Segment part 15
                                                   Segment part 66
                                                   open_select_file_gui
           ENTRY                   ADDRESS         REF BY
           =====                   =======         ======
           FListT9Key              00000C88 
           filelist_HDR            00000AD8 
           filelist_STRUCT         00000CA8 
           flist_hdr_text          00000B78 
           flist_header            00000C08 
           flist_id                00000AF0 
           flist_prev_itemcount    00000AF4 
           flist_sk_r              00000BF8 
           fltop                   00000AEC 
           header                  00000AF8 
    -------------------------------------------------------------------------
DATA_I
  Relative segment, address: DATA_AREA 00000CD4 - 00000CDF (0xc bytes), align: 2
  Segment part 16.            Intra module refs:   Segment part 15
           ENTRY                   ADDRESS         REF BY
           =====                   =======         ======
           fmenusoftkeys           00000CD4 
    -------------------------------------------------------------------------
DATA_I
  Relative segment, address: DATA_AREA 00000CE0 - 00000CF7 (0x18 bytes), align: 2
  Segment part 18.            Intra module refs:   Segment part 21
           ENTRY                   ADDRESS         REF BY
           =====                   =======         ======
           fmenu_sk                00000CE0 
    -------------------------------------------------------------------------
DATA_I
  Relative segment, address: DATA_AREA 00000CF8 - 00000CFF (0x8 bytes), align: 2
  Segment part 20.            Intra module refs:   Segment part 15
           ENTRY                   ADDRESS         REF BY
           =====                   =======         ======
           fmenu_skt               00000CF8 
    -------------------------------------------------------------------------
CODE
  Relative segment, address: CODE_AREA 00003EC0 - 00003F47 (0x88 bytes), align: 2
  Segment part 72.            Intra module refs:   filelist_menu_onkey
                                                   open_select_file_gui
           ENTRY                   ADDRESS         REF BY
           =====                   =======         ======
           CreateRootMenu          00003EC0 
               stack 1 = 00000000 ( 00000030 )
    -------------------------------------------------------------------------
CODE
  Segment part 73. NOT NEEDED.
    -------------------------------------------------------------------------
CODE
  Relative segment, address: CODE_AREA 00003F48 - 00004067 (0x120 bytes), align: 2
  Segment part 74.
           ENTRY                   ADDRESS         REF BY
           =====                   =======         ======
           open_select_file_gui    00003F48        on_utf8ec (main)
               stack 1 = 00000000 ( 000000D4 )
    -------------------------------------------------------------------------
CODE
  Segment part 75. NOT NEEDED.Intra module refs:   method7_rect
    -------------------------------------------------------------------------
CODE
  Segment part 76. NOT NEEDED.Intra module refs:   filelist_menu_onkey
    -------------------------------------------------------------------------
CODE
  Segment part 77. NOT NEEDED.Intra module refs:   filelist_menu_onkey
    -------------------------------------------------------------------------
CODE
  Segment part 78. NOT NEEDED.Intra module refs:   filelist_menu_onkey
    -------------------------------------------------------------------------
CSTACK
  Segment part 1. NOT NEEDED.
    -------------------------------------------------------------------------
DATA_ID
  Relative segment, address: CODE_AREA 00000ABC - 00000AD7 (0x1c bytes), align: 2
  Segment part 11.            Intra module refs:   Segment part 10
    -------------------------------------------------------------------------
DATA_ID
  Relative segment, address: CODE_AREA 00000AD8 - 00000CD3 (0x1fc bytes), align: 2
  Segment part 15.            Intra module refs:   Segment part 14
    -------------------------------------------------------------------------
DATA_ID
  Relative segment, address: CODE_AREA 00000CD4 - 00000CDF (0xc bytes), align: 2
  Segment part 17.            Intra module refs:   fmenusoftkeys
    -------------------------------------------------------------------------
DATA_ID
  Relative segment, address: CODE_AREA 00000CE0 - 00000CF7 (0x18 bytes), align: 2
  Segment part 19.            Intra module refs:   fmenu_sk
    -------------------------------------------------------------------------
DATA_ID
  Relative segment, address: CODE_AREA 00000CF8 - 00000CFF (0x8 bytes), align: 2
  Segment part 21.            Intra module refs:   fmenu_skt
    -------------------------------------------------------------------------
DATA_ID
  Segment part 79. TENTATIVE. Used definition from main
           ENTRY                   ADDRESS         REF BY
           =====                   =======         ======
           ?*?DATA_ID              
    -------------------------------------------------------------------------
INITTAB
  Segment part 80. TENTATIVE. Used definition from main
           ENTRY                   ADDRESS         REF BY
           =====                   =======         ======
           ?init?tab?DATA_I        

    *************************************************************************

  FILE NAME : D:\pasha\Embedded Workbench 4.0 Evaluation2\ARM\LIB\dl5tpainl8n.r79
  LIBRARY MODULE, NAME : ?errno

  SEGMENTS IN THE MODULE
  ======================
DATA_Z
  Relative segment, address: CODE_AREA 00004C2C - 00004C33 (0x8 bytes), align: 2
  Segment part 2.             Intra module refs:   _Geterrno
           ENTRY                   ADDRESS         REF BY
           =====                   =======         ======
           _Errno                  00004C30 
           _Tls_setup__Errno       00004C2C 
    -------------------------------------------------------------------------
CODE
  Segment part 3. NOT NEEDED.
    -------------------------------------------------------------------------
CODE
  Relative segment, address: CODE_AREA 00004068 - 0000408B (0x24 bytes), align: 2
  Segment part 4.
           ENTRY                   ADDRESS         REF BY
           =====                   =======         ======
           _Geterrno               00004068        IsFieldCorrect (main)
                                                   _Stoul (?xstoul)
                                                   strtol (?strtol)
               stack 1 = 00000000 ( 00000008 )
    -------------------------------------------------------------------------
CSTACK
  Segment part 1. NOT NEEDED.
    -------------------------------------------------------------------------
INITTAB
  Segment part 5. TENTATIVE. Used definition from main
           ENTRY                   ADDRESS         REF BY
           =====                   =======         ======
           ?init?tab?DATA_Z        

    -------------------------------------------------------------------------
  LIBRARY MODULE, NAME : ?memchr

  SEGMENTS IN THE MODULE
  ======================
CODE
  Segment part 3. NOT NEEDED.
           ENTRY                   ADDRESS         REF BY
           =====                   =======         ======
           memchr                  
               not allocated function
    -------------------------------------------------------------------------
CODE
  Segment part 4. NOT NEEDED.
    -------------------------------------------------------------------------
DATA_C
  Segment part 2. NOT NEEDED.
           ENTRY                   ADDRESS         REF BY
           =====                   =======         ======
           _Instansiator_memchr    
    -------------------------------------------------------------------------
CODE
  Relative segment, address: CODE_AREA 0000408C - 000040BB (0x30 bytes), align: 2
  Segment part 5.
           ENTRY                   ADDRESS         REF BY
           =====                   =======         ======
           _Memchr                 0000408C        _Stoul (?xstoul)
    -------------------------------------------------------------------------
CSTACK
  Segment part 1. NOT NEEDED.

    -------------------------------------------------------------------------
  LIBRARY MODULE, NAME : ?strtol

  SEGMENTS IN THE MODULE
  ======================
CODE
  Segment part 2. NOT NEEDED.
    -------------------------------------------------------------------------
CODE
  Relative segment, address: CODE_AREA 000040BC - 0000417F (0xc4 bytes), align: 2
  Segment part 3.
           ENTRY                   ADDRESS         REF BY
           =====                   =======         ======
           strtol                  000040BC        IsFieldCorrect (main)
                                                   ed1_ghook (main)
               stack 1 = 00000000 ( 00000018 )
    -------------------------------------------------------------------------
CODE
  Segment part 4. NOT NEEDED. Intra module refs:   strtol
[...]
                    : indirect calls (Is not an interrupt and is not flagged
                    : as not overlayable)
                             CSTACK
    | Stack used (prev) :  00000000
  01  method0_rect
      | Stack used (prev) :  00000000
      | + function block  :  00000068
  <-Sub-tree of type: Indirectly called function tree that does not make
                    : indirect calls (Is not an interrupt and is not flagged
                    : as not overlayable)
    | Stack used          :  00000068


  ->Sub-tree of type: Indirectly called function tree that does not make
                    : indirect calls (Is not an interrupt and is not flagged
                    : as not overlayable)
                             CSTACK
    | Stack used (prev) :  00000000
  01  method1_rect
      | Stack used (prev) :  00000000
      | + function block  :  00000008
  <-Sub-tree of type: Indirectly called function tree that does not make
                    : indirect calls (Is not an interrupt and is not flagged
                    : as not overlayable)
    | Stack used          :  00000008


  ->Sub-tree of type: Indirectly called function tree that does not make
                    : indirect calls (Is not an interrupt and is not flagged
                    : as not overlayable)
                             CSTACK
    | Stack used (prev) :  00000000
  01  method2_rect
      | Stack used (prev) :  00000000
      | + function block  :  00000008
  <-Sub-tree of type: Indirectly called function tree that does not make
                    : indirect calls (Is not an interrupt and is not flagged
                    : as not overlayable)
    | Stack used          :  00000008


  ->Sub-tree of type: Indirectly called function tree that does not make
                    : indirect calls (Is not an interrupt and is not flagged
                    : as not overlayable)
                             CSTACK
    | Stack used (prev) :  00000000
  01  method3_rect
      | Stack used (prev) :  00000000
      | + function block  :  00000008
  <-Sub-tree of type: Indirectly called function tree that does not make
                    : indirect calls (Is not an interrupt and is not flagged
                    : as not overlayable)
    | Stack used          :  00000008


  ->Sub-tree of type: Indirectly called function tree that does not make
                    : indirect calls (Is not an interrupt and is not flagged
                    : as not overlayable)
                             CSTACK
    | Stack used (prev) :  00000000
  01  method4_rect
      | Stack used (prev) :  00000000
      | + function block  :  00000000
  <-Sub-tree of type: Indirectly called function tree that does not make
                    : indirect calls (Is not an interrupt and is not flagged
                    : as not overlayable)
    | Stack used          :  00000000


  ->Sub-tree of type: Indirectly called function tree that does not make
                    : indirect calls (Is not an interrupt and is not flagged
                    : as not overlayable)
                             CSTACK
    | Stack used (prev) :  00000000
  01  method5_rect
      | Stack used (prev) :  00000000
      | + function block  :  00000014
  <-Sub-tree of type: Indirectly called function tree that does not make
                    : indirect calls (Is not an interrupt and is not flagged
                    : as not overlayable)
    | Stack used          :  00000014


  ->Sub-tree of type: Indirectly called function tree that does not make
                    : indirect calls (Is not an interrupt and is not flagged
                    : as not overlayable)
                             CSTACK
    | Stack used (prev) :  00000000
  01  method7_rect
      | Stack used (prev) :  00000000
      | + function block  :  00000004
  <-Sub-tree of type: Indirectly called function tree that does not make
                    : indirect calls (Is not an interrupt and is not flagged
                    : as not overlayable)
    | Stack used          :  00000004


  ->Sub-tree of type: Indirectly called function tree that does not make
                    : indirect calls (Is not an interrupt and is not flagged
                    : as not overlayable)
                             CSTACK
    | Stack used (prev) :  00000000
  01  method8_rect
      | Stack used (prev) :  00000000
      | + function block  :  00000000
  <-Sub-tree of type: Indirectly called function tree that does not make
                    : indirect calls (Is not an interrupt and is not flagged
                    : as not overlayable)
    | Stack used          :  00000000


  ->Sub-tree of type: Indirectly called function tree that does not make
                    : indirect calls (Is not an interrupt and is not flagged
                    : as not overlayable)
                             CSTACK
    | Stack used (prev) :  00000000
  01  method9_rect
      | Stack used (prev) :  00000000
      | + function block  :  00000000
  <-Sub-tree of type: Indirectly called function tree that does not make
                    : indirect calls (Is not an interrupt and is not flagged
                    : as not overlayable)
    | Stack used          :  00000000


  ->Sub-tree of type: Indirectly called function tree that does not make
                    : indirect calls (Is not an interrupt and is not flagged
                    : as not overlayable)
                             CSTACK
    | Stack used (prev) :  00000000
  01  filelist_menu_onkey
      | Stack used (prev) :  00000000
      | + function block  :  0000001C
  <-Sub-tree of type: Indirectly called function tree that does not make
                    : indirect calls (Is not an interrupt and is not flagged
                    : as not overlayable)
    | Stack used          :  0000001C


  ->Sub-tree of type: Indirectly called function tree that does not make
                    : indirect calls (Is not an interrupt and is not flagged
                    : as not overlayable)
                             CSTACK
    | Stack used (prev) :  00000000
  01  filelist_menu_ghook
      | Stack used (prev) :  00000000
      | + function block  :  0000000C
  <-Sub-tree of type: Indirectly called function tree that does not make
                    : indirect calls (Is not an interrupt and is not flagged
                    : as not overlayable)
    | Stack used          :  0000000C


  ->Sub-tree of type: Indirectly called function tree that does not make
                    : indirect calls (Is not an interrupt and is not flagged
                    : as not overlayable)
                             CSTACK
    | Stack used (prev) :  00000000
  01  filelist_menu_iconhndl
      | Stack used (prev) :  00000000
      | + function block  :  0000001C
  <-Sub-tree of type: Indirectly called function tree that does not make
                    : indirect calls (Is not an interrupt and is not flagged
                    : as not overlayable)
    | Stack used          :  0000001C


  ->Sub-tree of type: Indirectly called function tree that does not make
                    : indirect calls (Is not an interrupt and is not flagged
                    : as not overlayable)
                             CSTACK
    | Stack used (prev) :  00000000
  01  strtoul
      | Stack used (prev) :  00000000
      | + function block  :  00000008
  <-Sub-tree of type: Indirectly called function tree that does not make
                    : indirect calls (Is not an interrupt and is not flagged
                    : as not overlayable)
    | Stack used          :  00000008


  ->Sub-tree of type: Function tree
                             CSTACK
    | Stack used (prev) :  00000074
  01  EditColors
      | Stack used (prev) :  00000074
      | + function block  :  0000000C
  <-Sub-tree of type: Function tree
    | Stack used          :  00000080


  ->Sub-tree of type: Function tree
                             CSTACK
    | Stack used (prev) :  00000080
  01  GetKeyCodes
      | Stack used (prev) :  00000080
      | + function block  :  00000010
  <-Sub-tree of type: Function tree
    | Stack used          :  00000090


  ->Sub-tree of type: Function tree
                             CSTACK
    | Stack used (prev) :  00000090
  01  IsFieldCorrect
      | Stack used (prev) :  00000090
      | + function block  :  00000060
  <-Sub-tree of type: Function tree
    | Stack used          :  000000F0


  ->Sub-tree of type: Function tree
                             CSTACK
    | Stack used (prev) :  000000F0
  01  LoadCfg
      | Stack used (prev) :  000000F0
      | + function block  :  00000040
  <-Sub-tree of type: Function tree
    | Stack used          :  00000130


  ->Sub-tree of type: Function tree
                             CSTACK
    | Stack used (prev) :  00000130
  01  FindBCFGByNS
      | Stack used (prev) :  00000130
      | + function block  :  0000000C
  <-Sub-tree of type: Function tree
    | Stack used          :  0000013C


  ->Sub-tree of type: Function tree
                             CSTACK
    | Stack used (prev) :  0000013C
  01  CountBCFG
      | Stack used (prev) :  0000013C
      | + function block  :  00000008
  <-Sub-tree of type: Function tree
    | Stack used          :  00000144


  ->Sub-tree of type: Function tree
                             CSTACK
    | Stack used (prev) :  00000144
  01  UpdateBCFGHeader
      | Stack used (prev) :  00000144
      | + function block  :  00000018
  <-Sub-tree of type: Function tree
    | Stack used          :  0000015C


  ->Sub-tree of type: Function tree
                             CSTACK
    | Stack used (prev) :  0000015C
  01  ClearT9Key
      | Stack used (prev) :  0000015C
      | + function block  :  00000004
  <-Sub-tree of type: Function tree
    | Stack used          :  00000160


  ->Sub-tree of type: Function tree
                             CSTACK
    | Stack used (prev) :  00000160
  01  AddT9Key
      | Stack used (prev) :  00000160
      | + function block  :  0000000C
  <-Sub-tree of type: Function tree
    | Stack used          :  0000016C


  ->Sub-tree of type: Function tree
                             CSTACK
    | Stack used (prev) :  0000016C
  01  BackSpaceT9
      | Stack used (prev) :  0000016C
      | + function block  :  00000008
  <-Sub-tree of type: Function tree
    | Stack used          :  00000174


  ->Sub-tree of type: Function tree
                             CSTACK
    | Stack used (prev) :  00000174
  01  RecountMenuBCFG
      | Stack used (prev) :  00000174
      | + function block  :  0000000C
  <-Sub-tree of type: Function tree
    | Stack used          :  00000180


  ->Sub-tree of type: Function tree
                             CSTACK
    | Stack used (prev) :  00000180
  01  CreateSelectBCFGMenu
      | Stack used (prev) :  00000180
      | + function block  :  000003F8
  <-Sub-tree of type: Function tree
    | Stack used          :  00000578


  ->Sub-tree of type: Function tree
                             CSTACK
    | Stack used (prev) :  00000578
  01  SaveConfig
      | Stack used (prev) :  00000578
      | + function block  :  00000014
  <-Sub-tree of type: Function tree
    | Stack used          :  0000058C


  ->Sub-tree of type: Function tree
                             CSTACK
    | Stack used (prev) :  0000058C
  01  char16to8
      | Stack used (prev) :  0000058C
      | + function block  :  00000000
  <-Sub-tree of type: Function tree
    | Stack used          :  0000058C


  ->Sub-tree of type: Function tree
                             CSTACK
    | Stack used (prev) :  0000058C
  01  UpdateCSMname
      | Stack used (prev) :  0000058C
      | + function block  :  0000000C
  <-Sub-tree of type: Function tree
    | Stack used          :  00000598


  ->Sub-tree of type: Function tree
                             CSTACK
    | Stack used (prev) :  00000598
  01  ErrorMsg
      | Stack used (prev) :  00000598
      | + function block  :  00000008
  <-Sub-tree of type: Function tree
    | Stack used          :  000005A0


  ->Sub-tree of type: Function tree
                             CSTACK
    | Stack used (prev) :  000005A0
  01  main
      | Stack used (prev) :  000005A0
      | + function block  :  0000003C
  <-Sub-tree of type: Function tree
    | Stack used          :  000005DC


  ->Sub-tree of type: Function tree
                             CSTACK
    | Stack used (prev) :  000005DC
  01  getnumwidth
      | Stack used (prev) :  000005DC
      | + function block  :  00000000
  <-Sub-tree of type: Function tree
    | Stack used          :  000005DC


  ->Sub-tree of type: Function tree
                             CSTACK
    | Stack used (prev) :  000005DC
  01  create_ed
      | Stack used (prev) :  000005DC
      | + function block  :  000000C0
  <-Sub-tree of type: Function tree
    | Stack used          :  0000069C


  ->Sub-tree of type: Function tree
                             CSTACK
    | Stack used (prev) :  0000069C
  01  DrwImg
      | Stack used (prev) :  0000069C
      | + function block  :  00000040
  <-Sub-tree of type: Function tree
    | Stack used          :  000006DC


  ->Sub-tree of type: Function tree
                             CSTACK
    | Stack used (prev) :  000006DC
  01  EditCoordinates
      | Stack used (prev) :  000006DC
      | + function block  :  00000010
  <-Sub-tree of type: Function tree
    | Stack used          :  000006EC


  ->Sub-tree of type: Function tree
                             CSTACK
    | Stack used (prev) :  000006EC
  01  Free_FLIST
      | Stack used (prev) :  000006EC
      | + function block  :  00000008
  <-Sub-tree of type: Function tree
    | Stack used          :  000006F4


  ->Sub-tree of type: Function tree
                             CSTACK
    | Stack used (prev) :  000006F4
  01  strcmp_nocase
      | Stack used (prev) :  000006F4
      | + function block  :  00000000
  <-Sub-tree of type: Function tree
    | Stack used          :  000006F4


  ->Sub-tree of type: Function tree
                             CSTACK
    | Stack used (prev) :  000006F4
  01  AddToFList
      | Stack used (prev) :  000006F4
      | + function block  :  00000018
  <-Sub-tree of type: Function tree
    | Stack used          :  0000070C


  ->Sub-tree of type: Function tree
                             CSTACK
    | Stack used (prev) :  0000070C
  01  FindFiles
      | Stack used (prev) :  0000070C
      | + function block  :  000004E4
  <-Sub-tree of type: Function tree
    | Stack used          :  00000BF0


  ->Sub-tree of type: Function tree
                             CSTACK
    | Stack used (prev) :  00000BF0
  01  FindFLISTtByNS
      | Stack used (prev) :  00000BF0
      | + function block  :  00000010
  <-Sub-tree of type: Function tree
    | Stack used          :  00000C00


  ->Sub-tree of type: Function tree
                             CSTACK
    | Stack used (prev) :  00000C00
  01  UpdateFListHeader
      | Stack used (prev) :  00000C00
      | + function block  :  00000014
  <-Sub-tree of type: Function tree
    | Stack used          :  00000C14


  ->Sub-tree of type: Function tree
                             CSTACK
    | Stack used (prev) :  00000C14
  01  CountFList
      | Stack used (prev) :  00000C14
      | + function block  :  00000008
  <-Sub-tree of type: Function tree
    | Stack used          :  00000C1C


  ->Sub-tree of type: Function tree
                             CSTACK
    | Stack used (prev) :  00000C1C
  01  RecountFList
      | Stack used (prev) :  00000C1C
      | + function block  :  0000000C
  <-Sub-tree of type: Function tree
    | Stack used          :  00000C28


  ->Sub-tree of type: Function tree
                             CSTACK
    | Stack used (prev) :  00000C28
  01  FindFLISTtByN
      | Stack used (prev) :  00000C28
      | + function block  :  00000008
  <-Sub-tree of type: Function tree
    | Stack used          :  00000C30


  ->Sub-tree of type: Function tree
                             CSTACK
    | Stack used (prev) :  00000C30
  01  SavePath
      | Stack used (prev) :  00000C30
      | + function block  :  0000003C
  <-Sub-tree of type: Function tree
    | Stack used          :  00000C6C


  ->Sub-tree of type: Function tree
                             CSTACK
    | Stack used (prev) :  00000C6C
  01  CreateRootMenu
      | Stack used (prev) :  00000C6C
      | + function block  :  00000030
  <-Sub-tree of type: Function tree
    | Stack used          :  00000C9C


  ->Sub-tree of type: Function tree
                             CSTACK
    | Stack used (prev) :  00000C9C
  01  open_select_file_gui
      | Stack used (prev) :  00000C9C
      | + function block  :  000000D4
  <-Sub-tree of type: Function tree
    | Stack used          :  00000D70


  ->Sub-tree of type: Function tree
                             CSTACK
    | Stack used (prev) :  00000D70
  01  _Geterrno
      | Stack used (prev) :  00000D70
      | + function block  :  00000008
  <-Sub-tree of type: Function tree
    | Stack used          :  00000D78


  ->Sub-tree of type: Function tree
                             CSTACK
    | Stack used (prev) :  00000D78
  01  _Memchr
      | Stack used (prev) :  00000D78
      | + function block  :  00000000
  <-Sub-tree of type: Function tree
    | Stack used          :  00000D78


  ->Sub-tree of type: Function tree
                             CSTACK
    | Stack used (prev) :  00000D78
  01  strtol
      | Stack used (prev) :  00000D78
      | + function block  :  00000018
  <-Sub-tree of type: Function tree
    | Stack used          :  00000D90


  ->Sub-tree of type: Function tree
                             CSTACK
    | Stack used (prev) :  00000D90
  01  _Stoul
      | Stack used (prev) :  00000D90
      | + function block  :  00000030
  <-Sub-tree of type: Function tree
    | Stack used          :  00000DC0




                ****************************************
                *                                      *
                *      SEGMENTS IN ADDRESS ORDER       *
                *                                      *
                ****************************************


SEGMENT              SPACE    START ADDRESS   END ADDRESS     SIZE  TYPE  ALIGN
=======              =====    =============   ===========     ====  ====  =====
ELFBEGIN             CODE_AREA           00000000                     rel    0
DATA_ID              CODE_AREA      00000000 - 00000CFF         D00   rel    2
START                CODE_AREA           00000D00                     dse    0
CODE                 CODE_AREA      00000D00 - 00004423        3724   rel    2
DATA_C               CODE_AREA      00004424 - 00004AFA         6D7   rel    2
INITTAB              CODE_AREA      00004AFC - 00004B13          18   rel    2
DATA_Z               CODE_AREA      00004B14 - 00004C33         120   rel    2
DATA_I               DATA_AREA      00000000 - 00000CFF         D00   rel    2

                ****************************************
                *                                      *
                *        END OF CROSS REFERENCE        *
                *                                      *
                ****************************************

 19 507 bytes of CODE memory
  3 328 bytes of DATA memory

Errors: none
Warnings: none

