################################################################################
#                                                                              #
#      IAR Universal Linker V4.60I/386                                         #
#                                                                              #
#           Link time     =  08/Aug/2012  15:38:38                             #
#           Target CPU    =  ARM                                               #
#           List file     =  C:\arm\google_maps\Release\List\map_NSG.map       #
#           Output file 1 =  C:\arm\google_maps\Release\Exe\map_NSG.elf        #
#                            Format: elf, variant: -ynpra                      #
#           Command line  =  C:\arm\google_maps\Release\Obj\cache.r79          #
#                            C:\arm\google_maps\Release\Obj\conf_loader.r79    #
#                            C:\arm\google_maps\Release\Obj\config_data.r79    #
#                            C:\arm\google_maps\Release\Obj\draw.r79           #
#                            C:\arm\google_maps\Release\Obj\func.r79           #
#                            C:\arm\google_maps\Release\Obj\image.r79          #
#                            C:\arm\google_maps\Release\Obj\include.r79        #
#                            C:\arm\google_maps\Release\Obj\inet.r79           #
#                            C:\arm\google_maps\Release\Obj\language.r79       #
#                            C:\arm\google_maps\Release\Obj\main.r79           #
#                            C:\arm\google_maps\Release\Obj\map.r79            #
#                            C:\arm\google_maps\Release\Obj\string_works.r79   #
#                            -o C:\arm\google_maps\Release\Exe\map_NSG.elf     #
#                            -Felf -l                                          #
#                            C:\arm\google_maps\Release\List\map_NSG.map       #
#                            -xmsnio -f C:\arm\amr2wav\test.xcl (-carm         #
#                            -V(CODE)CODE_AREA,12 -V(DATA)DATA_AREA,12         #
#                            -Z(CODE_AREA)ELFBEGIN,DATA_ID,START,CODE,DATA_C,I #
#                            NITTAB,DATA_Z,DATA_N,CONFIG_C=0-FFFFFFFF          #
#                            -Z(DATA_AREA)DATA_I=0-FFFFFFFF) -ynpra            #
#                            "C:\arm2\Embedded Workbench 4.0 Evaluation\ARM\LI #
#                            B\dl5tpainl8f.r79"                                #
#                            -s main                                           #
#                                                                              #
#                        Copyright 1987-2007 IAR Systems. All rights reserved. #
################################################################################





                ****************************************
                *                                      *
                *           CROSS REFERENCE            *
                *                                      *
                ****************************************

       Program entry at : CODE_AREA 000012EC  Relocatable, from module : main




                ****************************************
                *                                      *
                *            RUNTIME MODEL             *
                *                                      *
                ****************************************

  StackAlign4   = USED
  StackAlign8   = USED
  __cpu_mode    = __pcs__interwork
  __data_model  = absolute
  __endian      = little
  __rt_version  = 6
  __thumb_aware = enabled



                ****************************************
                *                                      *
                *              MODULE MAP              *
                *                                      *
                ****************************************


  DEFINED ABSOLUTE ENTRIES
    *************************************************************************

  DEFINED ABSOLUTE ENTRIES
    *************************************************************************

  FILE NAME : C:\arm\google_maps\Release\Obj\cache.r79
  PROGRAM MODULE, NAME : cache

  SEGMENTS IN THE MODULE
  ======================
CODE
  Segment part 7. NOT NEEDED.
    -------------------------------------------------------------------------
CODE
  Segment part 8. NOT NEEDED.
           ENTRY                   ADDRESS         REF BY
           =====                   =======         ======
           load_cache              
               not allocated function
    -------------------------------------------------------------------------
CODE
  Segment part 9. NOT NEEDED.
    -------------------------------------------------------------------------
CODE
  Segment part 10. NOT NEEDED.
           ENTRY                   ADDRESS         REF BY
           =====                   =======         ======
           search_cache            
               not allocated function
    -------------------------------------------------------------------------
CODE
  Segment part 11. NOT NEEDED.
    -------------------------------------------------------------------------
CODE
  Segment part 12. NOT NEEDED.
    -------------------------------------------------------------------------
CODE
  Segment part 13. NOT NEEDED.
    -------------------------------------------------------------------------
CODE
  Segment part 14. NOT NEEDED.
    -------------------------------------------------------------------------
CSTACK
  Segment part 1. NOT NEEDED.
    -------------------------------------------------------------------------
DATA_C
  Segment part 2. NOT NEEDED.
    -------------------------------------------------------------------------
DATA_C
  Segment part 3. NOT NEEDED.
    -------------------------------------------------------------------------
DATA_C
  Segment part 4. NOT NEEDED.
    -------------------------------------------------------------------------
DATA_C
  Segment part 5. NOT NEEDED.
    -------------------------------------------------------------------------
DATA_C
  Segment part 6. NOT NEEDED.

    *************************************************************************

  FILE NAME : C:\arm\google_maps\Release\Obj\conf_loader.r79
  PROGRAM MODULE, NAME : conf_loader

  SEGMENTS IN THE MODULE
  ======================
DATA_I
  Relative segment, address: DATA_AREA 00000000 - 00000003 (0x4 bytes), align: 2
  Segment part 5.             Intra module refs:   LoadConfigData
           ENTRY                   ADDRESS         REF BY
           =====                   =======         ======
           successed_config_filename
                                   00000000        Segment part 42 (main)
    -------------------------------------------------------------------------
CODE
  Segment part 7. NOT NEEDED.
    -------------------------------------------------------------------------
CODE
  Relative segment, address: CODE_AREA 0000004C - 0000017B (0x130 bytes), align: 2
  Segment part 8.             Intra module refs:   InitConfig
           ENTRY                   ADDRESS         REF BY
           =====                   =======         ======
           LoadConfigData          0000004C 
               stack 1 = 00000000 ( 00000030 )
    -------------------------------------------------------------------------
CODE
  Segment part 9. NOT NEEDED.
    -------------------------------------------------------------------------
CODE
  Relative segment, address: CODE_AREA 0000017C - 000001A3 (0x28 bytes), align: 2
  Segment part 10.
           ENTRY                   ADDRESS         REF BY
           =====                   =======         ======
           InitConfig              0000017C        main (main)
                                                   maincsm_onmessage (main)
               stack 1 = 00000000 ( 00000004 )
    -------------------------------------------------------------------------
CSTACK
  Segment part 1. NOT NEEDED.
    -------------------------------------------------------------------------
DATA_ID
  Relative segment, address: CODE_AREA 00000000 - 00000003 (0x4 bytes), align: 2
  Segment part 6.             Intra module refs:   successed_config_filename
    -------------------------------------------------------------------------
DATA_ID
  Segment part 11. NOT NEEDED.
           ENTRY                   ADDRESS         REF BY
           =====                   =======         ======
           ?*?DATA_ID              
    -------------------------------------------------------------------------
INITTAB
  Relative segment, address: CODE_AREA 000049F4 - 000049FF (0xc bytes), align: 2
  Segment part 12. ROOT.
           ENTRY                   ADDRESS         REF BY
           =====                   =======         ======
           ?init?tab?DATA_I        000049F4 
    -------------------------------------------------------------------------
CONFIG_C
  Segment part 13. NOT NEEDED.
    -------------------------------------------------------------------------
DATA_C
  Relative segment, address: CODE_AREA 000049F0 - 000049F0 (0x1 bytes), align: 0
  Segment part 2.             Intra module refs:   Segment part 6
    -------------------------------------------------------------------------
DATA_C
  Relative segment, address: CODE_AREA 0000462C - 00004647 (0x1c bytes), align: 2
  Segment part 3.             Intra module refs:   InitConfig
    -------------------------------------------------------------------------
DATA_C
  Relative segment, address: CODE_AREA 00004648 - 00004663 (0x1c bytes), align: 2
  Segment part 4.             Intra module refs:   InitConfig

    *************************************************************************

  FILE NAME : C:\arm\google_maps\Release\Obj\config_data.r79
  PROGRAM MODULE, NAME : config_data

  SEGMENTS IN THE MODULE
  ======================
CONFIG_C
  Relative segment, address: CODE_AREA 00004E54 - 00004E7F (0x2c bytes), align: 2
  Segment part 2. ROOT.
           ENTRY                   ADDRESS         REF BY
           =====                   =======         ======
           cfghdr0                 00004E54 
    -------------------------------------------------------------------------
CONFIG_C
  Relative segment, address: CODE_AREA 00004E80 - 00004EFF (0x80 bytes), align: 2
  Segment part 3. ROOT.
           ENTRY                   ADDRESS         REF BY
           =====                   =======         ======
           fname                   00004E80        ShiftMap (main)
                                                   c (inet)
                                                   save_image_in_cache (map)
    -------------------------------------------------------------------------
CONFIG_C
  Relative segment, address: CODE_AREA 00004F00 - 00004F2B (0x2c bytes), align: 2
  Segment part 4. ROOT.
           ENTRY                   ADDRESS         REF BY
           =====                   =======         ======
           cfghdr1                 00004F00 
    -------------------------------------------------------------------------
CONFIG_C
  Relative segment, address: CODE_AREA 00004F2C - 00004FAB (0x80 bytes), align: 2
  Segment part 5. ROOT.
           ENTRY                   ADDRESS         REF BY
           =====                   =======         ======
           HOST                    00004F2C        create_connect (inet)
    -------------------------------------------------------------------------
CONFIG_C
  Relative segment, address: CODE_AREA 00004FAC - 00004FD7 (0x2c bytes), align: 2
  Segment part 6. ROOT.
           ENTRY                   ADDRESS         REF BY
           =====                   =======         ======
           cfghdr2                 00004FAC 
    -------------------------------------------------------------------------
CONFIG_C
  Relative segment, address: CODE_AREA 00004FD8 - 00004FDB (0x4 bytes), align: 2
  Segment part 7. ROOT.
           ENTRY                   ADDRESS         REF BY
           =====                   =======         ======
           PORT                    00004FD8        create_connect (inet)
    -------------------------------------------------------------------------
CONFIG_C
  Relative segment, address: CODE_AREA 00004FDC - 00005007 (0x2c bytes), align: 2
  Segment part 8. ROOT.
           ENTRY                   ADDRESS         REF BY
           =====                   =======         ======
           cfghdr61                00004FDC 
    -------------------------------------------------------------------------
CONFIG_C
  Relative segment, address: CODE_AREA 00005008 - 0000500B (0x4 bytes), align: 2
  Segment part 9. ROOT.
           ENTRY                   ADDRESS         REF BY
           =====                   =======         ======
           Zoom                    00005008        maincsm_onmessage (main)
    -------------------------------------------------------------------------
CONFIG_C
  Relative segment, address: CODE_AREA 0000500C - 00005037 (0x2c bytes), align: 2
  Segment part 10. ROOT.
           ENTRY                   ADDRESS         REF BY
           =====                   =======         ======
           cfghdr65                0000500C 
    -------------------------------------------------------------------------
CONFIG_C
  Relative segment, address: CODE_AREA 00005038 - 0000503B (0x4 bytes), align: 2
  Segment part 11. ROOT.
           ENTRY                   ADDRESS         REF BY
           =====                   =======         ======
           map_type                00005038        Segment part 37 (inet)
                                                   save_image_in_cache (map)
    -------------------------------------------------------------------------
CONFIG_C
  Relative segment, address: CODE_AREA 0000503C - 000050DB (0xa0 bytes), align: 2
  Segment part 12. ROOT.
           ENTRY                   ADDRESS         REF BY
           =====                   =======         ======
           cfgcbox2                0000503C 
    -------------------------------------------------------------------------
CSTACK
  Segment part 1. NOT NEEDED.

    *************************************************************************

  FILE NAME : C:\arm\google_maps\Release\Obj\draw.r79
  PROGRAM MODULE, NAME : draw

  SEGMENTS IN THE MODULE
  ======================
CODE
  Segment part 4. NOT NEEDED.
    -------------------------------------------------------------------------
CODE
  Segment part 5. NOT NEEDED.
           ENTRY                   ADDRESS         REF BY
           =====                   =======         ======
           Redraw                  
               not allocated function
    -------------------------------------------------------------------------
CODE
  Segment part 6. NOT NEEDED.
    -------------------------------------------------------------------------
CODE
  Relative segment, address: CODE_AREA 000001A4 - 000002CF (0x12c bytes), align: 2
  Segment part 7.
           ENTRY                   ADDRESS         REF BY
           =====                   =======         ======
           DrawInstall             000001A4        main (main)
               stack 1 = 00000000 ( 00000028 )
    -------------------------------------------------------------------------
CODE
  Relative segment, address: CODE_AREA 000002D0 - 000002D3 (0x4 bytes), align: 2
  Segment part 8.             Intra module refs:   DrawInstall
    -------------------------------------------------------------------------
CSTACK
  Segment part 1. NOT NEEDED.
    -------------------------------------------------------------------------
DATA_C
  Relative segment, address: CODE_AREA 00004664 - 0000467B (0x18 bytes), align: 2
  Segment part 2.             Intra module refs:   DrawInstall
    -------------------------------------------------------------------------
DATA_C
  Relative segment, address: CODE_AREA 0000467C - 0000469B (0x20 bytes), align: 2
  Segment part 3.             Intra module refs:   DrawInstall

    *************************************************************************

  FILE NAME : C:\arm\google_maps\Release\Obj\func.r79
  PROGRAM MODULE, NAME : func

  SEGMENTS IN THE MODULE
  ======================
ELFBEGIN
  Relative segment, address: CODE_AREA 00000000, align: 0
  Segment part 0. ROOT.
           ENTRY                   ADDRESS         REF BY
           =====                   =======         ======
           ELF_BEGIN               00000000        Killer (main)
    -------------------------------------------------------------------------
CODE
  Relative segment, address: CODE_AREA 000002D4 - 000002DB (0x8 bytes), align: 2
  Segment part 1. ROOT.
           ENTRY                   ADDRESS         REF BY
           =====                   =======         ======
           kill_data               000002D4        Killer (main)
                                                   gui_methods (main)
           seqkill                 000002D8 

    *************************************************************************

  FILE NAME : C:\arm\google_maps\Release\Obj\image.r79
  PROGRAM MODULE, NAME : image

  SEGMENTS IN THE MODULE
  ======================
CODE
  Segment part 2. NOT NEEDED.
    -------------------------------------------------------------------------
CODE
  Relative segment, address: CODE_AREA 000002DC - 0000031F (0x44 bytes), align: 2
  Segment part 3.
           ENTRY                   ADDRESS         REF BY
           =====                   =======         ======
           DrwImg                  000002DC        OnRedraw (main)
               stack 1 = 00000000 ( 00000038 )
    -------------------------------------------------------------------------
CODE
  Segment part 4. NOT NEEDED.
    -------------------------------------------------------------------------
CODE
  Relative segment, address: CODE_AREA 00000320 - 00000353 (0x34 bytes), align: 2
  Segment part 5.
           ENTRY                   ADDRESS         REF BY
           =====                   =======         ======
           FreeImg                 00000320        ShiftMap (main)
                                                   onClose (main)
                                                   save_image_in_cache (map)
               stack 1 = 00000000 ( 00000008 )
    -------------------------------------------------------------------------
CODE
  Segment part 6. NOT NEEDED.
    -------------------------------------------------------------------------
CODE
  Relative segment, address: CODE_AREA 00000354 - 000003DF (0x8c bytes), align: 2
  Segment part 7.
           ENTRY                   ADDRESS         REF BY
           =====                   =======         ======
           IMGHDR_cpy              00000354        ShiftMap (main)
               stack 1 = 00000000 ( 0000000C )
    -------------------------------------------------------------------------
CSTACK
  Segment part 1. NOT NEEDED.

    *************************************************************************

  FILE NAME : C:\arm\google_maps\Release\Obj\include.r79
  PROGRAM MODULE, NAME : include

  SEGMENTS IN THE MODULE
  ======================
DATA_Z
  Relative segment, address: CODE_AREA 00004A0C - 00004A0F (0x4 bytes), align: 2
  Segment part 19.
           ENTRY                   ADDRESS         REF BY
           =====                   =======         ======
           mode                    00004A0C        Segment part 33 (inet)
                                                   Segment part 35 (main)
                                                   save_image_in_cache (map)
    -------------------------------------------------------------------------
DATA_I
  Relative segment, address: DATA_AREA 00000004 - 00000007 (0x4 bytes), align: 2
  Segment part 20.
           ENTRY                   ADDRESS         REF BY
           =====                   =======         ======
           sock                    00000004        Segment part 23 (inet)
                                                   maincsm_onmessage (main)
    -------------------------------------------------------------------------
DATA_Z
  Relative segment, address: CODE_AREA 00004A10 - 00004A13 (0x4 bytes), align: 2
  Segment part 22.
           ENTRY                   ADDRESS         REF BY
           =====                   =======         ======
           connect_state           00004A10        Segment part 31 (inet)
                                                   Segment part 44 (main)
    -------------------------------------------------------------------------
DATA_Z
  Relative segment, address: CODE_AREA 00004A14 - 00004A17 (0x4 bytes), align: 2
  Segment part 23.
           ENTRY                   ADDRESS         REF BY
           =====                   =======         ======
           pbuf                    00004A14        get_answer (inet)
                                                   save_image_in_cache (map)
    -------------------------------------------------------------------------
DATA_Z
  Relative segment, address: CODE_AREA 00004A18 - 00004A1B (0x4 bytes), align: 2
  Segment part 24.
           ENTRY                   ADDRESS         REF BY
           =====                   =======         ======
           zoom                    00004A18        Segment part 38 (inet)
                                                   Segment part 43 (main)
                                                   save_image_in_cache (map)
    -------------------------------------------------------------------------
DATA_I
  Relative segment, address: DATA_AREA 00000008 - 0000000B (0x4 bytes), align: 2
  Segment part 25.
           ENTRY                   ADDRESS         REF BY
           =====                   =======         ======
           cur_x                   00000008        Segment part 30 (main)
    -------------------------------------------------------------------------
DATA_I
  Relative segment, address: DATA_AREA 0000000C - 0000000F (0x4 bytes), align: 2
  Segment part 27.
           ENTRY                   ADDRESS         REF BY
           =====                   =======         ======
           cur_y                   0000000C        Segment part 29 (main)
    -------------------------------------------------------------------------
DATA_Z
  Relative segment, address: CODE_AREA 00004A1C - 00004A1F (0x4 bytes), align: 2
  Segment part 29.
           ENTRY                   ADDRESS         REF BY
           =====                   =======         ======
           all_traf                00004A1C        OnRedraw (main)
                                                   Segment part 25 (inet)
    -------------------------------------------------------------------------
DATA_I
  Segment part 30. NOT NEEDED.
           ENTRY                   ADDRESS         REF BY
           =====                   =======         ======
           timer                   
    -------------------------------------------------------------------------
DATA_Z
  Relative segment, address: CODE_AREA 00004A20 - 00004A23 (0x4 bytes), align: 2
  Segment part 32.
           ENTRY                   ADDRESS         REF BY
           =====                   =======         ======
           mapi                    00004A20        Segment part 37 (main)
                                                   Segment part 40 (inet)
                                                   save_image_in_cache (map)
    -------------------------------------------------------------------------
DATA_Z
  Relative segment, address: CODE_AREA 00004A24 - 00004A27 (0x4 bytes), align: 2
  Segment part 33.
           ENTRY                   ADDRESS         REF BY
           =====                   =======         ======
           mapj                    00004A24        Segment part 36 (main)
                                                   Segment part 39 (inet)
                                                   save_image_in_cache (map)
    -------------------------------------------------------------------------
DATA_I
  Relative segment, address: DATA_AREA 00000010 - 00000013 (0x4 bytes), align: 2
  Segment part 34.
           ENTRY                   ADDRESS         REF BY
           =====                   =======         ======
           Type                    00000010        Segment part 47 (main)
                                                   save_image_in_cache (map)
    -------------------------------------------------------------------------
DATA_Z
  Relative segment, address: CODE_AREA 00004A28 - 00004A2B (0x4 bytes), align: 2
  Segment part 36.
           ENTRY                   ADDRESS         REF BY
           =====                   =======         ======
           buf                     00004A28        Segment part 24 (inet)
                                                   save_image_in_cache (map)
    -------------------------------------------------------------------------
DATA_Z
  Relative segment, address: CODE_AREA 00004A2C - 00004A2F (0x4 bytes), align: 2
  Segment part 37.
           ENTRY                   ADDRESS         REF BY
           =====                   =======         ======
           tag                     00004A2C        get_answer (inet)
                                                   save_image_in_cache (map)
    -------------------------------------------------------------------------
DATA_Z
  Relative segment, address: CODE_AREA 00004A30 - 00004A5F (0x30 bytes), align: 2
  Segment part 38.
           ENTRY                   ADDRESS         REF BY
           =====                   =======         ======
           map                     00004A30        Segment part 26 (main)
                                                   save_image_in_cache (map)
    -------------------------------------------------------------------------
DATA_Z
  Relative segment, address: CODE_AREA 00004A60 - 00004A6F (0x10 bytes), align: 2
  Segment part 39.
           ENTRY                   ADDRESS         REF BY
           =====                   =======         ======
           tmr                     00004A60        Segment part 8 (draw)
                                                   maincsm_onclose (main)
    -------------------------------------------------------------------------
DATA_Z
  Relative segment, address: CODE_AREA 00004A70 - 00004AEF (0x80 bytes), align: 2
  Segment part 40.
           ENTRY                   ADDRESS         REF BY
           =====                   =======         ======
           filename                00004A70        Segment part 34 (inet)
                                                   ShiftMap (main)
                                                   save_image_in_cache (map)
    -------------------------------------------------------------------------
DATA_Z
  Relative segment, address: CODE_AREA 00004AF0 - 00004AF3 (0x4 bytes), align: 2
  Segment part 41.
           ENTRY                   ADDRESS         REF BY
           =====                   =======         ======
           ramnet                  00004AF0        CreateRequest (inet)
    -------------------------------------------------------------------------
DATA_Z
  Relative segment, address: CODE_AREA 00004AF4 - 00004AFB (0x8 bytes), align: 2
  Segment part 42.
           ENTRY                   ADDRESS         REF BY
           =====                   =======         ======
           latitude                00004AF4        Segment part 35 (inet)
                                                   Segment part 38 (main)
                                                   save_image_in_cache (map)
    -------------------------------------------------------------------------
DATA_Z
  Relative segment, address: CODE_AREA 00004AFC - 00004B03 (0x8 bytes), align: 2
  Segment part 43.
           ENTRY                   ADDRESS         REF BY
           =====                   =======         ======
           longitude               00004AFC        Segment part 36 (inet)
                                                   Segment part 39 (main)
                                                   save_image_in_cache (map)
    -------------------------------------------------------------------------
DATA_Z
  Relative segment, address: CODE_AREA 00004B04 - 00004D03 (0x200 bytes), align: 2
  Segment part 44.
           ENTRY                   ADDRESS         REF BY
           =====                   =======         ======
           req_buf                 00004B04        Segment part 28 (inet)
    -------------------------------------------------------------------------
DATA_I
  Relative segment, address: DATA_AREA 00000014 - 00000027 (0x14 bytes), align: 2
  Segment part 45.
           ENTRY                   ADDRESS         REF BY
           =====                   =======         ======
           maptype                 00000014        CreateRequest (inet)
    -------------------------------------------------------------------------
DATA_I
  Segment part 47. NOT NEEDED.
           ENTRY                   ADDRESS         REF BY
           =====                   =======         ======
           clr                     
    -------------------------------------------------------------------------
DATA_I
  Relative segment, address: DATA_AREA 00000028 - 00000033 (0xc bytes), align: 2
  Segment part 49.
           ENTRY                   ADDRESS         REF BY
           =====                   =======         ======
           format                  00000028        CreateRequest (inet)
    -------------------------------------------------------------------------
DATA_I
  Relative segment, address: DATA_AREA 00000034 - 0000003F (0xc bytes), align: 2
  Segment part 51.
           ENTRY                   ADDRESS         REF BY
           =====                   =======         ======
           type                    00000034        CreateRequest (inet)
    -------------------------------------------------------------------------
DATA_Z
  Relative segment, address: CODE_AREA 00004D04 - 00004D0B (0x8 bytes), align: 2
  Segment part 53.
           ENTRY                   ADDRESS         REF BY
           =====                   =======         ======
           my_latitude             00004D04        CreateRequest (inet)
                                                   OnKey (main)
                                                   save_image_in_cache (map)
    -------------------------------------------------------------------------
DATA_Z
  Relative segment, address: CODE_AREA 00004D0C - 00004D13 (0x8 bytes), align: 2
  Segment part 54.
           ENTRY                   ADDRESS         REF BY
           =====                   =======         ======
           my_longitude            00004D0C        CreateRequest (inet)
                                                   OnKey (main)
                                                   save_image_in_cache (map)
    -------------------------------------------------------------------------
DATA_Z
  Segment part 55. NOT NEEDED.
           ENTRY                   ADDRESS         REF BY
           =====                   =======         ======
           fs                      
    -------------------------------------------------------------------------
DATA_Z
  Relative segment, address: CODE_AREA 00004D14 - 00004D17 (0x4 bytes), align: 2
  Segment part 56.
           ENTRY                   ADDRESS         REF BY
           =====                   =======         ======
           istate                  00004D14        DrawInstall (draw)
                                                   create_connect (inet)
    -------------------------------------------------------------------------
DATA_I
  Relative segment, address: DATA_AREA 00000040 - 0000004B (0xc bytes), align: 2
  Segment part 57.
           ENTRY                   ADDRESS         REF BY
           =====                   =======         ======
           resource                00000040        ShiftMap (main)
                                                   save_image_in_cache (map)
    -------------------------------------------------------------------------
CSTACK
  Segment part 1. NOT NEEDED.
    -------------------------------------------------------------------------
DATA_ID
  Relative segment, address: CODE_AREA 00000004 - 00000007 (0x4 bytes), align: 2
  Segment part 21.            Intra module refs:   sock
    -------------------------------------------------------------------------
DATA_ID
  Relative segment, address: CODE_AREA 00000008 - 0000000B (0x4 bytes), align: 2
  Segment part 26.            Intra module refs:   cur_x
    -------------------------------------------------------------------------
DATA_ID
  Relative segment, address: CODE_AREA 0000000C - 0000000F (0x4 bytes), align: 2
  Segment part 28.            Intra module refs:   cur_y
    -------------------------------------------------------------------------
DATA_ID
  Segment part 31. NOT NEEDED.
    -------------------------------------------------------------------------
DATA_ID
  Relative segment, address: CODE_AREA 00000010 - 00000013 (0x4 bytes), align: 2
  Segment part 35.            Intra module refs:   Type
    -------------------------------------------------------------------------
DATA_ID
  Relative segment, address: CODE_AREA 00000014 - 00000027 (0x14 bytes), align: 2
  Segment part 46.            Intra module refs:   maptype
    -------------------------------------------------------------------------
DATA_ID
  Segment part 48. NOT NEEDED.
    -------------------------------------------------------------------------
DATA_ID
  Relative segment, address: CODE_AREA 00000028 - 00000033 (0xc bytes), align: 2
  Segment part 50.            Intra module refs:   format
    -------------------------------------------------------------------------
DATA_ID
  Relative segment, address: CODE_AREA 00000034 - 0000003F (0xc bytes), align: 2
  Segment part 52.            Intra module refs:   type
    -------------------------------------------------------------------------
DATA_ID
  Relative segment, address: CODE_AREA 00000040 - 0000004B (0xc bytes), align: 2
  Segment part 58.            Intra module refs:   resource
    -------------------------------------------------------------------------
DATA_ID
  Segment part 59. TENTATIVE. Used definition from conf_loader
           ENTRY                   ADDRESS         REF BY
           =====                   =======         ======
           ?*?DATA_ID              
    -------------------------------------------------------------------------
INITTAB
  Segment part 60. TENTATIVE. Used definition from conf_loader
           ENTRY                   ADDRESS         REF BY
           =====                   =======         ======
           ?init?tab?DATA_I        
    -------------------------------------------------------------------------
INITTAB
  Relative segment, address: CODE_AREA 00004A00 - 00004A0B (0xc bytes), align: 2
  Segment part 61. ROOT.
           ENTRY                   ADDRESS         REF BY
           =====                   =======         ======
           ?init?tab?DATA_Z        00004A00 
    -------------------------------------------------------------------------
DATA_C
  Relative segment, address: CODE_AREA 0000469C - 000046A3 (0x8 bytes), align: 2
  Segment part 2.             Intra module refs:   Segment part 52
    -------------------------------------------------------------------------
DATA_C
  Relative segment, address: CODE_AREA 000046A4 - 000046AB (0x8 bytes), align: 2
  Segment part 3.             Intra module refs:   Segment part 46
    -------------------------------------------------------------------------
DATA_C
  Relative segment, address: CODE_AREA 000046AC - 000046C3 (0x18 bytes), align: 2
  Segment part 4.             Intra module refs:   Segment part 58
    -------------------------------------------------------------------------
DATA_C
  Relative segment, address: CODE_AREA 000046C4 - 000046D7 (0x14 bytes), align: 2
  Segment part 5.             Intra module refs:   Segment part 58
    -------------------------------------------------------------------------
DATA_C
  Relative segment, address: CODE_AREA 000046D8 - 000046EF (0x18 bytes), align: 2
  Segment part 6.             Intra module refs:   Segment part 58
    -------------------------------------------------------------------------
DATA_C
  Relative segment, address: CODE_AREA 000046F0 - 000046FB (0xc bytes), align: 2
  Segment part 7.             Intra module refs:   Segment part 52
    -------------------------------------------------------------------------
DATA_C
  Relative segment, address: CODE_AREA 000046FC - 00004703 (0x8 bytes), align: 2
  Segment part 8.             Intra module refs:   Segment part 52
    -------------------------------------------------------------------------
DATA_C
  Relative segment, address: CODE_AREA 00004704 - 00004707 (0x4 bytes), align: 2
  Segment part 9.             Intra module refs:   Segment part 50
    -------------------------------------------------------------------------
DATA_C
  Relative segment, address: CODE_AREA 00004708 - 0000470B (0x4 bytes), align: 2
  Segment part 10.            Intra module refs:   Segment part 50
    -------------------------------------------------------------------------
DATA_C
  Relative segment, address: CODE_AREA 0000470C - 0000470F (0x4 bytes), align: 2
  Segment part 11.            Intra module refs:   Segment part 50
    -------------------------------------------------------------------------
DATA_C
  Segment part 12. NOT NEEDED.
    -------------------------------------------------------------------------
DATA_C
  Segment part 13. NOT NEEDED.
    -------------------------------------------------------------------------
DATA_C
  Segment part 14. NOT NEEDED.
    -------------------------------------------------------------------------
DATA_C
  Relative segment, address: CODE_AREA 00004710 - 00004717 (0x8 bytes), align: 2
  Segment part 15.            Intra module refs:   Segment part 46
    -------------------------------------------------------------------------
DATA_C
  Relative segment, address: CODE_AREA 00004718 - 0000471F (0x8 bytes), align: 2
  Segment part 16.            Intra module refs:   Segment part 46
    -------------------------------------------------------------------------
DATA_C
  Relative segment, address: CODE_AREA 00004720 - 0000472B (0xc bytes), align: 2
  Segment part 17.            Intra module refs:   Segment part 46
    -------------------------------------------------------------------------
DATA_C
  Relative segment, address: CODE_AREA 0000472C - 00004733 (0x8 bytes), align: 2
  Segment part 18.            Intra module refs:   Segment part 46

    *************************************************************************

  FILE NAME : C:\arm\google_maps\Release\Obj\inet.r79
  PROGRAM MODULE, NAME : inet

  SEGMENTS IN THE MODULE
  ======================
CODE
  Segment part 11. NOT NEEDED.
    -------------------------------------------------------------------------
CODE
  Relative segment, address: CODE_AREA 000003E0 - 00000433 (0x54 bytes), align: 2
  Segment part 12.            Intra module refs:   create_connect
           ENTRY                   ADDRESS         REF BY
           =====                   =======         ======
           IP                      000003E0 
               stack 1 = 00000000 ( 0000001C )
    -------------------------------------------------------------------------
CODE
  Segment part 13. NOT NEEDED.
    -------------------------------------------------------------------------
CODE
  Relative segment, address: CODE_AREA 00000434 - 000004EF (0xbc bytes), align: 2
  Segment part 14.            Intra module refs:   Segment part 32
           ENTRY                   ADDRESS         REF BY
           =====                   =======         ======
           create_connect          00000434        DrawInstall (draw)
               stack 1 = 00000000 ( 00000024 )
    -------------------------------------------------------------------------
CODE
  Segment part 15. NOT NEEDED.
    -------------------------------------------------------------------------
CODE
  Relative segment, address: CODE_AREA 000004F0 - 00000567 (0x78 bytes), align: 2
  Segment part 16.            Intra module refs:   c
           ENTRY                   ADDRESS         REF BY
           =====                   =======         ======
           send_req                000004F0 
               stack 1 = 00000000 ( 00000008 )
    -------------------------------------------------------------------------
CODE
  Segment part 17. NOT NEEDED.
    -------------------------------------------------------------------------
CODE
  Relative segment, address: CODE_AREA 00000568 - 000005A3 (0x3c bytes), align: 2
  Segment part 18.
           ENTRY                   ADDRESS         REF BY
           =====                   =======         ======
           end_socket              00000568        maincsm_onmessage (main)
               stack 1 = 00000000 ( 00000008 )
    -------------------------------------------------------------------------
CODE
  Segment part 19. NOT NEEDED.
    -------------------------------------------------------------------------
CODE
  Relative segment, address: CODE_AREA 000005A4 - 00000617 (0x74 bytes), align: 2
  Segment part 20.            Intra module refs:   get_answer
           ENTRY                   ADDRESS         REF BY
           =====                   =======         ======
           get_headersize          000005A4 
               stack 1 = 00000000 ( 0000000C )
    -------------------------------------------------------------------------
CODE
  Segment part 21. NOT NEEDED.
    -------------------------------------------------------------------------
CODE
  Relative segment, address: CODE_AREA 00000618 - 0000071B (0x104 bytes), align: 2
  Segment part 22.            Intra module refs:   send_req
           ENTRY                   ADDRESS         REF BY
           =====                   =======         ======
           get_answer              00000618 
               stack 1 = 00000000 ( 00000020 )
    -------------------------------------------------------------------------
CODE
  Relative segment, address: CODE_AREA 0000071C - 0000071F (0x4 bytes), align: 2
  Segment part 23.            Intra module refs:   create_connect
                                                   end_socket
                                                   get_answer
                                                   send_req
    -------------------------------------------------------------------------
CODE
  Relative segment, address: CODE_AREA 00000720 - 00000723 (0x4 bytes), align: 2
  Segment part 24.            Intra module refs:   get_answer
                                                   send_req
    -------------------------------------------------------------------------
CODE
  Relative segment, address: CODE_AREA 00000724 - 00000727 (0x4 bytes), align: 2
  Segment part 25.            Intra module refs:   get_answer
                                                   send_req
    -------------------------------------------------------------------------
CODE
  Segment part 26. NOT NEEDED.
    -------------------------------------------------------------------------
CODE
  Relative segment, address: CODE_AREA 00000728 - 00000913 (0x1ec bytes), align: 2
  Segment part 27.            Intra module refs:   send_req
           ENTRY                   ADDRESS         REF BY
           =====                   =======         ======
           CreateRequest           00000728 
               stack 1 = 00000000 ( 00000040 )
    -------------------------------------------------------------------------
CODE
  Relative segment, address: CODE_AREA 00000914 - 00000917 (0x4 bytes), align: 2
  Segment part 28.            Intra module refs:   CreateRequest
                                                   send_req
    -------------------------------------------------------------------------
CODE
  Segment part 29. NOT NEEDED.
    -------------------------------------------------------------------------
CODE
  Relative segment, address: CODE_AREA 00000918 - 000009F7 (0xe0 bytes), align: 2
  Segment part 30.            Intra module refs:   create_connect
           ENTRY                   ADDRESS         REF BY
           =====                   =======         ======
           c                       00000918        OnKey (main)
                                                   ShiftMap (main)
                                                   save_image_in_cache (map)
               stack 1 = 00000000 ( 00000048 )
    -------------------------------------------------------------------------
CODE
  Relative segment, address: CODE_AREA 000009F8 - 000009FB (0x4 bytes), align: 2
  Segment part 31.            Intra module refs:   c
                                                   create_connect
                                                   end_socket
                                                   send_req
    -------------------------------------------------------------------------
CODE
  Relative segment, address: CODE_AREA 000009FC - 000009FF (0x4 bytes), align: 2
  Segment part 32.            Intra module refs:   c
                                                   end_socket
    -------------------------------------------------------------------------
CODE
  Relative segment, address: CODE_AREA 00000A00 - 00000A03 (0x4 bytes), align: 2
  Segment part 33.            Intra module refs:   c
                                                   send_req
    -------------------------------------------------------------------------
CODE
  Relative segment, address: CODE_AREA 00000A04 - 00000A07 (0x4 bytes), align: 2
  Segment part 34.            Intra module refs:   c
                                                   get_answer
    -------------------------------------------------------------------------
CODE
  Relative segment, address: CODE_AREA 00000A08 - 00000A0B (0x4 bytes), align: 2
  Segment part 35.            Intra module refs:   CreateRequest
                                                   c
    -------------------------------------------------------------------------
CODE
  Relative segment, address: CODE_AREA 00000A0C - 00000A0F (0x4 bytes), align: 2
  Segment part 36.            Intra module refs:   CreateRequest
                                                   c
    -------------------------------------------------------------------------
CODE
  Relative segment, address: CODE_AREA 00000A10 - 00000A13 (0x4 bytes), align: 2
  Segment part 37.            Intra module refs:   CreateRequest
                                                   c
    -------------------------------------------------------------------------
CODE
  Relative segment, address: CODE_AREA 00000A14 - 00000A17 (0x4 bytes), align: 2
  Segment part 38.            Intra module refs:   CreateRequest
                                                   c
    -------------------------------------------------------------------------
CODE
  Relative segment, address: CODE_AREA 00000A18 - 00000A1B (0x4 bytes), align: 2
  Segment part 39.            Intra module refs:   CreateRequest
                                                   c
    -------------------------------------------------------------------------
CODE
  Relative segment, address: CODE_AREA 00000A1C - 00000A1F (0x4 bytes), align: 2
  Segment part 40.            Intra module refs:   CreateRequest
                                                   c
    -------------------------------------------------------------------------
CODE
  Segment part 41. NOT NEEDED.Intra module refs:   get_answer
    -------------------------------------------------------------------------
CODE
  Segment part 42. NOT NEEDED.Intra module refs:   get_answer
    -------------------------------------------------------------------------
CODE
  Segment part 43. NOT NEEDED.Intra module refs:   get_answer
    -------------------------------------------------------------------------
CODE
  Segment part 44. NOT NEEDED.Intra module refs:   get_answer
    -------------------------------------------------------------------------
CODE
  Segment part 45. NOT NEEDED.Intra module refs:   c
                                                   get_answer
    -------------------------------------------------------------------------
CODE
  Segment part 46. NOT NEEDED.Intra module refs:   CreateRequest
    -------------------------------------------------------------------------
CSTACK
  Segment part 1. NOT NEEDED.
    -------------------------------------------------------------------------
DATA_C
  Relative segment, address: CODE_AREA 00004734 - 0000473F (0xc bytes), align: 2
  Segment part 2.             Intra module refs:   IP
    -------------------------------------------------------------------------
DATA_C
  Relative segment, address: CODE_AREA 00004740 - 0000474F (0x10 bytes), align: 2
  Segment part 3.             Intra module refs:   get_answer
    -------------------------------------------------------------------------
DATA_C
  Relative segment, address: CODE_AREA 00004750 - 00004757 (0x8 bytes), align: 2
  Segment part 4.             Intra module refs:   get_answer
    -------------------------------------------------------------------------
DATA_C
  Relative segment, address: CODE_AREA 00004758 - 00004787 (0x30 bytes), align: 2
  Segment part 5.             Intra module refs:   CreateRequest
    -------------------------------------------------------------------------
DATA_C
  Relative segment, address: CODE_AREA 00004788 - 000047AB (0x24 bytes), align: 2
  Segment part 6.             Intra module refs:   CreateRequest
    -------------------------------------------------------------------------
DATA_C
  Relative segment, address: CODE_AREA 000047AC - 000047CF (0x24 bytes), align: 2
  Segment part 7.             Intra module refs:   CreateRequest
    -------------------------------------------------------------------------
DATA_C
  Relative segment, address: CODE_AREA 000047D0 - 00004847 (0x78 bytes), align: 2
  Segment part 8.             Intra module refs:   CreateRequest
    -------------------------------------------------------------------------
DATA_C
  Relative segment, address: CODE_AREA 00004848 - 00004857 (0x10 bytes), align: 2
  Segment part 9.             Intra module refs:   c
    -------------------------------------------------------------------------
DATA_C
  Relative segment, address: CODE_AREA 00004858 - 0000486F (0x18 bytes), align: 2
  Segment part 10.            Intra module refs:   c

    *************************************************************************

  FILE NAME : C:\arm\google_maps\Release\Obj\language.r79
  PROGRAM MODULE, NAME : language

  SEGMENTS IN THE MODULE
  ======================
DATA_Z
  Relative segment, address: CODE_AREA 00004D18 - 00004D2F (0x18 bytes), align: 2
  Segment part 11.
           ENTRY                   ADDRESS         REF BY
           =====                   =======         ======
           lgpData                 00004D18        CreateRequest (inet)
                                                   OnRedraw (main)
    -------------------------------------------------------------------------
DATA_Z
  Segment part 12. NOT NEEDED.
           ENTRY                   ADDRESS         REF BY
           =====                   =======         ======
           lgpLoaded               
    -------------------------------------------------------------------------
CODE
  Segment part 13. NOT NEEDED.
    -------------------------------------------------------------------------
CODE
  Segment part 14. NOT NEEDED.
           ENTRY                   ADDRESS         REF BY
           =====                   =======         ======
           lgpInitLangPack         
               not allocated function
    -------------------------------------------------------------------------
CODE
  Segment part 15. NOT NEEDED.
    -------------------------------------------------------------------------
CODE
  Segment part 16. NOT NEEDED.
           ENTRY                   ADDRESS         REF BY
           =====                   =======         ======
           lgpFreeLangPack         
               not allocated function
    -------------------------------------------------------------------------
CODE
  Segment part 17. NOT NEEDED.
    -------------------------------------------------------------------------
CODE
  Segment part 18. NOT NEEDED.
    -------------------------------------------------------------------------
CSTACK
  Segment part 1. NOT NEEDED.
    -------------------------------------------------------------------------
INITTAB
  Segment part 19. TENTATIVE. Used definition from include
           ENTRY                   ADDRESS         REF BY
           =====                   =======         ======
           ?init?tab?DATA_Z        
    -------------------------------------------------------------------------
DATA_C
  Segment part 2. NOT NEEDED.
    -------------------------------------------------------------------------
DATA_C
  Segment part 3. NOT NEEDED.
    -------------------------------------------------------------------------
DATA_C
  Segment part 4. NOT NEEDED.
    -------------------------------------------------------------------------
DATA_C
  Segment part 5. NOT NEEDED.
    -------------------------------------------------------------------------
DATA_C
  Segment part 6. NOT NEEDED.
    -------------------------------------------------------------------------
DATA_C
  Segment part 7. NOT NEEDED.
    -------------------------------------------------------------------------
DATA_C
  Segment part 8. NOT NEEDED.
    -------------------------------------------------------------------------
DATA_C
  Segment part 9. NOT NEEDED.
    -------------------------------------------------------------------------
DATA_C
  Segment part 10. NOT NEEDED.

    *************************************************************************

  FILE NAME : C:\arm\google_maps\Release\Obj\main.r79
  PROGRAM MODULE, NAME : main

  SEGMENTS IN THE MODULE
  ======================
DATA_C
  Relative segment, address: CODE_AREA 00004870 - 00004883 (0x14 bytes), align: 2
  Segment part 2.             Intra module refs:   OnRedraw
    -------------------------------------------------------------------------
DATA_C
  Segment part 3. NOT NEEDED.
    -------------------------------------------------------------------------
DATA_C
  Segment part 4. NOT NEEDED.
    -------------------------------------------------------------------------
DATA_C
  Segment part 5. NOT NEEDED.
    -------------------------------------------------------------------------
DATA_C
  Segment part 6. NOT NEEDED.
    -------------------------------------------------------------------------
DATA_C
  Relative segment, address: CODE_AREA 00004884 - 00004893 (0x10 bytes), align: 2
  Segment part 7.             Intra module refs:   main
    -------------------------------------------------------------------------
DATA_C
  Relative segment, address: CODE_AREA 00004894 - 00004897 (0x4 bytes), align: 2
  Segment part 8.             Intra module refs:   Segment part 13
           ENTRY                   ADDRESS         REF BY
           =====                   =======         ======
           minus11                 00004894 
    -------------------------------------------------------------------------
DATA_Z
  Segment part 9. NOT NEEDED.
           ENTRY                   ADDRESS         REF BY
           =====                   =======         ======
           MAINCSM_ID              
    -------------------------------------------------------------------------
DATA_Z
  Segment part 10. NOT NEEDED.
           ENTRY                   ADDRESS         REF BY
           =====                   =======         ======
           MAINGUI_ID              
    -------------------------------------------------------------------------
CODE
  Segment part 14. NOT NEEDED.
    -------------------------------------------------------------------------
CODE
  Relative segment, address: CODE_AREA 00000A20 - 00000B9F (0x180 bytes), align: 2
  Segment part 15.            Intra module refs:   gui_methods
           LOCAL                   ADDRESS         
           =====                   =======         
           OnRedraw                00000A20 
               stack 1 = 00000000 ( 00000034 )
    -------------------------------------------------------------------------
CODE
  Segment part 16. NOT NEEDED.
    -------------------------------------------------------------------------
CODE
  Relative segment, address: CODE_AREA 00000BA0 - 00000BBF (0x20 bytes), align: 2
  Segment part 17.            Intra module refs:   gui_methods
           LOCAL                   ADDRESS         
           =====                   =======         
           onCreate                00000BA0 
               stack 1 = 00000000 ( 00000008 )
    -------------------------------------------------------------------------
CODE
  Segment part 18. NOT NEEDED.
    -------------------------------------------------------------------------
CODE
  Relative segment, address: CODE_AREA 00000BC0 - 00000C0B (0x4c bytes), align: 2
  Segment part 19.            Intra module refs:   gui_methods
           LOCAL                   ADDRESS         
           =====                   =======         
           onClose                 00000BC0 
               stack 1 = 00000000 ( 00000010 )
    -------------------------------------------------------------------------
CODE
  Segment part 20. NOT NEEDED.
    -------------------------------------------------------------------------
CODE
  Relative segment, address: CODE_AREA 00000C0C - 00000C1F (0x14 bytes), align: 2
  Segment part 21.            Intra module refs:   gui_methods
           LOCAL                   ADDRESS         
           =====                   =======         
           onFocus                 00000C0C 
               stack 1 = 00000000 ( 00000004 )
    -------------------------------------------------------------------------
CODE
  Segment part 22. NOT NEEDED.
    -------------------------------------------------------------------------
CODE
  Relative segment, address: CODE_AREA 00000C20 - 00000C33 (0x14 bytes), align: 2
  Segment part 23.            Intra module refs:   gui_methods
           LOCAL                   ADDRESS         
           =====                   =======         
           onUnfocus               00000C20 
    -------------------------------------------------------------------------
CODE
  Segment part 24. NOT NEEDED.
    -------------------------------------------------------------------------
CODE
  Relative segment, address: CODE_AREA 00000C34 - 00000E8F (0x25c bytes), align: 2
  Segment part 25.            Intra module refs:   cur
           LOCAL                   ADDRESS         
           =====                   =======         
           ShiftMap                00000C34 
               stack 1 = 00000000 ( 00000020 )
    -------------------------------------------------------------------------
CODE
  Relative segment, address: CODE_AREA 00000E90 - 00000E93 (0x4 bytes), align: 2
  Segment part 26.            Intra module refs:   OnRedraw
                                                   ShiftMap
                                                   onClose
    -------------------------------------------------------------------------
CODE
  Segment part 27. NOT NEEDED.
    -------------------------------------------------------------------------
CODE
  Relative segment, address: CODE_AREA 00000E94 - 00000F3B (0xa8 bytes), align: 2
  Segment part 28.            Intra module refs:   OnKey
           LOCAL                   ADDRESS         
           =====                   =======         
           cur                     00000E94 
               stack 1 = 00000000 ( 00000010 )
    -------------------------------------------------------------------------
CODE
  Relative segment, address: CODE_AREA 00000F3C - 00000F3F (0x4 bytes), align: 2
  Segment part 29.            Intra module refs:   OnRedraw
                                                   cur
    -------------------------------------------------------------------------
CODE
  Relative segment, address: CODE_AREA 00000F40 - 00000F43 (0x4 bytes), align: 2
  Segment part 30.            Intra module refs:   OnRedraw
                                                   cur
    -------------------------------------------------------------------------
CODE
  Segment part 31. NOT NEEDED.
    -------------------------------------------------------------------------
CODE
  Relative segment, address: CODE_AREA 00000F44 - 00000F8F (0x4c bytes), align: 2
  Segment part 32.            Intra module refs:   OnKey
           ENTRY                   ADDRESS         REF BY
           =====                   =======         ======
           openconf                00000F44 
               stack 1 = 00000000 ( 0000000C )
    -------------------------------------------------------------------------
CODE
  Segment part 33. NOT NEEDED.
    -------------------------------------------------------------------------
CODE
  Relative segment, address: CODE_AREA 00000F90 - 000010EF (0x160 bytes), align: 2
  Segment part 34.            Intra module refs:   gui_methods
           LOCAL                   ADDRESS         
           =====                   =======         
           OnKey                   00000F90 
               stack 1 = 00000000 ( 00000018 )
    -------------------------------------------------------------------------
CODE
  Relative segment, address: CODE_AREA 000010F0 - 000010F3 (0x4 bytes), align: 2
  Segment part 35.            Intra module refs:   OnKey
                                                   OnRedraw
                                                   ShiftMap
    -------------------------------------------------------------------------
CODE
  Relative segment, address: CODE_AREA 000010F4 - 000010F7 (0x4 bytes), align: 2
  Segment part 36.            Intra module refs:   OnKey
                                                   ShiftMap
    -------------------------------------------------------------------------
CODE
  Relative segment, address: CODE_AREA 000010F8 - 000010FB (0x4 bytes), align: 2
  Segment part 37.            Intra module refs:   OnKey
                                                   ShiftMap
    -------------------------------------------------------------------------
CODE
  Relative segment, address: CODE_AREA 000010FC - 000010FF (0x4 bytes), align: 2
  Segment part 38.            Intra module refs:   OnKey
                                                   ShiftMap
    -------------------------------------------------------------------------
CODE
  Relative segment, address: CODE_AREA 00001100 - 00001103 (0x4 bytes), align: 2
  Segment part 39.            Intra module refs:   OnKey
                                                   ShiftMap
    -------------------------------------------------------------------------
CODE
  Segment part 40. NOT NEEDED.
    -------------------------------------------------------------------------
DATA_C
  Relative segment, address: CODE_AREA 00004898 - 000048C3 (0x2c bytes), align: 2
  Segment part 11.            Intra module refs:   maincsm_oncreate
           ENTRY                   ADDRESS         REF BY
           =====                   =======         ======
           gui_methods             00004898 
    -------------------------------------------------------------------------
CODE
  Relative segment, address: CODE_AREA 00001104 - 0000120B (0x108 bytes), align: 2
  Segment part 41.            Intra module refs:   Segment part 13
           ENTRY                   ADDRESS         REF BY
           =====                   =======         ======
           maincsm_onmessage       00001104 
               stack 1 = 00000000 ( 0000000C )
    -------------------------------------------------------------------------
CODE
  Relative segment, address: CODE_AREA 0000120C - 0000120F (0x4 bytes), align: 2
  Segment part 42.            Intra module refs:   maincsm_onmessage
                                                   openconf
    -------------------------------------------------------------------------
CODE
  Relative segment, address: CODE_AREA 00001210 - 00001213 (0x4 bytes), align: 2
  Segment part 43.            Intra module refs:   OnKey
                                                   ShiftMap
                                                   maincsm_onmessage
    -------------------------------------------------------------------------
CODE
  Relative segment, address: CODE_AREA 00001214 - 00001217 (0x4 bytes), align: 2
  Segment part 44.            Intra module refs:   OnRedraw
                                                   maincsm_onmessage
    -------------------------------------------------------------------------
CODE
  Segment part 45. NOT NEEDED.
    -------------------------------------------------------------------------
CODE
  Relative segment, address: CODE_AREA 00001218 - 000012AB (0x94 bytes), align: 2
  Segment part 46.            Intra module refs:   Segment part 13
           LOCAL                   ADDRESS         
           =====                   =======         
           maincsm_oncreate        00001218 
               stack 1 = 00000000 ( 00000014 )
    -------------------------------------------------------------------------
CODE
  Relative segment, address: CODE_AREA 000012AC - 000012AF (0x4 bytes), align: 2
  Segment part 47.            Intra module refs:   OnKey
                                                   ShiftMap
                                                   maincsm_oncreate
    -------------------------------------------------------------------------
CODE
  Segment part 48. NOT NEEDED.
    -------------------------------------------------------------------------
CODE
  Relative segment, address: CODE_AREA 000012B0 - 000012CB (0x1c bytes), align: 2
  Segment part 49.            Intra module refs:   maincsm_onclose
           LOCAL                   ADDRESS         
           =====                   =======         
           Killer                  000012B0 
               stack 1 = 00000000 ( 00000004 )
    -------------------------------------------------------------------------
CODE
  Segment part 50. NOT NEEDED.
    -------------------------------------------------------------------------
CODE
  Relative segment, address: CODE_AREA 000012CC - 000012EB (0x20 bytes), align: 2
  Segment part 51.            Intra module refs:   Segment part 13
           LOCAL                   ADDRESS         
           =====                   =======         
           maincsm_onclose         000012CC 
               stack 1 = 00000000 ( 00000004 )
    -------------------------------------------------------------------------
CODE
  Segment part 52. NOT NEEDED.
    -------------------------------------------------------------------------
DATA_Z
  Relative segment, address: CODE_AREA 00004D30 - 00004E47 (0x118 bytes), align: 2
  Segment part 12.            Intra module refs:   Segment part 13
           ENTRY                   ADDRESS         REF BY
           =====                   =======         ======
           maincsm_name_body       00004D30 
    -------------------------------------------------------------------------
DATA_C
  Relative segment, address: CODE_AREA 000048C4 - 000048FF (0x3c bytes), align: 2
  Segment part 13.            Intra module refs:   main
    -------------------------------------------------------------------------
CODE
  Relative segment, address: CODE_AREA 000012EC - 00001337 (0x4c bytes), align: 2
  Segment part 53.
           ENTRY                   ADDRESS         REF BY
           =====                   =======         ======
           main                    000012EC        Absolute parts (?ABS_ENTRY_MOD)
               stack 1 = 00000000 ( 00000034 )
    -------------------------------------------------------------------------
CODE
  Segment part 54. NOT NEEDED.Intra module refs:   OnRedraw
    -------------------------------------------------------------------------
CODE
  Segment part 55. NOT NEEDED.Intra module refs:   ShiftMap
                                                   onClose
    -------------------------------------------------------------------------
CODE
  Segment part 56. NOT NEEDED.Intra module refs:   ShiftMap
    -------------------------------------------------------------------------
CODE
  Segment part 57. NOT NEEDED.Intra module refs:   ShiftMap
    -------------------------------------------------------------------------
CODE
  Segment part 58. NOT NEEDED.Intra module refs:   ShiftMap
    -------------------------------------------------------------------------
CODE
  Segment part 59. NOT NEEDED.Intra module refs:   ShiftMap
    -------------------------------------------------------------------------
CODE
  Segment part 60. NOT NEEDED.Intra module refs:   ShiftMap
    -------------------------------------------------------------------------
CODE
  Segment part 61. NOT NEEDED.Intra module refs:   ShiftMap
    -------------------------------------------------------------------------
CODE
  Segment part 62. NOT NEEDED.Intra module refs:   ShiftMap
    -------------------------------------------------------------------------
CODE
  Segment part 63. NOT NEEDED.Intra module refs:   OnKey
                                                   ShiftMap
    -------------------------------------------------------------------------
CODE
  Segment part 64. NOT NEEDED.Intra module refs:   main
                                                   maincsm_onmessage
    -------------------------------------------------------------------------
CODE
  Segment part 65. NOT NEEDED.Intra module refs:   Killer
    -------------------------------------------------------------------------
CODE
  Segment part 66. NOT NEEDED.Intra module refs:   main
    -------------------------------------------------------------------------
CSTACK
  Segment part 1. NOT NEEDED.
    -------------------------------------------------------------------------
INITTAB
  Segment part 67. TENTATIVE. Used definition from include
           ENTRY                   ADDRESS         REF BY
           =====                   =======         ======
           ?init?tab?DATA_Z        

    *************************************************************************

  FILE NAME : C:\arm\google_maps\Release\Obj\map.r79
  PROGRAM MODULE, NAME : map

  SEGMENTS IN THE MODULE
  ======================
CODE
  Segment part 8. NOT NEEDED.
    -------------------------------------------------------------------------
CODE
  Relative segment, address: CODE_AREA 00001338 - 000013BF (0x88 bytes), align: 2
  Segment part 9.             Intra module refs:   save_image_in_cache
           ENTRY                   ADDRESS         REF BY
           =====                   =======         ======
           mktree                  00001338 
               stack 1 = 00000000 ( 00000118 )
    -------------------------------------------------------------------------
CODE
  Segment part 10. NOT NEEDED.
    -------------------------------------------------------------------------
CODE
  Relative segment, address: CODE_AREA 000013C0 - 0000176B (0x3ac bytes), align: 2
  Segment part 11.
           ENTRY                   ADDRESS         REF BY
           =====                   =======         ======
           save_image_in_cache     000013C0        c (inet)
                                                   get_answer (inet)
               stack 1 = 00000000 ( 00000040 )
    -------------------------------------------------------------------------
CODE
  Segment part 12. NOT NEEDED.
    -------------------------------------------------------------------------
CODE
  Relative segment, address: CODE_AREA 0000176C - 000017CF (0x64 bytes), align: 2
  Segment part 13.            Intra module refs:   LToX
                                                   LToY
                                                   XToL
                                                   YToL
           ENTRY                   ADDRESS         REF BY
           =====                   =======         ======
           round                   0000176C 
               stack 1 = 00000000 ( 00000014 )
    -------------------------------------------------------------------------
CODE
  Segment part 14. NOT NEEDED.
    -------------------------------------------------------------------------
CODE
  Relative segment, address: CODE_AREA 000017D0 - 0000180F (0x40 bytes), align: 2
  Segment part 15.
           ENTRY                   ADDRESS         REF BY
           =====                   =======         ======
           LToX                    000017D0        ShiftMap (main)
               stack 1 = 00000000 ( 00000004 )
    -------------------------------------------------------------------------
CODE
  Segment part 16. NOT NEEDED.
    -------------------------------------------------------------------------
CODE
  Relative segment, address: CODE_AREA 00001810 - 000018DF (0xd0 bytes), align: 2
  Segment part 17.
           ENTRY                   ADDRESS         REF BY
           =====                   =======         ======
           LToY                    00001810        ShiftMap (main)
               stack 1 = 00000000 ( 00000014 )
    -------------------------------------------------------------------------
CODE
  Relative segment, address: CODE_AREA 000018E0 - 000018E3 (0x4 bytes), align: 2
  Segment part 18.            Intra module refs:   LToX
                                                   LToY
    -------------------------------------------------------------------------
CODE
  Relative segment, address: CODE_AREA 000018E4 - 000018E7 (0x4 bytes), align: 2
  Segment part 19.            Intra module refs:   LToX
                                                   LToY
    -------------------------------------------------------------------------
CODE
  Segment part 20. NOT NEEDED.
    -------------------------------------------------------------------------
CODE
  Relative segment, address: CODE_AREA 000018E8 - 00001937 (0x50 bytes), align: 2
  Segment part 21.
           ENTRY                   ADDRESS         REF BY
           =====                   =======         ======
           XToL                    000018E8        ShiftMap (main)
               stack 1 = 00000000 ( 00000004 )
    -------------------------------------------------------------------------
CODE
  Segment part 22. NOT NEEDED.
    -------------------------------------------------------------------------
CODE
  Relative segment, address: CODE_AREA 00001938 - 000019B3 (0x7c bytes), align: 2
  Segment part 23.
           ENTRY                   ADDRESS         REF BY
           =====                   =======         ======
           YToL                    00001938        ShiftMap (main)
               stack 1 = 00000000 ( 00000004 )
    -------------------------------------------------------------------------
CODE
  Relative segment, address: CODE_AREA 000019B4 - 000019B7 (0x4 bytes), align: 2
  Segment part 24.            Intra module refs:   LToX
                                                   LToY
                                                   XToL
                                                   YToL
    -------------------------------------------------------------------------
CODE
  Relative segment, address: CODE_AREA 000019B8 - 000019BB (0x4 bytes), align: 2
  Segment part 25.            Intra module refs:   LToX
                                                   LToY
                                                   XToL
                                                   YToL
    -------------------------------------------------------------------------
CODE
  Relative segment, address: CODE_AREA 000019BC - 000019BF (0x4 bytes), align: 2
  Segment part 26.            Intra module refs:   LToX
                                                   LToY
                                                   XToL
                                                   YToL
    -------------------------------------------------------------------------
CODE
  Segment part 27. NOT NEEDED.Intra module refs:   save_image_in_cache
    -------------------------------------------------------------------------
CODE
  Segment part 28. NOT NEEDED.Intra module refs:   save_image_in_cache
    -------------------------------------------------------------------------
CODE
  Segment part 29. NOT NEEDED.Intra module refs:   save_image_in_cache
    -------------------------------------------------------------------------
CODE
  Segment part 30. NOT NEEDED.Intra module refs:   round
                                                   save_image_in_cache
    -------------------------------------------------------------------------
CODE
  Segment part 31. NOT NEEDED.Intra module refs:   save_image_in_cache
    -------------------------------------------------------------------------
CODE
  Segment part 32. NOT NEEDED.Intra module refs:   save_image_in_cache
    -------------------------------------------------------------------------
CODE
  Segment part 33. NOT NEEDED.Intra module refs:   save_image_in_cache
    -------------------------------------------------------------------------
CODE
  Segment part 34. NOT NEEDED.Intra module refs:   round
    -------------------------------------------------------------------------
CODE
  Segment part 35. NOT NEEDED.Intra module refs:   LToY
                                                   YToL
                                                   round
    -------------------------------------------------------------------------
CODE
[...]
    | Stack used (prev) :  00000000
  01  send_req
      | Stack used (prev) :  00000000
      | + function block  :  00000008
  <-Sub-tree of type: Indirectly called function tree that does not make
                    : indirect calls (Is not an interrupt and is not flagged
                    : as not overlayable)
    | Stack used          :  00000008


  ->Sub-tree of type: Indirectly called function tree that does not make
                    : indirect calls (Is not an interrupt and is not flagged
                    : as not overlayable)
                             CSTACK
    | Stack used (prev) :  00000000
  01  end_socket
      | Stack used (prev) :  00000000
      | + function block  :  00000008
  <-Sub-tree of type: Indirectly called function tree that does not make
                    : indirect calls (Is not an interrupt and is not flagged
                    : as not overlayable)
    | Stack used          :  00000008


  ->Sub-tree of type: Indirectly called function tree that does not make
                    : indirect calls (Is not an interrupt and is not flagged
                    : as not overlayable)
                             CSTACK
    | Stack used (prev) :  00000000
  01  OnRedraw
      | Stack used (prev) :  00000000
      | + function block  :  00000034
  <-Sub-tree of type: Indirectly called function tree that does not make
                    : indirect calls (Is not an interrupt and is not flagged
                    : as not overlayable)
    | Stack used          :  00000034


  ->Sub-tree of type: Indirectly called function tree that does not make
                    : indirect calls (Is not an interrupt and is not flagged
                    : as not overlayable)
                             CSTACK
    | Stack used (prev) :  00000000
  01  onCreate
      | Stack used (prev) :  00000000
      | + function block  :  00000008
  <-Sub-tree of type: Indirectly called function tree that does not make
                    : indirect calls (Is not an interrupt and is not flagged
                    : as not overlayable)
    | Stack used          :  00000008


  ->Sub-tree of type: Indirectly called function tree that does not make
                    : indirect calls (Is not an interrupt and is not flagged
                    : as not overlayable)
                             CSTACK
    | Stack used (prev) :  00000000
  01  onClose
      | Stack used (prev) :  00000000
      | + function block  :  00000010
  <-Sub-tree of type: Indirectly called function tree that does not make
                    : indirect calls (Is not an interrupt and is not flagged
                    : as not overlayable)
    | Stack used          :  00000010


  ->Sub-tree of type: Indirectly called function tree that does not make
                    : indirect calls (Is not an interrupt and is not flagged
                    : as not overlayable)
                             CSTACK
    | Stack used (prev) :  00000000
  01  onFocus
      | Stack used (prev) :  00000000
      | + function block  :  00000004
  <-Sub-tree of type: Indirectly called function tree that does not make
                    : indirect calls (Is not an interrupt and is not flagged
                    : as not overlayable)
    | Stack used          :  00000004


  ->Sub-tree of type: Indirectly called function tree that does not make
                    : indirect calls (Is not an interrupt and is not flagged
                    : as not overlayable)
                             CSTACK
    | Stack used (prev) :  00000000
  01  onUnfocus
      | Stack used (prev) :  00000000
      | + function block  :  00000000
  <-Sub-tree of type: Indirectly called function tree that does not make
                    : indirect calls (Is not an interrupt and is not flagged
                    : as not overlayable)
    | Stack used          :  00000000


  ->Sub-tree of type: Indirectly called function tree that does not make
                    : indirect calls (Is not an interrupt and is not flagged
                    : as not overlayable)
                             CSTACK
    | Stack used (prev) :  00000000
  01  OnKey
      | Stack used (prev) :  00000000
      | + function block  :  00000018
  <-Sub-tree of type: Indirectly called function tree that does not make
                    : indirect calls (Is not an interrupt and is not flagged
                    : as not overlayable)
    | Stack used          :  00000018


  ->Sub-tree of type: Indirectly called function tree that does not make
                    : indirect calls (Is not an interrupt and is not flagged
                    : as not overlayable)
                             CSTACK
    | Stack used (prev) :  00000000
  01  maincsm_onmessage
      | Stack used (prev) :  00000000
      | + function block  :  0000000C
  <-Sub-tree of type: Indirectly called function tree that does not make
                    : indirect calls (Is not an interrupt and is not flagged
                    : as not overlayable)
    | Stack used          :  0000000C


  ->Sub-tree of type: Indirectly called function tree that does not make
                    : indirect calls (Is not an interrupt and is not flagged
                    : as not overlayable)
                             CSTACK
    | Stack used (prev) :  00000000
  01  maincsm_oncreate
      | Stack used (prev) :  00000000
      | + function block  :  00000014
  <-Sub-tree of type: Indirectly called function tree that does not make
                    : indirect calls (Is not an interrupt and is not flagged
                    : as not overlayable)
    | Stack used          :  00000014


  ->Sub-tree of type: Indirectly called function tree that does not make
                    : indirect calls (Is not an interrupt and is not flagged
                    : as not overlayable)
                             CSTACK
    | Stack used (prev) :  00000000
  01  Killer
      | Stack used (prev) :  00000000
      | + function block  :  00000004
  <-Sub-tree of type: Indirectly called function tree that does not make
                    : indirect calls (Is not an interrupt and is not flagged
                    : as not overlayable)
    | Stack used          :  00000004


  ->Sub-tree of type: Indirectly called function tree that does not make
                    : indirect calls (Is not an interrupt and is not flagged
                    : as not overlayable)
                             CSTACK
    | Stack used (prev) :  00000000
  01  maincsm_onclose
      | Stack used (prev) :  00000000
      | + function block  :  00000004
  <-Sub-tree of type: Indirectly called function tree that does not make
                    : indirect calls (Is not an interrupt and is not flagged
                    : as not overlayable)
    | Stack used          :  00000004


  ->Sub-tree of type: Function tree
                             CSTACK
    | Stack used (prev) :  00000034
  01  LoadConfigData
      | Stack used (prev) :  00000034
      | + function block  :  00000030
  <-Sub-tree of type: Function tree
    | Stack used          :  00000064


  ->Sub-tree of type: Function tree
                             CSTACK
    | Stack used (prev) :  00000064
  01  InitConfig
      | Stack used (prev) :  00000064
      | + function block  :  00000004
  <-Sub-tree of type: Function tree
    | Stack used          :  00000068


  ->Sub-tree of type: Function tree
                             CSTACK
    | Stack used (prev) :  00000068
  01  DrwImg
      | Stack used (prev) :  00000068
      | + function block  :  00000038
  <-Sub-tree of type: Function tree
    | Stack used          :  000000A0


  ->Sub-tree of type: Function tree
                             CSTACK
    | Stack used (prev) :  000000A0
  01  FreeImg
      | Stack used (prev) :  000000A0
      | + function block  :  00000008
  <-Sub-tree of type: Function tree
    | Stack used          :  000000A8


  ->Sub-tree of type: Function tree
                             CSTACK
    | Stack used (prev) :  000000A8
  01  IMGHDR_cpy
      | Stack used (prev) :  000000A8
      | + function block  :  0000000C
  <-Sub-tree of type: Function tree
    | Stack used          :  000000B4


  ->Sub-tree of type: Function tree
                             CSTACK
    | Stack used (prev) :  000000B4
  01  IP
      | Stack used (prev) :  000000B4
      | + function block  :  0000001C
  <-Sub-tree of type: Function tree
    | Stack used          :  000000D0


  ->Sub-tree of type: Function tree
                             CSTACK
    | Stack used (prev) :  000000D0
  01  get_headersize
      | Stack used (prev) :  000000D0
      | + function block  :  0000000C
  <-Sub-tree of type: Function tree
    | Stack used          :  000000DC


  ->Sub-tree of type: Function tree
                             CSTACK
    | Stack used (prev) :  000000DC
  01  get_answer
      | Stack used (prev) :  000000DC
      | + function block  :  00000020
  <-Sub-tree of type: Function tree
    | Stack used          :  000000FC


  ->Sub-tree of type: Function tree
                             CSTACK
    | Stack used (prev) :  000000FC
  01  CreateRequest
      | Stack used (prev) :  000000FC
      | + function block  :  00000040
  <-Sub-tree of type: Function tree
    | Stack used          :  0000013C


  ->Sub-tree of type: Function tree
                             CSTACK
    | Stack used (prev) :  0000013C
  01  c
      | Stack used (prev) :  0000013C
      | + function block  :  00000048
  <-Sub-tree of type: Function tree
    | Stack used          :  00000184


  ->Sub-tree of type: Function tree
                             CSTACK
    | Stack used (prev) :  00000184
  01  ShiftMap
      | Stack used (prev) :  00000184
      | + function block  :  00000020
  <-Sub-tree of type: Function tree
    | Stack used          :  000001A4


  ->Sub-tree of type: Function tree
                             CSTACK
    | Stack used (prev) :  000001A4
  01  cur
      | Stack used (prev) :  000001A4
      | + function block  :  00000010
  <-Sub-tree of type: Function tree
    | Stack used          :  000001B4


  ->Sub-tree of type: Function tree
                             CSTACK
    | Stack used (prev) :  000001B4
  01  openconf
      | Stack used (prev) :  000001B4
      | + function block  :  0000000C
  <-Sub-tree of type: Function tree
    | Stack used          :  000001C0


  ->Sub-tree of type: Function tree
                             CSTACK
    | Stack used (prev) :  000001C0
  01  main
      | Stack used (prev) :  000001C0
      | + function block  :  00000034
  <-Sub-tree of type: Function tree
    | Stack used          :  000001F4


  ->Sub-tree of type: Function tree
                             CSTACK
    | Stack used (prev) :  000001F4
  01  mktree
      | Stack used (prev) :  000001F4
      | + function block  :  00000118
  <-Sub-tree of type: Function tree
    | Stack used          :  0000030C


  ->Sub-tree of type: Function tree
                             CSTACK
    | Stack used (prev) :  0000030C
  01  save_image_in_cache
      | Stack used (prev) :  0000030C
      | + function block  :  00000040
  <-Sub-tree of type: Function tree
    | Stack used          :  0000034C


  ->Sub-tree of type: Function tree
                             CSTACK
    | Stack used (prev) :  0000034C
  01  round
      | Stack used (prev) :  0000034C
      | + function block  :  00000014
  <-Sub-tree of type: Function tree
    | Stack used          :  00000360


  ->Sub-tree of type: Function tree
                             CSTACK
    | Stack used (prev) :  00000360
  01  LToX
      | Stack used (prev) :  00000360
      | + function block  :  00000004
  <-Sub-tree of type: Function tree
    | Stack used          :  00000364


  ->Sub-tree of type: Function tree
                             CSTACK
    | Stack used (prev) :  00000364
  01  LToY
      | Stack used (prev) :  00000364
      | + function block  :  00000014
  <-Sub-tree of type: Function tree
    | Stack used          :  00000378


  ->Sub-tree of type: Function tree
                             CSTACK
    | Stack used (prev) :  00000378
  01  XToL
      | Stack used (prev) :  00000378
      | + function block  :  00000004
  <-Sub-tree of type: Function tree
    | Stack used          :  0000037C


  ->Sub-tree of type: Function tree
                             CSTACK
    | Stack used (prev) :  0000037C
  01  YToL
      | Stack used (prev) :  0000037C
      | + function block  :  00000004
  <-Sub-tree of type: Function tree
    | Stack used          :  00000380


  ->Sub-tree of type: Function tree
                             CSTACK
    | Stack used (prev) :  00000380
  01  get_dec
      | Stack used (prev) :  00000380
      | + function block  :  00000010
  <-Sub-tree of type: Function tree
    | Stack used          :  00000390


  ->Sub-tree of type: Function tree
                             CSTACK
    | Stack used (prev) :  00000390
  01  str_to_double
      | Stack used (prev) :  00000390
      | + function block  :  00000024
  <-Sub-tree of type: Function tree
    | Stack used          :  000003B4


  ->Sub-tree of type: Function tree
                             CSTACK
    | Stack used (prev) :  000003B4
  01  valuetag
      | Stack used (prev) :  000003B4
      | + function block  :  00000000
  <-Sub-tree of type: Function tree
    | Stack used          :  000003B4


  ->Sub-tree of type: Function tree
                             CSTACK
    | Stack used (prev) :  000003B4
  01  findtag
      | Stack used (prev) :  000003B4
      | + function block  :  0000000C
  <-Sub-tree of type: Function tree
    | Stack used          :  000003C0


  ->Sub-tree of type: Function tree
                             CSTACK
    | Stack used (prev) :  000003C0
  01  atan
      | Stack used (prev) :  000003C0
      | + function block  :  00000020
  <-Sub-tree of type: Function tree
    | Stack used          :  000003E0


  ->Sub-tree of type: Function tree
                             CSTACK
    | Stack used (prev) :  000003E0
  01  ceil
      | Stack used (prev) :  000003E0
      | + function block  :  00000018
  <-Sub-tree of type: Function tree
    | Stack used          :  000003F8


  ->Sub-tree of type: Function tree
                             CSTACK
    | Stack used (prev) :  000003F8
  01  _Geterrno
      | Stack used (prev) :  000003F8
      | + function block  :  00000008
  <-Sub-tree of type: Function tree
    | Stack used          :  00000400


  ->Sub-tree of type: Function tree
                             CSTACK
    | Stack used (prev) :  00000400
  01  exp
      | Stack used (prev) :  00000400
      | + function block  :  00000018
  <-Sub-tree of type: Function tree
    | Stack used          :  00000418


  ->Sub-tree of type: Function tree
                             CSTACK
    | Stack used (prev) :  00000418
  01  _Dtest
      | Stack used (prev) :  00000418
      | + function block  :  00000008
  <-Sub-tree of type: Function tree
    | Stack used          :  00000420


  ->Sub-tree of type: Function tree
                             CSTACK
    | Stack used (prev) :  00000420
  01  fmod
      | Stack used (prev) :  00000420
      | + function block  :  00000030
  <-Sub-tree of type: Function tree
    | Stack used          :  00000450


  ->Sub-tree of type: Function tree
                             CSTACK
    | Stack used (prev) :  00000450
  01  _Dunscale
      | Stack used (prev) :  00000450
      | + function block  :  00000010
  <-Sub-tree of type: Function tree
    | Stack used          :  00000460


  ->Sub-tree of type: Function tree
                             CSTACK
    | Stack used (prev) :  00000460
  01  pow
      | Stack used (prev) :  00000460
      | + function block  :  00000050
  <-Sub-tree of type: Function tree
    | Stack used          :  000004B0


  ->Sub-tree of type: Function tree
                             CSTACK
    | Stack used (prev) :  000004B0
  01  _Atan
      | Stack used (prev) :  000004B0
      | + function block  :  00000028
  <-Sub-tree of type: Function tree
    | Stack used          :  000004D8


  ->Sub-tree of type: Function tree
                             CSTACK
    | Stack used (prev) :  000004D8
  01  _Dint
      | Stack used (prev) :  000004D8
      | + function block  :  00000008
  <-Sub-tree of type: Function tree
    | Stack used          :  000004E0


  ->Sub-tree of type: Function tree
                             CSTACK
    | Stack used (prev) :  000004E0
  01  _Dnorm
      | Stack used (prev) :  000004E0
      | + function block  :  00000000
  <-Sub-tree of type: Function tree
    | Stack used          :  000004E0


  ->Sub-tree of type: Function tree
                             CSTACK
    | Stack used (prev) :  000004E0
  01  _Dscale
      | Stack used (prev) :  000004E0
      | + function block  :  00000010
  <-Sub-tree of type: Function tree
    | Stack used          :  000004F0


  ->Sub-tree of type: Function tree
                             CSTACK
    | Stack used (prev) :  000004F0
  01  _Exp
      | Stack used (prev) :  000004F0
      | + function block  :  00000030
  <-Sub-tree of type: Function tree
    | Stack used          :  00000520


  ->Sub-tree of type: Function tree
                             CSTACK
    | Stack used (prev) :  00000520
  01  _Log
      | Stack used (prev) :  00000520
      | + function block  :  00000030
  <-Sub-tree of type: Function tree
    | Stack used          :  00000550


  ->Sub-tree of type: Function tree
                             CSTACK
    | Stack used (prev) :  00000550
  01  _Sin
      | Stack used (prev) :  00000550
      | + function block  :  00000028
  <-Sub-tree of type: Function tree
    | Stack used          :  00000578




                ****************************************
                *                                      *
                *      SEGMENTS IN ADDRESS ORDER       *
                *                                      *
                ****************************************


SEGMENT              SPACE    START ADDRESS   END ADDRESS     SIZE  TYPE  ALIGN
=======              =====    =============   ===========     ====  ====  =====
ELFBEGIN             CODE_AREA           00000000                     rel    0
DATA_ID              CODE_AREA      00000000 - 0000004B          4C   rel    2
START                CODE_AREA           0000004C                     dse    0
CODE                 CODE_AREA      0000004C - 0000462B        45E0   rel    2
DATA_C               CODE_AREA      0000462C - 000049F0         3C5   rel    2
INITTAB              CODE_AREA      000049F4 - 00004A0B          18   rel    2
DATA_Z               CODE_AREA      00004A0C - 00004E53         448   rel    2
DATA_N               CODE_AREA           00004E54                     dse    0
CONFIG_C             CODE_AREA      00004E54 - 000050DB         288   rel    2
DATA_I               DATA_AREA      00000000 - 0000004B          4C   rel    2

                ****************************************
                *                                      *
                *        END OF CROSS REFERENCE        *
                *                                      *
                ****************************************

 20 697 bytes of CODE memory
     76 bytes of DATA memory

Errors: none
Warnings: none

